Copyright 1986-2022 Xilinx, Inc. All Rights Reserved. Copyright 2022-2025 Advanced Micro Devices, Inc. All Rights Reserved.
---------------------------------------------------------------------------------------------------------------------------------------------
| Tool Version : Vivado v.2025.1 (lin64) Build 6140274 Wed May 21 22:58:25 MDT 2025
| Date         : Fri May 22 14:44:27 2026
| Host         : Tiamat running 64-bit Ubuntu 24.04.4 LTS
| Command      : report_utilization -file ./project.rpt
| Design       : design_1_wrapper
| Device       : xck26-sfvc784-2LV-c
| Speed File   : -2LV
| Design State : Routed
---------------------------------------------------------------------------------------------------------------------------------------------

Utilization Design Information

Table of Contents
-----------------
1. CLB Logic
1.1 Summary of Registers by Type
2. CLB Logic Distribution
3. BLOCKRAM
4. ARITHMETIC
5. I/O
6. CLOCK
7. ADVANCED
8. CONFIGURATION
9. Primitives
10. Black Boxes
11. Instantiated Netlists

1. CLB Logic
------------

+----------------------------+-------+-------+------------+-----------+-------+
|          Site Type         |  Used | Fixed | Prohibited | Available | Util% |
+----------------------------+-------+-------+------------+-----------+-------+
| CLB LUTs                   | 59402 |     0 |          0 |    117120 | 50.72 |
|   LUT as Logic             | 56739 |     0 |          0 |    117120 | 48.45 |
|   LUT as Memory            |  2663 |     0 |          0 |     57600 |  4.62 |
|     LUT as Distributed RAM |  2620 |     0 |            |           |       |
|     LUT as Shift Register  |    43 |     0 |            |           |       |
| CLB Registers              | 55429 |     0 |          0 |    234240 | 23.66 |
|   Register as Flip Flop    | 55429 |     0 |          0 |    234240 | 23.66 |
|   Register as Latch        |     0 |     0 |          0 |    234240 |  0.00 |
| CARRY8                     |  1135 |     0 |          0 |     14640 |  7.75 |
| F7 Muxes                   |     2 |     0 |          0 |     58560 | <0.01 |
| F8 Muxes                   |     0 |     0 |          0 |     29280 |  0.00 |
| F9 Muxes                   |     0 |     0 |          0 |     14640 |  0.00 |
+----------------------------+-------+-------+------------+-----------+-------+
* Warning! LUT value is adjusted to account for LUT combining.


1.1 Summary of Registers by Type
--------------------------------

+-------+--------------+-------------+--------------+
| Total | Clock Enable | Synchronous | Asynchronous |
+-------+--------------+-------------+--------------+
| 0     |            _ |           - |            - |
| 0     |            _ |           - |          Set |
| 0     |            _ |           - |        Reset |
| 0     |            _ |         Set |            - |
| 0     |            _ |       Reset |            - |
| 0     |          Yes |           - |            - |
| 291   |          Yes |           - |          Set |
| 51911 |          Yes |           - |        Reset |
| 24    |          Yes |         Set |            - |
| 3203  |          Yes |       Reset |            - |
+-------+--------------+-------------+--------------+


2. CLB Logic Distribution
-------------------------

+--------------------------------------------+-------+-------+------------+-----------+-------+
|                  Site Type                 |  Used | Fixed | Prohibited | Available | Util% |
+--------------------------------------------+-------+-------+------------+-----------+-------+
| CLB                                        | 11088 |     0 |          0 |     14640 | 75.74 |
|   CLBL                                     |  5601 |     0 |            |           |       |
|   CLBM                                     |  5487 |     0 |            |           |       |
| LUT as Logic                               | 56739 |     0 |          0 |    117120 | 48.45 |
|   using O5 output only                     |   347 |       |            |           |       |
|   using O6 output only                     | 38209 |       |            |           |       |
|   using O5 and O6                          | 18183 |       |            |           |       |
| LUT as Memory                              |  2663 |     0 |          0 |     57600 |  4.62 |
|   LUT as Distributed RAM                   |  2620 |     0 |            |           |       |
|     using O5 output only                   |     0 |       |            |           |       |
|     using O6 output only                   |  2500 |       |            |           |       |
|     using O5 and O6                        |   120 |       |            |           |       |
|   LUT as Shift Register                    |    43 |     0 |            |           |       |
|     using O5 output only                   |     0 |       |            |           |       |
|     using O6 output only                   |    43 |       |            |           |       |
|     using O5 and O6                        |     0 |       |            |           |       |
| CLB Registers                              | 55429 |     0 |          0 |    234240 | 23.66 |
|   Register driven from within the CLB      | 48883 |       |            |           |       |
|   Register driven from outside the CLB     |  6546 |       |            |           |       |
|     LUT in front of the register is unused |  4834 |       |            |           |       |
|     LUT in front of the register is used   |  1712 |       |            |           |       |
| Unique Control Sets                        |   572 |       |          0 |     29280 |  1.95 |
+--------------------------------------------+-------+-------+------------+-----------+-------+
* * Note: Available Control Sets calculated as Slices * 2, Review the Control Sets Report for more information regarding control sets.


3. BLOCKRAM
-----------

+-------------------+------+-------+------------+-----------+-------+
|     Site Type     | Used | Fixed | Prohibited | Available | Util% |
+-------------------+------+-------+------------+-----------+-------+
| Block RAM Tile    |   38 |     0 |          0 |       144 | 26.39 |
|   RAMB36/FIFO*    |   38 |     0 |          0 |       144 | 26.39 |
|     RAMB36E2 only |   38 |       |            |           |       |
|   RAMB18          |    0 |     0 |          0 |       288 |  0.00 |
| URAM              |    0 |     0 |          0 |        64 |  0.00 |
+-------------------+------+-------+------------+-----------+-------+
* Note: Each Block RAM Tile only has one FIFO logic available and therefore can accommodate only one FIFO36E2 or one FIFO18E2. However, if a FIFO18E2 occupies a Block RAM Tile, that tile can still accommodate a RAMB18E2


4. ARITHMETIC
-------------

+-----------+------+-------+------------+-----------+-------+
| Site Type | Used | Fixed | Prohibited | Available | Util% |
+-----------+------+-------+------------+-----------+-------+
| DSPs      |    0 |     0 |          0 |      1248 |  0.00 |
+-----------+------+-------+------------+-----------+-------+


5. I/O
------

+------------------+------+-------+------------+-----------+-------+
|     Site Type    | Used | Fixed | Prohibited | Available | Util% |
+------------------+------+-------+------------+-----------+-------+
| Bonded IOB       |    1 |     1 |          0 |       189 |  0.53 |
|   HPIOB_M        |    0 |     0 |          0 |        58 |  0.00 |
|   HPIOB_S        |    0 |     0 |          0 |        58 |  0.00 |
|   HDIOB_M        |    1 |     1 |          0 |        35 |  2.86 |
|     INPUT        |    0 |       |            |           |       |
|     OUTPUT       |    1 |       |            |           |       |
|     BIDIR        |    0 |       |            |           |       |
|   HDIOB_S        |    0 |     0 |          0 |        35 |  0.00 |
|   HPIOB_SNGL     |    0 |     0 |          0 |         3 |  0.00 |
| HPIOBDIFFINBUF   |    0 |     0 |          0 |        82 |  0.00 |
| HPIOBDIFFOUTBUF  |    0 |     0 |          0 |        82 |  0.00 |
| HDIOBDIFFINBUF   |    0 |     0 |          0 |        35 |  0.00 |
| BITSLICE_CONTROL |    0 |     0 |          0 |        32 |  0.00 |
| BITSLICE_RX_TX   |    0 |     0 |          0 |      1248 |  0.00 |
| BITSLICE_TX      |    0 |     0 |          0 |        32 |  0.00 |
| RIU_OR           |    0 |     0 |          0 |        16 |  0.00 |
+------------------+------+-------+------------+-----------+-------+


6. CLOCK
--------

+------------+------+-------+------------+-----------+-------+
|  Site Type | Used | Fixed | Prohibited | Available | Util% |
+------------+------+-------+------------+-----------+-------+
| BUFGCE     |    2 |     0 |          0 |       112 |  1.79 |
| BUFGCE_DIV |    0 |     0 |          0 |        16 |  0.00 |
| BUFG_GT    |    0 |     0 |          0 |        96 |  0.00 |
| BUFG_PS    |    1 |     0 |          0 |        96 |  1.04 |
| BUFGCTRL*  |    0 |     0 |          0 |        32 |  0.00 |
| PLL        |    1 |     0 |          0 |         8 | 12.50 |
| MMCM       |    0 |     0 |          0 |         4 |  0.00 |
+------------+------+-------+------------+-----------+-------+
* Note: Each used BUFGCTRL counts as two GLOBAL CLOCK BUFFERs. This table does not include global clocking resources, only buffer cell usage. See the Clock Utilization Report (report_clock_utilization) for detailed accounting of global clocking resource availability.


7. ADVANCED
-----------

+-----------------+------+-------+------------+-----------+--------+
|    Site Type    | Used | Fixed | Prohibited | Available |  Util% |
+-----------------+------+-------+------------+-----------+--------+
| GTHE4_CHANNEL   |    0 |     0 |          0 |         4 |   0.00 |
| GTHE4_COMMON    |    0 |     0 |          0 |         1 |   0.00 |
| OBUFDS_GTE4     |    0 |     0 |          0 |         2 |   0.00 |
| OBUFDS_GTE4_ADV |    0 |     0 |          0 |         2 |   0.00 |
| PCIE40E4        |    0 |     0 |          0 |         2 |   0.00 |
| PS8             |    1 |     0 |          0 |         1 | 100.00 |
| SYSMONE4        |    0 |     0 |          0 |         1 |   0.00 |
| VCU             |    0 |     0 |          0 |         1 |   0.00 |
+-----------------+------+-------+------------+-----------+--------+


8. CONFIGURATION
----------------

+-------------+------+-------+------------+-----------+-------+
|  Site Type  | Used | Fixed | Prohibited | Available | Util% |
+-------------+------+-------+------------+-----------+-------+
| BSCANE2     |    0 |     0 |          0 |         4 |  0.00 |
| DNA_PORTE2  |    0 |     0 |          0 |         1 |  0.00 |
| EFUSE_USR   |    0 |     0 |          0 |         1 |  0.00 |
| FRAME_ECCE4 |    0 |     0 |          0 |         1 |  0.00 |
| ICAPE3      |    0 |     0 |          0 |         2 |  0.00 |
| MASTER_JTAG |    0 |     0 |          0 |         1 |  0.00 |
| STARTUPE3   |    0 |     0 |          0 |         1 |  0.00 |
+-------------+------+-------+------------+-----------+-------+


9. Primitives
-------------

+-----------+-------+---------------------+
|  Ref Name |  Used | Functional Category |
+-----------+-------+---------------------+
| FDCE      | 51911 |            Register |
| LUT6      | 23141 |                 CLB |
| LUT3      | 18289 |                 CLB |
| LUT4      | 15733 |                 CLB |
| LUT2      | 10491 |                 CLB |
| LUT5      |  6859 |                 CLB |
| FDRE      |  3203 |            Register |
| RAMD64E   |  2496 |                 CLB |
| CARRY8    |  1135 |                 CLB |
| LUT1      |   409 |                 CLB |
| FDPE      |   291 |            Register |
| RAMD32    |   212 |                 CLB |
| RAMB36E2  |    38 |            BLOCKRAM |
| SRLC32E   |    33 |                 CLB |
| RAMS32    |    32 |                 CLB |
| FDSE      |    24 |            Register |
| SRL16E    |    10 |                 CLB |
| MUXF7     |     2 |                 CLB |
| BUFGCE    |     2 |               Clock |
| PS8       |     1 |            Advanced |
| PLLE4_ADV |     1 |               Clock |
| OBUF      |     1 |                 I/O |
| BUFG_PS   |     1 |               Clock |
+-----------+-------+---------------------+


10. Black Boxes
---------------

+----------+------+
| Ref Name | Used |
+----------+------+


11. Instantiated Netlists
-------------------------

+-------------------------------------------+------+
|                  Ref Name                 | Used |
+-------------------------------------------+------+
| design_1_zynq_ultra_ps_e_0_0              |    1 |
| design_1_rst_ps8_0_99M_0                  |    1 |
| design_1_clk_wiz_0_0                      |    1 |
| design_1_axi_interconnect_0_imp_auto_pc_0 |    1 |
| design_1_axi_interconnect_0_imp_auto_ds_0 |    1 |
| design_1_ZYNQMP_ACP_ADAPTER_0_0           |    1 |
| design_1_ArgSort_AXI_1_0                  |    1 |
+-------------------------------------------+------+


Copyright 1986-2022 Xilinx, Inc. All Rights Reserved. Copyright 2022-2025 Advanced Micro Devices, Inc. All Rights Reserved.
--------------------------------------------------------------------------------------------------------------------------------------------------
| Tool Version      : Vivado v.2025.1 (lin64) Build 6140274 Wed May 21 22:58:25 MDT 2025
| Date              : Fri May 22 14:44:32 2026
| Host              : Tiamat running 64-bit Ubuntu 24.04.4 LTS
| Command           : report_timing -file ./project.rpt -append
| Design            : design_1_wrapper
| Device            : xck26-sfvc784
| Speed File        : -2LV  PRODUCTION 1.30 05-15-2022
| Design State      : Routed
| Temperature Grade : C
--------------------------------------------------------------------------------------------------------------------------------------------------

Timing Report

Slack (MET) :             0.049ns  (required time - arrival time)
  Source:                 design_1_i/ArgSort_AXI_1/U0/CORE/STM_INTAKE.QUEUE/MULTI_WORD.SORT/MAIN[1].REGS.Q/Q__0/QUEUE_SIZE_EQ_1.Q_WORD_reg[90]/C
                            (rising edge-triggered cell FDCE clocked by clk_out1_design_1_clk_wiz_0_0  {rise@0.000ns fall@2.000ns period=4.000ns})
  Destination:            design_1_i/ArgSort_AXI_1/U0/CORE/STM_INTAKE.QUEUE/MULTI_WORD.INTAKE_QUEUE/Q__0/curr_queue_reg[9][DATA][90]/D
                            (rising edge-triggered cell FDCE clocked by clk_out1_design_1_clk_wiz_0_0  {rise@0.000ns fall@2.000ns period=4.000ns})
  Path Group:             clk_out1_design_1_clk_wiz_0_0
  Path Type:              Setup (Max at Slow Process Corner)
  Requirement:            4.000ns  (clk_out1_design_1_clk_wiz_0_0 rise@4.000ns - clk_out1_design_1_clk_wiz_0_0 rise@0.000ns)
  Data Path Delay:        3.757ns  (logic 0.266ns (7.080%)  route 3.491ns (92.920%))
  Logic Levels:           1  (LUT6=1)
  Clock Path Skew:        -0.172ns (DCD - SCD + CPR)
    Destination Clock Delay (DCD):    4.792ns = ( 8.792 - 4.000 ) 
    Source Clock Delay      (SCD):    4.784ns
    Clock Pessimism Removal (CPR):    -0.180ns
  Clock Uncertainty:      0.066ns  ((TSJ^2 + DJ^2)^1/2) / 2 + PE
    Total System Jitter     (TSJ):    0.071ns
    Discrete Jitter          (DJ):    0.111ns
    Phase Error              (PE):    0.000ns
  Clock Net Delay (Source):      1.787ns (routing 0.246ns, distribution 1.541ns)
  Clock Net Delay (Destination): 1.600ns (routing 0.231ns, distribution 1.369ns)

    Location             Delay type                Incr(ns)  Path(ns)    Netlist Resource(s)
  -------------------------------------------------------------------    -------------------
                         (clock clk_out1_design_1_clk_wiz_0_0 rise edge)
                                                      0.000     0.000 r  
    BUFG_PS_X0Y73        BUFG_PS                      0.000     0.000 r  design_1_i/zynq_ultra_ps_e_0/U0/buffer_pl_clk_0.PL_CLK_0_BUFG/O
                         net (fo=1, routed)           2.428     2.428    design_1_i/clk_wiz_0/inst/clk_in1
    PLL_X0Y2             PLLE4_ADV (Prop_PLL_CLKIN_CLKOUT0)
                                                      0.147     2.575 r  design_1_i/clk_wiz_0/inst/plle4_adv_inst/CLKOUT0
                         net (fo=1, routed)           0.378     2.953    design_1_i/clk_wiz_0/inst/clk_out1_design_1_clk_wiz_0_0
    BUFGCE_X0Y39         BUFGCE (Prop_BUFCE_BUFGCE_I_O)
                                                      0.044     2.997 r  design_1_i/clk_wiz_0/inst/clkout1_buf/O
    X1Y1 (CLOCK_ROOT)    net (fo=58292, routed)       1.787     4.784    design_1_i/ArgSort_AXI_1/U0/CORE/STM_INTAKE.QUEUE/MULTI_WORD.SORT/MAIN[1].REGS.Q/Q__0/ACLK
    SLICE_X12Y128        FDCE                                         r  design_1_i/ArgSort_AXI_1/U0/CORE/STM_INTAKE.QUEUE/MULTI_WORD.SORT/MAIN[1].REGS.Q/Q__0/QUEUE_SIZE_EQ_1.Q_WORD_reg[90]/C
  -------------------------------------------------------------------    -------------------
    SLICE_X12Y128        FDCE (Prop_CFF2_SLICEM_C_Q)
                                                      0.114     4.898 r  design_1_i/ArgSort_AXI_1/U0/CORE/STM_INTAKE.QUEUE/MULTI_WORD.SORT/MAIN[1].REGS.Q/Q__0/QUEUE_SIZE_EQ_1.Q_WORD_reg[90]/Q
                         net (fo=18, routed)          3.424     8.322    design_1_i/ArgSort_AXI_1/U0/CORE/STM_INTAKE.QUEUE/MULTI_WORD.INTAKE_QUEUE/Q__0/O_WORD[89]
    SLICE_X60Y20         LUT6 (Prop_B6LUT_SLICEL_I2_O)
                                                      0.152     8.474 r  design_1_i/ArgSort_AXI_1/U0/CORE/STM_INTAKE.QUEUE/MULTI_WORD.INTAKE_QUEUE/Q__0/curr_queue[9][DATA][90]_i_1/O
                         net (fo=1, routed)           0.067     8.541    design_1_i/ArgSort_AXI_1/U0/CORE/STM_INTAKE.QUEUE/MULTI_WORD.INTAKE_QUEUE/Q__0/curr_queue[9][DATA][90]_i_1_n_0
    SLICE_X60Y20         FDCE                                         r  design_1_i/ArgSort_AXI_1/U0/CORE/STM_INTAKE.QUEUE/MULTI_WORD.INTAKE_QUEUE/Q__0/curr_queue_reg[9][DATA][90]/D
  -------------------------------------------------------------------    -------------------

                         (clock clk_out1_design_1_clk_wiz_0_0 rise edge)
                                                      4.000     4.000 r  
    BUFG_PS_X0Y73        BUFG_PS                      0.000     4.000 r  design_1_i/zynq_ultra_ps_e_0/U0/buffer_pl_clk_0.PL_CLK_0_BUFG/O
                         net (fo=1, routed)           2.206     6.206    design_1_i/clk_wiz_0/inst/clk_in1
    PLL_X0Y2             PLLE4_ADV (Prop_PLL_CLKIN_CLKOUT0)
                                                      0.615     6.821 r  design_1_i/clk_wiz_0/inst/plle4_adv_inst/CLKOUT0
                         net (fo=1, routed)           0.332     7.153    design_1_i/clk_wiz_0/inst/clk_out1_design_1_clk_wiz_0_0
    BUFGCE_X0Y39         BUFGCE (Prop_BUFCE_BUFGCE_I_O)
                                                      0.039     7.192 r  design_1_i/clk_wiz_0/inst/clkout1_buf/O
    X1Y1 (CLOCK_ROOT)    net (fo=58292, routed)       1.600     8.792    design_1_i/ArgSort_AXI_1/U0/CORE/STM_INTAKE.QUEUE/MULTI_WORD.INTAKE_QUEUE/Q__0/ACLK
    SLICE_X60Y20         FDCE                                         r  design_1_i/ArgSort_AXI_1/U0/CORE/STM_INTAKE.QUEUE/MULTI_WORD.INTAKE_QUEUE/Q__0/curr_queue_reg[9][DATA][90]/C
                         clock pessimism             -0.180     8.612    
                         clock uncertainty           -0.066     8.546    
    SLICE_X60Y20         FDCE (Setup_BFF_SLICEL_C_D)
                                                      0.044     8.590    design_1_i/ArgSort_AXI_1/U0/CORE/STM_INTAKE.QUEUE/MULTI_WORD.INTAKE_QUEUE/Q__0/curr_queue_reg[9][DATA][90]
  -------------------------------------------------------------------
                         required time                          8.590    
                         arrival time                          -8.541    
  -------------------------------------------------------------------
                         slack                                  0.049    




