---
-
   Version      : 1.7
   Ways         : 32
   Words        : 1
   Feedback     : 0
   WordBits     : 32
   IndexBits    : 32
   Sort Order   : 0
   Sign Compare : 0
   Max Size     : 268435455
   Debug Enable : 1
   size         : 5000
   average_time :    0.268 # [msec]
   throughput   :   18.653 # [mwords/sec]
   Debug_Time(0):    0.227 # [msec]
   Debug_Time(1):    0.056 # [msec]
   Debug_Time(2):    0.106 # [msec]
   Debug_Time(3):    0.064 # [msec]
-
   Version      : 1.7
   Ways         : 32
   Words        : 1
   Feedback     : 0
   WordBits     : 32
   IndexBits    : 32
   Sort Order   : 0
   Sign Compare : 0
   Max Size     : 268435455
   Debug Enable : 1
   size         : 10000
   average_time :    0.352 # [msec]
   throughput   :   28.430 # [mwords/sec]
   Debug_Time(0):    0.435 # [msec]
   Debug_Time(1):    0.109 # [msec]
   Debug_Time(2):    0.199 # [msec]
   Debug_Time(3):    0.127 # [msec]
-
   Version      : 1.7
   Ways         : 32
   Words        : 1
   Feedback     : 0
   WordBits     : 32
   IndexBits    : 32
   Sort Order   : 0
   Sign Compare : 0
   Max Size     : 268435455
   Debug Enable : 1
   size         : 15000
   average_time :    0.438 # [msec]
   throughput   :   34.234 # [mwords/sec]
   Debug_Time(0):    0.656 # [msec]
   Debug_Time(1):    0.162 # [msec]
   Debug_Time(2):    0.305 # [msec]
   Debug_Time(3):    0.190 # [msec]
-
   Version      : 1.7
   Ways         : 32
   Words        : 1
   Feedback     : 0
   WordBits     : 32
   IndexBits    : 32
   Sort Order   : 0
   Sign Compare : 0
   Max Size     : 268435455
   Debug Enable : 1
   size         : 20000
   average_time :    0.522 # [msec]
   throughput   :   38.316 # [mwords/sec]
   Debug_Time(0):    0.853 # [msec]
   Debug_Time(1):    0.216 # [msec]
   Debug_Time(2):    0.385 # [msec]
   Debug_Time(3):    0.252 # [msec]
-
   Version      : 1.7
   Ways         : 32
   Words        : 1
   Feedback     : 0
   WordBits     : 32
   IndexBits    : 32
   Sort Order   : 0
   Sign Compare : 0
   Max Size     : 268435455
   Debug Enable : 1
   size         : 25000
   average_time :    0.610 # [msec]
   throughput   :   40.995 # [mwords/sec]
   Debug_Time(0):    1.063 # [msec]
   Debug_Time(1):    0.269 # [msec]
   Debug_Time(2):    0.480 # [msec]
   Debug_Time(3):    0.315 # [msec]
-
   Version      : 1.7
   Ways         : 32
   Words        : 1
   Feedback     : 0
   WordBits     : 32
   IndexBits    : 32
   Sort Order   : 0
   Sign Compare : 0
   Max Size     : 268435455
   Debug Enable : 1
   size         : 30000
   average_time :    0.693 # [msec]
   throughput   :   43.319 # [mwords/sec]
   Debug_Time(0):    1.270 # [msec]
   Debug_Time(1):    0.321 # [msec]
   Debug_Time(2):    0.571 # [msec]
   Debug_Time(3):    0.378 # [msec]
-
   Version      : 1.7
   Ways         : 32
   Words        : 1
   Feedback     : 0
   WordBits     : 32
   IndexBits    : 32
   Sort Order   : 0
   Sign Compare : 0
   Max Size     : 268435455
   Debug Enable : 1
   size         : 35000
   average_time :    0.922 # [msec]
   throughput   :   37.963 # [mwords/sec]
   Debug_Time(0):    1.836 # [msec]
   Debug_Time(1):    0.374 # [msec]
   Debug_Time(2):    0.672 # [msec]
   Debug_Time(3):    0.434 # [msec]
   Debug_Time(4):    0.356 # [msec]
-
   Version      : 1.7
   Ways         : 32
   Words        : 1
   Feedback     : 0
   WordBits     : 32
   IndexBits    : 32
   Sort Order   : 0
   Sign Compare : 0
   Max Size     : 268435455
   Debug Enable : 1
   size         : 40000
   average_time :    1.021 # [msec]
   throughput   :   39.161 # [mwords/sec]
   Debug_Time(0):    2.087 # [msec]
   Debug_Time(1):    0.428 # [msec]
   Debug_Time(2):    0.767 # [msec]
   Debug_Time(3):    0.485 # [msec]
   Debug_Time(4):    0.406 # [msec]
-
   Version      : 1.7
   Ways         : 32
   Words        : 1
   Feedback     : 0
   WordBits     : 32
   IndexBits    : 32
   Sort Order   : 0
   Sign Compare : 0
   Max Size     : 268435455
   Debug Enable : 1
   size         : 45000
   average_time :    1.129 # [msec]
   throughput   :   39.855 # [mwords/sec]
   Debug_Time(0):    2.338 # [msec]
   Debug_Time(1):    0.482 # [msec]
   Debug_Time(2):    0.856 # [msec]
   Debug_Time(3):    0.544 # [msec]
   Debug_Time(4):    0.457 # [msec]
-
   Version      : 1.7
   Ways         : 32
   Words        : 1
   Feedback     : 0
   WordBits     : 32
   IndexBits    : 32
   Sort Order   : 0
   Sign Compare : 0
   Max Size     : 268435455
   Debug Enable : 1
   size         : 50000
   average_time :    1.242 # [msec]
   throughput   :   40.266 # [mwords/sec]
   Debug_Time(0):    2.610 # [msec]
   Debug_Time(1):    0.535 # [msec]
   Debug_Time(2):    0.950 # [msec]
   Debug_Time(3):    0.620 # [msec]
   Debug_Time(4):    0.507 # [msec]
-
   Version      : 1.7
   Ways         : 32
   Words        : 1
   Feedback     : 0
   WordBits     : 32
   IndexBits    : 32
   Sort Order   : 0
   Sign Compare : 0
   Max Size     : 268435455
   Debug Enable : 1
   size         : 55000
   average_time :    1.346 # [msec]
   throughput   :   40.847 # [mwords/sec]
   Debug_Time(0):    2.880 # [msec]
   Debug_Time(1):    0.587 # [msec]
   Debug_Time(2):    1.048 # [msec]
   Debug_Time(3):    0.689 # [msec]
   Debug_Time(4):    0.556 # [msec]
-
   Version      : 1.7
   Ways         : 32
   Words        : 1
   Feedback     : 0
   WordBits     : 32
   IndexBits    : 32
   Sort Order   : 0
   Sign Compare : 0
   Max Size     : 268435455
   Debug Enable : 1
   size         : 60000
   average_time :    1.461 # [msec]
   throughput   :   41.069 # [mwords/sec]
   Debug_Time(0):    3.147 # [msec]
   Debug_Time(1):    0.641 # [msec]
   Debug_Time(2):    1.146 # [msec]
   Debug_Time(3):    0.754 # [msec]
   Debug_Time(4):    0.606 # [msec]
-
   Version      : 1.7
   Ways         : 32
   Words        : 1
   Feedback     : 0
   WordBits     : 32
   IndexBits    : 32
   Sort Order   : 0
   Sign Compare : 0
   Max Size     : 268435455
   Debug Enable : 1
   size         : 65000
   average_time :    1.560 # [msec]
   throughput   :   41.664 # [mwords/sec]
   Debug_Time(0):    3.406 # [msec]
   Debug_Time(1):    0.694 # [msec]
   Debug_Time(2):    1.246 # [msec]
   Debug_Time(3):    0.810 # [msec]
   Debug_Time(4):    0.655 # [msec]
-
   Version      : 1.7
   Ways         : 32
   Words        : 1
   Feedback     : 0
   WordBits     : 32
   IndexBits    : 32
   Sort Order   : 0
   Sign Compare : 0
   Max Size     : 268435455
   Debug Enable : 1
   size         : 70000
   average_time :    1.667 # [msec]
   throughput   :   41.999 # [mwords/sec]
   Debug_Time(0):    3.642 # [msec]
   Debug_Time(1):    0.747 # [msec]
   Debug_Time(2):    1.341 # [msec]
   Debug_Time(3):    0.846 # [msec]
   Debug_Time(4):    0.708 # [msec]
-
   Version      : 1.7
   Ways         : 32
   Words        : 1
   Feedback     : 0
   WordBits     : 32
   IndexBits    : 32
   Sort Order   : 0
   Sign Compare : 0
   Max Size     : 268435455
   Debug Enable : 1
   size         : 75000
   average_time :    1.790 # [msec]
   throughput   :   41.910 # [mwords/sec]
   Debug_Time(0):    3.909 # [msec]
   Debug_Time(1):    0.809 # [msec]
   Debug_Time(2):    1.429 # [msec]
   Debug_Time(3):    0.912 # [msec]
   Debug_Time(4):    0.760 # [msec]
-
   Version      : 1.7
   Ways         : 32
   Words        : 1
   Feedback     : 0
   WordBits     : 32
   IndexBits    : 32
   Sort Order   : 0
   Sign Compare : 0
   Max Size     : 268435455
   Debug Enable : 1
   size         : 80000
   average_time :    1.914 # [msec]
   throughput   :   41.803 # [mwords/sec]
   Debug_Time(0):    4.224 # [msec]
   Debug_Time(1):    0.892 # [msec]
   Debug_Time(2):    1.540 # [msec]
   Debug_Time(3):    0.982 # [msec]
   Debug_Time(4):    0.810 # [msec]
-
   Version      : 1.7
   Ways         : 32
   Words        : 1
   Feedback     : 0
   WordBits     : 32
   IndexBits    : 32
   Sort Order   : 0
   Sign Compare : 0
   Max Size     : 268435455
   Debug Enable : 1
   size         : 85000
   average_time :    2.058 # [msec]
   throughput   :   41.308 # [mwords/sec]
   Debug_Time(0):    4.602 # [msec]
   Debug_Time(1):    1.043 # [msec]
   Debug_Time(2):    1.632 # [msec]
   Debug_Time(3):    1.066 # [msec]
   Debug_Time(4):    0.862 # [msec]
-
   Version      : 1.7
   Ways         : 32
   Words        : 1
   Feedback     : 0
   WordBits     : 32
   IndexBits    : 32
   Sort Order   : 0
   Sign Compare : 0
   Max Size     : 268435455
   Debug Enable : 1
   size         : 90000
   average_time :    2.237 # [msec]
   throughput   :   40.235 # [mwords/sec]
   Debug_Time(0):    5.071 # [msec]
   Debug_Time(1):    1.313 # [msec]
   Debug_Time(2):    1.733 # [msec]
   Debug_Time(3):    1.113 # [msec]
   Debug_Time(4):    0.912 # [msec]
-
   Version      : 1.7
   Ways         : 32
   Words        : 1
   Feedback     : 0
   WordBits     : 32
   IndexBits    : 32
   Sort Order   : 0
   Sign Compare : 0
   Max Size     : 268435455
   Debug Enable : 1
   size         : 95000
   average_time :    2.447 # [msec]
   throughput   :   38.818 # [mwords/sec]
   Debug_Time(0):    5.534 # [msec]
   Debug_Time(1):    1.570 # [msec]
   Debug_Time(2):    1.822 # [msec]
   Debug_Time(3):    1.181 # [msec]
   Debug_Time(4):    0.961 # [msec]
-
   Version      : 1.7
   Ways         : 32
   Words        : 1
   Feedback     : 0
   WordBits     : 32
   IndexBits    : 32
   Sort Order   : 0
   Sign Compare : 0
   Max Size     : 268435455
   Debug Enable : 1
   size         : 100000
   average_time :    2.523 # [msec]
   throughput   :   39.630 # [mwords/sec]
   Debug_Time(0):    5.825 # [msec]
   Debug_Time(1):    1.656 # [msec]
   Debug_Time(2):    1.922 # [msec]
   Debug_Time(3):    1.235 # [msec]
   Debug_Time(4):    1.013 # [msec]
-
   Version      : 1.7
   Ways         : 32
   Words        : 1
   Feedback     : 0
   WordBits     : 32
   IndexBits    : 32
   Sort Order   : 0
   Sign Compare : 0
   Max Size     : 268435455
   Debug Enable : 1
   size         : 105000
   average_time :    2.675 # [msec]
   throughput   :   39.255 # [mwords/sec]
   Debug_Time(0):    6.215 # [msec]
   Debug_Time(1):    1.853 # [msec]
   Debug_Time(2):    2.012 # [msec]
   Debug_Time(3):    1.287 # [msec]
   Debug_Time(4):    1.063 # [msec]
-
   Version      : 1.7
   Ways         : 32
   Words        : 1
   Feedback     : 0
   WordBits     : 32
   IndexBits    : 32
   Sort Order   : 0
   Sign Compare : 0
   Max Size     : 268435455
   Debug Enable : 1
   size         : 110000
   average_time :    2.865 # [msec]
   throughput   :   38.392 # [mwords/sec]
   Debug_Time(0):    6.624 # [msec]
   Debug_Time(1):    2.071 # [msec]
   Debug_Time(2):    2.098 # [msec]
   Debug_Time(3):    1.343 # [msec]
   Debug_Time(4):    1.112 # [msec]
-
   Version      : 1.7
   Ways         : 32
   Words        : 1
   Feedback     : 0
   WordBits     : 32
   IndexBits    : 32
   Sort Order   : 0
   Sign Compare : 0
   Max Size     : 268435455
   Debug Enable : 1
   size         : 115000
   average_time :    3.010 # [msec]
   throughput   :   38.211 # [mwords/sec]
   Debug_Time(0):    7.002 # [msec]
   Debug_Time(1):    2.224 # [msec]
   Debug_Time(2):    2.181 # [msec]
   Debug_Time(3):    1.434 # [msec]
   Debug_Time(4):    1.162 # [msec]
-
   Version      : 1.7
   Ways         : 32
   Words        : 1
   Feedback     : 0
   WordBits     : 32
   IndexBits    : 32
   Sort Order   : 0
   Sign Compare : 0
   Max Size     : 268435455
   Debug Enable : 1
   size         : 120000
   average_time :    3.166 # [msec]
   throughput   :   37.897 # [mwords/sec]
   Debug_Time(0):    7.373 # [msec]
   Debug_Time(1):    2.394 # [msec]
   Debug_Time(2):    2.283 # [msec]
   Debug_Time(3):    1.482 # [msec]
   Debug_Time(4):    1.214 # [msec]
-
   Version      : 1.7
   Ways         : 32
   Words        : 1
   Feedback     : 0
   WordBits     : 32
   IndexBits    : 32
   Sort Order   : 0
   Sign Compare : 0
   Max Size     : 268435455
   Debug Enable : 1
   size         : 125000
   average_time :    3.314 # [msec]
   throughput   :   37.724 # [mwords/sec]
   Debug_Time(0):    7.759 # [msec]
   Debug_Time(1):    2.556 # [msec]
   Debug_Time(2):    2.376 # [msec]
   Debug_Time(3):    1.563 # [msec]
   Debug_Time(4):    1.264 # [msec]
-
   Version      : 1.7
   Ways         : 32
   Words        : 1
   Feedback     : 0
   WordBits     : 32
   IndexBits    : 32
   Sort Order   : 0
   Sign Compare : 0
   Max Size     : 268435455
   Debug Enable : 1
   size         : 130000
   average_time :    3.464 # [msec]
   throughput   :   37.524 # [mwords/sec]
   Debug_Time(0):    8.228 # [msec]
   Debug_Time(1):    2.736 # [msec]
   Debug_Time(2):    2.572 # [msec]
   Debug_Time(3):    1.606 # [msec]
   Debug_Time(4):    1.315 # [msec]
-
   Version      : 1.7
   Ways         : 32
   Words        : 1
   Feedback     : 0
   WordBits     : 32
   IndexBits    : 32
   Sort Order   : 0
   Sign Compare : 0
   Max Size     : 268435455
   Debug Enable : 1
   size         : 135000
   average_time :    3.614 # [msec]
   throughput   :   37.354 # [mwords/sec]
   Debug_Time(0):    8.637 # [msec]
   Debug_Time(1):    2.999 # [msec]
   Debug_Time(2):    2.626 # [msec]
   Debug_Time(3):    1.645 # [msec]
   Debug_Time(4):    1.367 # [msec]
-
   Version      : 1.7
   Ways         : 32
   Words        : 1
   Feedback     : 0
   WordBits     : 32
   IndexBits    : 32
   Sort Order   : 0
   Sign Compare : 0
   Max Size     : 268435455
   Debug Enable : 1
   size         : 140000
   average_time :    3.745 # [msec]
   throughput   :   37.383 # [mwords/sec]
   Debug_Time(0):    8.845 # [msec]
   Debug_Time(1):    3.017 # [msec]
   Debug_Time(2):    2.708 # [msec]
   Debug_Time(3):    1.703 # [msec]
   Debug_Time(4):    1.416 # [msec]
-
   Version      : 1.7
   Ways         : 32
   Words        : 1
   Feedback     : 0
   WordBits     : 32
   IndexBits    : 32
   Sort Order   : 0
   Sign Compare : 0
   Max Size     : 268435455
   Debug Enable : 1
   size         : 145000
   average_time :    3.890 # [msec]
   throughput   :   37.277 # [mwords/sec]
   Debug_Time(0):    9.139 # [msec]
   Debug_Time(1):    3.101 # [msec]
   Debug_Time(2):    2.798 # [msec]
   Debug_Time(3):    1.774 # [msec]
   Debug_Time(4):    1.466 # [msec]
-
   Version      : 1.7
   Ways         : 32
   Words        : 1
   Feedback     : 0
   WordBits     : 32
   IndexBits    : 32
   Sort Order   : 0
   Sign Compare : 0
   Max Size     : 268435455
   Debug Enable : 1
   size         : 150000
   average_time :    4.043 # [msec]
   throughput   :   37.104 # [mwords/sec]
   Debug_Time(0):    9.523 # [msec]
   Debug_Time(1):    3.237 # [msec]
   Debug_Time(2):    2.911 # [msec]
   Debug_Time(3):    1.859 # [msec]
   Debug_Time(4):    1.516 # [msec]
-
   Version      : 1.7
   Ways         : 32
   Words        : 1
   Feedback     : 0
   WordBits     : 32
   IndexBits    : 32
   Sort Order   : 0
   Sign Compare : 0
   Max Size     : 268435455
   Debug Enable : 1
   size         : 155000
   average_time :    4.167 # [msec]
   throughput   :   37.195 # [mwords/sec]
   Debug_Time(0):    9.739 # [msec]
   Debug_Time(1):    3.345 # [msec]
   Debug_Time(2):    2.907 # [msec]
   Debug_Time(3):    1.920 # [msec]
   Debug_Time(4):    1.567 # [msec]
-
   Version      : 1.7
   Ways         : 32
   Words        : 1
   Feedback     : 0
   WordBits     : 32
   IndexBits    : 32
   Sort Order   : 0
   Sign Compare : 0
   Max Size     : 268435455
   Debug Enable : 1
   size         : 160000
   average_time :    4.292 # [msec]
   throughput   :   37.279 # [mwords/sec]
   Debug_Time(0):    9.947 # [msec]
   Debug_Time(1):    3.352 # [msec]
   Debug_Time(2):    2.996 # [msec]
   Debug_Time(3):    1.982 # [msec]
   Debug_Time(4):    1.617 # [msec]
-
   Version      : 1.7
   Ways         : 32
   Words        : 1
   Feedback     : 0
   WordBits     : 32
   IndexBits    : 32
   Sort Order   : 0
   Sign Compare : 0
   Max Size     : 268435455
   Debug Enable : 1
   size         : 165000
   average_time :    4.426 # [msec]
   throughput   :   37.279 # [mwords/sec]
   Debug_Time(0):   10.277 # [msec]
   Debug_Time(1):    3.479 # [msec]
   Debug_Time(2):    3.093 # [msec]
   Debug_Time(3):    2.034 # [msec]
   Debug_Time(4):    1.670 # [msec]
-
   Version      : 1.7
   Ways         : 32
   Words        : 1
   Feedback     : 0
   WordBits     : 32
   IndexBits    : 32
   Sort Order   : 0
   Sign Compare : 0
   Max Size     : 268435455
   Debug Enable : 1
   size         : 170000
   average_time :    4.548 # [msec]
   throughput   :   37.378 # [mwords/sec]
   Debug_Time(0):   10.609 # [msec]
   Debug_Time(1):    3.617 # [msec]
   Debug_Time(2):    3.185 # [msec]
   Debug_Time(3):    2.087 # [msec]
   Debug_Time(4):    1.720 # [msec]
-
   Version      : 1.7
   Ways         : 32
   Words        : 1
   Feedback     : 0
   WordBits     : 32
   IndexBits    : 32
   Sort Order   : 0
   Sign Compare : 0
   Max Size     : 268435455
   Debug Enable : 1
   size         : 175000
   average_time :    4.664 # [msec]
   throughput   :   37.524 # [mwords/sec]
   Debug_Time(0):   10.929 # [msec]
   Debug_Time(1):    3.752 # [msec]
   Debug_Time(2):    3.287 # [msec]
   Debug_Time(3):    2.119 # [msec]
   Debug_Time(4):    1.770 # [msec]
-
   Version      : 1.7
   Ways         : 32
   Words        : 1
   Feedback     : 0
   WordBits     : 32
   IndexBits    : 32
   Sort Order   : 0
   Sign Compare : 0
   Max Size     : 268435455
   Debug Enable : 1
   size         : 180000
   average_time :    4.787 # [msec]
   throughput   :   37.602 # [mwords/sec]
   Debug_Time(0):   11.319 # [msec]
   Debug_Time(1):    3.934 # [msec]
   Debug_Time(2):    3.374 # [msec]
   Debug_Time(3):    2.193 # [msec]
   Debug_Time(4):    1.819 # [msec]
-
   Version      : 1.7
   Ways         : 32
   Words        : 1
   Feedback     : 0
   WordBits     : 32
   IndexBits    : 32
   Sort Order   : 0
   Sign Compare : 0
   Max Size     : 268435455
   Debug Enable : 1
   size         : 185000
   average_time :    4.925 # [msec]
   throughput   :   37.564 # [mwords/sec]
   Debug_Time(0):   11.613 # [msec]
   Debug_Time(1):    4.006 # [msec]
   Debug_Time(2):    3.460 # [msec]
   Debug_Time(3):    2.277 # [msec]
   Debug_Time(4):    1.869 # [msec]
-
   Version      : 1.7
   Ways         : 32
   Words        : 1
   Feedback     : 0
   WordBits     : 32
   IndexBits    : 32
   Sort Order   : 0
   Sign Compare : 0
   Max Size     : 268435455
   Debug Enable : 1
   size         : 190000
   average_time :    5.060 # [msec]
   throughput   :   37.551 # [mwords/sec]
   Debug_Time(0):   11.988 # [msec]
   Debug_Time(1):    4.171 # [msec]
   Debug_Time(2):    3.559 # [msec]
   Debug_Time(3):    2.339 # [msec]
   Debug_Time(4):    1.918 # [msec]
-
   Version      : 1.7
   Ways         : 32
   Words        : 1
   Feedback     : 0
   WordBits     : 32
   IndexBits    : 32
   Sort Order   : 0
   Sign Compare : 0
   Max Size     : 268435455
   Debug Enable : 1
   size         : 195000
   average_time :    5.181 # [msec]
   throughput   :   37.634 # [mwords/sec]
   Debug_Time(0):   12.344 # [msec]
   Debug_Time(1):    4.321 # [msec]
   Debug_Time(2):    3.658 # [msec]
   Debug_Time(3):    2.396 # [msec]
   Debug_Time(4):    1.969 # [msec]
-
   Version      : 1.7
   Ways         : 32
   Words        : 1
   Feedback     : 0
   WordBits     : 32
   IndexBits    : 32
   Sort Order   : 0
   Sign Compare : 0
   Max Size     : 268435455
   Debug Enable : 1
   size         : 200000
   average_time :    5.308 # [msec]
   throughput   :   37.681 # [mwords/sec]
   Debug_Time(0):   12.620 # [msec]
   Debug_Time(1):    4.401 # [msec]
   Debug_Time(2):    3.753 # [msec]
   Debug_Time(3):    2.444 # [msec]
   Debug_Time(4):    2.022 # [msec]
-
   Version      : 1.7
   Ways         : 32
   Words        : 1
   Feedback     : 0
   WordBits     : 32
   IndexBits    : 32
   Sort Order   : 0
   Sign Compare : 0
   Max Size     : 268435455
   Debug Enable : 1
   size         : 205000
   average_time :    5.419 # [msec]
   throughput   :   37.833 # [mwords/sec]
   Debug_Time(0):   12.941 # [msec]
   Debug_Time(1):    4.533 # [msec]
   Debug_Time(2):    3.842 # [msec]
   Debug_Time(3):    2.494 # [msec]
   Debug_Time(4):    2.072 # [msec]
-
   Version      : 1.7
   Ways         : 32
   Words        : 1
   Feedback     : 0
   WordBits     : 32
   IndexBits    : 32
   Sort Order   : 0
   Sign Compare : 0
   Max Size     : 268435455
   Debug Enable : 1
   size         : 210000
   average_time :    5.557 # [msec]
   throughput   :   37.788 # [mwords/sec]
   Debug_Time(0):   13.231 # [msec]
   Debug_Time(1):    4.599 # [msec]
   Debug_Time(2):    3.937 # [msec]
   Debug_Time(3):    2.572 # [msec]
   Debug_Time(4):    2.123 # [msec]
-
   Version      : 1.7
   Ways         : 32
   Words        : 1
   Feedback     : 0
   WordBits     : 32
   IndexBits    : 32
   Sort Order   : 0
   Sign Compare : 0
   Max Size     : 268435455
   Debug Enable : 1
   size         : 215000
   average_time :    5.701 # [msec]
   throughput   :   37.709 # [mwords/sec]
   Debug_Time(0):   13.591 # [msec]
   Debug_Time(1):    4.756 # [msec]
   Debug_Time(2):    4.030 # [msec]
   Debug_Time(3):    2.632 # [msec]
   Debug_Time(4):    2.174 # [msec]
-
   Version      : 1.7
   Ways         : 32
   Words        : 1
   Feedback     : 0
   WordBits     : 32
   IndexBits    : 32
   Sort Order   : 0
   Sign Compare : 0
   Max Size     : 268435455
   Debug Enable : 1
   size         : 220000
   average_time :    5.827 # [msec]
   throughput   :   37.757 # [mwords/sec]
   Debug_Time(0):   13.862 # [msec]
   Debug_Time(1):    4.812 # [msec]
   Debug_Time(2):    4.116 # [msec]
   Debug_Time(3):    2.711 # [msec]
   Debug_Time(4):    2.222 # [msec]
-
   Version      : 1.7
   Ways         : 32
   Words        : 1
   Feedback     : 0
   WordBits     : 32
   IndexBits    : 32
   Sort Order   : 0
   Sign Compare : 0
   Max Size     : 268435455
   Debug Enable : 1
   size         : 225000
   average_time :    5.932 # [msec]
   throughput   :   37.933 # [mwords/sec]
   Debug_Time(0):   14.136 # [msec]
   Debug_Time(1):    4.886 # [msec]
   Debug_Time(2):    4.212 # [msec]
   Debug_Time(3):    2.767 # [msec]
   Debug_Time(4):    2.271 # [msec]
-
   Version      : 1.7
   Ways         : 32
   Words        : 1
   Feedback     : 0
   WordBits     : 32
   IndexBits    : 32
   Sort Order   : 0
   Sign Compare : 0
   Max Size     : 268435455
   Debug Enable : 1
   size         : 230000
   average_time :    6.075 # [msec]
   throughput   :   37.857 # [mwords/sec]
   Debug_Time(0):   14.465 # [msec]
   Debug_Time(1):    5.003 # [msec]
   Debug_Time(2):    4.302 # [msec]
   Debug_Time(3):    2.837 # [msec]
   Debug_Time(4):    2.324 # [msec]
-
   Version      : 1.7
   Ways         : 32
   Words        : 1
   Feedback     : 0
   WordBits     : 32
   IndexBits    : 32
   Sort Order   : 0
   Sign Compare : 0
   Max Size     : 268435455
   Debug Enable : 1
   size         : 235000
   average_time :    6.193 # [msec]
   throughput   :   37.948 # [mwords/sec]
   Debug_Time(0):   14.824 # [msec]
   Debug_Time(1):    5.156 # [msec]
   Debug_Time(2):    4.407 # [msec]
   Debug_Time(3):    2.888 # [msec]
   Debug_Time(4):    2.374 # [msec]
-
   Version      : 1.7
   Ways         : 32
   Words        : 1
   Feedback     : 0
   WordBits     : 32
   IndexBits    : 32
   Sort Order   : 0
   Sign Compare : 0
   Max Size     : 268435455
   Debug Enable : 1
   size         : 240000
   average_time :    6.299 # [msec]
   throughput   :   38.102 # [mwords/sec]
   Debug_Time(0):   15.090 # [msec]
   Debug_Time(1):    5.237 # [msec]
   Debug_Time(2):    4.496 # [msec]
   Debug_Time(3):    2.933 # [msec]
   Debug_Time(4):    2.425 # [msec]
-
   Version      : 1.7
   Ways         : 32
   Words        : 1
   Feedback     : 0
   WordBits     : 32
   IndexBits    : 32
   Sort Order   : 0
   Sign Compare : 0
   Max Size     : 268435455
   Debug Enable : 1
   size         : 245000
   average_time :    6.426 # [msec]
   throughput   :   38.126 # [mwords/sec]
   Debug_Time(0):   15.354 # [msec]
   Debug_Time(1):    5.316 # [msec]
   Debug_Time(2):    4.584 # [msec]
   Debug_Time(3):    2.979 # [msec]
   Debug_Time(4):    2.475 # [msec]
-
   Version      : 1.7
   Ways         : 32
   Words        : 1
   Feedback     : 0
   WordBits     : 32
   IndexBits    : 32
   Sort Order   : 0
   Sign Compare : 0
   Max Size     : 268435455
   Debug Enable : 1
   size         : 250000
   average_time :    6.574 # [msec]
   throughput   :   38.027 # [mwords/sec]
   Debug_Time(0):   15.786 # [msec]
   Debug_Time(1):    5.507 # [msec]
   Debug_Time(2):    4.677 # [msec]
   Debug_Time(3):    3.078 # [msec]
   Debug_Time(4):    2.525 # [msec]
-
   Version      : 1.7
   Ways         : 32
   Words        : 1
   Feedback     : 0
   WordBits     : 32
   IndexBits    : 32
   Sort Order   : 0
   Sign Compare : 0
   Max Size     : 268435455
   Debug Enable : 1
   size         : 255000
   average_time :    6.696 # [msec]
   throughput   :   38.083 # [mwords/sec]
   Debug_Time(0):   16.056 # [msec]
   Debug_Time(1):    5.567 # [msec]
   Debug_Time(2):    4.776 # [msec]
   Debug_Time(3):    3.138 # [msec]
   Debug_Time(4):    2.576 # [msec]
-
   Version      : 1.7
   Ways         : 32
   Words        : 1
   Feedback     : 0
   WordBits     : 32
   IndexBits    : 32
   Sort Order   : 0
   Sign Compare : 0
   Max Size     : 268435455
   Debug Enable : 1
   size         : 260000
   average_time :    6.818 # [msec]
   throughput   :   38.136 # [mwords/sec]
   Debug_Time(0):   16.341 # [msec]
   Debug_Time(1):    5.632 # [msec]
   Debug_Time(2):    4.873 # [msec]
   Debug_Time(3):    3.211 # [msec]
   Debug_Time(4):    2.625 # [msec]
-
   Version      : 1.7
   Ways         : 32
   Words        : 1
   Feedback     : 0
   WordBits     : 32
   IndexBits    : 32
   Sort Order   : 0
   Sign Compare : 0
   Max Size     : 268435455
   Debug Enable : 1
   size         : 265000
   average_time :    6.922 # [msec]
   throughput   :   38.285 # [mwords/sec]
   Debug_Time(0):   16.597 # [msec]
   Debug_Time(1):    5.718 # [msec]
   Debug_Time(2):    4.963 # [msec]
   Debug_Time(3):    3.239 # [msec]
   Debug_Time(4):    2.678 # [msec]
-
   Version      : 1.7
   Ways         : 32
   Words        : 1
   Feedback     : 0
   WordBits     : 32
   IndexBits    : 32
   Sort Order   : 0
   Sign Compare : 0
   Max Size     : 268435455
   Debug Enable : 1
   size         : 270000
   average_time :    7.044 # [msec]
   throughput   :   38.332 # [mwords/sec]
   Debug_Time(0):   16.892 # [msec]
   Debug_Time(1):    5.816 # [msec]
   Debug_Time(2):    5.057 # [msec]
   Debug_Time(3):    3.292 # [msec]
   Debug_Time(4):    2.726 # [msec]
-
   Version      : 1.7
   Ways         : 32
   Words        : 1
   Feedback     : 0
   WordBits     : 32
   IndexBits    : 32
   Sort Order   : 0
   Sign Compare : 0
   Max Size     : 268435455
   Debug Enable : 1
   size         : 275000
   average_time :    7.182 # [msec]
   throughput   :   38.291 # [mwords/sec]
   Debug_Time(0):   17.291 # [msec]
   Debug_Time(1):    6.005 # [msec]
   Debug_Time(2):    5.146 # [msec]
   Debug_Time(3):    3.364 # [msec]
   Debug_Time(4):    2.776 # [msec]
-
   Version      : 1.7
   Ways         : 32
   Words        : 1
   Feedback     : 0
   WordBits     : 32
   IndexBits    : 32
   Sort Order   : 0
   Sign Compare : 0
   Max Size     : 268435455
   Debug Enable : 1
   size         : 280000
   average_time :    7.312 # [msec]
   throughput   :   38.294 # [mwords/sec]
   Debug_Time(0):   17.644 # [msec]
   Debug_Time(1):    6.139 # [msec]
   Debug_Time(2):    5.239 # [msec]
   Debug_Time(3):    3.440 # [msec]
   Debug_Time(4):    2.827 # [msec]
-
   Version      : 1.7
   Ways         : 32
   Words        : 1
   Feedback     : 0
   WordBits     : 32
   IndexBits    : 32
   Sort Order   : 0
   Sign Compare : 0
   Max Size     : 268435455
   Debug Enable : 1
   size         : 285000
   average_time :    7.441 # [msec]
   throughput   :   38.300 # [mwords/sec]
   Debug_Time(0):   17.962 # [msec]
   Debug_Time(1):    6.212 # [msec]
   Debug_Time(2):    5.341 # [msec]
   Debug_Time(3):    3.531 # [msec]
   Debug_Time(4):    2.878 # [msec]
-
   Version      : 1.7
   Ways         : 32
   Words        : 1
   Feedback     : 0
   WordBits     : 32
   IndexBits    : 32
   Sort Order   : 0
   Sign Compare : 0
   Max Size     : 268435455
   Debug Enable : 1
   size         : 290000
   average_time :    7.531 # [msec]
   throughput   :   38.510 # [mwords/sec]
   Debug_Time(0):   18.127 # [msec]
   Debug_Time(1):    6.218 # [msec]
   Debug_Time(2):    5.432 # [msec]
   Debug_Time(3):    3.550 # [msec]
   Debug_Time(4):    2.928 # [msec]
-
   Version      : 1.7
   Ways         : 32
   Words        : 1
   Feedback     : 0
   WordBits     : 32
   IndexBits    : 32
   Sort Order   : 0
   Sign Compare : 0
   Max Size     : 268435455
   Debug Enable : 1
   size         : 295000
   average_time :    7.676 # [msec]
   throughput   :   38.432 # [mwords/sec]
   Debug_Time(0):   18.458 # [msec]
   Debug_Time(1):    6.341 # [msec]
   Debug_Time(2):    5.523 # [msec]
   Debug_Time(3):    3.612 # [msec]
   Debug_Time(4):    2.981 # [msec]
-
   Version      : 1.7
   Ways         : 32
   Words        : 1
   Feedback     : 0
   WordBits     : 32
   IndexBits    : 32
   Sort Order   : 0
   Sign Compare : 0
   Max Size     : 268435455
   Debug Enable : 1
   size         : 300000
   average_time :    7.806 # [msec]
   throughput   :   38.434 # [mwords/sec]
   Debug_Time(0):   18.844 # [msec]
   Debug_Time(1):    6.528 # [msec]
   Debug_Time(2):    5.624 # [msec]
   Debug_Time(3):    3.661 # [msec]
   Debug_Time(4):    3.031 # [msec]
-
   Version      : 1.7
   Ways         : 32
   Words        : 1
   Feedback     : 0
   WordBits     : 32
   IndexBits    : 32
   Sort Order   : 0
   Sign Compare : 0
   Max Size     : 268435455
   Debug Enable : 1
   size         : 305000
   average_time :    7.961 # [msec]
   throughput   :   38.311 # [mwords/sec]
   Debug_Time(0):   19.233 # [msec]
   Debug_Time(1):    6.682 # [msec]
   Debug_Time(2):    5.705 # [msec]
   Debug_Time(3):    3.766 # [msec]
   Debug_Time(4):    3.081 # [msec]
-
   Version      : 1.7
   Ways         : 32
   Words        : 1
   Feedback     : 0
   WordBits     : 32
   IndexBits    : 32
   Sort Order   : 0
   Sign Compare : 0
   Max Size     : 268435455
   Debug Enable : 1
   size         : 310000
   average_time :    8.008 # [msec]
   throughput   :   38.709 # [mwords/sec]
   Debug_Time(0):   19.420 # [msec]
   Debug_Time(1):    6.716 # [msec]
   Debug_Time(2):    5.803 # [msec]
   Debug_Time(3):    3.772 # [msec]
   Debug_Time(4):    3.129 # [msec]
-
   Version      : 1.7
   Ways         : 32
   Words        : 1
   Feedback     : 0
   WordBits     : 32
   IndexBits    : 32
   Sort Order   : 0
   Sign Compare : 0
   Max Size     : 268435455
   Debug Enable : 1
   size         : 315000
   average_time :    8.148 # [msec]
   throughput   :   38.659 # [mwords/sec]
   Debug_Time(0):   19.671 # [msec]
   Debug_Time(1):    6.753 # [msec]
   Debug_Time(2):    5.899 # [msec]
   Debug_Time(3):    3.839 # [msec]
   Debug_Time(4):    3.179 # [msec]
-
   Version      : 1.7
   Ways         : 32
   Words        : 1
   Feedback     : 0
   WordBits     : 32
   IndexBits    : 32
   Sort Order   : 0
   Sign Compare : 0
   Max Size     : 268435455
   Debug Enable : 1
   size         : 320000
   average_time :    8.288 # [msec]
   throughput   :   38.608 # [mwords/sec]
   Debug_Time(0):   19.981 # [msec]
   Debug_Time(1):    6.811 # [msec]
   Debug_Time(2):    6.003 # [msec]
   Debug_Time(3):    3.938 # [msec]
   Debug_Time(4):    3.229 # [msec]
-
   Version      : 1.7
   Ways         : 32
   Words        : 1
   Feedback     : 0
   WordBits     : 32
   IndexBits    : 32
   Sort Order   : 0
   Sign Compare : 0
   Max Size     : 268435455
   Debug Enable : 1
   size         : 325000
   average_time :    8.423 # [msec]
   throughput   :   38.583 # [mwords/sec]
   Debug_Time(0):   20.318 # [msec]
   Debug_Time(1):    6.945 # [msec]
   Debug_Time(2):    6.088 # [msec]
   Debug_Time(3):    4.004 # [msec]
   Debug_Time(4):    3.280 # [msec]
-
   Version      : 1.7
   Ways         : 32
   Words        : 1
   Feedback     : 0
   WordBits     : 32
   IndexBits    : 32
   Sort Order   : 0
   Sign Compare : 0
   Max Size     : 268435455
   Debug Enable : 1
   size         : 330000
   average_time :    8.533 # [msec]
   throughput   :   38.673 # [mwords/sec]
   Debug_Time(0):   20.646 # [msec]
   Debug_Time(1):    7.076 # [msec]
   Debug_Time(2):    6.179 # [msec]
   Debug_Time(3):    4.058 # [msec]
   Debug_Time(4):    3.333 # [msec]
-
   Version      : 1.7
   Ways         : 32
   Words        : 1
   Feedback     : 0
   WordBits     : 32
   IndexBits    : 32
   Sort Order   : 0
   Sign Compare : 0
   Max Size     : 268435455
   Debug Enable : 1
   size         : 335000
   average_time :    8.640 # [msec]
   throughput   :   38.773 # [mwords/sec]
   Debug_Time(0):   20.876 # [msec]
   Debug_Time(1):    7.123 # [msec]
   Debug_Time(2):    6.270 # [msec]
   Debug_Time(3):    4.100 # [msec]
   Debug_Time(4):    3.383 # [msec]
-
   Version      : 1.7
   Ways         : 32
   Words        : 1
   Feedback     : 0
   WordBits     : 32
   IndexBits    : 32
   Sort Order   : 0
   Sign Compare : 0
   Max Size     : 268435455
   Debug Enable : 1
   size         : 340000
   average_time :    8.782 # [msec]
   throughput   :   38.714 # [mwords/sec]
   Debug_Time(0):   21.101 # [msec]
   Debug_Time(1):    7.125 # [msec]
   Debug_Time(2):    6.367 # [msec]
   Debug_Time(3):    4.176 # [msec]
   Debug_Time(4):    3.433 # [msec]
-
   Version      : 1.7
   Ways         : 32
   Words        : 1
   Feedback     : 0
   WordBits     : 32
   IndexBits    : 32
   Sort Order   : 0
   Sign Compare : 0
   Max Size     : 268435455
   Debug Enable : 1
   size         : 345000
   average_time :    8.923 # [msec]
   throughput   :   38.664 # [mwords/sec]
   Debug_Time(0):   21.527 # [msec]
   Debug_Time(1):    7.309 # [msec]
   Debug_Time(2):    6.460 # [msec]
   Debug_Time(3):    4.274 # [msec]
   Debug_Time(4):    3.484 # [msec]
-
   Version      : 1.7
   Ways         : 32
   Words        : 1
   Feedback     : 0
   WordBits     : 32
   IndexBits    : 32
   Sort Order   : 0
   Sign Compare : 0
   Max Size     : 268435455
   Debug Enable : 1
   size         : 350000
   average_time :    9.037 # [msec]
   throughput   :   38.729 # [mwords/sec]
   Debug_Time(0):   21.793 # [msec]
   Debug_Time(1):    7.424 # [msec]
   Debug_Time(2):    6.565 # [msec]
   Debug_Time(3):    4.271 # [msec]
   Debug_Time(4):    3.532 # [msec]
-
   Version      : 1.7
   Ways         : 32
   Words        : 1
   Feedback     : 0
   WordBits     : 32
   IndexBits    : 32
   Sort Order   : 0
   Sign Compare : 0
   Max Size     : 268435455
   Debug Enable : 1
   size         : 355000
   average_time :    9.152 # [msec]
   throughput   :   38.789 # [mwords/sec]
   Debug_Time(0):   22.201 # [msec]
   Debug_Time(1):    7.534 # [msec]
   Debug_Time(2):    6.717 # [msec]
   Debug_Time(3):    4.368 # [msec]
   Debug_Time(4):    3.582 # [msec]
-
   Version      : 1.7
   Ways         : 32
   Words        : 1
   Feedback     : 0
   WordBits     : 32
   IndexBits    : 32
   Sort Order   : 0
   Sign Compare : 0
   Max Size     : 268435455
   Debug Enable : 1
   size         : 360000
   average_time :    9.286 # [msec]
   throughput   :   38.768 # [mwords/sec]
   Debug_Time(0):   22.643 # [msec]
   Debug_Time(1):    7.856 # [msec]
   Debug_Time(2):    6.747 # [msec]
   Debug_Time(3):    4.408 # [msec]
   Debug_Time(4):    3.632 # [msec]
-
   Version      : 1.7
   Ways         : 32
   Words        : 1
   Feedback     : 0
   WordBits     : 32
   IndexBits    : 32
   Sort Order   : 0
   Sign Compare : 0
   Max Size     : 268435455
   Debug Enable : 1
   size         : 365000
   average_time :    9.410 # [msec]
   throughput   :   38.790 # [mwords/sec]
   Debug_Time(0):   22.954 # [msec]
   Debug_Time(1):    7.921 # [msec]
   Debug_Time(2):    6.860 # [msec]
   Debug_Time(3):    4.487 # [msec]
   Debug_Time(4):    3.685 # [msec]
-
   Version      : 1.7
   Ways         : 32
   Words        : 1
   Feedback     : 0
   WordBits     : 32
   IndexBits    : 32
   Sort Order   : 0
   Sign Compare : 0
   Max Size     : 268435455
   Debug Enable : 1
   size         : 370000
   average_time :    9.516 # [msec]
   throughput   :   38.883 # [mwords/sec]
   Debug_Time(0):   23.183 # [msec]
   Debug_Time(1):    7.969 # [msec]
   Debug_Time(2):    6.955 # [msec]
   Debug_Time(3):    4.523 # [msec]
   Debug_Time(4):    3.735 # [msec]
-
   Version      : 1.7
   Ways         : 32
   Words        : 1
   Feedback     : 0
   WordBits     : 32
   IndexBits    : 32
   Sort Order   : 0
   Sign Compare : 0
   Max Size     : 268435455
   Debug Enable : 1
   size         : 375000
   average_time :    9.661 # [msec]
   throughput   :   38.815 # [mwords/sec]
   Debug_Time(0):   23.477 # [msec]
   Debug_Time(1):    8.058 # [msec]
   Debug_Time(2):    7.035 # [msec]
   Debug_Time(3):    4.598 # [msec]
   Debug_Time(4):    3.786 # [msec]
-
   Version      : 1.7
   Ways         : 32
   Words        : 1
   Feedback     : 0
   WordBits     : 32
   IndexBits    : 32
   Sort Order   : 0
   Sign Compare : 0
   Max Size     : 268435455
   Debug Enable : 1
   size         : 380000
   average_time :    9.771 # [msec]
   throughput   :   38.892 # [mwords/sec]
   Debug_Time(0):   23.406 # [msec]
   Debug_Time(1):    7.715 # [msec]
   Debug_Time(2):    7.186 # [msec]
   Debug_Time(3):    4.669 # [msec]
   Debug_Time(4):    3.836 # [msec]
-
   Version      : 1.7
   Ways         : 32
   Words        : 1
   Feedback     : 0
   WordBits     : 32
   IndexBits    : 32
   Sort Order   : 0
   Sign Compare : 0
   Max Size     : 268435455
   Debug Enable : 1
   size         : 385000
   average_time :    9.897 # [msec]
   throughput   :   38.900 # [mwords/sec]
   Debug_Time(0):   23.831 # [msec]
   Debug_Time(1):    7.918 # [msec]
   Debug_Time(2):    7.285 # [msec]
   Debug_Time(3):    4.741 # [msec]
   Debug_Time(4):    3.887 # [msec]
-
   Version      : 1.7
   Ways         : 32
   Words        : 1
   Feedback     : 0
   WordBits     : 32
   IndexBits    : 32
   Sort Order   : 0
   Sign Compare : 0
   Max Size     : 268435455
   Debug Enable : 1
   size         : 390000
   average_time :   10.004 # [msec]
   throughput   :   38.983 # [mwords/sec]
   Debug_Time(0):   24.193 # [msec]
   Debug_Time(1):    8.116 # [msec]
   Debug_Time(2):    7.369 # [msec]
   Debug_Time(3):    4.773 # [msec]
   Debug_Time(4):    3.936 # [msec]
-
   Version      : 1.7
   Ways         : 32
   Words        : 1
   Feedback     : 0
   WordBits     : 32
   IndexBits    : 32
   Sort Order   : 0
   Sign Compare : 0
   Max Size     : 268435455
   Debug Enable : 1
   size         : 395000
   average_time :   10.141 # [msec]
   throughput   :   38.952 # [mwords/sec]
   Debug_Time(0):   24.528 # [msec]
   Debug_Time(1):    8.248 # [msec]
   Debug_Time(2):    7.476 # [msec]
   Debug_Time(3):    4.816 # [msec]
   Debug_Time(4):    3.988 # [msec]
-
   Version      : 1.7
   Ways         : 32
   Words        : 1
   Feedback     : 0
   WordBits     : 32
   IndexBits    : 32
   Sort Order   : 0
   Sign Compare : 0
   Max Size     : 268435455
   Debug Enable : 1
   size         : 400000
   average_time :   10.254 # [msec]
   throughput   :   39.010 # [mwords/sec]
   Debug_Time(0):   24.840 # [msec]
   Debug_Time(1):    8.326 # [msec]
   Debug_Time(2):    7.556 # [msec]
   Debug_Time(3):    4.921 # [msec]
   Debug_Time(4):    4.037 # [msec]
-
   Version      : 1.7
   Ways         : 32
   Words        : 1
   Feedback     : 0
   WordBits     : 32
   IndexBits    : 32
   Sort Order   : 0
   Sign Compare : 0
   Max Size     : 268435455
   Debug Enable : 1
   size         : 405000
   average_time :   10.401 # [msec]
   throughput   :   38.938 # [mwords/sec]
   Debug_Time(0):   25.141 # [msec]
   Debug_Time(1):    8.416 # [msec]
   Debug_Time(2):    7.663 # [msec]
   Debug_Time(3):    4.974 # [msec]
   Debug_Time(4):    4.089 # [msec]
-
   Version      : 1.7
   Ways         : 32
   Words        : 1
   Feedback     : 0
   WordBits     : 32
   IndexBits    : 32
   Sort Order   : 0
   Sign Compare : 0
   Max Size     : 268435455
   Debug Enable : 1
   size         : 410000
   average_time :   10.513 # [msec]
   throughput   :   38.998 # [mwords/sec]
   Debug_Time(0):   25.483 # [msec]
   Debug_Time(1):    8.535 # [msec]
   Debug_Time(2):    7.751 # [msec]
   Debug_Time(3):    5.059 # [msec]
   Debug_Time(4):    4.138 # [msec]
-
   Version      : 1.7
   Ways         : 32
   Words        : 1
   Feedback     : 0
   WordBits     : 32
   IndexBits    : 32
   Sort Order   : 0
   Sign Compare : 0
   Max Size     : 268435455
   Debug Enable : 1
   size         : 415000
   average_time :   10.624 # [msec]
   throughput   :   39.062 # [mwords/sec]
   Debug_Time(0):   25.746 # [msec]
   Debug_Time(1):    8.630 # [msec]
   Debug_Time(2):    7.837 # [msec]
   Debug_Time(3):    5.090 # [msec]
   Debug_Time(4):    4.189 # [msec]
-
   Version      : 1.7
   Ways         : 32
   Words        : 1
   Feedback     : 0
   WordBits     : 32
   IndexBits    : 32
   Sort Order   : 0
   Sign Compare : 0
   Max Size     : 268435455
   Debug Enable : 1
   size         : 420000
   average_time :   10.721 # [msec]
   throughput   :   39.175 # [mwords/sec]
   Debug_Time(0):   26.034 # [msec]
   Debug_Time(1):    8.721 # [msec]
   Debug_Time(2):    7.944 # [msec]
   Debug_Time(3):    5.130 # [msec]
   Debug_Time(4):    4.238 # [msec]
-
   Version      : 1.7
   Ways         : 32
   Words        : 1
   Feedback     : 0
   WordBits     : 32
   IndexBits    : 32
   Sort Order   : 0
   Sign Compare : 0
   Max Size     : 268435455
   Debug Enable : 1
   size         : 425000
   average_time :   10.889 # [msec]
   throughput   :   39.029 # [mwords/sec]
   Debug_Time(0):   26.347 # [msec]
   Debug_Time(1):    8.807 # [msec]
   Debug_Time(2):    8.046 # [msec]
   Debug_Time(3):    5.205 # [msec]
   Debug_Time(4):    4.289 # [msec]
-
   Version      : 1.7
   Ways         : 32
   Words        : 1
   Feedback     : 0
   WordBits     : 32
   IndexBits    : 32
   Sort Order   : 0
   Sign Compare : 0
   Max Size     : 268435455
   Debug Enable : 1
   size         : 430000
   average_time :   10.964 # [msec]
   throughput   :   39.221 # [mwords/sec]
   Debug_Time(0):   26.707 # [msec]
   Debug_Time(1):    8.957 # [msec]
   Debug_Time(2):    8.150 # [msec]
   Debug_Time(3):    5.258 # [msec]
   Debug_Time(4):    4.341 # [msec]
-
   Version      : 1.7
   Ways         : 32
   Words        : 1
   Feedback     : 0
   WordBits     : 32
   IndexBits    : 32
   Sort Order   : 0
   Sign Compare : 0
   Max Size     : 268435455
   Debug Enable : 1
   size         : 435000
   average_time :   11.108 # [msec]
   throughput   :   39.161 # [mwords/sec]
   Debug_Time(0):   26.959 # [msec]
   Debug_Time(1):    9.029 # [msec]
   Debug_Time(2):    8.225 # [msec]
   Debug_Time(3):    5.314 # [msec]
   Debug_Time(4):    4.391 # [msec]
-
   Version      : 1.7
   Ways         : 32
   Words        : 1
   Feedback     : 0
   WordBits     : 32
   IndexBits    : 32
   Sort Order   : 0
   Sign Compare : 0
   Max Size     : 268435455
   Debug Enable : 1
   size         : 440000
   average_time :   11.218 # [msec]
   throughput   :   39.224 # [mwords/sec]
   Debug_Time(0):   27.289 # [msec]
   Debug_Time(1):    9.120 # [msec]
   Debug_Time(2):    8.327 # [msec]
   Debug_Time(3):    5.402 # [msec]
   Debug_Time(4):    4.439 # [msec]
-
   Version      : 1.7
   Ways         : 32
   Words        : 1
   Feedback     : 0
   WordBits     : 32
   IndexBits    : 32
   Sort Order   : 0
   Sign Compare : 0
   Max Size     : 268435455
   Debug Enable : 1
   size         : 445000
   average_time :   11.338 # [msec]
   throughput   :   39.248 # [mwords/sec]
   Debug_Time(0):   27.604 # [msec]
   Debug_Time(1):    9.252 # [msec]
   Debug_Time(2):    8.413 # [msec]
   Debug_Time(3):    5.449 # [msec]
   Debug_Time(4):    4.490 # [msec]
-
   Version      : 1.7
   Ways         : 32
   Words        : 1
   Feedback     : 0
   WordBits     : 32
   IndexBits    : 32
   Sort Order   : 0
   Sign Compare : 0
   Max Size     : 268435455
   Debug Enable : 1
   size         : 450000
   average_time :   11.464 # [msec]
   throughput   :   39.253 # [mwords/sec]
   Debug_Time(0):   27.899 # [msec]
   Debug_Time(1):    9.331 # [msec]
   Debug_Time(2):    8.514 # [msec]
   Debug_Time(3):    5.514 # [msec]
   Debug_Time(4):    4.540 # [msec]
-
   Version      : 1.7
   Ways         : 32
   Words        : 1
   Feedback     : 0
   WordBits     : 32
   IndexBits    : 32
   Sort Order   : 0
   Sign Compare : 0
   Max Size     : 268435455
   Debug Enable : 1
   size         : 455000
   average_time :   11.608 # [msec]
   throughput   :   39.197 # [mwords/sec]
   Debug_Time(0):   28.224 # [msec]
   Debug_Time(1):    9.440 # [msec]
   Debug_Time(2):    8.615 # [msec]
   Debug_Time(3):    5.578 # [msec]
   Debug_Time(4):    4.591 # [msec]
-
   Version      : 1.7
   Ways         : 32
   Words        : 1
   Feedback     : 0
   WordBits     : 32
   IndexBits    : 32
   Sort Order   : 0
   Sign Compare : 0
   Max Size     : 268435455
   Debug Enable : 1
   size         : 460000
   average_time :   11.726 # [msec]
   throughput   :   39.230 # [mwords/sec]
   Debug_Time(0):   28.500 # [msec]
   Debug_Time(1):    9.521 # [msec]
   Debug_Time(2):    8.708 # [msec]
   Debug_Time(3):    5.626 # [msec]
   Debug_Time(4):    4.643 # [msec]
-
   Version      : 1.7
   Ways         : 32
   Words        : 1
   Feedback     : 0
   WordBits     : 32
   IndexBits    : 32
   Sort Order   : 0
   Sign Compare : 0
   Max Size     : 268435455
   Debug Enable : 1
   size         : 465000
   average_time :   11.842 # [msec]
   throughput   :   39.266 # [mwords/sec]
   Debug_Time(0):   28.842 # [msec]
   Debug_Time(1):    9.634 # [msec]
   Debug_Time(2):    8.795 # [msec]
   Debug_Time(3):    5.718 # [msec]
   Debug_Time(4):    4.695 # [msec]
-
   Version      : 1.7
   Ways         : 32
   Words        : 1
   Feedback     : 0
   WordBits     : 32
   IndexBits    : 32
   Sort Order   : 0
   Sign Compare : 0
   Max Size     : 268435455
   Debug Enable : 1
   size         : 470000
   average_time :   11.967 # [msec]
   throughput   :   39.274 # [mwords/sec]
   Debug_Time(0):   29.125 # [msec]
   Debug_Time(1):    9.742 # [msec]
   Debug_Time(2):    8.896 # [msec]
   Debug_Time(3):    5.744 # [msec]
   Debug_Time(4):    4.744 # [msec]
-
   Version      : 1.7
   Ways         : 32
   Words        : 1
   Feedback     : 0
   WordBits     : 32
   IndexBits    : 32
   Sort Order   : 0
   Sign Compare : 0
   Max Size     : 268435455
   Debug Enable : 1
   size         : 475000
   average_time :   12.081 # [msec]
   throughput   :   39.317 # [mwords/sec]
   Debug_Time(0):   29.390 # [msec]
   Debug_Time(1):    9.826 # [msec]
   Debug_Time(2):    8.982 # [msec]
   Debug_Time(3):    5.788 # [msec]
   Debug_Time(4):    4.794 # [msec]
-
   Version      : 1.7
   Ways         : 32
   Words        : 1
   Feedback     : 0
   WordBits     : 32
   IndexBits    : 32
   Sort Order   : 0
   Sign Compare : 0
   Max Size     : 268435455
   Debug Enable : 1
   size         : 480000
   average_time :   12.217 # [msec]
   throughput   :   39.290 # [mwords/sec]
   Debug_Time(0):   29.737 # [msec]
   Debug_Time(1):    9.909 # [msec]
   Debug_Time(2):    9.096 # [msec]
   Debug_Time(3):    5.890 # [msec]
   Debug_Time(4):    4.842 # [msec]
-
   Version      : 1.7
   Ways         : 32
   Words        : 1
   Feedback     : 0
   WordBits     : 32
   IndexBits    : 32
   Sort Order   : 0
   Sign Compare : 0
   Max Size     : 268435455
   Debug Enable : 1
   size         : 485000
   average_time :   12.322 # [msec]
   throughput   :   39.362 # [mwords/sec]
   Debug_Time(0):   29.977 # [msec]
   Debug_Time(1):   10.008 # [msec]
   Debug_Time(2):    9.148 # [msec]
   Debug_Time(3):    5.929 # [msec]
   Debug_Time(4):    4.892 # [msec]
-
   Version      : 1.7
   Ways         : 32
   Words        : 1
   Feedback     : 0
   WordBits     : 32
   IndexBits    : 32
   Sort Order   : 0
   Sign Compare : 0
   Max Size     : 268435455
   Debug Enable : 1
   size         : 490000
   average_time :   12.444 # [msec]
   throughput   :   39.377 # [mwords/sec]
   Debug_Time(0):   30.298 # [msec]
   Debug_Time(1):   10.115 # [msec]
   Debug_Time(2):    9.230 # [msec]
   Debug_Time(3):    6.010 # [msec]
   Debug_Time(4):    4.942 # [msec]
-
   Version      : 1.7
   Ways         : 32
   Words        : 1
   Feedback     : 0
   WordBits     : 32
   IndexBits    : 32
   Sort Order   : 0
   Sign Compare : 0
   Max Size     : 268435455
   Debug Enable : 1
   size         : 495000
   average_time :   12.547 # [msec]
   throughput   :   39.452 # [mwords/sec]
   Debug_Time(0):   30.565 # [msec]
   Debug_Time(1):   10.248 # [msec]
   Debug_Time(2):    9.309 # [msec]
   Debug_Time(3):    6.011 # [msec]
   Debug_Time(4):    4.997 # [msec]
-
   Version      : 1.7
   Ways         : 32
   Words        : 1
   Feedback     : 0
   WordBits     : 32
   IndexBits    : 32
   Sort Order   : 0
   Sign Compare : 0
   Max Size     : 268435455
   Debug Enable : 1
   size         : 500000
   average_time :   12.692 # [msec]
   throughput   :   39.396 # [mwords/sec]
   Debug_Time(0):   30.899 # [msec]
   Debug_Time(1):   10.326 # [msec]
   Debug_Time(2):    9.413 # [msec]
   Debug_Time(3):    6.115 # [msec]
   Debug_Time(4):    5.046 # [msec]
-
   Version      : 1.7
   Ways         : 32
   Words        : 1
   Feedback     : 0
   WordBits     : 32
   IndexBits    : 32
   Sort Order   : 0
   Sign Compare : 0
   Max Size     : 268435455
   Debug Enable : 1
   size         : 505000
   average_time :   12.802 # [msec]
   throughput   :   39.447 # [mwords/sec]
   Debug_Time(0):   31.203 # [msec]
   Debug_Time(1):   10.428 # [msec]
   Debug_Time(2):    9.514 # [msec]
   Debug_Time(3):    6.164 # [msec]
   Debug_Time(4):    5.098 # [msec]
-
   Version      : 1.7
   Ways         : 32
   Words        : 1
   Feedback     : 0
   WordBits     : 32
   IndexBits    : 32
   Sort Order   : 0
   Sign Compare : 0
   Max Size     : 268435455
   Debug Enable : 1
   size         : 510000
   average_time :   12.962 # [msec]
   throughput   :   39.346 # [mwords/sec]
   Debug_Time(0):   31.590 # [msec]
   Debug_Time(1):   10.480 # [msec]
   Debug_Time(2):    9.683 # [msec]
   Debug_Time(3):    6.280 # [msec]
   Debug_Time(4):    5.147 # [msec]
-
   Version      : 1.7
   Ways         : 32
   Words        : 1
   Feedback     : 0
   WordBits     : 32
   IndexBits    : 32
   Sort Order   : 0
   Sign Compare : 0
   Max Size     : 268435455
   Debug Enable : 1
   size         : 515000
   average_time :   13.100 # [msec]
   throughput   :   39.314 # [mwords/sec]
   Debug_Time(0):   32.253 # [msec]
   Debug_Time(1):   10.763 # [msec]
   Debug_Time(2):    9.953 # [msec]
   Debug_Time(3):    6.339 # [msec]
   Debug_Time(4):    5.197 # [msec]
-
   Version      : 1.7
   Ways         : 32
   Words        : 1
   Feedback     : 0
   WordBits     : 32
   IndexBits    : 32
   Sort Order   : 0
   Sign Compare : 0
   Max Size     : 268435455
   Debug Enable : 1
   size         : 520000
   average_time :   13.187 # [msec]
   throughput   :   39.432 # [mwords/sec]
   Debug_Time(0):   32.589 # [msec]
   Debug_Time(1):   10.998 # [msec]
   Debug_Time(2):   10.021 # [msec]
   Debug_Time(3):    6.324 # [msec]
   Debug_Time(4):    5.246 # [msec]
-
   Version      : 1.7
   Ways         : 32
   Words        : 1
   Feedback     : 0
   WordBits     : 32
   IndexBits    : 32
   Sort Order   : 0
   Sign Compare : 0
   Max Size     : 268435455
   Debug Enable : 1
   size         : 525000
   average_time :   13.328 # [msec]
   throughput   :   39.391 # [mwords/sec]
   Debug_Time(0):   33.030 # [msec]
   Debug_Time(1):   11.174 # [msec]
   Debug_Time(2):   10.151 # [msec]
   Debug_Time(3):    6.407 # [msec]
   Debug_Time(4):    5.298 # [msec]
-
   Version      : 1.7
   Ways         : 32
   Words        : 1
   Feedback     : 0
   WordBits     : 32
   IndexBits    : 32
   Sort Order   : 0
   Sign Compare : 0
   Max Size     : 268435455
   Debug Enable : 1
   size         : 530000
   average_time :   13.478 # [msec]
   throughput   :   39.324 # [mwords/sec]
   Debug_Time(0):   33.452 # [msec]
   Debug_Time(1):   11.362 # [msec]
   Debug_Time(2):   10.248 # [msec]
   Debug_Time(3):    6.494 # [msec]
   Debug_Time(4):    5.347 # [msec]
-
   Version      : 1.7
   Ways         : 32
   Words        : 1
   Feedback     : 0
   WordBits     : 32
   IndexBits    : 32
   Sort Order   : 0
   Sign Compare : 0
   Max Size     : 268435455
   Debug Enable : 1
   size         : 535000
   average_time :   13.574 # [msec]
   throughput   :   39.414 # [mwords/sec]
   Debug_Time(0):   33.330 # [msec]
   Debug_Time(1):   11.106 # [msec]
   Debug_Time(2):   10.283 # [msec]
   Debug_Time(3):    6.541 # [msec]
   Debug_Time(4):    5.399 # [msec]
-
   Version      : 1.7
   Ways         : 32
   Words        : 1
   Feedback     : 0
   WordBits     : 32
   IndexBits    : 32
   Sort Order   : 0
   Sign Compare : 0
   Max Size     : 268435455
   Debug Enable : 1
   size         : 540000
   average_time :   13.708 # [msec]
   throughput   :   39.392 # [mwords/sec]
   Debug_Time(0):   33.465 # [msec]
   Debug_Time(1):   11.170 # [msec]
   Debug_Time(2):   10.234 # [msec]
   Debug_Time(3):    6.613 # [msec]
   Debug_Time(4):    5.448 # [msec]
-
   Version      : 1.7
   Ways         : 32
   Words        : 1
   Feedback     : 0
   WordBits     : 32
   IndexBits    : 32
   Sort Order   : 0
   Sign Compare : 0
   Max Size     : 268435455
   Debug Enable : 1
   size         : 545000
   average_time :   13.824 # [msec]
   throughput   :   39.423 # [mwords/sec]
   Debug_Time(0):   33.783 # [msec]
   Debug_Time(1):   11.395 # [msec]
   Debug_Time(2):   10.226 # [msec]
   Debug_Time(3):    6.663 # [msec]
   Debug_Time(4):    5.499 # [msec]
-
   Version      : 1.7
   Ways         : 32
   Words        : 1
   Feedback     : 0
   WordBits     : 32
   IndexBits    : 32
   Sort Order   : 0
   Sign Compare : 0
   Max Size     : 268435455
   Debug Enable : 1
   size         : 550000
   average_time :   13.939 # [msec]
   throughput   :   39.457 # [mwords/sec]
   Debug_Time(0):   34.023 # [msec]
   Debug_Time(1):   11.458 # [msec]
   Debug_Time(2):   10.293 # [msec]
   Debug_Time(3):    6.723 # [msec]
   Debug_Time(4):    5.549 # [msec]
-
   Version      : 1.7
   Ways         : 32
   Words        : 1
   Feedback     : 0
   WordBits     : 32
   IndexBits    : 32
   Sort Order   : 0
   Sign Compare : 0
   Max Size     : 268435455
   Debug Enable : 1
   size         : 555000
   average_time :   14.078 # [msec]
   throughput   :   39.423 # [mwords/sec]
   Debug_Time(0):   34.038 # [msec]
   Debug_Time(1):   11.218 # [msec]
   Debug_Time(2):   10.379 # [msec]
   Debug_Time(3):    6.841 # [msec]
   Debug_Time(4):    5.600 # [msec]
-
   Version      : 1.7
   Ways         : 32
   Words        : 1
   Feedback     : 0
   WordBits     : 32
   IndexBits    : 32
   Sort Order   : 0
   Sign Compare : 0
   Max Size     : 268435455
   Debug Enable : 1
   size         : 560000
   average_time :   14.189 # [msec]
   throughput   :   39.466 # [mwords/sec]
   Debug_Time(0):   34.230 # [msec]
   Debug_Time(1):   11.232 # [msec]
   Debug_Time(2):   10.478 # [msec]
   Debug_Time(3):    6.869 # [msec]
   Debug_Time(4):    5.652 # [msec]
-
   Version      : 1.7
   Ways         : 32
   Words        : 1
   Feedback     : 0
   WordBits     : 32
   IndexBits    : 32
   Sort Order   : 0
   Sign Compare : 0
   Max Size     : 268435455
   Debug Enable : 1
   size         : 565000
   average_time :   14.304 # [msec]
   throughput   :   39.499 # [mwords/sec]
   Debug_Time(0):   34.467 # [msec]
   Debug_Time(1):   11.259 # [msec]
   Debug_Time(2):   10.575 # [msec]
   Debug_Time(3):    6.932 # [msec]
   Debug_Time(4):    5.701 # [msec]
-
   Version      : 1.7
   Ways         : 32
   Words        : 1
   Feedback     : 0
   WordBits     : 32
   IndexBits    : 32
   Sort Order   : 0
   Sign Compare : 0
   Max Size     : 268435455
   Debug Enable : 1
   size         : 570000
   average_time :   14.389 # [msec]
   throughput   :   39.614 # [mwords/sec]
   Debug_Time(0):   34.665 # [msec]
   Debug_Time(1):   11.281 # [msec]
   Debug_Time(2):   10.682 # [msec]
   Debug_Time(3):    6.953 # [msec]
   Debug_Time(4):    5.750 # [msec]
-
   Version      : 1.7
   Ways         : 32
   Words        : 1
   Feedback     : 0
   WordBits     : 32
   IndexBits    : 32
   Sort Order   : 0
   Sign Compare : 0
   Max Size     : 268435455
   Debug Enable : 1
   size         : 575000
   average_time :   14.557 # [msec]
   throughput   :   39.499 # [mwords/sec]
   Debug_Time(0):   35.021 # [msec]
   Debug_Time(1):   11.401 # [msec]
   Debug_Time(2):   10.763 # [msec]
   Debug_Time(3):    7.056 # [msec]
   Debug_Time(4):    5.801 # [msec]
-
   Version      : 1.7
   Ways         : 32
   Words        : 1
   Feedback     : 0
   WordBits     : 32
   IndexBits    : 32
   Sort Order   : 0
   Sign Compare : 0
   Max Size     : 268435455
   Debug Enable : 1
   size         : 580000
   average_time :   14.703 # [msec]
   throughput   :   39.447 # [mwords/sec]
   Debug_Time(0):   35.465 # [msec]
   Debug_Time(1):   11.601 # [msec]
   Debug_Time(2):   10.862 # [msec]
   Debug_Time(3):    7.151 # [msec]
   Debug_Time(4):    5.851 # [msec]
-
   Version      : 1.7
   Ways         : 32
   Words        : 1
   Feedback     : 0
   WordBits     : 32
   IndexBits    : 32
   Sort Order   : 0
   Sign Compare : 0
   Max Size     : 268435455
   Debug Enable : 1
   size         : 585000
   average_time :   14.768 # [msec]
   throughput   :   39.613 # [mwords/sec]
   Debug_Time(0):   35.874 # [msec]
   Debug_Time(1):   11.859 # [msec]
   Debug_Time(2):   10.947 # [msec]
   Debug_Time(3):    7.168 # [msec]
   Debug_Time(4):    5.901 # [msec]
-
   Version      : 1.7
   Ways         : 32
   Words        : 1
   Feedback     : 0
   WordBits     : 32
   IndexBits    : 32
   Sort Order   : 0
   Sign Compare : 0
   Max Size     : 268435455
   Debug Enable : 1
   size         : 590000
   average_time :   14.907 # [msec]
   throughput   :   39.579 # [mwords/sec]
   Debug_Time(0):   36.146 # [msec]
   Debug_Time(1):   11.925 # [msec]
   Debug_Time(2):   11.045 # [msec]
   Debug_Time(3):    7.222 # [msec]
   Debug_Time(4):    5.954 # [msec]
-
   Version      : 1.7
   Ways         : 32
   Words        : 1
   Feedback     : 0
   WordBits     : 32
   IndexBits    : 32
   Sort Order   : 0
   Sign Compare : 0
   Max Size     : 268435455
   Debug Enable : 1
   size         : 595000
   average_time :   15.100 # [msec]
   throughput   :   39.404 # [mwords/sec]
   Debug_Time(0):   37.143 # [msec]
   Debug_Time(1):   12.417 # [msec]
   Debug_Time(2):   11.422 # [msec]
   Debug_Time(3):    7.299 # [msec]
   Debug_Time(4):    6.005 # [msec]
-
   Version      : 1.7
   Ways         : 32
   Words        : 1
   Feedback     : 0
   WordBits     : 32
   IndexBits    : 32
   Sort Order   : 0
   Sign Compare : 0
   Max Size     : 268435455
   Debug Enable : 1
   size         : 600000
   average_time :   15.136 # [msec]
   throughput   :   39.642 # [mwords/sec]
   Debug_Time(0):   36.772 # [msec]
   Debug_Time(1):   12.125 # [msec]
   Debug_Time(2):   11.232 # [msec]
   Debug_Time(3):    7.361 # [msec]
   Debug_Time(4):    6.054 # [msec]
-
   Version      : 1.7
   Ways         : 32
   Words        : 1
   Feedback     : 0
   WordBits     : 32
   IndexBits    : 32
   Sort Order   : 0
   Sign Compare : 0
   Max Size     : 268435455
   Debug Enable : 1
   size         : 605000
   average_time :   15.285 # [msec]
   throughput   :   39.582 # [mwords/sec]
   Debug_Time(0):   37.161 # [msec]
   Debug_Time(1):   12.307 # [msec]
   Debug_Time(2):   11.311 # [msec]
   Debug_Time(3):    7.440 # [msec]
   Debug_Time(4):    6.104 # [msec]
-
   Version      : 1.7
   Ways         : 32
   Words        : 1
   Feedback     : 0
   WordBits     : 32
   IndexBits    : 32
   Sort Order   : 0
   Sign Compare : 0
   Max Size     : 268435455
   Debug Enable : 1
   size         : 610000
   average_time :   15.387 # [msec]
   throughput   :   39.643 # [mwords/sec]
   Debug_Time(0):   37.407 # [msec]
   Debug_Time(1):   12.347 # [msec]
   Debug_Time(2):   11.404 # [msec]
   Debug_Time(3):    7.504 # [msec]
   Debug_Time(4):    6.153 # [msec]
-
   Version      : 1.7
   Ways         : 32
   Words        : 1
   Feedback     : 0
   WordBits     : 32
   IndexBits    : 32
   Sort Order   : 0
   Sign Compare : 0
   Max Size     : 268435455
   Debug Enable : 1
   size         : 615000
   average_time :   15.541 # [msec]
   throughput   :   39.573 # [mwords/sec]
   Debug_Time(0):   37.772 # [msec]
   Debug_Time(1):   12.513 # [msec]
   Debug_Time(2):   11.497 # [msec]
   Debug_Time(3):    7.559 # [msec]
   Debug_Time(4):    6.204 # [msec]
-
   Version      : 1.7
   Ways         : 32
   Words        : 1
   Feedback     : 0
   WordBits     : 32
   IndexBits    : 32
   Sort Order   : 0
   Sign Compare : 0
   Max Size     : 268435455
   Debug Enable : 1
   size         : 620000
   average_time :   15.622 # [msec]
   throughput   :   39.688 # [mwords/sec]
   Debug_Time(0):   37.977 # [msec]
   Debug_Time(1):   12.521 # [msec]
   Debug_Time(2):   11.589 # [msec]
   Debug_Time(3):    7.614 # [msec]
   Debug_Time(4):    6.253 # [msec]
-
   Version      : 1.7
   Ways         : 32
   Words        : 1
   Feedback     : 0
   WordBits     : 32
   IndexBits    : 32
   Sort Order   : 0
   Sign Compare : 0
   Max Size     : 268435455
   Debug Enable : 1
   size         : 625000
   average_time :   15.762 # [msec]
   throughput   :   39.653 # [mwords/sec]
   Debug_Time(0):   38.505 # [msec]
   Debug_Time(1):   12.846 # [msec]
   Debug_Time(2):   11.692 # [msec]
   Debug_Time(3):    7.659 # [msec]
   Debug_Time(4):    6.307 # [msec]
-
   Version      : 1.7
   Ways         : 32
   Words        : 1
   Feedback     : 0
   WordBits     : 32
   IndexBits    : 32
   Sort Order   : 0
   Sign Compare : 0
   Max Size     : 268435455
   Debug Enable : 1
   size         : 630000
   average_time :   15.855 # [msec]
   throughput   :   39.735 # [mwords/sec]
   Debug_Time(0):   38.807 # [msec]
   Debug_Time(1):   12.956 # [msec]
   Debug_Time(2):   11.786 # [msec]
   Debug_Time(3):    7.709 # [msec]
   Debug_Time(4):    6.357 # [msec]
-
   Version      : 1.7
   Ways         : 32
   Words        : 1
   Feedback     : 0
   WordBits     : 32
   IndexBits    : 32
   Sort Order   : 0
   Sign Compare : 0
   Max Size     : 268435455
   Debug Enable : 1
   size         : 635000
   average_time :   15.964 # [msec]
   throughput   :   39.776 # [mwords/sec]
   Debug_Time(0):   39.021 # [msec]
   Debug_Time(1):   12.959 # [msec]
   Debug_Time(2):   11.869 # [msec]
   Debug_Time(3):    7.786 # [msec]
   Debug_Time(4):    6.407 # [msec]
-
   Version      : 1.7
   Ways         : 32
   Words        : 1
   Feedback     : 0
   WordBits     : 32
   IndexBits    : 32
   Sort Order   : 0
   Sign Compare : 0
   Max Size     : 268435455
   Debug Enable : 1
   size         : 640000
   average_time :   16.095 # [msec]
   throughput   :   39.763 # [mwords/sec]
   Debug_Time(0):   39.399 # [msec]
   Debug_Time(1):   13.101 # [msec]
   Debug_Time(2):   11.969 # [msec]
   Debug_Time(3):    7.872 # [msec]
   Debug_Time(4):    6.458 # [msec]
-
   Version      : 1.7
   Ways         : 32
   Words        : 1
   Feedback     : 0
   WordBits     : 32
   IndexBits    : 32
   Sort Order   : 0
   Sign Compare : 0
   Max Size     : 268435455
   Debug Enable : 1
   size         : 645000
   average_time :   16.221 # [msec]
   throughput   :   39.764 # [mwords/sec]
   Debug_Time(0):   39.729 # [msec]
   Debug_Time(1):   13.232 # [msec]
   Debug_Time(2):   12.062 # [msec]
   Debug_Time(3):    7.928 # [msec]
   Debug_Time(4):    6.508 # [msec]
-
   Version      : 1.7
   Ways         : 32
   Words        : 1
   Feedback     : 0
   WordBits     : 32
   IndexBits    : 32
   Sort Order   : 0
   Sign Compare : 0
   Max Size     : 268435455
   Debug Enable : 1
   size         : 650000
   average_time :   16.337 # [msec]
   throughput   :   39.788 # [mwords/sec]
   Debug_Time(0):   40.039 # [msec]
   Debug_Time(1):   13.345 # [msec]
   Debug_Time(2):   12.154 # [msec]
   Debug_Time(3):    7.984 # [msec]
   Debug_Time(4):    6.556 # [msec]
-
   Version      : 1.7
   Ways         : 32
   Words        : 1
   Feedback     : 0
   WordBits     : 32
   IndexBits    : 32
   Sort Order   : 0
   Sign Compare : 0
   Max Size     : 268435455
   Debug Enable : 1
   size         : 655000
   average_time :   16.461 # [msec]
   throughput   :   39.791 # [mwords/sec]
   Debug_Time(0):   40.220 # [msec]
   Debug_Time(1):   13.327 # [msec]
   Debug_Time(2):   12.250 # [msec]
   Debug_Time(3):    8.036 # [msec]
   Debug_Time(4):    6.607 # [msec]
-
   Version      : 1.7
   Ways         : 32
   Words        : 1
   Feedback     : 0
   WordBits     : 32
   IndexBits    : 32
   Sort Order   : 0
   Sign Compare : 0
   Max Size     : 268435455
   Debug Enable : 1
   size         : 660000
   average_time :   16.586 # [msec]
   throughput   :   39.794 # [mwords/sec]
   Debug_Time(0):   40.606 # [msec]
   Debug_Time(1):   13.509 # [msec]
   Debug_Time(2):   12.342 # [msec]
   Debug_Time(3):    8.096 # [msec]
   Debug_Time(4):    6.658 # [msec]
-
   Version      : 1.7
   Ways         : 32
   Words        : 1
   Feedback     : 0
   WordBits     : 32
   IndexBits    : 32
   Sort Order   : 0
   Sign Compare : 0
   Max Size     : 268435455
   Debug Enable : 1
   size         : 665000
   average_time :   16.711 # [msec]
   throughput   :   39.794 # [mwords/sec]
   Debug_Time(0):   40.904 # [msec]
   Debug_Time(1):   13.591 # [msec]
   Debug_Time(2):   12.451 # [msec]
   Debug_Time(3):    8.153 # [msec]
   Debug_Time(4):    6.709 # [msec]
-
   Version      : 1.7
   Ways         : 32
   Words        : 1
   Feedback     : 0
   WordBits     : 32
   IndexBits    : 32
   Sort Order   : 0
   Sign Compare : 0
   Max Size     : 268435455
   Debug Enable : 1
   size         : 670000
   average_time :   16.845 # [msec]
   throughput   :   39.774 # [mwords/sec]
   Debug_Time(0):   41.098 # [msec]
   Debug_Time(1):   13.602 # [msec]
   Debug_Time(2):   12.529 # [msec]
   Debug_Time(3):    8.209 # [msec]
   Debug_Time(4):    6.759 # [msec]
-
   Version      : 1.7
   Ways         : 32
   Words        : 1
   Feedback     : 0
   WordBits     : 32
   IndexBits    : 32
   Sort Order   : 0
   Sign Compare : 0
   Max Size     : 268435455
   Debug Enable : 1
   size         : 675000
   average_time :   16.969 # [msec]
   throughput   :   39.778 # [mwords/sec]
   Debug_Time(0):   41.476 # [msec]
   Debug_Time(1):   13.801 # [msec]
   Debug_Time(2):   12.629 # [msec]
   Debug_Time(3):    8.237 # [msec]
   Debug_Time(4):    6.810 # [msec]
-
   Version      : 1.7
   Ways         : 32
   Words        : 1
   Feedback     : 0
   WordBits     : 32
   IndexBits    : 32
   Sort Order   : 0
   Sign Compare : 0
   Max Size     : 268435455
   Debug Enable : 1
   size         : 680000
   average_time :   17.074 # [msec]
   throughput   :   39.826 # [mwords/sec]
   Debug_Time(0):   41.858 # [msec]
   Debug_Time(1):   13.913 # [msec]
   Debug_Time(2):   12.709 # [msec]
   Debug_Time(3):    8.376 # [msec]
   Debug_Time(4):    6.860 # [msec]
-
   Version      : 1.7
   Ways         : 32
   Words        : 1
   Feedback     : 0
   WordBits     : 32
   IndexBits    : 32
   Sort Order   : 0
   Sign Compare : 0
   Max Size     : 268435455
   Debug Enable : 1
   size         : 685000
   average_time :   17.188 # [msec]
   throughput   :   39.853 # [mwords/sec]
   Debug_Time(0):   42.140 # [msec]
   Debug_Time(1):   14.017 # [msec]
   Debug_Time(2):   12.824 # [msec]
   Debug_Time(3):    8.390 # [msec]
   Debug_Time(4):    6.910 # [msec]
-
   Version      : 1.7
   Ways         : 32
   Words        : 1
   Feedback     : 0
   WordBits     : 32
   IndexBits    : 32
   Sort Order   : 0
   Sign Compare : 0
   Max Size     : 268435455
   Debug Enable : 1
   size         : 690000
   average_time :   17.302 # [msec]
   throughput   :   39.879 # [mwords/sec]
   Debug_Time(0):   42.375 # [msec]
   Debug_Time(1):   14.075 # [msec]
   Debug_Time(2):   12.899 # [msec]
   Debug_Time(3):    8.440 # [msec]
   Debug_Time(4):    6.961 # [msec]
-
   Version      : 1.7
   Ways         : 32
   Words        : 1
   Feedback     : 0
   WordBits     : 32
   IndexBits    : 32
   Sort Order   : 0
   Sign Compare : 0
   Max Size     : 268435455
   Debug Enable : 1
   size         : 695000
   average_time :   17.450 # [msec]
   throughput   :   39.827 # [mwords/sec]
   Debug_Time(0):   42.737 # [msec]
   Debug_Time(1):   14.218 # [msec]
   Debug_Time(2):   13.008 # [msec]
   Debug_Time(3):    8.501 # [msec]
   Debug_Time(4):    7.011 # [msec]
-
   Version      : 1.7
   Ways         : 32
   Words        : 1
   Feedback     : 0
   WordBits     : 32
   IndexBits    : 32
   Sort Order   : 0
   Sign Compare : 0
   Max Size     : 268435455
   Debug Enable : 1
   size         : 700000
   average_time :   17.550 # [msec]
   throughput   :   39.886 # [mwords/sec]
   Debug_Time(0):   43.024 # [msec]
   Debug_Time(1):   14.323 # [msec]
   Debug_Time(2):   13.091 # [msec]
   Debug_Time(3):    8.550 # [msec]
   Debug_Time(4):    7.060 # [msec]
-
   Version      : 1.7
   Ways         : 32
   Words        : 1
   Feedback     : 0
   WordBits     : 32
   IndexBits    : 32
   Sort Order   : 0
   Sign Compare : 0
   Max Size     : 268435455
   Debug Enable : 1
   size         : 705000
   average_time :   17.667 # [msec]
   throughput   :   39.904 # [mwords/sec]
   Debug_Time(0):   43.252 # [msec]
   Debug_Time(1):   14.360 # [msec]
   Debug_Time(2):   13.185 # [msec]
   Debug_Time(3):    8.595 # [msec]
   Debug_Time(4):    7.111 # [msec]
-
   Version      : 1.7
   Ways         : 32
   Words        : 1
   Feedback     : 0
   WordBits     : 32
   IndexBits    : 32
   Sort Order   : 0
   Sign Compare : 0
   Max Size     : 268435455
   Debug Enable : 1
   size         : 710000
   average_time :   17.803 # [msec]
   throughput   :   39.881 # [mwords/sec]
   Debug_Time(0):   43.661 # [msec]
   Debug_Time(1):   14.490 # [msec]
   Debug_Time(2):   13.281 # [msec]
   Debug_Time(3):    8.729 # [msec]
   Debug_Time(4):    7.161 # [msec]
-
   Version      : 1.7
   Ways         : 32
   Words        : 1
   Feedback     : 0
   WordBits     : 32
   IndexBits    : 32
   Sort Order   : 0
   Sign Compare : 0
   Max Size     : 268435455
   Debug Enable : 1
   size         : 715000
   average_time :   17.903 # [msec]
   throughput   :   39.937 # [mwords/sec]
   Debug_Time(0):   43.899 # [msec]
   Debug_Time(1):   14.556 # [msec]
   Debug_Time(2):   13.366 # [msec]
   Debug_Time(3):    8.765 # [msec]
   Debug_Time(4):    7.212 # [msec]
-
   Version      : 1.7
   Ways         : 32
   Words        : 1
   Feedback     : 0
   WordBits     : 32
   IndexBits    : 32
   Sort Order   : 0
   Sign Compare : 0
   Max Size     : 268435455
   Debug Enable : 1
   size         : 720000
   average_time :   18.032 # [msec]
   throughput   :   39.929 # [mwords/sec]
   Debug_Time(0):   44.210 # [msec]
   Debug_Time(1):   14.647 # [msec]
   Debug_Time(2):   13.474 # [msec]
   Debug_Time(3):    8.829 # [msec]
   Debug_Time(4):    7.261 # [msec]
-
   Version      : 1.7
   Ways         : 32
   Words        : 1
   Feedback     : 0
   WordBits     : 32
   IndexBits    : 32
   Sort Order   : 0
   Sign Compare : 0
   Max Size     : 268435455
   Debug Enable : 1
   size         : 725000
   average_time :   18.142 # [msec]
   throughput   :   39.962 # [mwords/sec]
   Debug_Time(0):   44.545 # [msec]
   Debug_Time(1):   14.788 # [msec]
   Debug_Time(2):   13.560 # [msec]
   Debug_Time(3):    8.881 # [msec]
   Debug_Time(4):    7.315 # [msec]
-
   Version      : 1.7
   Ways         : 32
   Words        : 1
   Feedback     : 0
   WordBits     : 32
   IndexBits    : 32
   Sort Order   : 0
   Sign Compare : 0
   Max Size     : 268435455
   Debug Enable : 1
   size         : 730000
   average_time :   18.285 # [msec]
   throughput   :   39.924 # [mwords/sec]
   Debug_Time(0):   44.839 # [msec]
   Debug_Time(1):   14.868 # [msec]
   Debug_Time(2):   13.647 # [msec]
   Debug_Time(3):    8.959 # [msec]
   Debug_Time(4):    7.364 # [msec]
-
   Version      : 1.7
   Ways         : 32
   Words        : 1
   Feedback     : 0
   WordBits     : 32
   IndexBits    : 32
   Sort Order   : 0
   Sign Compare : 0
   Max Size     : 268435455
   Debug Enable : 1
   size         : 735000
   average_time :   18.379 # [msec]
   throughput   :   39.991 # [mwords/sec]
   Debug_Time(0):   45.061 # [msec]
   Debug_Time(1):   14.933 # [msec]
   Debug_Time(2):   13.739 # [msec]
   Debug_Time(3):    8.975 # [msec]
   Debug_Time(4):    7.414 # [msec]
-
   Version      : 1.7
   Ways         : 32
   Words        : 1
   Feedback     : 0
   WordBits     : 32
   IndexBits    : 32
   Sort Order   : 0
   Sign Compare : 0
   Max Size     : 268435455
   Debug Enable : 1
   size         : 740000
   average_time :   18.518 # [msec]
   throughput   :   39.962 # [mwords/sec]
   Debug_Time(0):   45.235 # [msec]
   Debug_Time(1):   14.867 # [msec]
   Debug_Time(2):   13.831 # [msec]
   Debug_Time(3):    9.075 # [msec]
   Debug_Time(4):    7.463 # [msec]
-
   Version      : 1.7
   Ways         : 32
   Words        : 1
   Feedback     : 0
   WordBits     : 32
   IndexBits    : 32
   Sort Order   : 0
   Sign Compare : 0
   Max Size     : 268435455
   Debug Enable : 1
   size         : 745000
   average_time :   18.646 # [msec]
   throughput   :   39.956 # [mwords/sec]
   Debug_Time(0):   45.886 # [msec]
   Debug_Time(1):   15.178 # [msec]
   Debug_Time(2):   14.061 # [msec]
   Debug_Time(3):    9.134 # [msec]
   Debug_Time(4):    7.513 # [msec]
-
   Version      : 1.7
   Ways         : 32
   Words        : 1
   Feedback     : 0
   WordBits     : 32
   IndexBits    : 32
   Sort Order   : 0
   Sign Compare : 0
   Max Size     : 268435455
   Debug Enable : 1
   size         : 750000
   average_time :   18.781 # [msec]
   throughput   :   39.934 # [mwords/sec]
   Debug_Time(0):   46.023 # [msec]
   Debug_Time(1):   15.139 # [msec]
   Debug_Time(2):   14.079 # [msec]
   Debug_Time(3):    9.242 # [msec]
   Debug_Time(4):    7.564 # [msec]
-
   Version      : 1.7
   Ways         : 32
   Words        : 1
   Feedback     : 0
   WordBits     : 32
   IndexBits    : 32
   Sort Order   : 0
   Sign Compare : 0
   Max Size     : 268435455
   Debug Enable : 1
   size         : 755000
   average_time :   18.911 # [msec]
   throughput   :   39.923 # [mwords/sec]
   Debug_Time(0):   46.502 # [msec]
   Debug_Time(1):   15.356 # [msec]
   Debug_Time(2):   14.277 # [msec]
   Debug_Time(3):    9.252 # [msec]
   Debug_Time(4):    7.617 # [msec]
-
   Version      : 1.7
   Ways         : 32
   Words        : 1
   Feedback     : 0
   WordBits     : 32
   IndexBits    : 32
   Sort Order   : 0
   Sign Compare : 0
   Max Size     : 268435455
   Debug Enable : 1
   size         : 760000
   average_time :   18.975 # [msec]
   throughput   :   40.052 # [mwords/sec]
   Debug_Time(0):   46.512 # [msec]
   Debug_Time(1):   15.317 # [msec]
   Debug_Time(2):   14.251 # [msec]
   Debug_Time(3):    9.276 # [msec]
   Debug_Time(4):    7.667 # [msec]
-
   Version      : 1.7
   Ways         : 32
   Words        : 1
   Feedback     : 0
   WordBits     : 32
   IndexBits    : 32
   Sort Order   : 0
   Sign Compare : 0
   Max Size     : 268435455
   Debug Enable : 1
   size         : 765000
   average_time :   19.166 # [msec]
   throughput   :   39.914 # [mwords/sec]
   Debug_Time(0):   47.150 # [msec]
   Debug_Time(1):   15.628 # [msec]
   Debug_Time(2):   14.431 # [msec]
   Debug_Time(3):    9.372 # [msec]
   Debug_Time(4):    7.719 # [msec]
-
   Version      : 1.7
   Ways         : 32
   Words        : 1
   Feedback     : 0
   WordBits     : 32
   IndexBits    : 32
   Sort Order   : 0
   Sign Compare : 0
   Max Size     : 268435455
   Debug Enable : 1
   size         : 770000
   average_time :   19.290 # [msec]
   throughput   :   39.917 # [mwords/sec]
   Debug_Time(0):   47.585 # [msec]
   Debug_Time(1):   15.848 # [msec]
   Debug_Time(2):   14.536 # [msec]
   Debug_Time(3):    9.433 # [msec]
   Debug_Time(4):    7.767 # [msec]
-
   Version      : 1.7
   Ways         : 32
   Words        : 1
   Feedback     : 0
   WordBits     : 32
   IndexBits    : 32
   Sort Order   : 0
   Sign Compare : 0
   Max Size     : 268435455
   Debug Enable : 1
   size         : 775000
   average_time :   19.410 # [msec]
   throughput   :   39.927 # [mwords/sec]
   Debug_Time(0):   47.974 # [msec]
   Debug_Time(1):   16.013 # [msec]
   Debug_Time(2):   14.656 # [msec]
   Debug_Time(3):    9.489 # [msec]
   Debug_Time(4):    7.817 # [msec]
-
   Version      : 1.7
   Ways         : 32
   Words        : 1
   Feedback     : 0
   WordBits     : 32
   IndexBits    : 32
   Sort Order   : 0
   Sign Compare : 0
   Max Size     : 268435455
   Debug Enable : 1
   size         : 780000
   average_time :   19.552 # [msec]
   throughput   :   39.894 # [mwords/sec]
   Debug_Time(0):   48.373 # [msec]
   Debug_Time(1):   16.159 # [msec]
   Debug_Time(2):   14.749 # [msec]
   Debug_Time(3):    9.599 # [msec]
   Debug_Time(4):    7.866 # [msec]
-
   Version      : 1.7
   Ways         : 32
   Words        : 1
   Feedback     : 0
   WordBits     : 32
   IndexBits    : 32
   Sort Order   : 0
   Sign Compare : 0
   Max Size     : 268435455
   Debug Enable : 1
   size         : 785000
   average_time :   19.654 # [msec]
   throughput   :   39.941 # [mwords/sec]
   Debug_Time(0):   48.534 # [msec]
   Debug_Time(1):   16.166 # [msec]
   Debug_Time(2):   14.850 # [msec]
   Debug_Time(3):    9.602 # [msec]
   Debug_Time(4):    7.916 # [msec]
-
   Version      : 1.7
   Ways         : 32
   Words        : 1
   Feedback     : 0
   WordBits     : 32
   IndexBits    : 32
   Sort Order   : 0
   Sign Compare : 0
   Max Size     : 268435455
   Debug Enable : 1
   size         : 790000
   average_time :   19.792 # [msec]
   throughput   :   39.916 # [mwords/sec]
   Debug_Time(0):   48.690 # [msec]
   Debug_Time(1):   16.069 # [msec]
   Debug_Time(2):   14.944 # [msec]
   Debug_Time(3):    9.708 # [msec]
   Debug_Time(4):    7.968 # [msec]
-
   Version      : 1.7
   Ways         : 32
   Words        : 1
   Feedback     : 0
   WordBits     : 32
   IndexBits    : 32
   Sort Order   : 0
   Sign Compare : 0
   Max Size     : 268435455
   Debug Enable : 1
   size         : 795000
   average_time :   19.901 # [msec]
   throughput   :   39.947 # [mwords/sec]
   Debug_Time(0):   48.731 # [msec]
   Debug_Time(1):   15.946 # [msec]
   Debug_Time(2):   15.029 # [msec]
   Debug_Time(3):    9.737 # [msec]
   Debug_Time(4):    8.019 # [msec]
-
   Version      : 1.7
   Ways         : 32
   Words        : 1
   Feedback     : 0
   WordBits     : 32
   IndexBits    : 32
   Sort Order   : 0
   Sign Compare : 0
   Max Size     : 268435455
   Debug Enable : 1
   size         : 800000
   average_time :   20.001 # [msec]
   throughput   :   39.998 # [mwords/sec]
   Debug_Time(0):   49.237 # [msec]
   Debug_Time(1):   16.246 # [msec]
   Debug_Time(2):   15.140 # [msec]
   Debug_Time(3):    9.781 # [msec]
   Debug_Time(4):    8.069 # [msec]
-
   Version      : 1.7
   Ways         : 32
   Words        : 1
   Feedback     : 0
   WordBits     : 32
   IndexBits    : 32
   Sort Order   : 0
   Sign Compare : 0
   Max Size     : 268435455
   Debug Enable : 1
   size         : 805000
   average_time :   20.153 # [msec]
   throughput   :   39.945 # [mwords/sec]
   Debug_Time(0):   49.517 # [msec]
   Debug_Time(1):   16.274 # [msec]
   Debug_Time(2):   15.228 # [msec]
   Debug_Time(3):    9.894 # [msec]
   Debug_Time(4):    8.120 # [msec]
-
   Version      : 1.7
   Ways         : 32
   Words        : 1
   Feedback     : 0
   WordBits     : 32
   IndexBits    : 32
   Sort Order   : 0
   Sign Compare : 0
   Max Size     : 268435455
   Debug Enable : 1
   size         : 810000
   average_time :   20.263 # [msec]
   throughput   :   39.974 # [mwords/sec]
   Debug_Time(0):   49.783 # [msec]
   Debug_Time(1):   16.362 # [msec]
   Debug_Time(2):   15.319 # [msec]
   Debug_Time(3):    9.932 # [msec]
   Debug_Time(4):    8.170 # [msec]
-
   Version      : 1.7
   Ways         : 32
   Words        : 1
   Feedback     : 0
   WordBits     : 32
   IndexBits    : 32
   Sort Order   : 0
   Sign Compare : 0
   Max Size     : 268435455
   Debug Enable : 1
   size         : 815000
   average_time :   20.385 # [msec]
   throughput   :   39.981 # [mwords/sec]
   Debug_Time(0):   49.898 # [msec]
   Debug_Time(1):   16.306 # [msec]
   Debug_Time(2):   15.395 # [msec]
   Debug_Time(3):    9.977 # [msec]
   Debug_Time(4):    8.220 # [msec]
-
   Version      : 1.7
   Ways         : 32
   Words        : 1
   Feedback     : 0
   WordBits     : 32
   IndexBits    : 32
   Sort Order   : 0
   Sign Compare : 0
   Max Size     : 268435455
   Debug Enable : 1
   size         : 820000
   average_time :   20.487 # [msec]
   throughput   :   40.025 # [mwords/sec]
   Debug_Time(0):   50.352 # [msec]
   Debug_Time(1):   16.529 # [msec]
   Debug_Time(2):   15.508 # [msec]
   Debug_Time(3):   10.044 # [msec]
   Debug_Time(4):    8.271 # [msec]
-
   Version      : 1.7
   Ways         : 32
   Words        : 1
   Feedback     : 0
   WordBits     : 32
   IndexBits    : 32
   Sort Order   : 0
   Sign Compare : 0
   Max Size     : 268435455
   Debug Enable : 1
   size         : 825000
   average_time :   20.655 # [msec]
   throughput   :   39.941 # [mwords/sec]
   Debug_Time(0):   50.430 # [msec]
   Debug_Time(1):   16.579 # [msec]
   Debug_Time(2):   15.427 # [msec]
   Debug_Time(3):   10.104 # [msec]
   Debug_Time(4):    8.321 # [msec]
-
   Version      : 1.7
   Ways         : 32
   Words        : 1
   Feedback     : 0
   WordBits     : 32
   IndexBits    : 32
   Sort Order   : 0
   Sign Compare : 0
   Max Size     : 268435455
   Debug Enable : 1
   size         : 830000
   average_time :   20.747 # [msec]
   throughput   :   40.006 # [mwords/sec]
   Debug_Time(0):   51.019 # [msec]
   Debug_Time(1):   16.808 # [msec]
   Debug_Time(2):   15.686 # [msec]
   Debug_Time(3):   10.154 # [msec]
   Debug_Time(4):    8.371 # [msec]
-
   Version      : 1.7
   Ways         : 32
   Words        : 1
   Feedback     : 0
   WordBits     : 32
   IndexBits    : 32
   Sort Order   : 0
   Sign Compare : 0
   Max Size     : 268435455
   Debug Enable : 1
   size         : 835000
   average_time :   20.862 # [msec]
   throughput   :   40.024 # [mwords/sec]
   Debug_Time(0):   51.307 # [msec]
   Debug_Time(1):   16.838 # [msec]
   Debug_Time(2):   15.805 # [msec]
   Debug_Time(3):   10.242 # [msec]
   Debug_Time(4):    8.423 # [msec]
-
   Version      : 1.7
   Ways         : 32
   Words        : 1
   Feedback     : 0
   WordBits     : 32
   IndexBits    : 32
   Sort Order   : 0
   Sign Compare : 0
   Max Size     : 268435455
   Debug Enable : 1
   size         : 840000
   average_time :   20.973 # [msec]
   throughput   :   40.051 # [mwords/sec]
   Debug_Time(0):   51.572 # [msec]
   Debug_Time(1):   16.984 # [msec]
   Debug_Time(2):   15.884 # [msec]
   Debug_Time(3):   10.232 # [msec]
   Debug_Time(4):    8.472 # [msec]
-
   Version      : 1.7
   Ways         : 32
   Words        : 1
   Feedback     : 0
   WordBits     : 32
   IndexBits    : 32
   Sort Order   : 0
   Sign Compare : 0
   Max Size     : 268435455
   Debug Enable : 1
   size         : 845000
   average_time :   21.116 # [msec]
   throughput   :   40.017 # [mwords/sec]
   Debug_Time(0):   51.909 # [msec]
   Debug_Time(1):   17.047 # [msec]
   Debug_Time(2):   15.988 # [msec]
   Debug_Time(3):   10.351 # [msec]
   Debug_Time(4):    8.523 # [msec]
-
   Version      : 1.7
   Ways         : 32
   Words        : 1
   Feedback     : 0
   WordBits     : 32
   IndexBits    : 32
   Sort Order   : 0
   Sign Compare : 0
   Max Size     : 268435455
   Debug Enable : 1
   size         : 850000
   average_time :   21.223 # [msec]
   throughput   :   40.051 # [mwords/sec]
   Debug_Time(0):   52.216 # [msec]
   Debug_Time(1):   17.153 # [msec]
   Debug_Time(2):   16.067 # [msec]
   Debug_Time(3):   10.425 # [msec]
   Debug_Time(4):    8.572 # [msec]
-
   Version      : 1.7
   Ways         : 32
   Words        : 1
   Feedback     : 0
   WordBits     : 32
   IndexBits    : 32
   Sort Order   : 0
   Sign Compare : 0
   Max Size     : 268435455
   Debug Enable : 1
   size         : 855000
   average_time :   21.366 # [msec]
   throughput   :   40.017 # [mwords/sec]
   Debug_Time(0):   52.701 # [msec]
   Debug_Time(1):   17.321 # [msec]
   Debug_Time(2):   16.276 # [msec]
   Debug_Time(3):   10.478 # [msec]
   Debug_Time(4):    8.626 # [msec]
-
   Version      : 1.7
   Ways         : 32
   Words        : 1
   Feedback     : 0
   WordBits     : 32
   IndexBits    : 32
   Sort Order   : 0
   Sign Compare : 0
   Max Size     : 268435455
   Debug Enable : 1
   size         : 860000
   average_time :   21.466 # [msec]
   throughput   :   40.063 # [mwords/sec]
   Debug_Time(0):   52.864 # [msec]
   Debug_Time(1):   17.378 # [msec]
   Debug_Time(2):   16.257 # [msec]
   Debug_Time(3):   10.555 # [msec]
   Debug_Time(4):    8.674 # [msec]
-
   Version      : 1.7
   Ways         : 32
   Words        : 1
   Feedback     : 0
   WordBits     : 32
   IndexBits    : 32
   Sort Order   : 0
   Sign Compare : 0
   Max Size     : 268435455
   Debug Enable : 1
   size         : 865000
   average_time :   21.566 # [msec]
   throughput   :   40.110 # [mwords/sec]
   Debug_Time(0):   53.059 # [msec]
   Debug_Time(1):   17.444 # [msec]
   Debug_Time(2):   16.345 # [msec]
   Debug_Time(3):   10.546 # [msec]
   Debug_Time(4):    8.724 # [msec]
-
   Version      : 1.7
   Ways         : 32
   Words        : 1
   Feedback     : 0
   WordBits     : 32
   IndexBits    : 32
   Sort Order   : 0
   Sign Compare : 0
   Max Size     : 268435455
   Debug Enable : 1
   size         : 870000
   average_time :   21.732 # [msec]
   throughput   :   40.033 # [mwords/sec]
   Debug_Time(0):   53.433 # [msec]
   Debug_Time(1):   17.536 # [msec]
   Debug_Time(2):   16.428 # [msec]
   Debug_Time(3):   10.696 # [msec]
   Debug_Time(4):    8.773 # [msec]
-
   Version      : 1.7
   Ways         : 32
   Words        : 1
   Feedback     : 0
   WordBits     : 32
   IndexBits    : 32
   Sort Order   : 0
   Sign Compare : 0
   Max Size     : 268435455
   Debug Enable : 1
   size         : 875000
   average_time :   21.840 # [msec]
   throughput   :   40.064 # [mwords/sec]
   Debug_Time(0):   53.757 # [msec]
   Debug_Time(1):   17.665 # [msec]
   Debug_Time(2):   16.522 # [msec]
   Debug_Time(3):   10.746 # [msec]
   Debug_Time(4):    8.824 # [msec]
-
   Version      : 1.7
   Ways         : 32
   Words        : 1
   Feedback     : 0
   WordBits     : 32
   IndexBits    : 32
   Sort Order   : 0
   Sign Compare : 0
   Max Size     : 268435455
   Debug Enable : 1
   size         : 880000
   average_time :   21.940 # [msec]
   throughput   :   40.109 # [mwords/sec]
   Debug_Time(0):   53.948 # [msec]
   Debug_Time(1):   17.717 # [msec]
   Debug_Time(2):   16.608 # [msec]
   Debug_Time(3):   10.749 # [msec]
   Debug_Time(4):    8.874 # [msec]
-
   Version      : 1.7
   Ways         : 32
   Words        : 1
   Feedback     : 0
   WordBits     : 32
   IndexBits    : 32
   Sort Order   : 0
   Sign Compare : 0
   Max Size     : 268435455
   Debug Enable : 1
   size         : 885000
   average_time :   22.085 # [msec]
   throughput   :   40.072 # [mwords/sec]
   Debug_Time(0):   54.345 # [msec]
   Debug_Time(1):   17.886 # [msec]
   Debug_Time(2):   16.657 # [msec]
   Debug_Time(3):   10.875 # [msec]
   Debug_Time(4):    8.927 # [msec]
-
   Version      : 1.7
   Ways         : 32
   Words        : 1
   Feedback     : 0
   WordBits     : 32
   IndexBits    : 32
   Sort Order   : 0
   Sign Compare : 0
   Max Size     : 268435455
   Debug Enable : 1
   size         : 890000
   average_time :   22.196 # [msec]
   throughput   :   40.098 # [mwords/sec]
   Debug_Time(0):   54.560 # [msec]
   Debug_Time(1):   17.955 # [msec]
   Debug_Time(2):   16.741 # [msec]
   Debug_Time(3):   10.887 # [msec]
   Debug_Time(4):    8.977 # [msec]
-
   Version      : 1.7
   Ways         : 32
   Words        : 1
   Feedback     : 0
   WordBits     : 32
   IndexBits    : 32
   Sort Order   : 0
   Sign Compare : 0
   Max Size     : 268435455
   Debug Enable : 1
   size         : 895000
   average_time :   22.334 # [msec]
   throughput   :   40.074 # [mwords/sec]
   Debug_Time(0):   54.972 # [msec]
   Debug_Time(1):   18.107 # [msec]
   Debug_Time(2):   16.882 # [msec]
   Debug_Time(3):   10.954 # [msec]
   Debug_Time(4):    9.029 # [msec]
-
   Version      : 1.7
   Ways         : 32
   Words        : 1
   Feedback     : 0
   WordBits     : 32
   IndexBits    : 32
   Sort Order   : 0
   Sign Compare : 0
   Max Size     : 268435455
   Debug Enable : 1
   size         : 900000
   average_time :   22.469 # [msec]
   throughput   :   40.055 # [mwords/sec]
   Debug_Time(0):   55.393 # [msec]
   Debug_Time(1):   18.121 # [msec]
   Debug_Time(2):   17.206 # [msec]
   Debug_Time(3):   10.989 # [msec]
   Debug_Time(4):    9.077 # [msec]
-
   Version      : 1.7
   Ways         : 32
   Words        : 1
   Feedback     : 0
   WordBits     : 32
   IndexBits    : 32
   Sort Order   : 0
   Sign Compare : 0
   Max Size     : 268435455
   Debug Enable : 1
   size         : 905000
   average_time :   22.594 # [msec]
   throughput   :   40.054 # [mwords/sec]
   Debug_Time(0):   55.704 # [msec]
   Debug_Time(1):   18.222 # [msec]
   Debug_Time(2):   17.216 # [msec]
   Debug_Time(3):   11.138 # [msec]
   Debug_Time(4):    9.128 # [msec]
-
   Version      : 1.7
   Ways         : 32
   Words        : 1
   Feedback     : 0
   WordBits     : 32
   IndexBits    : 32
   Sort Order   : 0
   Sign Compare : 0
   Max Size     : 268435455
   Debug Enable : 1
   size         : 910000
   average_time :   22.701 # [msec]
   throughput   :   40.087 # [mwords/sec]
   Debug_Time(0):   56.086 # [msec]
   Debug_Time(1):   18.290 # [msec]
   Debug_Time(2):   17.509 # [msec]
   Debug_Time(3):   11.111 # [msec]
   Debug_Time(4):    9.177 # [msec]
-
   Version      : 1.7
   Ways         : 32
   Words        : 1
   Feedback     : 0
   WordBits     : 32
   IndexBits    : 32
   Sort Order   : 0
   Sign Compare : 0
   Max Size     : 268435455
   Debug Enable : 1
   size         : 915000
   average_time :   22.826 # [msec]
   throughput   :   40.086 # [mwords/sec]
   Debug_Time(0):   56.494 # [msec]
   Debug_Time(1):   18.353 # [msec]
   Debug_Time(2):   17.680 # [msec]
   Debug_Time(3):   11.235 # [msec]
   Debug_Time(4):    9.227 # [msec]
-
   Version      : 1.7
   Ways         : 32
   Words        : 1
   Feedback     : 0
   WordBits     : 32
   IndexBits    : 32
   Sort Order   : 0
   Sign Compare : 0
   Max Size     : 268435455
   Debug Enable : 1
   size         : 920000
   average_time :   22.984 # [msec]
   throughput   :   40.027 # [mwords/sec]
   Debug_Time(0):   56.920 # [msec]
   Debug_Time(1):   18.522 # [msec]
   Debug_Time(2):   17.821 # [msec]
   Debug_Time(3):   11.296 # [msec]
   Debug_Time(4):    9.280 # [msec]
-
   Version      : 1.7
   Ways         : 32
   Words        : 1
   Feedback     : 0
   WordBits     : 32
   IndexBits    : 32
   Sort Order   : 0
   Sign Compare : 0
   Max Size     : 268435455
   Debug Enable : 1
   size         : 925000
   average_time :   23.064 # [msec]
   throughput   :   40.106 # [mwords/sec]
   Debug_Time(0):   57.236 # [msec]
   Debug_Time(1):   18.924 # [msec]
   Debug_Time(2):   17.730 # [msec]
   Debug_Time(3):   11.252 # [msec]
   Debug_Time(4):    9.330 # [msec]
-
   Version      : 1.7
   Ways         : 32
   Words        : 1
   Feedback     : 0
   WordBits     : 32
   IndexBits    : 32
   Sort Order   : 0
   Sign Compare : 0
   Max Size     : 268435455
   Debug Enable : 1
   size         : 930000
   average_time :   23.226 # [msec]
   throughput   :   40.042 # [mwords/sec]
   Debug_Time(0):   57.712 # [msec]
   Debug_Time(1):   19.193 # [msec]
   Debug_Time(2):   17.745 # [msec]
   Debug_Time(3):   11.393 # [msec]
   Debug_Time(4):    9.381 # [msec]
-
   Version      : 1.7
   Ways         : 32
   Words        : 1
   Feedback     : 0
   WordBits     : 32
   IndexBits    : 32
   Sort Order   : 0
   Sign Compare : 0
   Max Size     : 268435455
   Debug Enable : 1
   size         : 935000
   average_time :   23.349 # [msec]
   throughput   :   40.045 # [mwords/sec]
   Debug_Time(0):   57.874 # [msec]
   Debug_Time(1):   19.064 # [msec]
   Debug_Time(2):   17.885 # [msec]
   Debug_Time(3):   11.494 # [msec]
   Debug_Time(4):    9.431 # [msec]
-
   Version      : 1.7
   Ways         : 32
   Words        : 1
   Feedback     : 0
   WordBits     : 32
   IndexBits    : 32
   Sort Order   : 0
   Sign Compare : 0
   Max Size     : 268435455
   Debug Enable : 1
   size         : 940000
   average_time :   23.471 # [msec]
   throughput   :   40.050 # [mwords/sec]
   Debug_Time(0):   58.309 # [msec]
   Debug_Time(1):   19.495 # [msec]
   Debug_Time(2):   17.829 # [msec]
   Debug_Time(3):   11.504 # [msec]
   Debug_Time(4):    9.481 # [msec]
-
   Version      : 1.7
   Ways         : 32
   Words        : 1
   Feedback     : 0
   WordBits     : 32
   IndexBits    : 32
   Sort Order   : 0
   Sign Compare : 0
   Max Size     : 268435455
   Debug Enable : 1
   size         : 945000
   average_time :   23.585 # [msec]
   throughput   :   40.067 # [mwords/sec]
   Debug_Time(0):   58.216 # [msec]
   Debug_Time(1):   19.378 # [msec]
   Debug_Time(2):   17.713 # [msec]
   Debug_Time(3):   11.594 # [msec]
   Debug_Time(4):    9.530 # [msec]
-
   Version      : 1.7
   Ways         : 32
   Words        : 1
   Feedback     : 0
   WordBits     : 32
   IndexBits    : 32
   Sort Order   : 0
   Sign Compare : 0
   Max Size     : 268435455
   Debug Enable : 1
   size         : 950000
   average_time :   23.711 # [msec]
   throughput   :   40.066 # [mwords/sec]
   Debug_Time(0):   58.869 # [msec]
   Debug_Time(1):   19.816 # [msec]
   Debug_Time(2):   17.832 # [msec]
   Debug_Time(3):   11.642 # [msec]
   Debug_Time(4):    9.579 # [msec]
-
   Version      : 1.7
   Ways         : 32
   Words        : 1
   Feedback     : 0
   WordBits     : 32
   IndexBits    : 32
   Sort Order   : 0
   Sign Compare : 0
   Max Size     : 268435455
   Debug Enable : 1
   size         : 955000
   average_time :   23.838 # [msec]
   throughput   :   40.063 # [mwords/sec]
   Debug_Time(0):   59.209 # [msec]
   Debug_Time(1):   20.011 # [msec]
   Debug_Time(2):   17.859 # [msec]
   Debug_Time(3):   11.707 # [msec]
   Debug_Time(4):    9.632 # [msec]
-
   Version      : 1.7
   Ways         : 32
   Words        : 1
   Feedback     : 0
   WordBits     : 32
   IndexBits    : 32
   Sort Order   : 0
   Sign Compare : 0
   Max Size     : 268435455
   Debug Enable : 1
   size         : 960000
   average_time :   23.957 # [msec]
   throughput   :   40.071 # [mwords/sec]
   Debug_Time(0):   59.465 # [msec]
   Debug_Time(1):   20.082 # [msec]
   Debug_Time(2):   17.953 # [msec]
   Debug_Time(3):   11.748 # [msec]
   Debug_Time(4):    9.682 # [msec]
-
   Version      : 1.7
   Ways         : 32
   Words        : 1
   Feedback     : 0
   WordBits     : 32
   IndexBits    : 32
   Sort Order   : 0
   Sign Compare : 0
   Max Size     : 268435455
   Debug Enable : 1
   size         : 965000
   average_time :   24.001 # [msec]
   throughput   :   40.206 # [mwords/sec]
   Debug_Time(0):   59.019 # [msec]
   Debug_Time(1):   19.494 # [msec]
   Debug_Time(2):   18.053 # [msec]
   Debug_Time(3):   11.740 # [msec]
   Debug_Time(4):    9.732 # [msec]
-
   Version      : 1.7
   Ways         : 32
   Words        : 1
   Feedback     : 0
   WordBits     : 32
   IndexBits    : 32
   Sort Order   : 0
   Sign Compare : 0
   Max Size     : 268435455
   Debug Enable : 1
   size         : 970000
   average_time :   24.164 # [msec]
   throughput   :   40.142 # [mwords/sec]
   Debug_Time(0):   59.368 # [msec]
   Debug_Time(1):   19.539 # [msec]
   Debug_Time(2):   18.127 # [msec]
   Debug_Time(3):   11.920 # [msec]
   Debug_Time(4):    9.782 # [msec]
-
   Version      : 1.7
   Ways         : 32
   Words        : 1
   Feedback     : 0
   WordBits     : 32
   IndexBits    : 32
   Sort Order   : 0
   Sign Compare : 0
   Max Size     : 268435455
   Debug Enable : 1
   size         : 975000
   average_time :   24.249 # [msec]
   throughput   :   40.208 # [mwords/sec]
   Debug_Time(0):   59.302 # [msec]
   Debug_Time(1):   19.314 # [msec]
   Debug_Time(2):   18.226 # [msec]
   Debug_Time(3):   11.929 # [msec]
   Debug_Time(4):    9.833 # [msec]
-
   Version      : 1.7
   Ways         : 32
   Words        : 1
   Feedback     : 0
   WordBits     : 32
   IndexBits    : 32
   Sort Order   : 0
   Sign Compare : 0
   Max Size     : 268435455
   Debug Enable : 1
   size         : 980000
   average_time :   24.381 # [msec]
   throughput   :   40.196 # [mwords/sec]
   Debug_Time(0):   59.602 # [msec]
   Debug_Time(1):   19.406 # [msec]
   Debug_Time(2):   18.319 # [msec]
   Debug_Time(3):   11.993 # [msec]
   Debug_Time(4):    9.884 # [msec]
-
   Version      : 1.7
   Ways         : 32
   Words        : 1
   Feedback     : 0
   WordBits     : 32
   IndexBits    : 32
   Sort Order   : 0
   Sign Compare : 0
   Max Size     : 268435455
   Debug Enable : 1
   size         : 985000
   average_time :   24.478 # [msec]
   throughput   :   40.240 # [mwords/sec]
   Debug_Time(0):   59.696 # [msec]
   Debug_Time(1):   19.350 # [msec]
   Debug_Time(2):   18.415 # [msec]
   Debug_Time(3):   11.994 # [msec]
   Debug_Time(4):    9.937 # [msec]
-
   Version      : 1.7
   Ways         : 32
   Words        : 1
   Feedback     : 0
   WordBits     : 32
   IndexBits    : 32
   Sort Order   : 0
   Sign Compare : 0
   Max Size     : 268435455
   Debug Enable : 1
   size         : 990000
   average_time :   24.600 # [msec]
   throughput   :   40.244 # [mwords/sec]
   Debug_Time(0):   60.052 # [msec]
   Debug_Time(1):   19.452 # [msec]
   Debug_Time(2):   18.522 # [msec]
   Debug_Time(3):   12.095 # [msec]
   Debug_Time(4):    9.984 # [msec]
-
   Version      : 1.7
   Ways         : 32
   Words        : 1
   Feedback     : 0
   WordBits     : 32
   IndexBits    : 32
   Sort Order   : 0
   Sign Compare : 0
   Max Size     : 268435455
   Debug Enable : 1
   size         : 995000
   average_time :   24.719 # [msec]
   throughput   :   40.253 # [mwords/sec]
   Debug_Time(0):   60.433 # [msec]
   Debug_Time(1):   19.686 # [msec]
   Debug_Time(2):   18.597 # [msec]
   Debug_Time(3):   12.116 # [msec]
   Debug_Time(4):   10.034 # [msec]
-
   Version      : 1.7
   Ways         : 32
   Words        : 1
   Feedback     : 0
   WordBits     : 32
   IndexBits    : 32
   Sort Order   : 0
   Sign Compare : 0
   Max Size     : 268435455
   Debug Enable : 1
   size         : 1000000
   average_time :   24.887 # [msec]
   throughput   :   40.182 # [mwords/sec]
   Debug_Time(0):   61.016 # [msec]
   Debug_Time(1):   19.938 # [msec]
   Debug_Time(2):   18.691 # [msec]
   Debug_Time(3):   12.303 # [msec]
   Debug_Time(4):   10.084 # [msec]
