---
-
   Version      : 1.7
   Ways         : 32
   Words        : 1
   Feedback     : 1
   WordBits     : 32
   IndexBits    : 32
   Sort Order   : 0
   Sign Compare : 0
   Max Size     : 268435455
   Debug Enable : 1
   size         : 5000
   average_time :    0.243 # [msec]
   throughput   :   20.550 # [mwords/sec]
   Debug_Time(0):    0.170 # [msec]
   Debug_Time(1):    0.105 # [msec]
   Debug_Time(2):    0.065 # [msec]
-
   Version      : 1.7
   Ways         : 32
   Words        : 1
   Feedback     : 1
   WordBits     : 32
   IndexBits    : 32
   Sort Order   : 0
   Sign Compare : 0
   Max Size     : 268435455
   Debug Enable : 1
   size         : 10000
   average_time :    0.309 # [msec]
   throughput   :   32.311 # [mwords/sec]
   Debug_Time(0):    0.334 # [msec]
   Debug_Time(1):    0.207 # [msec]
   Debug_Time(2):    0.127 # [msec]
-
   Version      : 1.7
   Ways         : 32
   Words        : 1
   Feedback     : 1
   WordBits     : 32
   IndexBits    : 32
   Sort Order   : 0
   Sign Compare : 0
   Max Size     : 268435455
   Debug Enable : 1
   size         : 15000
   average_time :    0.389 # [msec]
   throughput   :   38.600 # [mwords/sec]
   Debug_Time(0):    0.499 # [msec]
   Debug_Time(1):    0.309 # [msec]
   Debug_Time(2):    0.190 # [msec]
-
   Version      : 1.7
   Ways         : 32
   Words        : 1
   Feedback     : 1
   WordBits     : 32
   IndexBits    : 32
   Sort Order   : 0
   Sign Compare : 0
   Max Size     : 268435455
   Debug Enable : 1
   size         : 20000
   average_time :    0.448 # [msec]
   throughput   :   44.692 # [mwords/sec]
   Debug_Time(0):    0.663 # [msec]
   Debug_Time(1):    0.411 # [msec]
   Debug_Time(2):    0.252 # [msec]
-
   Version      : 1.7
   Ways         : 32
   Words        : 1
   Feedback     : 1
   WordBits     : 32
   IndexBits    : 32
   Sort Order   : 0
   Sign Compare : 0
   Max Size     : 268435455
   Debug Enable : 1
   size         : 25000
   average_time :    0.514 # [msec]
   throughput   :   48.676 # [mwords/sec]
   Debug_Time(0):    0.830 # [msec]
   Debug_Time(1):    0.515 # [msec]
   Debug_Time(2):    0.315 # [msec]
-
   Version      : 1.7
   Ways         : 32
   Words        : 1
   Feedback     : 1
   WordBits     : 32
   IndexBits    : 32
   Sort Order   : 0
   Sign Compare : 0
   Max Size     : 268435455
   Debug Enable : 1
   size         : 30000
   average_time :    0.582 # [msec]
   throughput   :   51.514 # [mwords/sec]
   Debug_Time(0):    0.994 # [msec]
   Debug_Time(1):    0.617 # [msec]
   Debug_Time(2):    0.378 # [msec]
-
   Version      : 1.7
   Ways         : 32
   Words        : 1
   Feedback     : 1
   WordBits     : 32
   IndexBits    : 32
   Sort Order   : 0
   Sign Compare : 0
   Max Size     : 268435455
   Debug Enable : 1
   size         : 35000
   average_time :    0.786 # [msec]
   throughput   :   44.523 # [mwords/sec]
   Debug_Time(0):    1.508 # [msec]
   Debug_Time(1):    0.719 # [msec]
   Debug_Time(2):    0.434 # [msec]
   Debug_Time(3):    0.355 # [msec]
-
   Version      : 1.7
   Ways         : 32
   Words        : 1
   Feedback     : 1
   WordBits     : 32
   IndexBits    : 32
   Sort Order   : 0
   Sign Compare : 0
   Max Size     : 268435455
   Debug Enable : 1
   size         : 40000
   average_time :    0.872 # [msec]
   throughput   :   45.897 # [mwords/sec]
   Debug_Time(0):    1.713 # [msec]
   Debug_Time(1):    0.821 # [msec]
   Debug_Time(2):    0.486 # [msec]
   Debug_Time(3):    0.406 # [msec]
-
   Version      : 1.7
   Ways         : 32
   Words        : 1
   Feedback     : 1
   WordBits     : 32
   IndexBits    : 32
   Sort Order   : 0
   Sign Compare : 0
   Max Size     : 268435455
   Debug Enable : 1
   size         : 45000
   average_time :    0.948 # [msec]
   throughput   :   47.492 # [mwords/sec]
   Debug_Time(0):    1.906 # [msec]
   Debug_Time(1):    0.904 # [msec]
   Debug_Time(2):    0.545 # [msec]
   Debug_Time(3):    0.457 # [msec]
-
   Version      : 1.7
   Ways         : 32
   Words        : 1
   Feedback     : 1
   WordBits     : 32
   IndexBits    : 32
   Sort Order   : 0
   Sign Compare : 0
   Max Size     : 268435455
   Debug Enable : 1
   size         : 50000
   average_time :    1.049 # [msec]
   throughput   :   47.644 # [mwords/sec]
   Debug_Time(0):    2.133 # [msec]
   Debug_Time(1):    1.007 # [msec]
   Debug_Time(2):    0.620 # [msec]
   Debug_Time(3):    0.507 # [msec]
-
   Version      : 1.7
   Ways         : 32
   Words        : 1
   Feedback     : 1
   WordBits     : 32
   IndexBits    : 32
   Sort Order   : 0
   Sign Compare : 0
   Max Size     : 268435455
   Debug Enable : 1
   size         : 55000
   average_time :    1.129 # [msec]
   throughput   :   48.714 # [mwords/sec]
   Debug_Time(0):    2.354 # [msec]
   Debug_Time(1):    1.108 # [msec]
   Debug_Time(2):    0.689 # [msec]
   Debug_Time(3):    0.557 # [msec]
-
   Version      : 1.7
   Ways         : 32
   Words        : 1
   Feedback     : 1
   WordBits     : 32
   IndexBits    : 32
   Sort Order   : 0
   Sign Compare : 0
   Max Size     : 268435455
   Debug Enable : 1
   size         : 60000
   average_time :    1.219 # [msec]
   throughput   :   49.231 # [mwords/sec]
   Debug_Time(0):    2.571 # [msec]
   Debug_Time(1):    1.210 # [msec]
   Debug_Time(2):    0.755 # [msec]
   Debug_Time(3):    0.606 # [msec]
-
   Version      : 1.7
   Ways         : 32
   Words        : 1
   Feedback     : 1
   WordBits     : 32
   IndexBits    : 32
   Sort Order   : 0
   Sign Compare : 0
   Max Size     : 268435455
   Debug Enable : 1
   size         : 65000
   average_time :    1.314 # [msec]
   throughput   :   49.456 # [mwords/sec]
   Debug_Time(0):    2.781 # [msec]
   Debug_Time(1):    1.314 # [msec]
   Debug_Time(2):    0.811 # [msec]
   Debug_Time(3):    0.656 # [msec]
-
   Version      : 1.7
   Ways         : 32
   Words        : 1
   Feedback     : 1
   WordBits     : 32
   IndexBits    : 32
   Sort Order   : 0
   Sign Compare : 0
   Max Size     : 268435455
   Debug Enable : 1
   size         : 70000
   average_time :    1.389 # [msec]
   throughput   :   50.408 # [mwords/sec]
   Debug_Time(0):    2.969 # [msec]
   Debug_Time(1):    1.416 # [msec]
   Debug_Time(2):    0.844 # [msec]
   Debug_Time(3):    0.708 # [msec]
-
   Version      : 1.7
   Ways         : 32
   Words        : 1
   Feedback     : 1
   WordBits     : 32
   IndexBits    : 32
   Sort Order   : 0
   Sign Compare : 0
   Max Size     : 268435455
   Debug Enable : 1
   size         : 75000
   average_time :    1.480 # [msec]
   throughput   :   50.663 # [mwords/sec]
   Debug_Time(0):    3.194 # [msec]
   Debug_Time(1):    1.519 # [msec]
   Debug_Time(2):    0.916 # [msec]
   Debug_Time(3):    0.760 # [msec]
-
   Version      : 1.7
   Ways         : 32
   Words        : 1
   Feedback     : 1
   WordBits     : 32
   IndexBits    : 32
   Sort Order   : 0
   Sign Compare : 0
   Max Size     : 268435455
   Debug Enable : 1
   size         : 80000
   average_time :    1.565 # [msec]
   throughput   :   51.117 # [mwords/sec]
   Debug_Time(0):    3.403 # [msec]
   Debug_Time(1):    1.620 # [msec]
   Debug_Time(2):    0.972 # [msec]
   Debug_Time(3):    0.811 # [msec]
-
   Version      : 1.7
   Ways         : 32
   Words        : 1
   Feedback     : 1
   WordBits     : 32
   IndexBits    : 32
   Sort Order   : 0
   Sign Compare : 0
   Max Size     : 268435455
   Debug Enable : 1
   size         : 85000
   average_time :    1.651 # [msec]
   throughput   :   51.490 # [mwords/sec]
   Debug_Time(0):    3.623 # [msec]
   Debug_Time(1):    1.706 # [msec]
   Debug_Time(2):    1.055 # [msec]
   Debug_Time(3):    0.862 # [msec]
-
   Version      : 1.7
   Ways         : 32
   Words        : 1
   Feedback     : 1
   WordBits     : 32
   IndexBits    : 32
   Sort Order   : 0
   Sign Compare : 0
   Max Size     : 268435455
   Debug Enable : 1
   size         : 90000
   average_time :    1.738 # [msec]
   throughput   :   51.773 # [mwords/sec]
   Debug_Time(0):    3.834 # [msec]
   Debug_Time(1):    1.811 # [msec]
   Debug_Time(2):    1.113 # [msec]
   Debug_Time(3):    0.911 # [msec]
-
   Version      : 1.7
   Ways         : 32
   Words        : 1
   Feedback     : 1
   WordBits     : 32
   IndexBits    : 32
   Sort Order   : 0
   Sign Compare : 0
   Max Size     : 268435455
   Debug Enable : 1
   size         : 95000
   average_time :    1.843 # [msec]
   throughput   :   51.544 # [mwords/sec]
   Debug_Time(0):    4.055 # [msec]
   Debug_Time(1):    1.914 # [msec]
   Debug_Time(2):    1.180 # [msec]
   Debug_Time(3):    0.960 # [msec]
-
   Version      : 1.7
   Ways         : 32
   Words        : 1
   Feedback     : 1
   WordBits     : 32
   IndexBits    : 32
   Sort Order   : 0
   Sign Compare : 0
   Max Size     : 268435455
   Debug Enable : 1
   size         : 100000
   average_time :    1.919 # [msec]
   throughput   :   52.124 # [mwords/sec]
   Debug_Time(0):    4.259 # [msec]
   Debug_Time(1):    2.015 # [msec]
   Debug_Time(2):    1.231 # [msec]
   Debug_Time(3):    1.013 # [msec]
-
   Version      : 1.7
   Ways         : 32
   Words        : 1
   Feedback     : 1
   WordBits     : 32
   IndexBits    : 32
   Sort Order   : 0
   Sign Compare : 0
   Max Size     : 268435455
   Debug Enable : 1
   size         : 105000
   average_time :    2.000 # [msec]
   throughput   :   52.492 # [mwords/sec]
   Debug_Time(0):    4.469 # [msec]
   Debug_Time(1):    2.119 # [msec]
   Debug_Time(2):    1.287 # [msec]
   Debug_Time(3):    1.063 # [msec]
-
   Version      : 1.7
   Ways         : 32
   Words        : 1
   Feedback     : 1
   WordBits     : 32
   IndexBits    : 32
   Sort Order   : 0
   Sign Compare : 0
   Max Size     : 268435455
   Debug Enable : 1
   size         : 110000
   average_time :    2.091 # [msec]
   throughput   :   52.608 # [mwords/sec]
   Debug_Time(0):    4.683 # [msec]
   Debug_Time(1):    2.227 # [msec]
   Debug_Time(2):    1.343 # [msec]
   Debug_Time(3):    1.113 # [msec]
-
   Version      : 1.7
   Ways         : 32
   Words        : 1
   Feedback     : 1
   WordBits     : 32
   IndexBits    : 32
   Sort Order   : 0
   Sign Compare : 0
   Max Size     : 268435455
   Debug Enable : 1
   size         : 115000
   average_time :    2.195 # [msec]
   throughput   :   52.403 # [mwords/sec]
   Debug_Time(0):    4.912 # [msec]
   Debug_Time(1):    2.327 # [msec]
   Debug_Time(2):    1.421 # [msec]
   Debug_Time(3):    1.164 # [msec]
-
   Version      : 1.7
   Ways         : 32
   Words        : 1
   Feedback     : 1
   WordBits     : 32
   IndexBits    : 32
   Sort Order   : 0
   Sign Compare : 0
   Max Size     : 268435455
   Debug Enable : 1
   size         : 120000
   average_time :    2.279 # [msec]
   throughput   :   52.654 # [mwords/sec]
   Debug_Time(0):    5.129 # [msec]
   Debug_Time(1):    2.431 # [msec]
   Debug_Time(2):    1.484 # [msec]
   Debug_Time(3):    1.214 # [msec]
-
   Version      : 1.7
   Ways         : 32
   Words        : 1
   Feedback     : 1
   WordBits     : 32
   IndexBits    : 32
   Sort Order   : 0
   Sign Compare : 0
   Max Size     : 268435455
   Debug Enable : 1
   size         : 125000
   average_time :    2.505 # [msec]
   throughput   :   49.895 # [mwords/sec]
   Debug_Time(0):    5.507 # [msec]
   Debug_Time(1):    2.678 # [msec]
   Debug_Time(2):    1.564 # [msec]
   Debug_Time(3):    1.265 # [msec]
-
   Version      : 1.7
   Ways         : 32
   Words        : 1
   Feedback     : 1
   WordBits     : 32
   IndexBits    : 32
   Sort Order   : 0
   Sign Compare : 0
   Max Size     : 268435455
   Debug Enable : 1
   size         : 130000
   average_time :    2.474 # [msec]
   throughput   :   52.538 # [mwords/sec]
   Debug_Time(0):    5.615 # [msec]
   Debug_Time(1):    2.695 # [msec]
   Debug_Time(2):    1.605 # [msec]
   Debug_Time(3):    1.315 # [msec]
-
   Version      : 1.7
   Ways         : 32
   Words        : 1
   Feedback     : 1
   WordBits     : 32
   IndexBits    : 32
   Sort Order   : 0
   Sign Compare : 0
   Max Size     : 268435455
   Debug Enable : 1
   size         : 135000
   average_time :    2.557 # [msec]
   throughput   :   52.796 # [mwords/sec]
   Debug_Time(0):    5.836 # [msec]
   Debug_Time(1):    2.821 # [msec]
   Debug_Time(2):    1.648 # [msec]
   Debug_Time(3):    1.367 # [msec]
-
   Version      : 1.7
   Ways         : 32
   Words        : 1
   Feedback     : 1
   WordBits     : 32
   IndexBits    : 32
   Sort Order   : 0
   Sign Compare : 0
   Max Size     : 268435455
   Debug Enable : 1
   size         : 140000
   average_time :    2.667 # [msec]
   throughput   :   52.498 # [mwords/sec]
   Debug_Time(0):    6.096 # [msec]
   Debug_Time(1):    2.974 # [msec]
   Debug_Time(2):    1.706 # [msec]
   Debug_Time(3):    1.416 # [msec]
-
   Version      : 1.7
   Ways         : 32
   Words        : 1
   Feedback     : 1
   WordBits     : 32
   IndexBits    : 32
   Sort Order   : 0
   Sign Compare : 0
   Max Size     : 268435455
   Debug Enable : 1
   size         : 145000
   average_time :    2.765 # [msec]
   throughput   :   52.437 # [mwords/sec]
   Debug_Time(0):    6.355 # [msec]
   Debug_Time(1):    3.116 # [msec]
   Debug_Time(2):    1.773 # [msec]
   Debug_Time(3):    1.466 # [msec]
-
   Version      : 1.7
   Ways         : 32
   Words        : 1
   Feedback     : 1
   WordBits     : 32
   IndexBits    : 32
   Sort Order   : 0
   Sign Compare : 0
   Max Size     : 268435455
   Debug Enable : 1
   size         : 150000
   average_time :    2.914 # [msec]
   throughput   :   51.474 # [mwords/sec]
   Debug_Time(0):    6.722 # [msec]
   Debug_Time(1):    3.349 # [msec]
   Debug_Time(2):    1.858 # [msec]
   Debug_Time(3):    1.515 # [msec]
-
   Version      : 1.7
   Ways         : 32
   Words        : 1
   Feedback     : 1
   WordBits     : 32
   IndexBits    : 32
   Sort Order   : 0
   Sign Compare : 0
   Max Size     : 268435455
   Debug Enable : 1
   size         : 155000
   average_time :    2.973 # [msec]
   throughput   :   52.130 # [mwords/sec]
   Debug_Time(0):    6.800 # [msec]
   Debug_Time(1):    3.315 # [msec]
   Debug_Time(2):    1.919 # [msec]
   Debug_Time(3):    1.566 # [msec]
-
   Version      : 1.7
   Ways         : 32
   Words        : 1
   Feedback     : 1
   WordBits     : 32
   IndexBits    : 32
   Sort Order   : 0
   Sign Compare : 0
   Max Size     : 268435455
   Debug Enable : 1
   size         : 160000
   average_time :    3.078 # [msec]
   throughput   :   51.988 # [mwords/sec]
   Debug_Time(0):    7.085 # [msec]
   Debug_Time(1):    3.487 # [msec]
   Debug_Time(2):    1.983 # [msec]
   Debug_Time(3):    1.615 # [msec]
-
   Version      : 1.7
   Ways         : 32
   Words        : 1
   Feedback     : 1
   WordBits     : 32
   IndexBits    : 32
   Sort Order   : 0
   Sign Compare : 0
   Max Size     : 268435455
   Debug Enable : 1
   size         : 165000
   average_time :    3.185 # [msec]
   throughput   :   51.807 # [mwords/sec]
   Debug_Time(0):    7.315 # [msec]
   Debug_Time(1):    3.611 # [msec]
   Debug_Time(2):    2.034 # [msec]
   Debug_Time(3):    1.670 # [msec]
-
   Version      : 1.7
   Ways         : 32
   Words        : 1
   Feedback     : 1
   WordBits     : 32
   IndexBits    : 32
   Sort Order   : 0
   Sign Compare : 0
   Max Size     : 268435455
   Debug Enable : 1
   size         : 170000
   average_time :    3.258 # [msec]
   throughput   :   52.184 # [mwords/sec]
   Debug_Time(0):    7.494 # [msec]
   Debug_Time(1):    3.685 # [msec]
   Debug_Time(2):    2.090 # [msec]
   Debug_Time(3):    1.720 # [msec]
-
   Version      : 1.7
   Ways         : 32
   Words        : 1
   Feedback     : 1
   WordBits     : 32
   IndexBits    : 32
   Sort Order   : 0
   Sign Compare : 0
   Max Size     : 268435455
   Debug Enable : 1
   size         : 175000
   average_time :    3.349 # [msec]
   throughput   :   52.249 # [mwords/sec]
   Debug_Time(0):    7.710 # [msec]
   Debug_Time(1):    3.818 # [msec]
   Debug_Time(2):    2.121 # [msec]
   Debug_Time(3):    1.771 # [msec]
-
   Version      : 1.7
   Ways         : 32
   Words        : 1
   Feedback     : 1
   WordBits     : 32
   IndexBits    : 32
   Sort Order   : 0
   Sign Compare : 0
   Max Size     : 268435455
   Debug Enable : 1
   size         : 180000
   average_time :    3.444 # [msec]
   throughput   :   52.265 # [mwords/sec]
   Debug_Time(0):    7.927 # [msec]
   Debug_Time(1):    3.915 # [msec]
   Debug_Time(2):    2.193 # [msec]
   Debug_Time(3):    1.819 # [msec]
-
   Version      : 1.7
   Ways         : 32
   Words        : 1
   Feedback     : 1
   WordBits     : 32
   IndexBits    : 32
   Sort Order   : 0
   Sign Compare : 0
   Max Size     : 268435455
   Debug Enable : 1
   size         : 185000
   average_time :    3.560 # [msec]
   throughput   :   51.971 # [mwords/sec]
   Debug_Time(0):    8.322 # [msec]
   Debug_Time(1):    4.169 # [msec]
   Debug_Time(2):    2.284 # [msec]
   Debug_Time(3):    1.869 # [msec]
-
   Version      : 1.7
   Ways         : 32
   Words        : 1
   Feedback     : 1
   WordBits     : 32
   IndexBits    : 32
   Sort Order   : 0
   Sign Compare : 0
   Max Size     : 268435455
   Debug Enable : 1
   size         : 190000
   average_time :    3.650 # [msec]
   throughput   :   52.057 # [mwords/sec]
   Debug_Time(0):    8.505 # [msec]
   Debug_Time(1):    4.244 # [msec]
   Debug_Time(2):    2.343 # [msec]
   Debug_Time(3):    1.919 # [msec]
-
   Version      : 1.7
   Ways         : 32
   Words        : 1
   Feedback     : 1
   WordBits     : 32
   IndexBits    : 32
   Sort Order   : 0
   Sign Compare : 0
   Max Size     : 268435455
   Debug Enable : 1
   size         : 195000
   average_time :    3.751 # [msec]
   throughput   :   51.984 # [mwords/sec]
   Debug_Time(0):    8.641 # [msec]
   Debug_Time(1):    4.271 # [msec]
   Debug_Time(2):    2.400 # [msec]
   Debug_Time(3):    1.969 # [msec]
-
   Version      : 1.7
   Ways         : 32
   Words        : 1
   Feedback     : 1
   WordBits     : 32
   IndexBits    : 32
   Sort Order   : 0
   Sign Compare : 0
   Max Size     : 268435455
   Debug Enable : 1
   size         : 200000
   average_time :    3.841 # [msec]
   throughput   :   52.069 # [mwords/sec]
   Debug_Time(0):    8.734 # [msec]
   Debug_Time(1):    4.266 # [msec]
   Debug_Time(2):    2.446 # [msec]
   Debug_Time(3):    2.022 # [msec]
-
   Version      : 1.7
   Ways         : 32
   Words        : 1
   Feedback     : 1
   WordBits     : 32
   IndexBits    : 32
   Sort Order   : 0
   Sign Compare : 0
   Max Size     : 268435455
   Debug Enable : 1
   size         : 205000
   average_time :    3.935 # [msec]
   throughput   :   52.100 # [mwords/sec]
   Debug_Time(0):    8.958 # [msec]
   Debug_Time(1):    4.389 # [msec]
   Debug_Time(2):    2.496 # [msec]
   Debug_Time(3):    2.073 # [msec]
-
   Version      : 1.7
   Ways         : 32
   Words        : 1
   Feedback     : 1
   WordBits     : 32
   IndexBits    : 32
   Sort Order   : 0
   Sign Compare : 0
   Max Size     : 268435455
   Debug Enable : 1
   size         : 210000
   average_time :    4.028 # [msec]
   throughput   :   52.133 # [mwords/sec]
   Debug_Time(0):    9.197 # [msec]
   Debug_Time(1):    4.502 # [msec]
   Debug_Time(2):    2.573 # [msec]
   Debug_Time(3):    2.121 # [msec]
-
   Version      : 1.7
   Ways         : 32
   Words        : 1
   Feedback     : 1
   WordBits     : 32
   IndexBits    : 32
   Sort Order   : 0
   Sign Compare : 0
   Max Size     : 268435455
   Debug Enable : 1
   size         : 215000
   average_time :    4.103 # [msec]
   throughput   :   52.404 # [mwords/sec]
   Debug_Time(0):    9.411 # [msec]
   Debug_Time(1):    4.594 # [msec]
   Debug_Time(2):    2.643 # [msec]
   Debug_Time(3):    2.174 # [msec]
-
   Version      : 1.7
   Ways         : 32
   Words        : 1
   Feedback     : 1
   WordBits     : 32
   IndexBits    : 32
   Sort Order   : 0
   Sign Compare : 0
   Max Size     : 268435455
   Debug Enable : 1
   size         : 220000
   average_time :    4.191 # [msec]
   throughput   :   52.487 # [mwords/sec]
   Debug_Time(0):    9.617 # [msec]
   Debug_Time(1):    4.685 # [msec]
   Debug_Time(2):    2.710 # [msec]
   Debug_Time(3):    2.222 # [msec]
-
   Version      : 1.7
   Ways         : 32
   Words        : 1
   Feedback     : 1
   WordBits     : 32
   IndexBits    : 32
   Sort Order   : 0
   Sign Compare : 0
   Max Size     : 268435455
   Debug Enable : 1
   size         : 225000
   average_time :    4.275 # [msec]
   throughput   :   52.630 # [mwords/sec]
   Debug_Time(0):    9.828 # [msec]
   Debug_Time(1):    4.796 # [msec]
   Debug_Time(2):    2.760 # [msec]
   Debug_Time(3):    2.272 # [msec]
-
   Version      : 1.7
   Ways         : 32
   Words        : 1
   Feedback     : 1
   WordBits     : 32
   IndexBits    : 32
   Sort Order   : 0
   Sign Compare : 0
   Max Size     : 268435455
   Debug Enable : 1
   size         : 230000
   average_time :    4.372 # [msec]
   throughput   :   52.610 # [mwords/sec]
   Debug_Time(0):   10.042 # [msec]
   Debug_Time(1):    4.884 # [msec]
   Debug_Time(2):    2.834 # [msec]
   Debug_Time(3):    2.324 # [msec]
-
   Version      : 1.7
   Ways         : 32
   Words        : 1
   Feedback     : 1
   WordBits     : 32
   IndexBits    : 32
   Sort Order   : 0
   Sign Compare : 0
   Max Size     : 268435455
   Debug Enable : 1
   size         : 235000
   average_time :    4.448 # [msec]
   throughput   :   52.828 # [mwords/sec]
   Debug_Time(0):   10.189 # [msec]
   Debug_Time(1):    4.935 # [msec]
   Debug_Time(2):    2.879 # [msec]
   Debug_Time(3):    2.374 # [msec]
-
   Version      : 1.7
   Ways         : 32
   Words        : 1
   Feedback     : 1
   WordBits     : 32
   IndexBits    : 32
   Sort Order   : 0
   Sign Compare : 0
   Max Size     : 268435455
   Debug Enable : 1
   size         : 240000
   average_time :    4.542 # [msec]
   throughput   :   52.835 # [mwords/sec]
   Debug_Time(0):   10.455 # [msec]
   Debug_Time(1):    5.096 # [msec]
   Debug_Time(2):    2.934 # [msec]
   Debug_Time(3):    2.425 # [msec]
-
   Version      : 1.7
   Ways         : 32
   Words        : 1
   Feedback     : 1
   WordBits     : 32
   IndexBits    : 32
   Sort Order   : 0
   Sign Compare : 0
   Max Size     : 268435455
   Debug Enable : 1
   size         : 245000
   average_time :    4.613 # [msec]
   throughput   :   53.116 # [mwords/sec]
   Debug_Time(0):   10.653 # [msec]
   Debug_Time(1):    5.200 # [msec]
   Debug_Time(2):    2.978 # [msec]
   Debug_Time(3):    2.475 # [msec]
-
   Version      : 1.7
   Ways         : 32
   Words        : 1
   Feedback     : 1
   WordBits     : 32
   IndexBits    : 32
   Sort Order   : 0
   Sign Compare : 0
   Max Size     : 268435455
   Debug Enable : 1
   size         : 250000
   average_time :    4.709 # [msec]
   throughput   :   53.085 # [mwords/sec]
   Debug_Time(0):   10.895 # [msec]
   Debug_Time(1):    5.291 # [msec]
   Debug_Time(2):    3.080 # [msec]
   Debug_Time(3):    2.524 # [msec]
-
   Version      : 1.7
   Ways         : 32
   Words        : 1
   Feedback     : 1
   WordBits     : 32
   IndexBits    : 32
   Sort Order   : 0
   Sign Compare : 0
   Max Size     : 268435455
   Debug Enable : 1
   size         : 255000
   average_time :    4.802 # [msec]
   throughput   :   53.102 # [mwords/sec]
   Debug_Time(0):   11.179 # [msec]
   Debug_Time(1):    5.454 # [msec]
   Debug_Time(2):    3.149 # [msec]
   Debug_Time(3):    2.576 # [msec]
-
   Version      : 1.7
   Ways         : 32
   Words        : 1
   Feedback     : 1
   WordBits     : 32
   IndexBits    : 32
   Sort Order   : 0
   Sign Compare : 0
   Max Size     : 268435455
   Debug Enable : 1
   size         : 260000
   average_time :    4.884 # [msec]
   throughput   :   53.236 # [mwords/sec]
   Debug_Time(0):   11.428 # [msec]
   Debug_Time(1):    5.592 # [msec]
   Debug_Time(2):    3.210 # [msec]
   Debug_Time(3):    2.625 # [msec]
-
   Version      : 1.7
   Ways         : 32
   Words        : 1
   Feedback     : 1
   WordBits     : 32
   IndexBits    : 32
   Sort Order   : 0
   Sign Compare : 0
   Max Size     : 268435455
   Debug Enable : 1
   size         : 265000
   average_time :    4.976 # [msec]
   throughput   :   53.258 # [mwords/sec]
   Debug_Time(0):   11.750 # [msec]
   Debug_Time(1):    5.833 # [msec]
   Debug_Time(2):    3.239 # [msec]
   Debug_Time(3):    2.677 # [msec]
-
   Version      : 1.7
   Ways         : 32
   Words        : 1
   Feedback     : 1
   WordBits     : 32
   IndexBits    : 32
   Sort Order   : 0
   Sign Compare : 0
   Max Size     : 268435455
   Debug Enable : 1
   size         : 270000
   average_time :    5.050 # [msec]
   throughput   :   53.462 # [mwords/sec]
   Debug_Time(0):   11.907 # [msec]
   Debug_Time(1):    5.898 # [msec]
   Debug_Time(2):    3.283 # [msec]
   Debug_Time(3):    2.726 # [msec]
-
   Version      : 1.7
   Ways         : 32
   Words        : 1
   Feedback     : 1
   WordBits     : 32
   IndexBits    : 32
   Sort Order   : 0
   Sign Compare : 0
   Max Size     : 268435455
   Debug Enable : 1
   size         : 275000
   average_time :    5.141 # [msec]
   throughput   :   53.494 # [mwords/sec]
   Debug_Time(0):   12.184 # [msec]
   Debug_Time(1):    6.040 # [msec]
   Debug_Time(2):    3.367 # [msec]
   Debug_Time(3):    2.777 # [msec]
-
   Version      : 1.7
   Ways         : 32
   Words        : 1
   Feedback     : 1
   WordBits     : 32
   IndexBits    : 32
   Sort Order   : 0
   Sign Compare : 0
   Max Size     : 268435455
   Debug Enable : 1
   size         : 280000
   average_time :    5.236 # [msec]
   throughput   :   53.472 # [mwords/sec]
   Debug_Time(0):   12.393 # [msec]
   Debug_Time(1):    6.119 # [msec]
   Debug_Time(2):    3.447 # [msec]
   Debug_Time(3):    2.827 # [msec]
-
   Version      : 1.7
   Ways         : 32
   Words        : 1
   Feedback     : 1
   WordBits     : 32
   IndexBits    : 32
   Sort Order   : 0
   Sign Compare : 0
   Max Size     : 268435455
   Debug Enable : 1
   size         : 285000
   average_time :    5.335 # [msec]
   throughput   :   53.422 # [mwords/sec]
   Debug_Time(0):   12.590 # [msec]
   Debug_Time(1):    6.178 # [msec]
   Debug_Time(2):    3.533 # [msec]
   Debug_Time(3):    2.879 # [msec]
-
   Version      : 1.7
   Ways         : 32
   Words        : 1
   Feedback     : 1
   WordBits     : 32
   IndexBits    : 32
   Sort Order   : 0
   Sign Compare : 0
   Max Size     : 268435455
   Debug Enable : 1
   size         : 290000
   average_time :    5.394 # [msec]
   throughput   :   53.767 # [mwords/sec]
   Debug_Time(0):   12.795 # [msec]
   Debug_Time(1):    6.325 # [msec]
   Debug_Time(2):    3.542 # [msec]
   Debug_Time(3):    2.928 # [msec]
-
   Version      : 1.7
   Ways         : 32
   Words        : 1
   Feedback     : 1
   WordBits     : 32
   IndexBits    : 32
   Sort Order   : 0
   Sign Compare : 0
   Max Size     : 268435455
   Debug Enable : 1
   size         : 295000
   average_time :    5.494 # [msec]
   throughput   :   53.697 # [mwords/sec]
   Debug_Time(0):   13.020 # [msec]
   Debug_Time(1):    6.435 # [msec]
   Debug_Time(2):    3.604 # [msec]
   Debug_Time(3):    2.981 # [msec]
-
   Version      : 1.7
   Ways         : 32
   Words        : 1
   Feedback     : 1
   WordBits     : 32
   IndexBits    : 32
   Sort Order   : 0
   Sign Compare : 0
   Max Size     : 268435455
   Debug Enable : 1
   size         : 300000
   average_time :    5.569 # [msec]
   throughput   :   53.868 # [mwords/sec]
   Debug_Time(0):   13.254 # [msec]
   Debug_Time(1):    6.564 # [msec]
   Debug_Time(2):    3.659 # [msec]
   Debug_Time(3):    3.031 # [msec]
-
   Version      : 1.7
   Ways         : 32
   Words        : 1
   Feedback     : 1
   WordBits     : 32
   IndexBits    : 32
   Sort Order   : 0
   Sign Compare : 0
   Max Size     : 268435455
   Debug Enable : 1
   size         : 305000
   average_time :    5.673 # [msec]
   throughput   :   53.766 # [mwords/sec]
   Debug_Time(0):   13.491 # [msec]
   Debug_Time(1):    6.639 # [msec]
   Debug_Time(2):    3.771 # [msec]
   Debug_Time(3):    3.080 # [msec]
-
   Version      : 1.7
   Ways         : 32
   Words        : 1
   Feedback     : 1
   WordBits     : 32
   IndexBits    : 32
   Sort Order   : 0
   Sign Compare : 0
   Max Size     : 268435455
   Debug Enable : 1
   size         : 310000
   average_time :    5.733 # [msec]
   throughput   :   54.072 # [mwords/sec]
   Debug_Time(0):   13.691 # [msec]
   Debug_Time(1):    6.782 # [msec]
   Debug_Time(2):    3.780 # [msec]
   Debug_Time(3):    3.129 # [msec]
-
   Version      : 1.7
   Ways         : 32
   Words        : 1
   Feedback     : 1
   WordBits     : 32
   IndexBits    : 32
   Sort Order   : 0
   Sign Compare : 0
   Max Size     : 268435455
   Debug Enable : 1
   size         : 315000
   average_time :    5.839 # [msec]
   throughput   :   53.946 # [mwords/sec]
   Debug_Time(0):   13.967 # [msec]
   Debug_Time(1):    6.948 # [msec]
   Debug_Time(2):    3.839 # [msec]
   Debug_Time(3):    3.180 # [msec]
-
   Version      : 1.7
   Ways         : 32
   Words        : 1
   Feedback     : 1
   WordBits     : 32
   IndexBits    : 32
   Sort Order   : 0
   Sign Compare : 0
   Max Size     : 268435455
   Debug Enable : 1
   size         : 320000
   average_time :    5.921 # [msec]
   throughput   :   54.042 # [mwords/sec]
   Debug_Time(0):   14.077 # [msec]
   Debug_Time(1):    6.910 # [msec]
   Debug_Time(2):    3.938 # [msec]
   Debug_Time(3):    3.229 # [msec]
-
   Version      : 1.7
   Ways         : 32
   Words        : 1
   Feedback     : 1
   WordBits     : 32
   IndexBits    : 32
   Sort Order   : 0
   Sign Compare : 0
   Max Size     : 268435455
   Debug Enable : 1
   size         : 325000
   average_time :    6.009 # [msec]
   throughput   :   54.087 # [mwords/sec]
   Debug_Time(0):   14.287 # [msec]
   Debug_Time(1):    7.019 # [msec]
   Debug_Time(2):    3.988 # [msec]
   Debug_Time(3):    3.280 # [msec]
-
   Version      : 1.7
   Ways         : 32
   Words        : 1
   Feedback     : 1
   WordBits     : 32
   IndexBits    : 32
   Sort Order   : 0
   Sign Compare : 0
   Max Size     : 268435455
   Debug Enable : 1
   size         : 330000
   average_time :    6.089 # [msec]
   throughput   :   54.194 # [mwords/sec]
   Debug_Time(0):   14.482 # [msec]
   Debug_Time(1):    7.095 # [msec]
   Debug_Time(2):    4.055 # [msec]
   Debug_Time(3):    3.333 # [msec]
-
   Version      : 1.7
   Ways         : 32
   Words        : 1
   Feedback     : 1
   WordBits     : 32
   IndexBits    : 32
   Sort Order   : 0
   Sign Compare : 0
   Max Size     : 268435455
   Debug Enable : 1
   size         : 335000
   average_time :    6.170 # [msec]
   throughput   :   54.296 # [mwords/sec]
   Debug_Time(0):   14.797 # [msec]
   Debug_Time(1):    7.303 # [msec]
   Debug_Time(2):    4.110 # [msec]
   Debug_Time(3):    3.383 # [msec]
-
   Version      : 1.7
   Ways         : 32
   Words        : 1
   Feedback     : 1
   WordBits     : 32
   IndexBits    : 32
   Sort Order   : 0
   Sign Compare : 0
   Max Size     : 268435455
   Debug Enable : 1
   size         : 340000
   average_time :    6.277 # [msec]
   throughput   :   54.167 # [mwords/sec]
   Debug_Time(0):   14.910 # [msec]
   Debug_Time(1):    7.298 # [msec]
   Debug_Time(2):    4.178 # [msec]
   Debug_Time(3):    3.434 # [msec]
-
   Version      : 1.7
   Ways         : 32
   Words        : 1
   Feedback     : 1
   WordBits     : 32
   IndexBits    : 32
   Sort Order   : 0
   Sign Compare : 0
   Max Size     : 268435455
   Debug Enable : 1
   size         : 345000
   average_time :    6.358 # [msec]
   throughput   :   54.261 # [mwords/sec]
   Debug_Time(0):   15.156 # [msec]
   Debug_Time(1):    7.405 # [msec]
   Debug_Time(2):    4.267 # [msec]
   Debug_Time(3):    3.484 # [msec]
-
   Version      : 1.7
   Ways         : 32
   Words        : 1
   Feedback     : 1
   WordBits     : 32
   IndexBits    : 32
   Sort Order   : 0
   Sign Compare : 0
   Max Size     : 268435455
   Debug Enable : 1
   size         : 350000
   average_time :    6.414 # [msec]
   throughput   :   54.565 # [mwords/sec]
   Debug_Time(0):   15.319 # [msec]
   Debug_Time(1):    7.519 # [msec]
   Debug_Time(2):    4.268 # [msec]
   Debug_Time(3):    3.532 # [msec]
-
   Version      : 1.7
   Ways         : 32
   Words        : 1
   Feedback     : 1
   WordBits     : 32
   IndexBits    : 32
   Sort Order   : 0
   Sign Compare : 0
   Max Size     : 268435455
   Debug Enable : 1
   size         : 355000
   average_time :    6.510 # [msec]
   throughput   :   54.530 # [mwords/sec]
   Debug_Time(0):   15.617 # [msec]
   Debug_Time(1):    7.666 # [msec]
   Debug_Time(2):    4.368 # [msec]
   Debug_Time(3):    3.582 # [msec]
-
   Version      : 1.7
   Ways         : 32
   Words        : 1
   Feedback     : 1
   WordBits     : 32
   IndexBits    : 32
   Sort Order   : 0
   Sign Compare : 0
   Max Size     : 268435455
   Debug Enable : 1
   size         : 360000
   average_time :    6.606 # [msec]
   throughput   :   54.492 # [mwords/sec]
   Debug_Time(0):   15.769 # [msec]
   Debug_Time(1):    7.742 # [msec]
   Debug_Time(2):    4.395 # [msec]
   Debug_Time(3):    3.632 # [msec]
-
   Version      : 1.7
   Ways         : 32
   Words        : 1
   Feedback     : 1
   WordBits     : 32
   IndexBits    : 32
   Sort Order   : 0
   Sign Compare : 0
   Max Size     : 268435455
   Debug Enable : 1
   size         : 365000
   average_time :    6.701 # [msec]
   throughput   :   54.469 # [mwords/sec]
   Debug_Time(0):   16.011 # [msec]
   Debug_Time(1):    7.845 # [msec]
   Debug_Time(2):    4.482 # [msec]
   Debug_Time(3):    3.685 # [msec]
-
   Version      : 1.7
   Ways         : 32
   Words        : 1
   Feedback     : 1
   WordBits     : 32
   IndexBits    : 32
   Sort Order   : 0
   Sign Compare : 0
   Max Size     : 268435455
   Debug Enable : 1
   size         : 370000
   average_time :    6.752 # [msec]
   throughput   :   54.796 # [mwords/sec]
   Debug_Time(0):   16.258 # [msec]
   Debug_Time(1):    8.000 # [msec]
   Debug_Time(2):    4.522 # [msec]
   Debug_Time(3):    3.736 # [msec]
-
   Version      : 1.7
   Ways         : 32
   Words        : 1
   Feedback     : 1
   WordBits     : 32
   IndexBits    : 32
   Sort Order   : 0
   Sign Compare : 0
   Max Size     : 268435455
   Debug Enable : 1
   size         : 375000
   average_time :    6.853 # [msec]
   throughput   :   54.724 # [mwords/sec]
   Debug_Time(0):   16.314 # [msec]
   Debug_Time(1):    7.932 # [msec]
   Debug_Time(2):    4.597 # [msec]
   Debug_Time(3):    3.786 # [msec]
-
   Version      : 1.7
   Ways         : 32
   Words        : 1
   Feedback     : 1
   WordBits     : 32
   IndexBits    : 32
   Sort Order   : 0
   Sign Compare : 0
   Max Size     : 268435455
   Debug Enable : 1
   size         : 380000
   average_time :    6.944 # [msec]
   throughput   :   54.723 # [mwords/sec]
   Debug_Time(0):   16.658 # [msec]
   Debug_Time(1):    8.165 # [msec]
   Debug_Time(2):    4.658 # [msec]
   Debug_Time(3):    3.836 # [msec]
-
   Version      : 1.7
   Ways         : 32
   Words        : 1
   Feedback     : 1
   WordBits     : 32
   IndexBits    : 32
   Sort Order   : 0
   Sign Compare : 0
   Max Size     : 268435455
   Debug Enable : 1
   size         : 385000
   average_time :    7.007 # [msec]
   throughput   :   54.947 # [mwords/sec]
   Debug_Time(0):   16.865 # [msec]
   Debug_Time(1):    8.240 # [msec]
   Debug_Time(2):    4.738 # [msec]
   Debug_Time(3):    3.887 # [msec]
-
   Version      : 1.7
   Ways         : 32
   Words        : 1
   Feedback     : 1
   WordBits     : 32
   IndexBits    : 32
   Sort Order   : 0
   Sign Compare : 0
   Max Size     : 268435455
   Debug Enable : 1
   size         : 390000
   average_time :    7.093 # [msec]
   throughput   :   54.985 # [mwords/sec]
   Debug_Time(0):   17.094 # [msec]
   Debug_Time(1):    8.388 # [msec]
   Debug_Time(2):    4.770 # [msec]
   Debug_Time(3):    3.936 # [msec]
-
   Version      : 1.7
   Ways         : 32
   Words        : 1
   Feedback     : 1
   WordBits     : 32
   IndexBits    : 32
   Sort Order   : 0
   Sign Compare : 0
   Max Size     : 268435455
   Debug Enable : 1
   size         : 395000
   average_time :    7.156 # [msec]
   throughput   :   55.197 # [mwords/sec]
   Debug_Time(0):   17.248 # [msec]
   Debug_Time(1):    8.457 # [msec]
   Debug_Time(2):    4.804 # [msec]
   Debug_Time(3):    3.987 # [msec]
-
   Version      : 1.7
   Ways         : 32
   Words        : 1
   Feedback     : 1
   WordBits     : 32
   IndexBits    : 32
   Sort Order   : 0
   Sign Compare : 0
   Max Size     : 268435455
   Debug Enable : 1
   size         : 400000
   average_time :    7.283 # [msec]
   throughput   :   54.925 # [mwords/sec]
   Debug_Time(0):   17.429 # [msec]
   Debug_Time(1):    8.478 # [msec]
   Debug_Time(2):    4.915 # [msec]
   Debug_Time(3):    4.037 # [msec]
-
   Version      : 1.7
   Ways         : 32
   Words        : 1
   Feedback     : 1
   WordBits     : 32
   IndexBits    : 32
   Sort Order   : 0
   Sign Compare : 0
   Max Size     : 268435455
   Debug Enable : 1
   size         : 405000
   average_time :    7.376 # [msec]
   throughput   :   54.909 # [mwords/sec]
   Debug_Time(0):   17.694 # [msec]
   Debug_Time(1):    8.636 # [msec]
   Debug_Time(2):    4.971 # [msec]
   Debug_Time(3):    4.087 # [msec]
-
   Version      : 1.7
   Ways         : 32
   Words        : 1
   Feedback     : 1
   WordBits     : 32
   IndexBits    : 32
   Sort Order   : 0
   Sign Compare : 0
   Max Size     : 268435455
   Debug Enable : 1
   size         : 410000
   average_time :    7.460 # [msec]
   throughput   :   54.958 # [mwords/sec]
   Debug_Time(0):   17.970 # [msec]
   Debug_Time(1):    8.780 # [msec]
   Debug_Time(2):    5.052 # [msec]
   Debug_Time(3):    4.138 # [msec]
-
   Version      : 1.7
   Ways         : 32
   Words        : 1
   Feedback     : 1
   WordBits     : 32
   IndexBits    : 32
   Sort Order   : 0
   Sign Compare : 0
   Max Size     : 268435455
   Debug Enable : 1
   size         : 415000
   average_time :    7.539 # [msec]
   throughput   :   55.051 # [mwords/sec]
   Debug_Time(0):   18.048 # [msec]
   Debug_Time(1):    8.767 # [msec]
   Debug_Time(2):    5.093 # [msec]
   Debug_Time(3):    4.188 # [msec]
-
   Version      : 1.7
   Ways         : 32
   Words        : 1
   Feedback     : 1
   WordBits     : 32
   IndexBits    : 32
   Sort Order   : 0
   Sign Compare : 0
   Max Size     : 268435455
   Debug Enable : 1
   size         : 420000
   average_time :    7.629 # [msec]
   throughput   :   55.056 # [mwords/sec]
   Debug_Time(0):   18.311 # [msec]
   Debug_Time(1):    8.947 # [msec]
   Debug_Time(2):    5.126 # [msec]
   Debug_Time(3):    4.238 # [msec]
-
   Version      : 1.7
   Ways         : 32
   Words        : 1
   Feedback     : 1
   WordBits     : 32
   IndexBits    : 32
   Sort Order   : 0
   Sign Compare : 0
   Max Size     : 268435455
   Debug Enable : 1
   size         : 425000
   average_time :    7.725 # [msec]
   throughput   :   55.016 # [mwords/sec]
   Debug_Time(0):   18.541 # [msec]
   Debug_Time(1):    9.043 # [msec]
   Debug_Time(2):    5.208 # [msec]
   Debug_Time(3):    4.290 # [msec]
-
   Version      : 1.7
   Ways         : 32
   Words        : 1
   Feedback     : 1
   WordBits     : 32
   IndexBits    : 32
   Sort Order   : 0
   Sign Compare : 0
   Max Size     : 268435455
   Debug Enable : 1
   size         : 430000
   average_time :    7.808 # [msec]
   throughput   :   55.074 # [mwords/sec]
   Debug_Time(0):   18.753 # [msec]
   Debug_Time(1):    9.152 # [msec]
   Debug_Time(2):    5.260 # [msec]
   Debug_Time(3):    4.341 # [msec]
-
   Version      : 1.7
   Ways         : 32
   Words        : 1
   Feedback     : 1
   WordBits     : 32
   IndexBits    : 32
   Sort Order   : 0
   Sign Compare : 0
   Max Size     : 268435455
   Debug Enable : 1
   size         : 435000
   average_time :    7.870 # [msec]
   throughput   :   55.273 # [mwords/sec]
   Debug_Time(0):   18.961 # [msec]
   Debug_Time(1):    9.265 # [msec]
   Debug_Time(2):    5.305 # [msec]
   Debug_Time(3):    4.390 # [msec]
-
   Version      : 1.7
   Ways         : 32
   Words        : 1
   Feedback     : 1
   WordBits     : 32
   IndexBits    : 32
   Sort Order   : 0
   Sign Compare : 0
   Max Size     : 268435455
   Debug Enable : 1
   size         : 440000
   average_time :    7.962 # [msec]
   throughput   :   55.264 # [mwords/sec]
   Debug_Time(0):   19.124 # [msec]
   Debug_Time(1):    9.287 # [msec]
   Debug_Time(2):    5.398 # [msec]
   Debug_Time(3):    4.439 # [msec]
-
   Version      : 1.7
   Ways         : 32
   Words        : 1
   Feedback     : 1
   WordBits     : 32
   IndexBits    : 32
   Sort Order   : 0
   Sign Compare : 0
   Max Size     : 268435455
   Debug Enable : 1
   size         : 445000
   average_time :    8.047 # [msec]
   throughput   :   55.301 # [mwords/sec]
   Debug_Time(0):   19.357 # [msec]
   Debug_Time(1):    9.409 # [msec]
   Debug_Time(2):    5.459 # [msec]
   Debug_Time(3):    4.490 # [msec]
-
   Version      : 1.7
   Ways         : 32
   Words        : 1
   Feedback     : 1
   WordBits     : 32
   IndexBits    : 32
   Sort Order   : 0
   Sign Compare : 0
   Max Size     : 268435455
   Debug Enable : 1
   size         : 450000
   average_time :    8.122 # [msec]
   throughput   :   55.406 # [mwords/sec]
   Debug_Time(0):   19.629 # [msec]
   Debug_Time(1):    9.572 # [msec]
   Debug_Time(2):    5.517 # [msec]
   Debug_Time(3):    4.540 # [msec]
-
   Version      : 1.7
   Ways         : 32
   Words        : 1
   Feedback     : 1
   WordBits     : 32
   IndexBits    : 32
   Sort Order   : 0
   Sign Compare : 0
   Max Size     : 268435455
   Debug Enable : 1
   size         : 455000
   average_time :    8.208 # [msec]
   throughput   :   55.432 # [mwords/sec]
   Debug_Time(0):   19.710 # [msec]
   Debug_Time(1):    9.539 # [msec]
   Debug_Time(2):    5.580 # [msec]
   Debug_Time(3):    4.591 # [msec]
-
   Version      : 1.7
   Ways         : 32
   Words        : 1
   Feedback     : 1
   WordBits     : 32
   IndexBits    : 32
   Sort Order   : 0
   Sign Compare : 0
   Max Size     : 268435455
   Debug Enable : 1
   size         : 460000
   average_time :    8.336 # [msec]
   throughput   :   55.185 # [mwords/sec]
   Debug_Time(0):   20.023 # [msec]
   Debug_Time(1):    9.752 # [msec]
   Debug_Time(2):    5.628 # [msec]
   Debug_Time(3):    4.644 # [msec]
-
   Version      : 1.7
   Ways         : 32
   Words        : 1
   Feedback     : 1
   WordBits     : 32
   IndexBits    : 32
   Sort Order   : 0
   Sign Compare : 0
   Max Size     : 268435455
   Debug Enable : 1
   size         : 465000
   average_time :    8.410 # [msec]
   throughput   :   55.289 # [mwords/sec]
   Debug_Time(0):   20.332 # [msec]
   Debug_Time(1):    9.930 # [msec]
   Debug_Time(2):    5.707 # [msec]
   Debug_Time(3):    4.694 # [msec]
-
   Version      : 1.7
   Ways         : 32
   Words        : 1
   Feedback     : 1
   WordBits     : 32
   IndexBits    : 32
   Sort Order   : 0
   Sign Compare : 0
   Max Size     : 268435455
   Debug Enable : 1
   size         : 470000
   average_time :    8.452 # [msec]
   throughput   :   55.610 # [mwords/sec]
   Debug_Time(0):   20.369 # [msec]
   Debug_Time(1):    9.887 # [msec]
   Debug_Time(2):    5.737 # [msec]
   Debug_Time(3):    4.744 # [msec]
-
   Version      : 1.7
   Ways         : 32
   Words        : 1
   Feedback     : 1
   WordBits     : 32
   IndexBits    : 32
   Sort Order   : 0
   Sign Compare : 0
   Max Size     : 268435455
   Debug Enable : 1
   size         : 475000
   average_time :    8.554 # [msec]
   throughput   :   55.527 # [mwords/sec]
   Debug_Time(0):   20.634 # [msec]
   Debug_Time(1):   10.047 # [msec]
   Debug_Time(2):    5.793 # [msec]
   Debug_Time(3):    4.794 # [msec]
-
   Version      : 1.7
   Ways         : 32
   Words        : 1
   Feedback     : 1
   WordBits     : 32
   IndexBits    : 32
   Sort Order   : 0
   Sign Compare : 0
   Max Size     : 268435455
   Debug Enable : 1
   size         : 480000
   average_time :    8.652 # [msec]
   throughput   :   55.480 # [mwords/sec]
   Debug_Time(0):   20.952 # [msec]
   Debug_Time(1):   10.218 # [msec]
   Debug_Time(2):    5.892 # [msec]
   Debug_Time(3):    4.843 # [msec]
-
   Version      : 1.7
   Ways         : 32
   Words        : 1
   Feedback     : 1
   WordBits     : 32
   IndexBits    : 32
   Sort Order   : 0
   Sign Compare : 0
   Max Size     : 268435455
   Debug Enable : 1
   size         : 485000
   average_time :    8.727 # [msec]
   throughput   :   55.574 # [mwords/sec]
   Debug_Time(0):   21.106 # [msec]
   Debug_Time(1):   10.290 # [msec]
   Debug_Time(2):    5.925 # [msec]
   Debug_Time(3):    4.892 # [msec]
-
   Version      : 1.7
   Ways         : 32
   Words        : 1
   Feedback     : 1
   WordBits     : 32
   IndexBits    : 32
   Sort Order   : 0
   Sign Compare : 0
   Max Size     : 268435455
   Debug Enable : 1
   size         : 490000
   average_time :    8.800 # [msec]
   throughput   :   55.683 # [mwords/sec]
   Debug_Time(0):   21.207 # [msec]
   Debug_Time(1):   10.239 # [msec]
   Debug_Time(2):    6.026 # [msec]
   Debug_Time(3):    4.942 # [msec]
-
   Version      : 1.7
   Ways         : 32
   Words        : 1
   Feedback     : 1
   WordBits     : 32
   IndexBits    : 32
   Sort Order   : 0
   Sign Compare : 0
   Max Size     : 268435455
   Debug Enable : 1
   size         : 495000
   average_time :    8.881 # [msec]
   throughput   :   55.739 # [mwords/sec]
   Debug_Time(0):   21.409 # [msec]
   Debug_Time(1):   10.420 # [msec]
   Debug_Time(2):    5.993 # [msec]
   Debug_Time(3):    4.996 # [msec]
-
   Version      : 1.7
   Ways         : 32
   Words        : 1
   Feedback     : 1
   WordBits     : 32
   IndexBits    : 32
   Sort Order   : 0
   Sign Compare : 0
   Max Size     : 268435455
   Debug Enable : 1
   size         : 500000
   average_time :    8.986 # [msec]
   throughput   :   55.640 # [mwords/sec]
   Debug_Time(0):   21.751 # [msec]
   Debug_Time(1):   10.591 # [msec]
   Debug_Time(2):    6.112 # [msec]
   Debug_Time(3):    5.047 # [msec]
-
   Version      : 1.7
   Ways         : 32
   Words        : 1
   Feedback     : 1
   WordBits     : 32
   IndexBits    : 32
   Sort Order   : 0
   Sign Compare : 0
   Max Size     : 268435455
   Debug Enable : 1
   size         : 505000
   average_time :    9.073 # [msec]
   throughput   :   55.658 # [mwords/sec]
   Debug_Time(0):   21.957 # [msec]
   Debug_Time(1):   10.705 # [msec]
   Debug_Time(2):    6.155 # [msec]
   Debug_Time(3):    5.097 # [msec]
-
   Version      : 1.7
   Ways         : 32
   Words        : 1
   Feedback     : 1
   WordBits     : 32
   IndexBits    : 32
   Sort Order   : 0
   Sign Compare : 0
   Max Size     : 268435455
   Debug Enable : 1
   size         : 510000
   average_time :    9.189 # [msec]
   throughput   :   55.503 # [mwords/sec]
   Debug_Time(0):   22.167 # [msec]
   Debug_Time(1):   10.744 # [msec]
   Debug_Time(2):    6.277 # [msec]
   Debug_Time(3):    5.147 # [msec]
-
   Version      : 1.7
   Ways         : 32
   Words        : 1
   Feedback     : 1
   WordBits     : 32
   IndexBits    : 32
   Sort Order   : 0
   Sign Compare : 0
   Max Size     : 268435455
   Debug Enable : 1
   size         : 515000
   average_time :    9.263 # [msec]
   throughput   :   55.600 # [mwords/sec]
   Debug_Time(0):   22.334 # [msec]
   Debug_Time(1):   10.798 # [msec]
   Debug_Time(2):    6.339 # [msec]
   Debug_Time(3):    5.197 # [msec]
-
   Version      : 1.7
   Ways         : 32
   Words        : 1
   Feedback     : 1
   WordBits     : 32
   IndexBits    : 32
   Sort Order   : 0
   Sign Compare : 0
   Max Size     : 268435455
   Debug Enable : 1
   size         : 520000
   average_time :    9.330 # [msec]
   throughput   :   55.737 # [mwords/sec]
   Debug_Time(0):   22.655 # [msec]
   Debug_Time(1):   11.088 # [msec]
   Debug_Time(2):    6.322 # [msec]
   Debug_Time(3):    5.246 # [msec]
-
   Version      : 1.7
   Ways         : 32
   Words        : 1
   Feedback     : 1
   WordBits     : 32
   IndexBits    : 32
   Sort Order   : 0
   Sign Compare : 0
   Max Size     : 268435455
   Debug Enable : 1
   size         : 525000
   average_time :    9.417 # [msec]
   throughput   :   55.748 # [mwords/sec]
   Debug_Time(0):   22.835 # [msec]
   Debug_Time(1):   11.125 # [msec]
   Debug_Time(2):    6.411 # [msec]
   Debug_Time(3):    5.299 # [msec]
-
   Version      : 1.7
   Ways         : 32
   Words        : 1
   Feedback     : 1
   WordBits     : 32
   IndexBits    : 32
   Sort Order   : 0
   Sign Compare : 0
   Max Size     : 268435455
   Debug Enable : 1
   size         : 530000
   average_time :    9.501 # [msec]
   throughput   :   55.782 # [mwords/sec]
   Debug_Time(0):   23.095 # [msec]
   Debug_Time(1):   11.262 # [msec]
   Debug_Time(2):    6.486 # [msec]
   Debug_Time(3):    5.348 # [msec]
-
   Version      : 1.7
   Ways         : 32
   Words        : 1
   Feedback     : 1
   WordBits     : 32
   IndexBits    : 32
   Sort Order   : 0
   Sign Compare : 0
   Max Size     : 268435455
   Debug Enable : 1
   size         : 535000
   average_time :    9.598 # [msec]
   throughput   :   55.742 # [mwords/sec]
   Debug_Time(0):   23.301 # [msec]
   Debug_Time(1):   11.361 # [msec]
   Debug_Time(2):    6.542 # [msec]
   Debug_Time(3):    5.398 # [msec]
-
   Version      : 1.7
   Ways         : 32
   Words        : 1
   Feedback     : 1
   WordBits     : 32
   IndexBits    : 32
   Sort Order   : 0
   Sign Compare : 0
   Max Size     : 268435455
   Debug Enable : 1
   size         : 540000
   average_time :    9.680 # [msec]
   throughput   :   55.786 # [mwords/sec]
   Debug_Time(0):   23.428 # [msec]
   Debug_Time(1):   11.358 # [msec]
   Debug_Time(2):    6.622 # [msec]
   Debug_Time(3):    5.448 # [msec]
-
   Version      : 1.7
   Ways         : 32
   Words        : 1
   Feedback     : 1
   WordBits     : 32
   IndexBits    : 32
   Sort Order   : 0
   Sign Compare : 0
   Max Size     : 268435455
   Debug Enable : 1
   size         : 545000
   average_time :    9.740 # [msec]
   throughput   :   55.955 # [mwords/sec]
   Debug_Time(0):   23.445 # [msec]
   Debug_Time(1):   11.293 # [msec]
   Debug_Time(2):    6.653 # [msec]
   Debug_Time(3):    5.499 # [msec]
-
   Version      : 1.7
   Ways         : 32
   Words        : 1
   Feedback     : 1
   WordBits     : 32
   IndexBits    : 32
   Sort Order   : 0
   Sign Compare : 0
   Max Size     : 268435455
   Debug Enable : 1
   size         : 550000
   average_time :    9.856 # [msec]
   throughput   :   55.806 # [mwords/sec]
   Debug_Time(0):   23.504 # [msec]
   Debug_Time(1):   11.242 # [msec]
   Debug_Time(2):    6.713 # [msec]
   Debug_Time(3):    5.549 # [msec]
-
   Version      : 1.7
   Ways         : 32
   Words        : 1
   Feedback     : 1
   WordBits     : 32
   IndexBits    : 32
   Sort Order   : 0
   Sign Compare : 0
   Max Size     : 268435455
   Debug Enable : 1
   size         : 555000
   average_time :    9.954 # [msec]
   throughput   :   55.758 # [mwords/sec]
   Debug_Time(0):   23.987 # [msec]
   Debug_Time(1):   11.534 # [msec]
   Debug_Time(2):    6.853 # [msec]
   Debug_Time(3):    5.600 # [msec]
-
   Version      : 1.7
   Ways         : 32
   Words        : 1
   Feedback     : 1
   WordBits     : 32
   IndexBits    : 32
   Sort Order   : 0
   Sign Compare : 0
   Max Size     : 268435455
   Debug Enable : 1
   size         : 560000
   average_time :   10.018 # [msec]
   throughput   :   55.897 # [mwords/sec]
   Debug_Time(0):   24.047 # [msec]
   Debug_Time(1):   11.522 # [msec]
   Debug_Time(2):    6.873 # [msec]
   Debug_Time(3):    5.651 # [msec]
-
   Version      : 1.7
   Ways         : 32
   Words        : 1
   Feedback     : 1
   WordBits     : 32
   IndexBits    : 32
   Sort Order   : 0
   Sign Compare : 0
   Max Size     : 268435455
   Debug Enable : 1
   size         : 565000
   average_time :   10.103 # [msec]
   throughput   :   55.924 # [mwords/sec]
   Debug_Time(0):   24.339 # [msec]
   Debug_Time(1):   11.703 # [msec]
   Debug_Time(2):    6.935 # [msec]
   Debug_Time(3):    5.701 # [msec]
-
   Version      : 1.7
   Ways         : 32
   Words        : 1
   Feedback     : 1
   WordBits     : 32
   IndexBits    : 32
   Sort Order   : 0
   Sign Compare : 0
   Max Size     : 268435455
   Debug Enable : 1
   size         : 570000
   average_time :   10.231 # [msec]
   throughput   :   55.714 # [mwords/sec]
   Debug_Time(0):   24.543 # [msec]
   Debug_Time(1):   11.852 # [msec]
   Debug_Time(2):    6.942 # [msec]
   Debug_Time(3):    5.750 # [msec]
-
   Version      : 1.7
   Ways         : 32
   Words        : 1
   Feedback     : 1
   WordBits     : 32
   IndexBits    : 32
   Sort Order   : 0
   Sign Compare : 0
   Max Size     : 268435455
   Debug Enable : 1
   size         : 575000
   average_time :   10.269 # [msec]
   throughput   :   55.996 # [mwords/sec]
   Debug_Time(0):   24.728 # [msec]
   Debug_Time(1):   11.868 # [msec]
   Debug_Time(2):    7.059 # [msec]
   Debug_Time(3):    5.801 # [msec]
-
   Version      : 1.7
   Ways         : 32
   Words        : 1
   Feedback     : 1
   WordBits     : 32
   IndexBits    : 32
   Sort Order   : 0
   Sign Compare : 0
   Max Size     : 268435455
   Debug Enable : 1
   size         : 580000
   average_time :   10.350 # [msec]
   throughput   :   56.039 # [mwords/sec]
   Debug_Time(0):   25.015 # [msec]
   Debug_Time(1):   12.017 # [msec]
   Debug_Time(2):    7.148 # [msec]
   Debug_Time(3):    5.851 # [msec]
-
   Version      : 1.7
   Ways         : 32
   Words        : 1
   Feedback     : 1
   WordBits     : 32
   IndexBits    : 32
   Sort Order   : 0
   Sign Compare : 0
   Max Size     : 268435455
   Debug Enable : 1
   size         : 585000
   average_time :   10.433 # [msec]
   throughput   :   56.070 # [mwords/sec]
   Debug_Time(0):   25.175 # [msec]
   Debug_Time(1):   12.109 # [msec]
   Debug_Time(2):    7.164 # [msec]
   Debug_Time(3):    5.901 # [msec]
-
   Version      : 1.7
   Ways         : 32
   Words        : 1
   Feedback     : 1
   WordBits     : 32
   IndexBits    : 32
   Sort Order   : 0
   Sign Compare : 0
   Max Size     : 268435455
   Debug Enable : 1
   size         : 590000
   average_time :   10.527 # [msec]
   throughput   :   56.045 # [mwords/sec]
   Debug_Time(0):   25.431 # [msec]
   Debug_Time(1):   12.250 # [msec]
   Debug_Time(2):    7.227 # [msec]
   Debug_Time(3):    5.954 # [msec]
-
   Version      : 1.7
   Ways         : 32
   Words        : 1
   Feedback     : 1
   WordBits     : 32
   IndexBits    : 32
   Sort Order   : 0
   Sign Compare : 0
   Max Size     : 268435455
   Debug Enable : 1
   size         : 595000
   average_time :   10.633 # [msec]
   throughput   :   55.956 # [mwords/sec]
   Debug_Time(0):   25.643 # [msec]
   Debug_Time(1):   12.351 # [msec]
   Debug_Time(2):    7.287 # [msec]
   Debug_Time(3):    6.005 # [msec]
-
   Version      : 1.7
   Ways         : 32
   Words        : 1
   Feedback     : 1
   WordBits     : 32
   IndexBits    : 32
   Sort Order   : 0
   Sign Compare : 0
   Max Size     : 268435455
   Debug Enable : 1
   size         : 600000
   average_time :   10.742 # [msec]
   throughput   :   55.858 # [mwords/sec]
   Debug_Time(0):   25.813 # [msec]
   Debug_Time(1):   12.389 # [msec]
   Debug_Time(2):    7.370 # [msec]
   Debug_Time(3):    6.054 # [msec]
-
   Version      : 1.7
   Ways         : 32
   Words        : 1
   Feedback     : 1
   WordBits     : 32
   IndexBits    : 32
   Sort Order   : 0
   Sign Compare : 0
   Max Size     : 268435455
   Debug Enable : 1
   size         : 605000
   average_time :   10.804 # [msec]
   throughput   :   55.998 # [mwords/sec]
   Debug_Time(0):   26.073 # [msec]
   Debug_Time(1):   12.532 # [msec]
   Debug_Time(2):    7.437 # [msec]
   Debug_Time(3):    6.104 # [msec]
-
   Version      : 1.7
   Ways         : 32
   Words        : 1
   Feedback     : 1
   WordBits     : 32
   IndexBits    : 32
   Sort Order   : 0
   Sign Compare : 0
   Max Size     : 268435455
   Debug Enable : 1
   size         : 610000
   average_time :   10.875 # [msec]
   throughput   :   56.091 # [mwords/sec]
   Debug_Time(0):   26.314 # [msec]
   Debug_Time(1):   12.649 # [msec]
   Debug_Time(2):    7.513 # [msec]
   Debug_Time(3):    6.153 # [msec]
-
   Version      : 1.7
   Ways         : 32
   Words        : 1
   Feedback     : 1
   WordBits     : 32
   IndexBits    : 32
   Sort Order   : 0
   Sign Compare : 0
   Max Size     : 268435455
   Debug Enable : 1
   size         : 615000
   average_time :   10.940 # [msec]
   throughput   :   56.217 # [mwords/sec]
   Debug_Time(0):   26.507 # [msec]
   Debug_Time(1):   12.738 # [msec]
   Debug_Time(2):    7.566 # [msec]
   Debug_Time(3):    6.203 # [msec]
-
   Version      : 1.7
   Ways         : 32
   Words        : 1
   Feedback     : 1
   WordBits     : 32
   IndexBits    : 32
   Sort Order   : 0
   Sign Compare : 0
   Max Size     : 268435455
   Debug Enable : 1
   size         : 620000
   average_time :   11.019 # [msec]
   throughput   :   56.264 # [mwords/sec]
   Debug_Time(0):   26.698 # [msec]
   Debug_Time(1):   12.843 # [msec]
   Debug_Time(2):    7.602 # [msec]
   Debug_Time(3):    6.253 # [msec]
-
   Version      : 1.7
   Ways         : 32
   Words        : 1
   Feedback     : 1
   WordBits     : 32
   IndexBits    : 32
   Sort Order   : 0
   Sign Compare : 0
   Max Size     : 268435455
   Debug Enable : 1
   size         : 625000
   average_time :   11.118 # [msec]
   throughput   :   56.214 # [mwords/sec]
   Debug_Time(0):   26.925 # [msec]
   Debug_Time(1):   12.953 # [msec]
   Debug_Time(2):    7.666 # [msec]
   Debug_Time(3):    6.306 # [msec]
-
   Version      : 1.7
   Ways         : 32
   Words        : 1
   Feedback     : 1
   WordBits     : 32
   IndexBits    : 32
   Sort Order   : 0
   Sign Compare : 0
   Max Size     : 268435455
   Debug Enable : 1
   size         : 630000
   average_time :   11.197 # [msec]
   throughput   :   56.266 # [mwords/sec]
   Debug_Time(0):   27.117 # [msec]
   Debug_Time(1):   13.046 # [msec]
   Debug_Time(2):    7.715 # [msec]
   Debug_Time(3):    6.356 # [msec]
-
   Version      : 1.7
   Ways         : 32
   Words        : 1
   Feedback     : 1
   WordBits     : 32
   IndexBits    : 32
   Sort Order   : 0
   Sign Compare : 0
   Max Size     : 268435455
   Debug Enable : 1
   size         : 635000
   average_time :   11.320 # [msec]
   throughput   :   56.093 # [mwords/sec]
   Debug_Time(0):   27.335 # [msec]
   Debug_Time(1):   13.134 # [msec]
   Debug_Time(2):    7.793 # [msec]
   Debug_Time(3):    6.407 # [msec]
-
   Version      : 1.7
   Ways         : 32
   Words        : 1
   Feedback     : 1
   WordBits     : 32
   IndexBits    : 32
   Sort Order   : 0
   Sign Compare : 0
   Max Size     : 268435455
   Debug Enable : 1
   size         : 640000
   average_time :   11.361 # [msec]
   throughput   :   56.333 # [mwords/sec]
   Debug_Time(0):   27.545 # [msec]
   Debug_Time(1):   13.213 # [msec]
   Debug_Time(2):    7.874 # [msec]
   Debug_Time(3):    6.457 # [msec]
-
   Version      : 1.7
   Ways         : 32
   Words        : 1
   Feedback     : 1
   WordBits     : 32
   IndexBits    : 32
   Sort Order   : 0
   Sign Compare : 0
   Max Size     : 268435455
   Debug Enable : 1
   size         : 645000
   average_time :   11.461 # [msec]
   throughput   :   56.279 # [mwords/sec]
   Debug_Time(0):   27.763 # [msec]
   Debug_Time(1):   13.323 # [msec]
   Debug_Time(2):    7.933 # [msec]
   Debug_Time(3):    6.507 # [msec]
-
   Version      : 1.7
   Ways         : 32
   Words        : 1
   Feedback     : 1
   WordBits     : 32
   IndexBits    : 32
   Sort Order   : 0
   Sign Compare : 0
   Max Size     : 268435455
   Debug Enable : 1
   size         : 650000
   average_time :   11.539 # [msec]
   throughput   :   56.332 # [mwords/sec]
   Debug_Time(0):   27.962 # [msec]
   Debug_Time(1):   13.446 # [msec]
   Debug_Time(2):    7.961 # [msec]
   Debug_Time(3):    6.556 # [msec]
-
   Version      : 1.7
   Ways         : 32
   Words        : 1
   Feedback     : 1
   WordBits     : 32
   IndexBits    : 32
   Sort Order   : 0
   Sign Compare : 0
   Max Size     : 268435455
   Debug Enable : 1
   size         : 655000
   average_time :   11.616 # [msec]
   throughput   :   56.386 # [mwords/sec]
   Debug_Time(0):   28.143 # [msec]
   Debug_Time(1):   13.487 # [msec]
   Debug_Time(2):    8.049 # [msec]
   Debug_Time(3):    6.606 # [msec]
-
   Version      : 1.7
   Ways         : 32
   Words        : 1
   Feedback     : 1
   WordBits     : 32
   IndexBits    : 32
   Sort Order   : 0
   Sign Compare : 0
   Max Size     : 268435455
   Debug Enable : 1
   size         : 660000
   average_time :   11.704 # [msec]
   throughput   :   56.391 # [mwords/sec]
   Debug_Time(0):   28.392 # [msec]
   Debug_Time(1):   13.634 # [msec]
   Debug_Time(2):    8.100 # [msec]
   Debug_Time(3):    6.658 # [msec]
-
   Version      : 1.7
   Ways         : 32
   Words        : 1
   Feedback     : 1
   WordBits     : 32
   IndexBits    : 32
   Sort Order   : 0
   Sign Compare : 0
   Max Size     : 268435455
   Debug Enable : 1
   size         : 665000
   average_time :   11.789 # [msec]
   throughput   :   56.410 # [mwords/sec]
   Debug_Time(0):   28.619 # [msec]
   Debug_Time(1):   13.769 # [msec]
   Debug_Time(2):    8.141 # [msec]
   Debug_Time(3):    6.709 # [msec]
-
   Version      : 1.7
   Ways         : 32
   Words        : 1
   Feedback     : 1
   WordBits     : 32
   IndexBits    : 32
   Sort Order   : 0
   Sign Compare : 0
   Max Size     : 268435455
   Debug Enable : 1
   size         : 670000
   average_time :   11.878 # [msec]
   throughput   :   56.405 # [mwords/sec]
   Debug_Time(0):   28.815 # [msec]
   Debug_Time(1):   13.837 # [msec]
   Debug_Time(2):    8.220 # [msec]
   Debug_Time(3):    6.759 # [msec]
-
   Version      : 1.7
   Ways         : 32
   Words        : 1
   Feedback     : 1
   WordBits     : 32
   IndexBits    : 32
   Sort Order   : 0
   Sign Compare : 0
   Max Size     : 268435455
   Debug Enable : 1
   size         : 675000
   average_time :   11.952 # [msec]
   throughput   :   56.478 # [mwords/sec]
   Debug_Time(0):   28.975 # [msec]
   Debug_Time(1):   13.920 # [msec]
   Debug_Time(2):    8.245 # [msec]
   Debug_Time(3):    6.810 # [msec]
-
   Version      : 1.7
   Ways         : 32
   Words        : 1
   Feedback     : 1
   WordBits     : 32
   IndexBits    : 32
   Sort Order   : 0
   Sign Compare : 0
   Max Size     : 268435455
   Debug Enable : 1
   size         : 680000
   average_time :   12.069 # [msec]
   throughput   :   56.343 # [mwords/sec]
   Debug_Time(0):   29.248 # [msec]
   Debug_Time(1):   14.026 # [msec]
   Debug_Time(2):    8.363 # [msec]
   Debug_Time(3):    6.859 # [msec]
-
   Version      : 1.7
   Ways         : 32
   Words        : 1
   Feedback     : 1
   WordBits     : 32
   IndexBits    : 32
   Sort Order   : 0
   Sign Compare : 0
   Max Size     : 268435455
   Debug Enable : 1
   size         : 685000
   average_time :   12.133 # [msec]
   throughput   :   56.460 # [mwords/sec]
   Debug_Time(0):   29.447 # [msec]
   Debug_Time(1):   14.126 # [msec]
   Debug_Time(2):    8.410 # [msec]
   Debug_Time(3):    6.910 # [msec]
-
   Version      : 1.7
   Ways         : 32
   Words        : 1
   Feedback     : 1
   WordBits     : 32
   IndexBits    : 32
   Sort Order   : 0
   Sign Compare : 0
   Max Size     : 268435455
   Debug Enable : 1
   size         : 690000
   average_time :   12.236 # [msec]
   throughput   :   56.392 # [mwords/sec]
   Debug_Time(0):   29.608 # [msec]
   Debug_Time(1):   14.200 # [msec]
   Debug_Time(2):    8.448 # [msec]
   Debug_Time(3):    6.961 # [msec]
-
   Version      : 1.7
   Ways         : 32
   Words        : 1
   Feedback     : 1
   WordBits     : 32
   IndexBits    : 32
   Sort Order   : 0
   Sign Compare : 0
   Max Size     : 268435455
   Debug Enable : 1
   size         : 695000
   average_time :   12.305 # [msec]
   throughput   :   56.481 # [mwords/sec]
   Debug_Time(0):   29.832 # [msec]
   Debug_Time(1):   14.329 # [msec]
   Debug_Time(2):    8.492 # [msec]
   Debug_Time(3):    7.011 # [msec]
-
   Version      : 1.7
   Ways         : 32
   Words        : 1
   Feedback     : 1
   WordBits     : 32
   IndexBits    : 32
   Sort Order   : 0
   Sign Compare : 0
   Max Size     : 268435455
   Debug Enable : 1
   size         : 700000
   average_time :   12.384 # [msec]
   throughput   :   56.524 # [mwords/sec]
   Debug_Time(0):   30.037 # [msec]
   Debug_Time(1):   14.412 # [msec]
   Debug_Time(2):    8.565 # [msec]
   Debug_Time(3):    7.060 # [msec]
-
   Version      : 1.7
   Ways         : 32
   Words        : 1
   Feedback     : 1
   WordBits     : 32
   IndexBits    : 32
   Sort Order   : 0
   Sign Compare : 0
   Max Size     : 268435455
   Debug Enable : 1
   size         : 705000
   average_time :   12.412 # [msec]
   throughput   :   56.800 # [mwords/sec]
   Debug_Time(0):   30.205 # [msec]
   Debug_Time(1):   14.495 # [msec]
   Debug_Time(2):    8.601 # [msec]
   Debug_Time(3):    7.109 # [msec]
-
   Version      : 1.7
   Ways         : 32
   Words        : 1
   Feedback     : 1
   WordBits     : 32
   IndexBits    : 32
   Sort Order   : 0
   Sign Compare : 0
   Max Size     : 268435455
   Debug Enable : 1
   size         : 710000
   average_time :   12.561 # [msec]
   throughput   :   56.525 # [mwords/sec]
   Debug_Time(0):   30.508 # [msec]
   Debug_Time(1):   14.623 # [msec]
   Debug_Time(2):    8.724 # [msec]
   Debug_Time(3):    7.161 # [msec]
-
   Version      : 1.7
   Ways         : 32
   Words        : 1
   Feedback     : 1
   WordBits     : 32
   IndexBits    : 32
   Sort Order   : 0
   Sign Compare : 0
   Max Size     : 268435455
   Debug Enable : 1
   size         : 715000
   average_time :   12.639 # [msec]
   throughput   :   56.572 # [mwords/sec]
   Debug_Time(0):   30.737 # [msec]
   Debug_Time(1):   14.747 # [msec]
   Debug_Time(2):    8.779 # [msec]
   Debug_Time(3):    7.212 # [msec]
-
   Version      : 1.7
   Ways         : 32
   Words        : 1
   Feedback     : 1
   WordBits     : 32
   IndexBits    : 32
   Sort Order   : 0
   Sign Compare : 0
   Max Size     : 268435455
   Debug Enable : 1
   size         : 720000
   average_time :   12.733 # [msec]
   throughput   :   56.545 # [mwords/sec]
   Debug_Time(0):   30.901 # [msec]
   Debug_Time(1):   14.801 # [msec]
   Debug_Time(2):    8.838 # [msec]
   Debug_Time(3):    7.262 # [msec]
-
   Version      : 1.7
   Ways         : 32
   Words        : 1
   Feedback     : 1
   WordBits     : 32
   IndexBits    : 32
   Sort Order   : 0
   Sign Compare : 0
   Max Size     : 268435455
   Debug Enable : 1
   size         : 725000
   average_time :   12.789 # [msec]
   throughput   :   56.690 # [mwords/sec]
   Debug_Time(0):   31.114 # [msec]
   Debug_Time(1):   14.922 # [msec]
   Debug_Time(2):    8.877 # [msec]
   Debug_Time(3):    7.315 # [msec]
-
   Version      : 1.7
   Ways         : 32
   Words        : 1
   Feedback     : 1
   WordBits     : 32
   IndexBits    : 32
   Sort Order   : 0
   Sign Compare : 0
   Max Size     : 268435455
   Debug Enable : 1
   size         : 730000
   average_time :   12.896 # [msec]
   throughput   :   56.607 # [mwords/sec]
   Debug_Time(0):   31.338 # [msec]
   Debug_Time(1):   15.020 # [msec]
   Debug_Time(2):    8.954 # [msec]
   Debug_Time(3):    7.364 # [msec]
-
   Version      : 1.7
   Ways         : 32
   Words        : 1
   Feedback     : 1
   WordBits     : 32
   IndexBits    : 32
   Sort Order   : 0
   Sign Compare : 0
   Max Size     : 268435455
   Debug Enable : 1
   size         : 735000
   average_time :   12.971 # [msec]
   throughput   :   56.665 # [mwords/sec]
   Debug_Time(0):   31.530 # [msec]
   Debug_Time(1):   15.136 # [msec]
   Debug_Time(2):    8.980 # [msec]
   Debug_Time(3):    7.414 # [msec]
-
   Version      : 1.7
   Ways         : 32
   Words        : 1
   Feedback     : 1
   WordBits     : 32
   IndexBits    : 32
   Sort Order   : 0
   Sign Compare : 0
   Max Size     : 268435455
   Debug Enable : 1
   size         : 740000
   average_time :   13.074 # [msec]
   throughput   :   56.600 # [mwords/sec]
   Debug_Time(0):   31.792 # [msec]
   Debug_Time(1):   15.260 # [msec]
   Debug_Time(2):    9.070 # [msec]
   Debug_Time(3):    7.463 # [msec]
-
   Version      : 1.7
   Ways         : 32
   Words        : 1
   Feedback     : 1
   WordBits     : 32
   IndexBits    : 32
   Sort Order   : 0
   Sign Compare : 0
   Max Size     : 268435455
   Debug Enable : 1
   size         : 745000
   average_time :   13.169 # [msec]
   throughput   :   56.571 # [mwords/sec]
   Debug_Time(0):   31.995 # [msec]
   Debug_Time(1):   15.327 # [msec]
   Debug_Time(2):    9.154 # [msec]
   Debug_Time(3):    7.513 # [msec]
-
   Version      : 1.7
   Ways         : 32
   Words        : 1
   Feedback     : 1
   WordBits     : 32
   IndexBits    : 32
   Sort Order   : 0
   Sign Compare : 0
   Max Size     : 268435455
   Debug Enable : 1
   size         : 750000
   average_time :   13.269 # [msec]
   throughput   :   56.524 # [mwords/sec]
   Debug_Time(0):   32.260 # [msec]
   Debug_Time(1):   15.470 # [msec]
   Debug_Time(2):    9.227 # [msec]
   Debug_Time(3):    7.563 # [msec]
-
   Version      : 1.7
   Ways         : 32
   Words        : 1
   Feedback     : 1
   WordBits     : 32
   IndexBits    : 32
   Sort Order   : 0
   Sign Compare : 0
   Max Size     : 268435455
   Debug Enable : 1
   size         : 755000
   average_time :   13.342 # [msec]
   throughput   :   56.589 # [mwords/sec]
   Debug_Time(0):   32.401 # [msec]
   Debug_Time(1):   15.523 # [msec]
   Debug_Time(2):    9.262 # [msec]
   Debug_Time(3):    7.616 # [msec]
-
   Version      : 1.7
   Ways         : 32
   Words        : 1
   Feedback     : 1
   WordBits     : 32
   IndexBits    : 32
   Sort Order   : 0
   Sign Compare : 0
   Max Size     : 268435455
   Debug Enable : 1
   size         : 760000
   average_time :   13.420 # [msec]
   throughput   :   56.634 # [mwords/sec]
   Debug_Time(0):   32.852 # [msec]
   Debug_Time(1):   15.907 # [msec]
   Debug_Time(2):    9.278 # [msec]
   Debug_Time(3):    7.667 # [msec]
-
   Version      : 1.7
   Ways         : 32
   Words        : 1
   Feedback     : 1
   WordBits     : 32
   IndexBits    : 32
   Sort Order   : 0
   Sign Compare : 0
   Max Size     : 268435455
   Debug Enable : 1
   size         : 765000
   average_time :   13.468 # [msec]
   throughput   :   56.802 # [mwords/sec]
   Debug_Time(0):   32.861 # [msec]
   Debug_Time(1):   15.769 # [msec]
   Debug_Time(2):    9.374 # [msec]
   Debug_Time(3):    7.718 # [msec]
-
   Version      : 1.7
   Ways         : 32
   Words        : 1
   Feedback     : 1
   WordBits     : 32
   IndexBits    : 32
   Sort Order   : 0
   Sign Compare : 0
   Max Size     : 268435455
   Debug Enable : 1
   size         : 770000
   average_time :   13.582 # [msec]
   throughput   :   56.695 # [mwords/sec]
   Debug_Time(0):   33.142 # [msec]
   Debug_Time(1):   15.938 # [msec]
   Debug_Time(2):    9.435 # [msec]
   Debug_Time(3):    7.769 # [msec]
-
   Version      : 1.7
   Ways         : 32
   Words        : 1
   Feedback     : 1
   WordBits     : 32
   IndexBits    : 32
   Sort Order   : 0
   Sign Compare : 0
   Max Size     : 268435455
   Debug Enable : 1
   size         : 775000
   average_time :   13.686 # [msec]
   throughput   :   56.626 # [mwords/sec]
   Debug_Time(0):   33.624 # [msec]
   Debug_Time(1):   16.295 # [msec]
   Debug_Time(2):    9.512 # [msec]
   Debug_Time(3):    7.817 # [msec]
-
   Version      : 1.7
   Ways         : 32
   Words        : 1
   Feedback     : 1
   WordBits     : 32
   IndexBits    : 32
   Sort Order   : 0
   Sign Compare : 0
   Max Size     : 268435455
   Debug Enable : 1
   size         : 780000
   average_time :   13.753 # [msec]
   throughput   :   56.717 # [mwords/sec]
   Debug_Time(0):   33.644 # [msec]
   Debug_Time(1):   16.172 # [msec]
   Debug_Time(2):    9.606 # [msec]
   Debug_Time(3):    7.866 # [msec]
-
   Version      : 1.7
   Ways         : 32
   Words        : 1
   Feedback     : 1
   WordBits     : 32
   IndexBits    : 32
   Sort Order   : 0
   Sign Compare : 0
   Max Size     : 268435455
   Debug Enable : 1
   size         : 785000
   average_time :   13.851 # [msec]
   throughput   :   56.675 # [mwords/sec]
   Debug_Time(0):   33.779 # [msec]
   Debug_Time(1):   16.250 # [msec]
   Debug_Time(2):    9.613 # [msec]
   Debug_Time(3):    7.916 # [msec]
-
   Version      : 1.7
   Ways         : 32
   Words        : 1
   Feedback     : 1
   WordBits     : 32
   IndexBits    : 32
   Sort Order   : 0
   Sign Compare : 0
   Max Size     : 268435455
   Debug Enable : 1
   size         : 790000
   average_time :   13.952 # [msec]
   throughput   :   56.621 # [mwords/sec]
   Debug_Time(0):   33.959 # [msec]
   Debug_Time(1):   16.280 # [msec]
   Debug_Time(2):    9.710 # [msec]
   Debug_Time(3):    7.969 # [msec]
-
   Version      : 1.7
   Ways         : 32
   Words        : 1
   Feedback     : 1
   WordBits     : 32
   IndexBits    : 32
   Sort Order   : 0
   Sign Compare : 0
   Max Size     : 268435455
   Debug Enable : 1
   size         : 795000
   average_time :   14.028 # [msec]
   throughput   :   56.674 # [mwords/sec]
   Debug_Time(0):   34.445 # [msec]
   Debug_Time(1):   16.696 # [msec]
   Debug_Time(2):    9.730 # [msec]
   Debug_Time(3):    8.019 # [msec]
-
   Version      : 1.7
   Ways         : 32
   Words        : 1
   Feedback     : 1
   WordBits     : 32
   IndexBits    : 32
   Sort Order   : 0
   Sign Compare : 0
   Max Size     : 268435455
   Debug Enable : 1
   size         : 800000
   average_time :   14.100 # [msec]
   throughput   :   56.738 # [mwords/sec]
   Debug_Time(0):   34.300 # [msec]
   Debug_Time(1):   16.449 # [msec]
   Debug_Time(2):    9.782 # [msec]
   Debug_Time(3):    8.069 # [msec]
-
   Version      : 1.7
   Ways         : 32
   Words        : 1
   Feedback     : 1
   WordBits     : 32
   IndexBits    : 32
   Sort Order   : 0
   Sign Compare : 0
   Max Size     : 268435455
   Debug Enable : 1
   size         : 805000
   average_time :   14.198 # [msec]
   throughput   :   56.698 # [mwords/sec]
   Debug_Time(0):   34.610 # [msec]
   Debug_Time(1):   16.606 # [msec]
   Debug_Time(2):    9.884 # [msec]
   Debug_Time(3):    8.120 # [msec]
-
   Version      : 1.7
   Ways         : 32
   Words        : 1
   Feedback     : 1
   WordBits     : 32
   IndexBits    : 32
   Sort Order   : 0
   Sign Compare : 0
   Max Size     : 268435455
   Debug Enable : 1
   size         : 810000
   average_time :   14.288 # [msec]
   throughput   :   56.692 # [mwords/sec]
   Debug_Time(0):   34.832 # [msec]
   Debug_Time(1):   16.738 # [msec]
   Debug_Time(2):    9.925 # [msec]
   Debug_Time(3):    8.170 # [msec]
-
   Version      : 1.7
   Ways         : 32
   Words        : 1
   Feedback     : 1
   WordBits     : 32
   IndexBits    : 32
   Sort Order   : 0
   Sign Compare : 0
   Max Size     : 268435455
   Debug Enable : 1
   size         : 815000
   average_time :   14.330 # [msec]
   throughput   :   56.873 # [mwords/sec]
   Debug_Time(0):   34.887 # [msec]
   Debug_Time(1):   16.676 # [msec]
   Debug_Time(2):    9.992 # [msec]
   Debug_Time(3):    8.220 # [msec]
-
   Version      : 1.7
   Ways         : 32
   Words        : 1
   Feedback     : 1
   WordBits     : 32
   IndexBits    : 32
   Sort Order   : 0
   Sign Compare : 0
   Max Size     : 268435455
   Debug Enable : 1
   size         : 820000
   average_time :   14.443 # [msec]
   throughput   :   56.773 # [mwords/sec]
   Debug_Time(0):   35.000 # [msec]
   Debug_Time(1):   16.695 # [msec]
   Debug_Time(2):   10.033 # [msec]
   Debug_Time(3):    8.271 # [msec]
-
   Version      : 1.7
   Ways         : 32
   Words        : 1
   Feedback     : 1
   WordBits     : 32
   IndexBits    : 32
   Sort Order   : 0
   Sign Compare : 0
   Max Size     : 268435455
   Debug Enable : 1
   size         : 825000
   average_time :   14.525 # [msec]
   throughput   :   56.800 # [mwords/sec]
   Debug_Time(0):   35.312 # [msec]
   Debug_Time(1):   16.916 # [msec]
   Debug_Time(2):   10.075 # [msec]
   Debug_Time(3):    8.321 # [msec]
-
   Version      : 1.7
   Ways         : 32
   Words        : 1
   Feedback     : 1
   WordBits     : 32
   IndexBits    : 32
   Sort Order   : 0
   Sign Compare : 0
   Max Size     : 268435455
   Debug Enable : 1
   size         : 830000
   average_time :   14.594 # [msec]
   throughput   :   56.874 # [mwords/sec]
   Debug_Time(0):   35.447 # [msec]
   Debug_Time(1):   16.927 # [msec]
   Debug_Time(2):   10.147 # [msec]
   Debug_Time(3):    8.373 # [msec]
-
   Version      : 1.7
   Ways         : 32
   Words        : 1
   Feedback     : 1
   WordBits     : 32
   IndexBits    : 32
   Sort Order   : 0
   Sign Compare : 0
   Max Size     : 268435455
   Debug Enable : 1
   size         : 835000
   average_time :   14.676 # [msec]
   throughput   :   56.896 # [mwords/sec]
   Debug_Time(0):   35.662 # [msec]
   Debug_Time(1):   17.008 # [msec]
   Debug_Time(2):   10.232 # [msec]
   Debug_Time(3):    8.422 # [msec]
-
   Version      : 1.7
   Ways         : 32
   Words        : 1
   Feedback     : 1
   WordBits     : 32
   IndexBits    : 32
   Sort Order   : 0
   Sign Compare : 0
   Max Size     : 268435455
   Debug Enable : 1
   size         : 840000
   average_time :   14.753 # [msec]
   throughput   :   56.939 # [mwords/sec]
   Debug_Time(0):   35.873 # [msec]
   Debug_Time(1):   17.158 # [msec]
   Debug_Time(2):   10.243 # [msec]
   Debug_Time(3):    8.472 # [msec]
-
   Version      : 1.7
   Ways         : 32
   Words        : 1
   Feedback     : 1
   WordBits     : 32
   IndexBits    : 32
   Sort Order   : 0
   Sign Compare : 0
   Max Size     : 268435455
   Debug Enable : 1
   size         : 845000
   average_time :   14.836 # [msec]
   throughput   :   56.957 # [mwords/sec]
   Debug_Time(0):   36.085 # [msec]
   Debug_Time(1):   17.210 # [msec]
   Debug_Time(2):   10.352 # [msec]
   Debug_Time(3):    8.523 # [msec]
-
   Version      : 1.7
   Ways         : 32
   Words        : 1
   Feedback     : 1
   WordBits     : 32
   IndexBits    : 32
   Sort Order   : 0
   Sign Compare : 0
   Max Size     : 268435455
   Debug Enable : 1
   size         : 850000
   average_time :   14.944 # [msec]
   throughput   :   56.879 # [mwords/sec]
   Debug_Time(0):   36.387 # [msec]
   Debug_Time(1):   17.381 # [msec]
   Debug_Time(2):   10.433 # [msec]
   Debug_Time(3):    8.573 # [msec]
-
   Version      : 1.7
   Ways         : 32
   Words        : 1
   Feedback     : 1
   WordBits     : 32
   IndexBits    : 32
   Sort Order   : 0
   Sign Compare : 0
   Max Size     : 268435455
   Debug Enable : 1
   size         : 855000
   average_time :   15.020 # [msec]
   throughput   :   56.924 # [mwords/sec]
   Debug_Time(0):   36.677 # [msec]
   Debug_Time(1):   17.576 # [msec]
   Debug_Time(2):   10.476 # [msec]
   Debug_Time(3):    8.626 # [msec]
-
   Version      : 1.7
   Ways         : 32
   Words        : 1
   Feedback     : 1
   WordBits     : 32
   IndexBits    : 32
   Sort Order   : 0
   Sign Compare : 0
   Max Size     : 268435455
   Debug Enable : 1
   size         : 860000
   average_time :   15.119 # [msec]
   throughput   :   56.882 # [mwords/sec]
   Debug_Time(0):   36.930 # [msec]
   Debug_Time(1):   17.708 # [msec]
   Debug_Time(2):   10.548 # [msec]
   Debug_Time(3):    8.674 # [msec]
-
   Version      : 1.7
   Ways         : 32
   Words        : 1
   Feedback     : 1
   WordBits     : 32
   IndexBits    : 32
   Sort Order   : 0
   Sign Compare : 0
   Max Size     : 268435455
   Debug Enable : 1
   size         : 865000
   average_time :   15.150 # [msec]
   throughput   :   57.097 # [mwords/sec]
   Debug_Time(0):   37.014 # [msec]
   Debug_Time(1):   17.740 # [msec]
   Debug_Time(2):   10.550 # [msec]
   Debug_Time(3):    8.724 # [msec]
-
   Version      : 1.7
   Ways         : 32
   Words        : 1
   Feedback     : 1
   WordBits     : 32
   IndexBits    : 32
   Sort Order   : 0
   Sign Compare : 0
   Max Size     : 268435455
   Debug Enable : 1
   size         : 870000
   average_time :   15.285 # [msec]
   throughput   :   56.917 # [mwords/sec]
   Debug_Time(0):   37.196 # [msec]
   Debug_Time(1):   17.723 # [msec]
   Debug_Time(2):   10.700 # [msec]
   Debug_Time(3):    8.773 # [msec]
-
   Version      : 1.7
   Ways         : 32
   Words        : 1
   Feedback     : 1
   WordBits     : 32
   IndexBits    : 32
   Sort Order   : 0
   Sign Compare : 0
   Max Size     : 268435455
   Debug Enable : 1
   size         : 875000
   average_time :   15.376 # [msec]
   throughput   :   56.906 # [mwords/sec]
   Debug_Time(0):   37.560 # [msec]
   Debug_Time(1):   18.003 # [msec]
   Debug_Time(2):   10.732 # [msec]
   Debug_Time(3):    8.824 # [msec]
-
   Version      : 1.7
   Ways         : 32
   Words        : 1
   Feedback     : 1
   WordBits     : 32
   IndexBits    : 32
   Sort Order   : 0
   Sign Compare : 0
   Max Size     : 268435455
   Debug Enable : 1
   size         : 880000
   average_time :   15.447 # [msec]
   throughput   :   56.970 # [mwords/sec]
   Debug_Time(0):   37.851 # [msec]
   Debug_Time(1):   18.225 # [msec]
   Debug_Time(2):   10.751 # [msec]
   Debug_Time(3):    8.875 # [msec]
-
   Version      : 1.7
   Ways         : 32
   Words        : 1
   Feedback     : 1
   WordBits     : 32
   IndexBits    : 32
   Sort Order   : 0
   Sign Compare : 0
   Max Size     : 268435455
   Debug Enable : 1
   size         : 885000
   average_time :   15.556 # [msec]
   throughput   :   56.892 # [mwords/sec]
   Debug_Time(0):   37.995 # [msec]
   Debug_Time(1):   18.202 # [msec]
   Debug_Time(2):   10.862 # [msec]
   Debug_Time(3):    8.931 # [msec]
-
   Version      : 1.7
   Ways         : 32
   Words        : 1
   Feedback     : 1
   WordBits     : 32
   IndexBits    : 32
   Sort Order   : 0
   Sign Compare : 0
   Max Size     : 268435455
   Debug Enable : 1
   size         : 890000
   average_time :   15.656 # [msec]
   throughput   :   56.847 # [mwords/sec]
   Debug_Time(0):   38.284 # [msec]
   Debug_Time(1):   18.425 # [msec]
   Debug_Time(2):   10.880 # [msec]
   Debug_Time(3):    8.978 # [msec]
-
   Version      : 1.7
   Ways         : 32
   Words        : 1
   Feedback     : 1
   WordBits     : 32
   IndexBits    : 32
   Sort Order   : 0
   Sign Compare : 0
   Max Size     : 268435455
   Debug Enable : 1
   size         : 895000
   average_time :   15.696 # [msec]
   throughput   :   57.021 # [mwords/sec]
   Debug_Time(0):   38.397 # [msec]
   Debug_Time(1):   18.423 # [msec]
   Debug_Time(2):   10.946 # [msec]
   Debug_Time(3):    9.029 # [msec]
-
   Version      : 1.7
   Ways         : 32
   Words        : 1
   Feedback     : 1
   WordBits     : 32
   IndexBits    : 32
   Sort Order   : 0
   Sign Compare : 0
   Max Size     : 268435455
   Debug Enable : 1
   size         : 900000
   average_time :   15.768 # [msec]
   throughput   :   57.078 # [mwords/sec]
   Debug_Time(0):   38.574 # [msec]
   Debug_Time(1):   18.524 # [msec]
   Debug_Time(2):   10.972 # [msec]
   Debug_Time(3):    9.077 # [msec]
-
   Version      : 1.7
   Ways         : 32
   Words        : 1
   Feedback     : 1
   WordBits     : 32
   IndexBits    : 32
   Sort Order   : 0
   Sign Compare : 0
   Max Size     : 268435455
   Debug Enable : 1
   size         : 905000
   average_time :   15.878 # [msec]
   throughput   :   56.996 # [mwords/sec]
   Debug_Time(0):   39.005 # [msec]
   Debug_Time(1):   18.749 # [msec]
   Debug_Time(2):   11.130 # [msec]
   Debug_Time(3):    9.127 # [msec]
-
   Version      : 1.7
   Ways         : 32
   Words        : 1
   Feedback     : 1
   WordBits     : 32
   IndexBits    : 32
   Sort Order   : 0
   Sign Compare : 0
   Max Size     : 268435455
   Debug Enable : 1
   size         : 910000
   average_time :   15.937 # [msec]
   throughput   :   57.100 # [mwords/sec]
   Debug_Time(0):   39.049 # [msec]
   Debug_Time(1):   18.780 # [msec]
   Debug_Time(2):   11.093 # [msec]
   Debug_Time(3):    9.176 # [msec]
-
   Version      : 1.7
   Ways         : 32
   Words        : 1
   Feedback     : 1
   WordBits     : 32
   IndexBits    : 32
   Sort Order   : 0
   Sign Compare : 0
   Max Size     : 268435455
   Debug Enable : 1
   size         : 915000
   average_time :   16.054 # [msec]
   throughput   :   56.996 # [mwords/sec]
   Debug_Time(0):   39.410 # [msec]
   Debug_Time(1):   18.967 # [msec]
   Debug_Time(2):   11.216 # [msec]
   Debug_Time(3):    9.227 # [msec]
-
   Version      : 1.7
   Ways         : 32
   Words        : 1
   Feedback     : 1
   WordBits     : 32
   IndexBits    : 32
   Sort Order   : 0
   Sign Compare : 0
   Max Size     : 268435455
   Debug Enable : 1
   size         : 920000
   average_time :   16.144 # [msec]
   throughput   :   56.985 # [mwords/sec]
   Debug_Time(0):   39.608 # [msec]
   Debug_Time(1):   19.032 # [msec]
   Debug_Time(2):   11.297 # [msec]
   Debug_Time(3):    9.279 # [msec]
-
   Version      : 1.7
   Ways         : 32
   Words        : 1
   Feedback     : 1
   WordBits     : 32
   IndexBits    : 32
   Sort Order   : 0
   Sign Compare : 0
   Max Size     : 268435455
   Debug Enable : 1
   size         : 925000
   average_time :   16.192 # [msec]
   throughput   :   57.129 # [mwords/sec]
   Debug_Time(0):   39.726 # [msec]
   Debug_Time(1):   19.147 # [msec]
   Debug_Time(2):   11.249 # [msec]
   Debug_Time(3):    9.330 # [msec]
-
   Version      : 1.7
   Ways         : 32
   Words        : 1
   Feedback     : 1
   WordBits     : 32
   IndexBits    : 32
   Sort Order   : 0
   Sign Compare : 0
   Max Size     : 268435455
   Debug Enable : 1
   size         : 930000
   average_time :   16.295 # [msec]
   throughput   :   57.072 # [mwords/sec]
   Debug_Time(0):   40.033 # [msec]
   Debug_Time(1):   19.252 # [msec]
   Debug_Time(2):   11.401 # [msec]
   Debug_Time(3):    9.381 # [msec]
-
   Version      : 1.7
   Ways         : 32
   Words        : 1
   Feedback     : 1
   WordBits     : 32
   IndexBits    : 32
   Sort Order   : 0
   Sign Compare : 0
   Max Size     : 268435455
   Debug Enable : 1
   size         : 935000
   average_time :   16.391 # [msec]
   throughput   :   57.043 # [mwords/sec]
   Debug_Time(0):   40.212 # [msec]
   Debug_Time(1):   19.287 # [msec]
   Debug_Time(2):   11.494 # [msec]
   Debug_Time(3):    9.431 # [msec]
-
   Version      : 1.7
   Ways         : 32
   Words        : 1
   Feedback     : 1
   WordBits     : 32
   IndexBits    : 32
   Sort Order   : 0
   Sign Compare : 0
   Max Size     : 268435455
   Debug Enable : 1
   size         : 940000
   average_time :   16.459 # [msec]
   throughput   :   57.112 # [mwords/sec]
   Debug_Time(0):   40.408 # [msec]
   Debug_Time(1):   19.418 # [msec]
   Debug_Time(2):   11.509 # [msec]
   Debug_Time(3):    9.480 # [msec]
-
   Version      : 1.7
   Ways         : 32
   Words        : 1
   Feedback     : 1
   WordBits     : 32
   IndexBits    : 32
   Sort Order   : 0
   Sign Compare : 0
   Max Size     : 268435455
   Debug Enable : 1
   size         : 945000
   average_time :   16.530 # [msec]
   throughput   :   57.169 # [mwords/sec]
   Debug_Time(0):   40.523 # [msec]
   Debug_Time(1):   19.401 # [msec]
   Debug_Time(2):   11.591 # [msec]
   Debug_Time(3):    9.531 # [msec]
-
   Version      : 1.7
   Ways         : 32
   Words        : 1
   Feedback     : 1
   WordBits     : 32
   IndexBits    : 32
   Sort Order   : 0
   Sign Compare : 0
   Max Size     : 268435455
   Debug Enable : 1
   size         : 950000
   average_time :   16.615 # [msec]
   throughput   :   57.178 # [mwords/sec]
   Debug_Time(0):   40.741 # [msec]
   Debug_Time(1):   19.519 # [msec]
   Debug_Time(2):   11.642 # [msec]
   Debug_Time(3):    9.580 # [msec]
-
   Version      : 1.7
   Ways         : 32
   Words        : 1
   Feedback     : 1
   WordBits     : 32
   IndexBits    : 32
   Sort Order   : 0
   Sign Compare : 0
   Max Size     : 268435455
   Debug Enable : 1
   size         : 955000
   average_time :   16.733 # [msec]
   throughput   :   57.073 # [mwords/sec]
   Debug_Time(0):   41.036 # [msec]
   Debug_Time(1):   19.699 # [msec]
   Debug_Time(2):   11.705 # [msec]
   Debug_Time(3):    9.632 # [msec]
-
   Version      : 1.7
   Ways         : 32
   Words        : 1
   Feedback     : 1
   WordBits     : 32
   IndexBits    : 32
   Sort Order   : 0
   Sign Compare : 0
   Max Size     : 268435455
   Debug Enable : 1
   size         : 960000
   average_time :   16.812 # [msec]
   throughput   :   57.103 # [mwords/sec]
   Debug_Time(0):   41.137 # [msec]
   Debug_Time(1):   19.699 # [msec]
   Debug_Time(2):   11.756 # [msec]
   Debug_Time(3):    9.681 # [msec]
-
   Version      : 1.7
   Ways         : 32
   Words        : 1
   Feedback     : 1
   WordBits     : 32
   IndexBits    : 32
   Sort Order   : 0
   Sign Compare : 0
   Max Size     : 268435455
   Debug Enable : 1
   size         : 965000
   average_time :   16.853 # [msec]
   throughput   :   57.259 # [mwords/sec]
   Debug_Time(0):   41.322 # [msec]
   Debug_Time(1):   19.841 # [msec]
   Debug_Time(2):   11.748 # [msec]
   Debug_Time(3):    9.732 # [msec]
-
   Version      : 1.7
   Ways         : 32
   Words        : 1
   Feedback     : 1
   WordBits     : 32
   IndexBits    : 32
   Sort Order   : 0
   Sign Compare : 0
   Max Size     : 268435455
   Debug Enable : 1
   size         : 970000
   average_time :   16.968 # [msec]
   throughput   :   57.167 # [mwords/sec]
   Debug_Time(0):   41.797 # [msec]
   Debug_Time(1):   20.103 # [msec]
   Debug_Time(2):   11.912 # [msec]
   Debug_Time(3):    9.783 # [msec]
-
   Version      : 1.7
   Ways         : 32
   Words        : 1
   Feedback     : 1
   WordBits     : 32
   IndexBits    : 32
   Sort Order   : 0
   Sign Compare : 0
   Max Size     : 268435455
   Debug Enable : 1
   size         : 975000
   average_time :   17.049 # [msec]
   throughput   :   57.189 # [mwords/sec]
   Debug_Time(0):   41.897 # [msec]
   Debug_Time(1):   20.135 # [msec]
   Debug_Time(2):   11.926 # [msec]
   Debug_Time(3):    9.837 # [msec]
-
   Version      : 1.7
   Ways         : 32
   Words        : 1
   Feedback     : 1
   WordBits     : 32
   IndexBits    : 32
   Sort Order   : 0
   Sign Compare : 0
   Max Size     : 268435455
   Debug Enable : 1
   size         : 980000
   average_time :   17.107 # [msec]
   throughput   :   57.285 # [mwords/sec]
   Debug_Time(0):   42.101 # [msec]
   Debug_Time(1):   20.224 # [msec]
   Debug_Time(2):   11.992 # [msec]
   Debug_Time(3):    9.885 # [msec]
-
   Version      : 1.7
   Ways         : 32
   Words        : 1
   Feedback     : 1
   WordBits     : 32
   IndexBits    : 32
   Sort Order   : 0
   Sign Compare : 0
   Max Size     : 268435455
   Debug Enable : 1
   size         : 985000
   average_time :   17.160 # [msec]
   throughput   :   57.401 # [mwords/sec]
   Debug_Time(0):   42.100 # [msec]
   Debug_Time(1):   20.168 # [msec]
   Debug_Time(2):   11.996 # [msec]
   Debug_Time(3):    9.936 # [msec]
-
   Version      : 1.7
   Ways         : 32
   Words        : 1
   Feedback     : 1
   WordBits     : 32
   IndexBits    : 32
   Sort Order   : 0
   Sign Compare : 0
   Max Size     : 268435455
   Debug Enable : 1
   size         : 990000
   average_time :   17.283 # [msec]
   throughput   :   57.280 # [mwords/sec]
   Debug_Time(0):   42.515 # [msec]
   Debug_Time(1):   20.442 # [msec]
   Debug_Time(2):   12.089 # [msec]
   Debug_Time(3):    9.985 # [msec]
-
   Version      : 1.7
   Ways         : 32
   Words        : 1
   Feedback     : 1
   WordBits     : 32
   IndexBits    : 32
   Sort Order   : 0
   Sign Compare : 0
   Max Size     : 268435455
   Debug Enable : 1
   size         : 995000
   average_time :   17.354 # [msec]
   throughput   :   57.336 # [mwords/sec]
   Debug_Time(0):   42.658 # [msec]
   Debug_Time(1):   20.515 # [msec]
   Debug_Time(2):   12.108 # [msec]
   Debug_Time(3):   10.034 # [msec]
-
   Version      : 1.7
   Ways         : 32
   Words        : 1
   Feedback     : 1
   WordBits     : 32
   IndexBits    : 32
   Sort Order   : 0
   Sign Compare : 0
   Max Size     : 268435455
   Debug Enable : 1
   size         : 1000000
   average_time :   17.509 # [msec]
   throughput   :   57.113 # [mwords/sec]
   Debug_Time(0):   43.063 # [msec]
   Debug_Time(1):   20.677 # [msec]
   Debug_Time(2):   12.302 # [msec]
   Debug_Time(3):   10.084 # [msec]
