---
-
   Version      : 1.7
   Ways         : 16
   Words        : 2
   Feedback     : 1
   WordBits     : 32
   IndexBits    : 32
   Sort Order   : 0
   Sign Compare : 0
   Max Size     : 268435455
   Debug Enable : 1
   size         : 5000
   average_time :    0.238 # [msec]
   throughput   :   21.024 # [mwords/sec]
   Debug_Time(0):    0.113 # [msec]
   Debug_Time(1):    0.057 # [msec]
   Debug_Time(2):    0.056 # [msec]
-
   Version      : 1.7
   Ways         : 16
   Words        : 2
   Feedback     : 1
   WordBits     : 32
   IndexBits    : 32
   Sort Order   : 0
   Sign Compare : 0
   Max Size     : 268435455
   Debug Enable : 1
   size         : 10000
   average_time :    0.288 # [msec]
   throughput   :   34.715 # [mwords/sec]
   Debug_Time(0):    0.271 # [msec]
   Debug_Time(1):    0.110 # [msec]
   Debug_Time(2):    0.102 # [msec]
   Debug_Time(3):    0.059 # [msec]
-
   Version      : 1.7
   Ways         : 16
   Words        : 2
   Feedback     : 1
   WordBits     : 32
   IndexBits    : 32
   Sort Order   : 0
   Sign Compare : 0
   Max Size     : 268435455
   Debug Enable : 1
   size         : 15000
   average_time :    0.339 # [msec]
   throughput   :   44.234 # [mwords/sec]
   Debug_Time(0):    0.402 # [msec]
   Debug_Time(1):    0.164 # [msec]
   Debug_Time(2):    0.156 # [msec]
   Debug_Time(3):    0.082 # [msec]
-
   Version      : 1.7
   Ways         : 16
   Words        : 2
   Feedback     : 1
   WordBits     : 32
   IndexBits    : 32
   Sort Order   : 0
   Sign Compare : 0
   Max Size     : 268435455
   Debug Enable : 1
   size         : 20000
   average_time :    0.391 # [msec]
   throughput   :   51.197 # [mwords/sec]
   Debug_Time(0):    0.522 # [msec]
   Debug_Time(1):    0.214 # [msec]
   Debug_Time(2):    0.196 # [msec]
   Debug_Time(3):    0.111 # [msec]
-
   Version      : 1.7
   Ways         : 16
   Words        : 2
   Feedback     : 1
   WordBits     : 32
   IndexBits    : 32
   Sort Order   : 0
   Sign Compare : 0
   Max Size     : 268435455
   Debug Enable : 1
   size         : 25000
   average_time :    0.443 # [msec]
   throughput   :   56.448 # [mwords/sec]
   Debug_Time(0):    0.653 # [msec]
   Debug_Time(1):    0.268 # [msec]
   Debug_Time(2):    0.248 # [msec]
   Debug_Time(3):    0.137 # [msec]
-
   Version      : 1.7
   Ways         : 16
   Words        : 2
   Feedback     : 1
   WordBits     : 32
   IndexBits    : 32
   Sort Order   : 0
   Sign Compare : 0
   Max Size     : 268435455
   Debug Enable : 1
   size         : 30000
   average_time :    0.492 # [msec]
   throughput   :   61.029 # [mwords/sec]
   Debug_Time(0):    0.776 # [msec]
   Debug_Time(1):    0.321 # [msec]
   Debug_Time(2):    0.290 # [msec]
   Debug_Time(3):    0.165 # [msec]
-
   Version      : 1.7
   Ways         : 16
   Words        : 2
   Feedback     : 1
   WordBits     : 32
   IndexBits    : 32
   Sort Order   : 0
   Sign Compare : 0
   Max Size     : 268435455
   Debug Enable : 1
   size         : 35000
   average_time :    0.544 # [msec]
   throughput   :   64.288 # [mwords/sec]
   Debug_Time(0):    0.902 # [msec]
   Debug_Time(1):    0.375 # [msec]
   Debug_Time(2):    0.335 # [msec]
   Debug_Time(3):    0.192 # [msec]
-
   Version      : 1.7
   Ways         : 16
   Words        : 2
   Feedback     : 1
   WordBits     : 32
   IndexBits    : 32
   Sort Order   : 0
   Sign Compare : 0
   Max Size     : 268435455
   Debug Enable : 1
   size         : 40000
   average_time :    0.604 # [msec]
   throughput   :   66.216 # [mwords/sec]
   Debug_Time(0):    1.037 # [msec]
   Debug_Time(1):    0.428 # [msec]
   Debug_Time(2):    0.391 # [msec]
   Debug_Time(3):    0.218 # [msec]
-
   Version      : 1.7
   Ways         : 16
   Words        : 2
   Feedback     : 1
   WordBits     : 32
   IndexBits    : 32
   Sort Order   : 0
   Sign Compare : 0
   Max Size     : 268435455
   Debug Enable : 1
   size         : 45000
   average_time :    0.654 # [msec]
   throughput   :   68.832 # [mwords/sec]
   Debug_Time(0):    1.153 # [msec]
   Debug_Time(1):    0.479 # [msec]
   Debug_Time(2):    0.428 # [msec]
   Debug_Time(3):    0.247 # [msec]
-
   Version      : 1.7
   Ways         : 16
   Words        : 2
   Feedback     : 1
   WordBits     : 32
   IndexBits    : 32
   Sort Order   : 0
   Sign Compare : 0
   Max Size     : 268435455
   Debug Enable : 1
   size         : 50000
   average_time :    0.704 # [msec]
   throughput   :   71.020 # [mwords/sec]
   Debug_Time(0):    1.287 # [msec]
   Debug_Time(1):    0.532 # [msec]
   Debug_Time(2):    0.481 # [msec]
   Debug_Time(3):    0.274 # [msec]
-
   Version      : 1.7
   Ways         : 16
   Words        : 2
   Feedback     : 1
   WordBits     : 32
   IndexBits    : 32
   Sort Order   : 0
   Sign Compare : 0
   Max Size     : 268435455
   Debug Enable : 1
   size         : 55000
   average_time :    0.761 # [msec]
   throughput   :   72.241 # [mwords/sec]
   Debug_Time(0):    1.411 # [msec]
   Debug_Time(1):    0.585 # [msec]
   Debug_Time(2):    0.525 # [msec]
   Debug_Time(3):    0.301 # [msec]
-
   Version      : 1.7
   Ways         : 16
   Words        : 2
   Feedback     : 1
   WordBits     : 32
   IndexBits    : 32
   Sort Order   : 0
   Sign Compare : 0
   Max Size     : 268435455
   Debug Enable : 1
   size         : 60000
   average_time :    0.811 # [msec]
   throughput   :   73.998 # [mwords/sec]
   Debug_Time(0):    1.532 # [msec]
   Debug_Time(1):    0.639 # [msec]
   Debug_Time(2):    0.565 # [msec]
   Debug_Time(3):    0.328 # [msec]
-
   Version      : 1.7
   Ways         : 16
   Words        : 2
   Feedback     : 1
   WordBits     : 32
   IndexBits    : 32
   Sort Order   : 0
   Sign Compare : 0
   Max Size     : 268435455
   Debug Enable : 1
   size         : 65000
   average_time :    0.873 # [msec]
   throughput   :   74.448 # [mwords/sec]
   Debug_Time(0):    1.668 # [msec]
   Debug_Time(1):    0.690 # [msec]
   Debug_Time(2):    0.622 # [msec]
   Debug_Time(3):    0.356 # [msec]
-
   Version      : 1.7
   Ways         : 16
   Words        : 2
   Feedback     : 1
   WordBits     : 32
   IndexBits    : 32
   Sort Order   : 0
   Sign Compare : 0
   Max Size     : 268435455
   Debug Enable : 1
   size         : 70000
   average_time :    0.925 # [msec]
   throughput   :   75.639 # [mwords/sec]
   Debug_Time(0):    1.791 # [msec]
   Debug_Time(1):    0.743 # [msec]
   Debug_Time(2):    0.664 # [msec]
   Debug_Time(3):    0.383 # [msec]
-
   Version      : 1.7
   Ways         : 16
   Words        : 2
   Feedback     : 1
   WordBits     : 32
   IndexBits    : 32
   Sort Order   : 0
   Sign Compare : 0
   Max Size     : 268435455
   Debug Enable : 1
   size         : 75000
   average_time :    1.002 # [msec]
   throughput   :   74.856 # [mwords/sec]
   Debug_Time(0):    1.920 # [msec]
   Debug_Time(1):    0.799 # [msec]
   Debug_Time(2):    0.709 # [msec]
   Debug_Time(3):    0.412 # [msec]
-
   Version      : 1.7
   Ways         : 16
   Words        : 2
   Feedback     : 1
   WordBits     : 32
   IndexBits    : 32
   Sort Order   : 0
   Sign Compare : 0
   Max Size     : 268435455
   Debug Enable : 1
   size         : 80000
   average_time :    1.061 # [msec]
   throughput   :   75.393 # [mwords/sec]
   Debug_Time(0):    2.056 # [msec]
   Debug_Time(1):    0.855 # [msec]
   Debug_Time(2):    0.761 # [msec]
   Debug_Time(3):    0.440 # [msec]
-
   Version      : 1.7
   Ways         : 16
   Words        : 2
   Feedback     : 1
   WordBits     : 32
   IndexBits    : 32
   Sort Order   : 0
   Sign Compare : 0
   Max Size     : 268435455
   Debug Enable : 1
   size         : 85000
   average_time :    1.095 # [msec]
   throughput   :   77.647 # [mwords/sec]
   Debug_Time(0):    2.180 # [msec]
   Debug_Time(1):    0.911 # [msec]
   Debug_Time(2):    0.802 # [msec]
   Debug_Time(3):    0.467 # [msec]
-
   Version      : 1.7
   Ways         : 16
   Words        : 2
   Feedback     : 1
   WordBits     : 32
   IndexBits    : 32
   Sort Order   : 0
   Sign Compare : 0
   Max Size     : 268435455
   Debug Enable : 1
   size         : 90000
   average_time :    1.160 # [msec]
   throughput   :   77.583 # [mwords/sec]
   Debug_Time(0):    2.349 # [msec]
   Debug_Time(1):    0.995 # [msec]
   Debug_Time(2):    0.858 # [msec]
   Debug_Time(3):    0.496 # [msec]
-
   Version      : 1.7
   Ways         : 16
   Words        : 2
   Feedback     : 1
   WordBits     : 32
   IndexBits    : 32
   Sort Order   : 0
   Sign Compare : 0
   Max Size     : 268435455
   Debug Enable : 1
   size         : 95000
   average_time :    1.283 # [msec]
   throughput   :   74.026 # [mwords/sec]
   Debug_Time(0):    2.590 # [msec]
   Debug_Time(1):    1.162 # [msec]
   Debug_Time(2):    0.902 # [msec]
   Debug_Time(3):    0.526 # [msec]
-
   Version      : 1.7
   Ways         : 16
   Words        : 2
   Feedback     : 1
   WordBits     : 32
   IndexBits    : 32
   Sort Order   : 0
   Sign Compare : 0
   Max Size     : 268435455
   Debug Enable : 1
   size         : 100000
   average_time :    1.358 # [msec]
   throughput   :   73.613 # [mwords/sec]
   Debug_Time(0):    2.816 # [msec]
   Debug_Time(1):    1.309 # [msec]
   Debug_Time(2):    0.943 # [msec]
   Debug_Time(3):    0.564 # [msec]
-
   Version      : 1.7
   Ways         : 16
   Words        : 2
   Feedback     : 1
   WordBits     : 32
   IndexBits    : 32
   Sort Order   : 0
   Sign Compare : 0
   Max Size     : 268435455
   Debug Enable : 1
   size         : 105000
   average_time :    1.561 # [msec]
   throughput   :   67.285 # [mwords/sec]
   Debug_Time(0):    3.194 # [msec]
   Debug_Time(1):    1.594 # [msec]
   Debug_Time(2):    1.002 # [msec]
   Debug_Time(3):    0.598 # [msec]
-
   Version      : 1.7
   Ways         : 16
   Words        : 2
   Feedback     : 1
   WordBits     : 32
   IndexBits    : 32
   Sort Order   : 0
   Sign Compare : 0
   Max Size     : 268435455
   Debug Enable : 1
   size         : 110000
   average_time :    1.547 # [msec]
   throughput   :   71.091 # [mwords/sec]
   Debug_Time(0):    3.307 # [msec]
   Debug_Time(1):    1.626 # [msec]
   Debug_Time(2):    1.036 # [msec]
   Debug_Time(3):    0.645 # [msec]
-
   Version      : 1.7
   Ways         : 16
   Words        : 2
   Feedback     : 1
   WordBits     : 32
   IndexBits    : 32
   Sort Order   : 0
   Sign Compare : 0
   Max Size     : 268435455
   Debug Enable : 1
   size         : 115000
   average_time :    1.673 # [msec]
   throughput   :   68.751 # [mwords/sec]
   Debug_Time(0):    3.625 # [msec]
   Debug_Time(1):    1.839 # [msec]
   Debug_Time(2):    1.091 # [msec]
   Debug_Time(3):    0.695 # [msec]
-
   Version      : 1.7
   Ways         : 16
   Words        : 2
   Feedback     : 1
   WordBits     : 32
   IndexBits    : 32
   Sort Order   : 0
   Sign Compare : 0
   Max Size     : 268435455
   Debug Enable : 1
   size         : 120000
   average_time :    1.772 # [msec]
   throughput   :   67.732 # [mwords/sec]
   Debug_Time(0):    3.954 # [msec]
   Debug_Time(1):    2.078 # [msec]
   Debug_Time(2):    1.137 # [msec]
   Debug_Time(3):    0.739 # [msec]
-
   Version      : 1.7
   Ways         : 16
   Words        : 2
   Feedback     : 1
   WordBits     : 32
   IndexBits    : 32
   Sort Order   : 0
   Sign Compare : 0
   Max Size     : 268435455
   Debug Enable : 1
   size         : 125000
   average_time :    1.882 # [msec]
   throughput   :   66.433 # [mwords/sec]
   Debug_Time(0):    4.243 # [msec]
   Debug_Time(1):    2.273 # [msec]
   Debug_Time(2):    1.181 # [msec]
   Debug_Time(3):    0.789 # [msec]
-
   Version      : 1.7
   Ways         : 16
   Words        : 2
   Feedback     : 1
   WordBits     : 32
   IndexBits    : 32
   Sort Order   : 0
   Sign Compare : 0
   Max Size     : 268435455
   Debug Enable : 1
   size         : 130000
   average_time :    2.013 # [msec]
   throughput   :   64.584 # [mwords/sec]
   Debug_Time(0):    4.569 # [msec]
   Debug_Time(1):    2.513 # [msec]
   Debug_Time(2):    1.230 # [msec]
   Debug_Time(3):    0.827 # [msec]
-
   Version      : 1.7
   Ways         : 16
   Words        : 2
   Feedback     : 1
   WordBits     : 32
   IndexBits    : 32
   Sort Order   : 0
   Sign Compare : 0
   Max Size     : 268435455
   Debug Enable : 1
   size         : 135000
   average_time :    2.412 # [msec]
   throughput   :   55.960 # [mwords/sec]
   Debug_Time(0):    5.556 # [msec]
   Debug_Time(1):    2.730 # [msec]
   Debug_Time(2):    1.260 # [msec]
   Debug_Time(3):    0.763 # [msec]
   Debug_Time(4):    0.804 # [msec]
-
   Version      : 1.7
   Ways         : 16
   Words        : 2
   Feedback     : 1
   WordBits     : 32
   IndexBits    : 32
   Sort Order   : 0
   Sign Compare : 0
   Max Size     : 268435455
   Debug Enable : 1
   size         : 140000
   average_time :    2.522 # [msec]
   throughput   :   55.522 # [mwords/sec]
   Debug_Time(0):    5.771 # [msec]
   Debug_Time(1):    2.830 # [msec]
   Debug_Time(2):    1.315 # [msec]
   Debug_Time(3):    0.789 # [msec]
   Debug_Time(4):    0.837 # [msec]
-
   Version      : 1.7
   Ways         : 16
   Words        : 2
   Feedback     : 1
   WordBits     : 32
   IndexBits    : 32
   Sort Order   : 0
   Sign Compare : 0
   Max Size     : 268435455
   Debug Enable : 1
   size         : 145000
   average_time :    2.705 # [msec]
   throughput   :   53.606 # [mwords/sec]
   Debug_Time(0):    6.229 # [msec]
   Debug_Time(1):    3.174 # [msec]
   Debug_Time(2):    1.363 # [msec]
   Debug_Time(3):    0.816 # [msec]
   Debug_Time(4):    0.877 # [msec]
-
   Version      : 1.7
   Ways         : 16
   Words        : 2
   Feedback     : 1
   WordBits     : 32
   IndexBits    : 32
   Sort Order   : 0
   Sign Compare : 0
   Max Size     : 268435455
   Debug Enable : 1
   size         : 150000
   average_time :    2.731 # [msec]
   throughput   :   54.935 # [mwords/sec]
   Debug_Time(0):    6.299 # [msec]
   Debug_Time(1):    3.159 # [msec]
   Debug_Time(2):    1.406 # [msec]
   Debug_Time(3):    0.845 # [msec]
   Debug_Time(4):    0.889 # [msec]
-
   Version      : 1.7
   Ways         : 16
   Words        : 2
   Feedback     : 1
   WordBits     : 32
   IndexBits    : 32
   Sort Order   : 0
   Sign Compare : 0
   Max Size     : 268435455
   Debug Enable : 1
   size         : 155000
   average_time :    2.841 # [msec]
   throughput   :   54.558 # [mwords/sec]
   Debug_Time(0):    6.564 # [msec]
   Debug_Time(1):    3.292 # [msec]
   Debug_Time(2):    1.459 # [msec]
   Debug_Time(3):    0.870 # [msec]
   Debug_Time(4):    0.944 # [msec]
-
   Version      : 1.7
   Ways         : 16
   Words        : 2
   Feedback     : 1
   WordBits     : 32
   IndexBits    : 32
   Sort Order   : 0
   Sign Compare : 0
   Max Size     : 268435455
   Debug Enable : 1
   size         : 160000
   average_time :    2.947 # [msec]
   throughput   :   54.296 # [mwords/sec]
   Debug_Time(0):    6.837 # [msec]
   Debug_Time(1):    3.430 # [msec]
   Debug_Time(2):    1.500 # [msec]
   Debug_Time(3):    0.896 # [msec]
   Debug_Time(4):    1.010 # [msec]
-
   Version      : 1.7
   Ways         : 16
   Words        : 2
   Feedback     : 1
   WordBits     : 32
   IndexBits    : 32
   Sort Order   : 0
   Sign Compare : 0
   Max Size     : 268435455
   Debug Enable : 1
   size         : 165000
   average_time :    3.055 # [msec]
   throughput   :   54.005 # [mwords/sec]
   Debug_Time(0):    7.116 # [msec]
   Debug_Time(1):    3.598 # [msec]
   Debug_Time(2):    1.557 # [msec]
   Debug_Time(3):    0.928 # [msec]
   Debug_Time(4):    1.033 # [msec]
-
   Version      : 1.7
   Ways         : 16
   Words        : 2
   Feedback     : 1
   WordBits     : 32
   IndexBits    : 32
   Sort Order   : 0
   Sign Compare : 0
   Max Size     : 268435455
   Debug Enable : 1
   size         : 170000
   average_time :    3.156 # [msec]
   throughput   :   53.871 # [mwords/sec]
   Debug_Time(0):    7.297 # [msec]
   Debug_Time(1):    3.668 # [msec]
   Debug_Time(2):    1.611 # [msec]
   Debug_Time(3):    0.954 # [msec]
   Debug_Time(4):    1.063 # [msec]
-
   Version      : 1.7
   Ways         : 16
   Words        : 2
   Feedback     : 1
   WordBits     : 32
   IndexBits    : 32
   Sort Order   : 0
   Sign Compare : 0
   Max Size     : 268435455
   Debug Enable : 1
   size         : 175000
   average_time :    3.258 # [msec]
   throughput   :   53.709 # [mwords/sec]
   Debug_Time(0):    7.457 # [msec]
   Debug_Time(1):    3.738 # [msec]
   Debug_Time(2):    1.644 # [msec]
   Debug_Time(3):    0.985 # [msec]
   Debug_Time(4):    1.090 # [msec]
-
   Version      : 1.7
   Ways         : 16
   Words        : 2
   Feedback     : 1
   WordBits     : 32
   IndexBits    : 32
   Sort Order   : 0
   Sign Compare : 0
   Max Size     : 268435455
   Debug Enable : 1
   size         : 180000
   average_time :    3.345 # [msec]
   throughput   :   53.811 # [mwords/sec]
   Debug_Time(0):    7.686 # [msec]
   Debug_Time(1):    3.821 # [msec]
   Debug_Time(2):    1.706 # [msec]
   Debug_Time(3):    1.011 # [msec]
   Debug_Time(4):    1.148 # [msec]
-
   Version      : 1.7
   Ways         : 16
   Words        : 2
   Feedback     : 1
   WordBits     : 32
   IndexBits    : 32
   Sort Order   : 0
   Sign Compare : 0
   Max Size     : 268435455
   Debug Enable : 1
   size         : 185000
   average_time :    3.444 # [msec]
   throughput   :   53.718 # [mwords/sec]
   Debug_Time(0):    7.924 # [msec]
   Debug_Time(1):    4.006 # [msec]
   Debug_Time(2):    1.741 # [msec]
   Debug_Time(3):    1.041 # [msec]
   Debug_Time(4):    1.136 # [msec]
-
   Version      : 1.7
   Ways         : 16
   Words        : 2
   Feedback     : 1
   WordBits     : 32
   IndexBits    : 32
   Sort Order   : 0
   Sign Compare : 0
   Max Size     : 268435455
   Debug Enable : 1
   size         : 190000
   average_time :    3.536 # [msec]
   throughput   :   53.726 # [mwords/sec]
   Debug_Time(0):    8.126 # [msec]
   Debug_Time(1):    4.076 # [msec]
   Debug_Time(2):    1.780 # [msec]
   Debug_Time(3):    1.068 # [msec]
   Debug_Time(4):    1.201 # [msec]
-
   Version      : 1.7
   Ways         : 16
   Words        : 2
   Feedback     : 1
   WordBits     : 32
   IndexBits    : 32
   Sort Order   : 0
   Sign Compare : 0
   Max Size     : 268435455
   Debug Enable : 1
   size         : 195000
   average_time :    3.624 # [msec]
   throughput   :   53.808 # [mwords/sec]
   Debug_Time(0):    8.365 # [msec]
   Debug_Time(1):    4.214 # [msec]
   Debug_Time(2):    1.821 # [msec]
   Debug_Time(3):    1.095 # [msec]
   Debug_Time(4):    1.235 # [msec]
-
   Version      : 1.7
   Ways         : 16
   Words        : 2
   Feedback     : 1
   WordBits     : 32
   IndexBits    : 32
   Sort Order   : 0
   Sign Compare : 0
   Max Size     : 268435455
   Debug Enable : 1
   size         : 200000
   average_time :    3.722 # [msec]
   throughput   :   53.732 # [mwords/sec]
   Debug_Time(0):    8.518 # [msec]
   Debug_Time(1):    4.263 # [msec]
   Debug_Time(2):    1.865 # [msec]
   Debug_Time(3):    1.131 # [msec]
   Debug_Time(4):    1.259 # [msec]
-
   Version      : 1.7
   Ways         : 16
   Words        : 2
   Feedback     : 1
   WordBits     : 32
   IndexBits    : 32
   Sort Order   : 0
   Sign Compare : 0
   Max Size     : 268435455
   Debug Enable : 1
   size         : 205000
   average_time :    3.811 # [msec]
   throughput   :   53.794 # [mwords/sec]
   Debug_Time(0):    8.624 # [msec]
   Debug_Time(1):    4.258 # [msec]
   Debug_Time(2):    1.919 # [msec]
   Debug_Time(3):    1.160 # [msec]
   Debug_Time(4):    1.288 # [msec]
-
   Version      : 1.7
   Ways         : 16
   Words        : 2
   Feedback     : 1
   WordBits     : 32
   IndexBits    : 32
   Sort Order   : 0
   Sign Compare : 0
   Max Size     : 268435455
   Debug Enable : 1
   size         : 210000
   average_time :    3.878 # [msec]
   throughput   :   54.150 # [mwords/sec]
   Debug_Time(0):    8.875 # [msec]
   Debug_Time(1):    4.413 # [msec]
   Debug_Time(2):    1.961 # [msec]
   Debug_Time(3):    1.184 # [msec]
   Debug_Time(4):    1.317 # [msec]
-
   Version      : 1.7
   Ways         : 16
   Words        : 2
   Feedback     : 1
   WordBits     : 32
   IndexBits    : 32
   Sort Order   : 0
   Sign Compare : 0
   Max Size     : 268435455
   Debug Enable : 1
   size         : 215000
   average_time :    3.977 # [msec]
   throughput   :   54.059 # [mwords/sec]
   Debug_Time(0):    9.147 # [msec]
   Debug_Time(1):    4.502 # [msec]
   Debug_Time(2):    2.006 # [msec]
   Debug_Time(3):    1.215 # [msec]
   Debug_Time(4):    1.424 # [msec]
-
   Version      : 1.7
   Ways         : 16
   Words        : 2
   Feedback     : 1
   WordBits     : 32
   IndexBits    : 32
   Sort Order   : 0
   Sign Compare : 0
   Max Size     : 268435455
   Debug Enable : 1
   size         : 220000
   average_time :    4.055 # [msec]
   throughput   :   54.257 # [mwords/sec]
   Debug_Time(0):    9.331 # [msec]
   Debug_Time(1):    4.651 # [msec]
   Debug_Time(2):    2.056 # [msec]
   Debug_Time(3):    1.237 # [msec]
   Debug_Time(4):    1.386 # [msec]
-
   Version      : 1.7
   Ways         : 16
   Words        : 2
   Feedback     : 1
   WordBits     : 32
   IndexBits    : 32
   Sort Order   : 0
   Sign Compare : 0
   Max Size     : 268435455
   Debug Enable : 1
   size         : 225000
   average_time :    4.135 # [msec]
   throughput   :   54.408 # [mwords/sec]
   Debug_Time(0):    9.473 # [msec]
   Debug_Time(1):    4.694 # [msec]
   Debug_Time(2):    2.093 # [msec]
   Debug_Time(3):    1.273 # [msec]
   Debug_Time(4):    1.414 # [msec]
-
   Version      : 1.7
   Ways         : 16
   Words        : 2
   Feedback     : 1
   WordBits     : 32
   IndexBits    : 32
   Sort Order   : 0
   Sign Compare : 0
   Max Size     : 268435455
   Debug Enable : 1
   size         : 230000
   average_time :    4.250 # [msec]
   throughput   :   54.116 # [mwords/sec]
   Debug_Time(0):    9.906 # [msec]
   Debug_Time(1):    5.009 # [msec]
   Debug_Time(2):    2.151 # [msec]
   Debug_Time(3):    1.298 # [msec]
   Debug_Time(4):    1.449 # [msec]
-
   Version      : 1.7
   Ways         : 16
   Words        : 2
   Feedback     : 1
   WordBits     : 32
   IndexBits    : 32
   Sort Order   : 0
   Sign Compare : 0
   Max Size     : 268435455
   Debug Enable : 1
   size         : 235000
   average_time :    4.316 # [msec]
   throughput   :   54.448 # [mwords/sec]
   Debug_Time(0):   10.151 # [msec]
   Debug_Time(1):    5.158 # [msec]
   Debug_Time(2):    2.192 # [msec]
   Debug_Time(3):    1.325 # [msec]
   Debug_Time(4):    1.476 # [msec]
-
   Version      : 1.7
   Ways         : 16
   Words        : 2
   Feedback     : 1
   WordBits     : 32
   IndexBits    : 32
   Sort Order   : 0
   Sign Compare : 0
   Max Size     : 268435455
   Debug Enable : 1
   size         : 240000
   average_time :    4.411 # [msec]
   throughput   :   54.412 # [mwords/sec]
   Debug_Time(0):   10.268 # [msec]
   Debug_Time(1):    5.162 # [msec]
   Debug_Time(2):    2.236 # [msec]
   Debug_Time(3):    1.352 # [msec]
   Debug_Time(4):    1.518 # [msec]
-
   Version      : 1.7
   Ways         : 16
   Words        : 2
   Feedback     : 1
   WordBits     : 32
   IndexBits    : 32
   Sort Order   : 0
   Sign Compare : 0
   Max Size     : 268435455
   Debug Enable : 1
   size         : 245000
   average_time :    4.524 # [msec]
   throughput   :   54.160 # [mwords/sec]
   Debug_Time(0):   10.566 # [msec]
   Debug_Time(1):    5.357 # [msec]
   Debug_Time(2):    2.283 # [msec]
   Debug_Time(3):    1.381 # [msec]
   Debug_Time(4):    1.545 # [msec]
-
   Version      : 1.7
   Ways         : 16
   Words        : 2
   Feedback     : 1
   WordBits     : 32
   IndexBits    : 32
   Sort Order   : 0
   Sign Compare : 0
   Max Size     : 268435455
   Debug Enable : 1
   size         : 250000
   average_time :    4.591 # [msec]
   throughput   :   54.450 # [mwords/sec]
   Debug_Time(0):   10.783 # [msec]
   Debug_Time(1):    5.464 # [msec]
   Debug_Time(2):    2.333 # [msec]
   Debug_Time(3):    1.413 # [msec]
   Debug_Time(4):    1.573 # [msec]
-
   Version      : 1.7
   Ways         : 16
   Words        : 2
   Feedback     : 1
   WordBits     : 32
   IndexBits    : 32
   Sort Order   : 0
   Sign Compare : 0
   Max Size     : 268435455
   Debug Enable : 1
   size         : 255000
   average_time :    4.666 # [msec]
   throughput   :   54.656 # [mwords/sec]
   Debug_Time(0):   10.920 # [msec]
   Debug_Time(1):    5.497 # [msec]
   Debug_Time(2):    2.377 # [msec]
   Debug_Time(3):    1.441 # [msec]
   Debug_Time(4):    1.606 # [msec]
-
   Version      : 1.7
   Ways         : 16
   Words        : 2
   Feedback     : 1
   WordBits     : 32
   IndexBits    : 32
   Sort Order   : 0
   Sign Compare : 0
   Max Size     : 268435455
   Debug Enable : 1
   size         : 260000
   average_time :    4.740 # [msec]
   throughput   :   54.856 # [mwords/sec]
   Debug_Time(0):   11.080 # [msec]
   Debug_Time(1):    5.542 # [msec]
   Debug_Time(2):    2.426 # [msec]
   Debug_Time(3):    1.467 # [msec]
   Debug_Time(4):    1.645 # [msec]
-
   Version      : 1.7
   Ways         : 16
   Words        : 2
   Feedback     : 1
   WordBits     : 32
   IndexBits    : 32
   Sort Order   : 0
   Sign Compare : 0
   Max Size     : 268435455
   Debug Enable : 1
   size         : 265000
   average_time :    4.834 # [msec]
   throughput   :   54.820 # [mwords/sec]
   Debug_Time(0):   11.455 # [msec]
   Debug_Time(1):    5.814 # [msec]
   Debug_Time(2):    2.467 # [msec]
   Debug_Time(3):    1.495 # [msec]
   Debug_Time(4):    1.679 # [msec]
-
   Version      : 1.7
   Ways         : 16
   Words        : 2
   Feedback     : 1
   WordBits     : 32
   IndexBits    : 32
   Sort Order   : 0
   Sign Compare : 0
   Max Size     : 268435455
   Debug Enable : 1
   size         : 270000
   average_time :    4.928 # [msec]
   throughput   :   54.790 # [mwords/sec]
   Debug_Time(0):   11.676 # [msec]
   Debug_Time(1):    5.928 # [msec]
   Debug_Time(2):    2.523 # [msec]
   Debug_Time(3):    1.519 # [msec]
   Debug_Time(4):    1.706 # [msec]
-
   Version      : 1.7
   Ways         : 16
   Words        : 2
   Feedback     : 1
   WordBits     : 32
   IndexBits    : 32
   Sort Order   : 0
   Sign Compare : 0
   Max Size     : 268435455
   Debug Enable : 1
   size         : 275000
   average_time :    4.998 # [msec]
   throughput   :   55.027 # [mwords/sec]
   Debug_Time(0):   11.849 # [msec]
   Debug_Time(1):    5.992 # [msec]
   Debug_Time(2):    2.566 # [msec]
   Debug_Time(3):    1.542 # [msec]
   Debug_Time(4):    1.749 # [msec]
-
   Version      : 1.7
   Ways         : 16
   Words        : 2
   Feedback     : 1
   WordBits     : 32
   IndexBits    : 32
   Sort Order   : 0
   Sign Compare : 0
   Max Size     : 268435455
   Debug Enable : 1
   size         : 280000
   average_time :    5.076 # [msec]
   throughput   :   55.167 # [mwords/sec]
   Debug_Time(0):   12.108 # [msec]
   Debug_Time(1):    6.086 # [msec]
   Debug_Time(2):    2.611 # [msec]
   Debug_Time(3):    1.574 # [msec]
   Debug_Time(4):    1.837 # [msec]
-
   Version      : 1.7
   Ways         : 16
   Words        : 2
   Feedback     : 1
   WordBits     : 32
   IndexBits    : 32
   Sort Order   : 0
   Sign Compare : 0
   Max Size     : 268435455
   Debug Enable : 1
   size         : 285000
   average_time :    5.160 # [msec]
   throughput   :   55.233 # [mwords/sec]
   Debug_Time(0):   12.011 # [msec]
   Debug_Time(1):    5.977 # [msec]
   Debug_Time(2):    2.662 # [msec]
   Debug_Time(3):    1.600 # [msec]
   Debug_Time(4):    1.772 # [msec]
-
   Version      : 1.7
   Ways         : 16
   Words        : 2
   Feedback     : 1
   WordBits     : 32
   IndexBits    : 32
   Sort Order   : 0
   Sign Compare : 0
   Max Size     : 268435455
   Debug Enable : 1
   size         : 290000
   average_time :    5.250 # [msec]
   throughput   :   55.239 # [mwords/sec]
   Debug_Time(0):   12.442 # [msec]
   Debug_Time(1):    6.270 # [msec]
   Debug_Time(2):    2.698 # [msec]
   Debug_Time(3):    1.632 # [msec]
   Debug_Time(4):    1.843 # [msec]
-
   Version      : 1.7
   Ways         : 16
   Words        : 2
   Feedback     : 1
   WordBits     : 32
   IndexBits    : 32
   Sort Order   : 0
   Sign Compare : 0
   Max Size     : 268435455
   Debug Enable : 1
   size         : 295000
   average_time :    5.353 # [msec]
   throughput   :   55.113 # [mwords/sec]
   Debug_Time(0):   12.754 # [msec]
   Debug_Time(1):    6.464 # [msec]
   Debug_Time(2):    2.755 # [msec]
   Debug_Time(3):    1.654 # [msec]
   Debug_Time(4):    1.881 # [msec]
-
   Version      : 1.7
   Ways         : 16
   Words        : 2
   Feedback     : 1
   WordBits     : 32
   IndexBits    : 32
   Sort Order   : 0
   Sign Compare : 0
   Max Size     : 268435455
   Debug Enable : 1
   size         : 300000
   average_time :    5.425 # [msec]
   throughput   :   55.303 # [mwords/sec]
   Debug_Time(0):   12.872 # [msec]
   Debug_Time(1):    6.488 # [msec]
   Debug_Time(2):    2.794 # [msec]
   Debug_Time(3):    1.681 # [msec]
   Debug_Time(4):    1.909 # [msec]
-
   Version      : 1.7
   Ways         : 16
   Words        : 2
   Feedback     : 1
   WordBits     : 32
   IndexBits    : 32
   Sort Order   : 0
   Sign Compare : 0
   Max Size     : 268435455
   Debug Enable : 1
   size         : 305000
   average_time :    5.495 # [msec]
   throughput   :   55.502 # [mwords/sec]
   Debug_Time(0):   12.998 # [msec]
   Debug_Time(1):    6.505 # [msec]
   Debug_Time(2):    2.845 # [msec]
   Debug_Time(3):    1.713 # [msec]
   Debug_Time(4):    1.935 # [msec]
-
   Version      : 1.7
   Ways         : 16
   Words        : 2
   Feedback     : 1
   WordBits     : 32
   IndexBits    : 32
   Sort Order   : 0
   Sign Compare : 0
   Max Size     : 268435455
   Debug Enable : 1
   size         : 310000
   average_time :    5.590 # [msec]
   throughput   :   55.456 # [mwords/sec]
   Debug_Time(0):   13.226 # [msec]
   Debug_Time(1):    6.604 # [msec]
   Debug_Time(2):    2.900 # [msec]
   Debug_Time(3):    1.741 # [msec]
   Debug_Time(4):    1.979 # [msec]
-
   Version      : 1.7
   Ways         : 16
   Words        : 2
   Feedback     : 1
   WordBits     : 32
   IndexBits    : 32
   Sort Order   : 0
   Sign Compare : 0
   Max Size     : 268435455
   Debug Enable : 1
   size         : 315000
   average_time :    5.674 # [msec]
   throughput   :   55.512 # [mwords/sec]
   Debug_Time(0):   13.407 # [msec]
   Debug_Time(1):    6.727 # [msec]
   Debug_Time(2):    2.933 # [msec]
   Debug_Time(3):    1.772 # [msec]
   Debug_Time(4):    1.974 # [msec]
-
   Version      : 1.7
   Ways         : 16
   Words        : 2
   Feedback     : 1
   WordBits     : 32
   IndexBits    : 32
   Sort Order   : 0
   Sign Compare : 0
   Max Size     : 268435455
   Debug Enable : 1
   size         : 320000
   average_time :    5.751 # [msec]
   throughput   :   55.646 # [mwords/sec]
   Debug_Time(0):   13.718 # [msec]
   Debug_Time(1):    6.883 # [msec]
   Debug_Time(2):    2.985 # [msec]
   Debug_Time(3):    1.804 # [msec]
   Debug_Time(4):    2.046 # [msec]
-
   Version      : 1.7
   Ways         : 16
   Words        : 2
   Feedback     : 1
   WordBits     : 32
   IndexBits    : 32
   Sort Order   : 0
   Sign Compare : 0
   Max Size     : 268435455
   Debug Enable : 1
   size         : 325000
   average_time :    5.833 # [msec]
   throughput   :   55.721 # [mwords/sec]
   Debug_Time(0):   13.961 # [msec]
   Debug_Time(1):    7.033 # [msec]
   Debug_Time(2):    3.029 # [msec]
   Debug_Time(3):    1.832 # [msec]
   Debug_Time(4):    2.067 # [msec]
-
   Version      : 1.7
   Ways         : 16
   Words        : 2
   Feedback     : 1
   WordBits     : 32
   IndexBits    : 32
   Sort Order   : 0
   Sign Compare : 0
   Max Size     : 268435455
   Debug Enable : 1
   size         : 330000
   average_time :    5.917 # [msec]
   throughput   :   55.774 # [mwords/sec]
   Debug_Time(0):   14.118 # [msec]
   Debug_Time(1):    7.086 # [msec]
   Debug_Time(2):    3.075 # [msec]
   Debug_Time(3):    1.856 # [msec]
   Debug_Time(4):    2.102 # [msec]
-
   Version      : 1.7
   Ways         : 16
   Words        : 2
   Feedback     : 1
   WordBits     : 32
   IndexBits    : 32
   Sort Order   : 0
   Sign Compare : 0
   Max Size     : 268435455
   Debug Enable : 1
   size         : 335000
   average_time :    6.014 # [msec]
   throughput   :   55.701 # [mwords/sec]
   Debug_Time(0):   14.270 # [msec]
   Debug_Time(1):    7.125 # [msec]
   Debug_Time(2):    3.128 # [msec]
   Debug_Time(3):    1.882 # [msec]
   Debug_Time(4):    2.134 # [msec]
-
   Version      : 1.7
   Ways         : 16
   Words        : 2
   Feedback     : 1
   WordBits     : 32
   IndexBits    : 32
   Sort Order   : 0
   Sign Compare : 0
   Max Size     : 268435455
   Debug Enable : 1
   size         : 340000
   average_time :    6.093 # [msec]
   throughput   :   55.800 # [mwords/sec]
   Debug_Time(0):   14.577 # [msec]
   Debug_Time(1):    7.320 # [msec]
   Debug_Time(2):    3.170 # [msec]
   Debug_Time(3):    1.914 # [msec]
   Debug_Time(4):    2.172 # [msec]
-
   Version      : 1.7
   Ways         : 16
   Words        : 2
   Feedback     : 1
   WordBits     : 32
   IndexBits    : 32
   Sort Order   : 0
   Sign Compare : 0
   Max Size     : 268435455
   Debug Enable : 1
   size         : 345000
   average_time :    6.194 # [msec]
   throughput   :   55.695 # [mwords/sec]
   Debug_Time(0):   14.759 # [msec]
   Debug_Time(1):    7.391 # [msec]
   Debug_Time(2):    3.220 # [msec]
   Debug_Time(3):    1.945 # [msec]
   Debug_Time(4):    2.203 # [msec]
-
   Version      : 1.7
   Ways         : 16
   Words        : 2
   Feedback     : 1
   WordBits     : 32
   IndexBits    : 32
   Sort Order   : 0
   Sign Compare : 0
   Max Size     : 268435455
   Debug Enable : 1
   size         : 350000
   average_time :    6.270 # [msec]
   throughput   :   55.821 # [mwords/sec]
   Debug_Time(0):   14.871 # [msec]
   Debug_Time(1):    7.393 # [msec]
   Debug_Time(2):    3.261 # [msec]
   Debug_Time(3):    1.972 # [msec]
   Debug_Time(4):    2.245 # [msec]
-
   Version      : 1.7
   Ways         : 16
   Words        : 2
   Feedback     : 1
   WordBits     : 32
   IndexBits    : 32
   Sort Order   : 0
   Sign Compare : 0
   Max Size     : 268435455
   Debug Enable : 1
   size         : 355000
   average_time :    6.341 # [msec]
   throughput   :   55.984 # [mwords/sec]
   Debug_Time(0):   15.120 # [msec]
   Debug_Time(1):    7.542 # [msec]
   Debug_Time(2):    3.301 # [msec]
   Debug_Time(3):    2.000 # [msec]
   Debug_Time(4):    2.277 # [msec]
-
   Version      : 1.7
   Ways         : 16
   Words        : 2
   Feedback     : 1
   WordBits     : 32
   IndexBits    : 32
   Sort Order   : 0
   Sign Compare : 0
   Max Size     : 268435455
   Debug Enable : 1
   size         : 360000
   average_time :    6.429 # [msec]
   throughput   :   55.992 # [mwords/sec]
   Debug_Time(0):   15.269 # [msec]
   Debug_Time(1):    7.583 # [msec]
   Debug_Time(2):    3.362 # [msec]
   Debug_Time(3):    2.030 # [msec]
   Debug_Time(4):    2.295 # [msec]
-
   Version      : 1.7
   Ways         : 16
   Words        : 2
   Feedback     : 1
   WordBits     : 32
   IndexBits    : 32
   Sort Order   : 0
   Sign Compare : 0
   Max Size     : 268435455
   Debug Enable : 1
   size         : 365000
   average_time :    6.507 # [msec]
   throughput   :   56.098 # [mwords/sec]
   Debug_Time(0):   15.515 # [msec]
   Debug_Time(1):    7.717 # [msec]
   Debug_Time(2):    3.401 # [msec]
   Debug_Time(3):    2.056 # [msec]
   Debug_Time(4):    2.341 # [msec]
-
   Version      : 1.7
   Ways         : 16
   Words        : 2
   Feedback     : 1
   WordBits     : 32
   IndexBits    : 32
   Sort Order   : 0
   Sign Compare : 0
   Max Size     : 268435455
   Debug Enable : 1
   size         : 370000
   average_time :    6.604 # [msec]
   throughput   :   56.025 # [mwords/sec]
   Debug_Time(0):   15.764 # [msec]
   Debug_Time(1):    7.879 # [msec]
   Debug_Time(2):    3.448 # [msec]
   Debug_Time(3):    2.084 # [msec]
   Debug_Time(4):    2.352 # [msec]
-
   Version      : 1.7
   Ways         : 16
   Words        : 2
   Feedback     : 1
   WordBits     : 32
   IndexBits    : 32
   Sort Order   : 0
   Sign Compare : 0
   Max Size     : 268435455
   Debug Enable : 1
   size         : 375000
   average_time :    6.696 # [msec]
   throughput   :   56.007 # [mwords/sec]
   Debug_Time(0):   16.084 # [msec]
   Debug_Time(1):    8.032 # [msec]
   Debug_Time(2):    3.497 # [msec]
   Debug_Time(3):    2.109 # [msec]
   Debug_Time(4):    2.446 # [msec]
-
   Version      : 1.7
   Ways         : 16
   Words        : 2
   Feedback     : 1
   WordBits     : 32
   IndexBits    : 32
   Sort Order   : 0
   Sign Compare : 0
   Max Size     : 268435455
   Debug Enable : 1
   size         : 380000
   average_time :    6.759 # [msec]
   throughput   :   56.220 # [mwords/sec]
   Debug_Time(0):   16.124 # [msec]
   Debug_Time(1):    8.016 # [msec]
   Debug_Time(2):    3.535 # [msec]
   Debug_Time(3):    2.140 # [msec]
   Debug_Time(4):    2.433 # [msec]
-
   Version      : 1.7
   Ways         : 16
   Words        : 2
   Feedback     : 1
   WordBits     : 32
   IndexBits    : 32
   Sort Order   : 0
   Sign Compare : 0
   Max Size     : 268435455
   Debug Enable : 1
   size         : 385000
   average_time :    6.852 # [msec]
   throughput   :   56.189 # [mwords/sec]
   Debug_Time(0):   16.428 # [msec]
   Debug_Time(1):    8.181 # [msec]
   Debug_Time(2):    3.599 # [msec]
   Debug_Time(3):    2.168 # [msec]
   Debug_Time(4):    2.480 # [msec]
-
   Version      : 1.7
   Ways         : 16
   Words        : 2
   Feedback     : 1
   WordBits     : 32
   IndexBits    : 32
   Sort Order   : 0
   Sign Compare : 0
   Max Size     : 268435455
   Debug Enable : 1
   size         : 390000
   average_time :    6.913 # [msec]
   throughput   :   56.413 # [mwords/sec]
   Debug_Time(0):   16.520 # [msec]
   Debug_Time(1):    8.198 # [msec]
   Debug_Time(2):    3.633 # [msec]
   Debug_Time(3):    2.192 # [msec]
   Debug_Time(4):    2.497 # [msec]
-
   Version      : 1.7
   Ways         : 16
   Words        : 2
   Feedback     : 1
   WordBits     : 32
   IndexBits    : 32
   Sort Order   : 0
   Sign Compare : 0
   Max Size     : 268435455
   Debug Enable : 1
   size         : 395000
   average_time :    7.008 # [msec]
   throughput   :   56.365 # [mwords/sec]
   Debug_Time(0):   16.753 # [msec]
   Debug_Time(1):    8.326 # [msec]
   Debug_Time(2):    3.677 # [msec]
   Debug_Time(3):    2.223 # [msec]
   Debug_Time(4):    2.527 # [msec]
-
   Version      : 1.7
   Ways         : 16
   Words        : 2
   Feedback     : 1
   WordBits     : 32
   IndexBits    : 32
   Sort Order   : 0
   Sign Compare : 0
   Max Size     : 268435455
   Debug Enable : 1
   size         : 400000
   average_time :    7.091 # [msec]
   throughput   :   56.413 # [mwords/sec]
   Debug_Time(0):   16.988 # [msec]
   Debug_Time(1):    8.447 # [msec]
   Debug_Time(2):    3.727 # [msec]
   Debug_Time(3):    2.248 # [msec]
   Debug_Time(4):    2.567 # [msec]
-
   Version      : 1.7
   Ways         : 16
   Words        : 2
   Feedback     : 1
   WordBits     : 32
   IndexBits    : 32
   Sort Order   : 0
   Sign Compare : 0
   Max Size     : 268435455
   Debug Enable : 1
   size         : 405000
   average_time :    7.184 # [msec]
   throughput   :   56.372 # [mwords/sec]
   Debug_Time(0):   17.081 # [msec]
   Debug_Time(1):    8.430 # [msec]
   Debug_Time(2):    3.771 # [msec]
   Debug_Time(3):    2.274 # [msec]
   Debug_Time(4):    2.605 # [msec]
-
   Version      : 1.7
   Ways         : 16
   Words        : 2
   Feedback     : 1
   WordBits     : 32
   IndexBits    : 32
   Sort Order   : 0
   Sign Compare : 0
   Max Size     : 268435455
   Debug Enable : 1
   size         : 410000
   average_time :    7.255 # [msec]
   throughput   :   56.513 # [mwords/sec]
   Debug_Time(0):   17.446 # [msec]
   Debug_Time(1):    8.666 # [msec]
   Debug_Time(2):    3.828 # [msec]
   Debug_Time(3):    2.304 # [msec]
   Debug_Time(4):    2.648 # [msec]
-
   Version      : 1.7
   Ways         : 16
   Words        : 2
   Feedback     : 1
   WordBits     : 32
   IndexBits    : 32
   Sort Order   : 0
   Sign Compare : 0
   Max Size     : 268435455
   Debug Enable : 1
   size         : 415000
   average_time :    7.378 # [msec]
   throughput   :   56.252 # [mwords/sec]
   Debug_Time(0):   17.593 # [msec]
   Debug_Time(1):    8.743 # [msec]
   Debug_Time(2):    3.864 # [msec]
   Debug_Time(3):    2.327 # [msec]
   Debug_Time(4):    2.659 # [msec]
-
   Version      : 1.7
   Ways         : 16
   Words        : 2
   Feedback     : 1
   WordBits     : 32
   IndexBits    : 32
   Sort Order   : 0
   Sign Compare : 0
   Max Size     : 268435455
   Debug Enable : 1
   size         : 420000
   average_time :    7.413 # [msec]
   throughput   :   56.654 # [mwords/sec]
   Debug_Time(0):   17.881 # [msec]
   Debug_Time(1):    8.867 # [msec]
   Debug_Time(2):    3.910 # [msec]
   Debug_Time(3):    2.354 # [msec]
   Debug_Time(4):    2.750 # [msec]
-
   Version      : 1.7
   Ways         : 16
   Words        : 2
   Feedback     : 1
   WordBits     : 32
   IndexBits    : 32
   Sort Order   : 0
   Sign Compare : 0
   Max Size     : 268435455
   Debug Enable : 1
   size         : 425000
   average_time :    7.503 # [msec]
   throughput   :   56.642 # [mwords/sec]
   Debug_Time(0):   17.997 # [msec]
   Debug_Time(1):    8.911 # [msec]
   Debug_Time(2):    3.963 # [msec]
   Debug_Time(3):    2.386 # [msec]
   Debug_Time(4):    2.736 # [msec]
-
   Version      : 1.7
   Ways         : 16
   Words        : 2
   Feedback     : 1
   WordBits     : 32
   IndexBits    : 32
   Sort Order   : 0
   Sign Compare : 0
   Max Size     : 268435455
   Debug Enable : 1
   size         : 430000
   average_time :    7.572 # [msec]
   throughput   :   56.791 # [mwords/sec]
   Debug_Time(0):   18.136 # [msec]
   Debug_Time(1):    8.942 # [msec]
   Debug_Time(2):    4.006 # [msec]
   Debug_Time(3):    2.412 # [msec]
   Debug_Time(4):    2.776 # [msec]
-
   Version      : 1.7
   Ways         : 16
   Words        : 2
   Feedback     : 1
   WordBits     : 32
   IndexBits    : 32
   Sort Order   : 0
   Sign Compare : 0
   Max Size     : 268435455
   Debug Enable : 1
   size         : 435000
   average_time :    7.663 # [msec]
   throughput   :   56.766 # [mwords/sec]
   Debug_Time(0):   18.390 # [msec]
   Debug_Time(1):    9.080 # [msec]
   Debug_Time(2):    4.061 # [msec]
   Debug_Time(3):    2.445 # [msec]
   Debug_Time(4):    2.804 # [msec]
-
   Version      : 1.7
   Ways         : 16
   Words        : 2
   Feedback     : 1
   WordBits     : 32
   IndexBits    : 32
   Sort Order   : 0
   Sign Compare : 0
   Max Size     : 268435455
   Debug Enable : 1
   size         : 440000
   average_time :    7.742 # [msec]
   throughput   :   56.834 # [mwords/sec]
   Debug_Time(0):   18.639 # [msec]
   Debug_Time(1):    9.219 # [msec]
   Debug_Time(2):    4.105 # [msec]
   Debug_Time(3):    2.473 # [msec]
   Debug_Time(4):    2.842 # [msec]
-
   Version      : 1.7
   Ways         : 16
   Words        : 2
   Feedback     : 1
   WordBits     : 32
   IndexBits    : 32
   Sort Order   : 0
   Sign Compare : 0
   Max Size     : 268435455
   Debug Enable : 1
   size         : 445000
   average_time :    7.818 # [msec]
   throughput   :   56.919 # [mwords/sec]
   Debug_Time(0):   18.800 # [msec]
   Debug_Time(1):    9.287 # [msec]
   Debug_Time(2):    4.143 # [msec]
   Debug_Time(3):    2.496 # [msec]
   Debug_Time(4):    2.875 # [msec]
-
   Version      : 1.7
   Ways         : 16
   Words        : 2
   Feedback     : 1
   WordBits     : 32
   IndexBits    : 32
   Sort Order   : 0
   Sign Compare : 0
   Max Size     : 268435455
   Debug Enable : 1
   size         : 450000
   average_time :    7.933 # [msec]
   throughput   :   56.724 # [mwords/sec]
   Debug_Time(0):   19.070 # [msec]
   Debug_Time(1):    9.433 # [msec]
   Debug_Time(2):    4.197 # [msec]
   Debug_Time(3):    2.530 # [msec]
   Debug_Time(4):    2.910 # [msec]
-
   Version      : 1.7
   Ways         : 16
   Words        : 2
   Feedback     : 1
   WordBits     : 32
   IndexBits    : 32
   Sort Order   : 0
   Sign Compare : 0
   Max Size     : 268435455
   Debug Enable : 1
   size         : 455000
   average_time :    8.019 # [msec]
   throughput   :   56.743 # [mwords/sec]
   Debug_Time(0):   19.246 # [msec]
   Debug_Time(1):    9.543 # [msec]
   Debug_Time(2):    4.230 # [msec]
   Debug_Time(3):    2.560 # [msec]
   Debug_Time(4):    2.914 # [msec]
-
   Version      : 1.7
   Ways         : 16
   Words        : 2
   Feedback     : 1
   WordBits     : 32
   IndexBits    : 32
   Sort Order   : 0
   Sign Compare : 0
   Max Size     : 268435455
   Debug Enable : 1
   size         : 460000
   average_time :    8.053 # [msec]
   throughput   :   57.123 # [mwords/sec]
   Debug_Time(0):   19.386 # [msec]
   Debug_Time(1):    9.553 # [msec]
   Debug_Time(2):    4.273 # [msec]
   Debug_Time(3):    2.585 # [msec]
   Debug_Time(4):    2.975 # [msec]
-
   Version      : 1.7
   Ways         : 16
   Words        : 2
   Feedback     : 1
   WordBits     : 32
   IndexBits    : 32
   Sort Order   : 0
   Sign Compare : 0
   Max Size     : 268435455
   Debug Enable : 1
   size         : 465000
   average_time :    8.171 # [msec]
   throughput   :   56.910 # [mwords/sec]
   Debug_Time(0):   19.631 # [msec]
   Debug_Time(1):    9.682 # [msec]
   Debug_Time(2):    4.326 # [msec]
   Debug_Time(3):    2.612 # [msec]
   Debug_Time(4):    3.010 # [msec]
-
   Version      : 1.7
   Ways         : 16
   Words        : 2
   Feedback     : 1
   WordBits     : 32
   IndexBits    : 32
   Sort Order   : 0
   Sign Compare : 0
   Max Size     : 268435455
   Debug Enable : 1
   size         : 470000
   average_time :    8.228 # [msec]
   throughput   :   57.125 # [mwords/sec]
   Debug_Time(0):   19.840 # [msec]
   Debug_Time(1):    9.769 # [msec]
   Debug_Time(2):    4.375 # [msec]
   Debug_Time(3):    2.650 # [msec]
   Debug_Time(4):    3.045 # [msec]
-
   Version      : 1.7
   Ways         : 16
   Words        : 2
   Feedback     : 1
   WordBits     : 32
   IndexBits    : 32
   Sort Order   : 0
   Sign Compare : 0
   Max Size     : 268435455
   Debug Enable : 1
   size         : 475000
   average_time :    8.315 # [msec]
   throughput   :   57.129 # [mwords/sec]
   Debug_Time(0):   19.990 # [msec]
   Debug_Time(1):    9.898 # [msec]
   Debug_Time(2):    4.432 # [msec]
   Debug_Time(3):    2.671 # [msec]
   Debug_Time(4):    2.989 # [msec]
-
   Version      : 1.7
   Ways         : 16
   Words        : 2
   Feedback     : 1
   WordBits     : 32
   IndexBits    : 32
   Sort Order   : 0
   Sign Compare : 0
   Max Size     : 268435455
   Debug Enable : 1
   size         : 480000
   average_time :    8.411 # [msec]
   throughput   :   57.067 # [mwords/sec]
   Debug_Time(0):   20.181 # [msec]
   Debug_Time(1):    9.983 # [msec]
   Debug_Time(2):    4.474 # [msec]
   Debug_Time(3):    2.703 # [msec]
   Debug_Time(4):    3.021 # [msec]
-
   Version      : 1.7
   Ways         : 16
   Words        : 2
   Feedback     : 1
   WordBits     : 32
   IndexBits    : 32
   Sort Order   : 0
   Sign Compare : 0
   Max Size     : 268435455
   Debug Enable : 1
   size         : 485000
   average_time :    8.500 # [msec]
   throughput   :   57.059 # [mwords/sec]
   Debug_Time(0):   20.291 # [msec]
   Debug_Time(1):    9.958 # [msec]
   Debug_Time(2):    4.539 # [msec]
   Debug_Time(3):    2.733 # [msec]
   Debug_Time(4):    3.061 # [msec]
-
   Version      : 1.7
   Ways         : 16
   Words        : 2
   Feedback     : 1
   WordBits     : 32
   IndexBits    : 32
   Sort Order   : 0
   Sign Compare : 0
   Max Size     : 268435455
   Debug Enable : 1
   size         : 490000
   average_time :    8.579 # [msec]
   throughput   :   57.116 # [mwords/sec]
   Debug_Time(0):   20.640 # [msec]
   Debug_Time(1):   10.167 # [msec]
   Debug_Time(2):    4.600 # [msec]
   Debug_Time(3):    2.756 # [msec]
   Debug_Time(4):    3.117 # [msec]
-
   Version      : 1.7
   Ways         : 16
   Words        : 2
   Feedback     : 1
   WordBits     : 32
   IndexBits    : 32
   Sort Order   : 0
   Sign Compare : 0
   Max Size     : 268435455
   Debug Enable : 1
   size         : 495000
   average_time :    8.658 # [msec]
   throughput   :   57.171 # [mwords/sec]
   Debug_Time(0):   20.921 # [msec]
   Debug_Time(1):   10.338 # [msec]
   Debug_Time(2):    4.643 # [msec]
   Debug_Time(3):    2.777 # [msec]
   Debug_Time(4):    3.164 # [msec]
-
   Version      : 1.7
   Ways         : 16
   Words        : 2
   Feedback     : 1
   WordBits     : 32
   IndexBits    : 32
   Sort Order   : 0
   Sign Compare : 0
   Max Size     : 268435455
   Debug Enable : 1
   size         : 500000
   average_time :    8.741 # [msec]
   throughput   :   57.200 # [mwords/sec]
   Debug_Time(0):   21.061 # [msec]
   Debug_Time(1):   10.367 # [msec]
   Debug_Time(2):    4.677 # [msec]
   Debug_Time(3):    2.809 # [msec]
   Debug_Time(4):    3.209 # [msec]
-
   Version      : 1.7
   Ways         : 16
   Words        : 2
   Feedback     : 1
   WordBits     : 32
   IndexBits    : 32
   Sort Order   : 0
   Sign Compare : 0
   Max Size     : 268435455
   Debug Enable : 1
   size         : 505000
   average_time :    8.843 # [msec]
   throughput   :   57.106 # [mwords/sec]
   Debug_Time(0):   21.502 # [msec]
   Debug_Time(1):   10.694 # [msec]
   Debug_Time(2):    4.708 # [msec]
   Debug_Time(3):    2.848 # [msec]
   Debug_Time(4):    3.252 # [msec]
-
   Version      : 1.7
   Ways         : 16
   Words        : 2
   Feedback     : 1
   WordBits     : 32
   IndexBits    : 32
   Sort Order   : 0
   Sign Compare : 0
   Max Size     : 268435455
   Debug Enable : 1
   size         : 510000
   average_time :    8.917 # [msec]
   throughput   :   57.197 # [mwords/sec]
   Debug_Time(0):   21.722 # [msec]
   Debug_Time(1):   10.826 # [msec]
   Debug_Time(2):    4.742 # [msec]
   Debug_Time(3):    2.869 # [msec]
   Debug_Time(4):    3.284 # [msec]
-
   Version      : 1.7
   Ways         : 16
   Words        : 2
   Feedback     : 1
   WordBits     : 32
   IndexBits    : 32
   Sort Order   : 0
   Sign Compare : 0
   Max Size     : 268435455
   Debug Enable : 1
   size         : 515000
   average_time :    8.999 # [msec]
   throughput   :   57.231 # [mwords/sec]
   Debug_Time(0):   21.878 # [msec]
   Debug_Time(1):   10.857 # [msec]
   Debug_Time(2):    4.810 # [msec]
   Debug_Time(3):    2.893 # [msec]
   Debug_Time(4):    3.318 # [msec]
-
   Version      : 1.7
   Ways         : 16
   Words        : 2
   Feedback     : 1
   WordBits     : 32
   IndexBits    : 32
   Sort Order   : 0
   Sign Compare : 0
   Max Size     : 268435455
   Debug Enable : 1
   size         : 520000
   average_time :    9.055 # [msec]
   throughput   :   57.424 # [mwords/sec]
   Debug_Time(0):   21.978 # [msec]
   Debug_Time(1):   10.850 # [msec]
   Debug_Time(2):    4.864 # [msec]
   Debug_Time(3):    2.916 # [msec]
   Debug_Time(4):    3.348 # [msec]
-
   Version      : 1.7
   Ways         : 16
   Words        : 2
   Feedback     : 1
   WordBits     : 32
   IndexBits    : 32
   Sort Order   : 0
   Sign Compare : 0
   Max Size     : 268435455
   Debug Enable : 1
   size         : 525000
   average_time :    9.144 # [msec]
   throughput   :   57.415 # [mwords/sec]
   Debug_Time(0):   21.863 # [msec]
   Debug_Time(1):   10.627 # [msec]
   Debug_Time(2):    4.906 # [msec]
   Debug_Time(3):    2.951 # [msec]
   Debug_Time(4):    3.379 # [msec]
-
   Version      : 1.7
   Ways         : 16
   Words        : 2
   Feedback     : 1
   WordBits     : 32
   IndexBits    : 32
   Sort Order   : 0
   Sign Compare : 0
   Max Size     : 268435455
   Debug Enable : 1
   size         : 530000
   average_time :    9.251 # [msec]
   throughput   :   57.289 # [mwords/sec]
   Debug_Time(0):   22.096 # [msec]
   Debug_Time(1):   10.752 # [msec]
   Debug_Time(2):    4.953 # [msec]
   Debug_Time(3):    2.979 # [msec]
   Debug_Time(4):    3.412 # [msec]
-
   Version      : 1.7
   Ways         : 16
   Words        : 2
   Feedback     : 1
   WordBits     : 32
   IndexBits    : 32
   Sort Order   : 0
   Sign Compare : 0
   Max Size     : 268435455
   Debug Enable : 1
   size         : 535000
   average_time :    9.297 # [msec]
   throughput   :   57.543 # [mwords/sec]
   Debug_Time(0):   22.379 # [msec]
   Debug_Time(1):   10.930 # [msec]
   Debug_Time(2):    4.992 # [msec]
   Debug_Time(3):    3.014 # [msec]
   Debug_Time(4):    3.444 # [msec]
-
   Version      : 1.7
   Ways         : 16
   Words        : 2
   Feedback     : 1
   WordBits     : 32
   IndexBits    : 32
   Sort Order   : 0
   Sign Compare : 0
   Max Size     : 268435455
   Debug Enable : 1
   size         : 540000
   average_time :    9.415 # [msec]
   throughput   :   57.353 # [mwords/sec]
   Debug_Time(0):   22.736 # [msec]
   Debug_Time(1):   11.179 # [msec]
   Debug_Time(2):    5.049 # [msec]
   Debug_Time(3):    3.034 # [msec]
   Debug_Time(4):    3.473 # [msec]
-
   Version      : 1.7
   Ways         : 16
   Words        : 2
   Feedback     : 1
   WordBits     : 32
   IndexBits    : 32
   Sort Order   : 0
   Sign Compare : 0
   Max Size     : 268435455
   Debug Enable : 1
   size         : 545000
   average_time :    9.475 # [msec]
   throughput   :   57.523 # [mwords/sec]
   Debug_Time(0):   22.903 # [msec]
   Debug_Time(1):   11.240 # [msec]
   Debug_Time(2):    5.093 # [msec]
   Debug_Time(3):    3.060 # [msec]
   Debug_Time(4):    3.509 # [msec]
-
   Version      : 1.7
   Ways         : 16
   Words        : 2
   Feedback     : 1
   WordBits     : 32
   IndexBits    : 32
   Sort Order   : 0
   Sign Compare : 0
   Max Size     : 268435455
   Debug Enable : 1
   size         : 550000
   average_time :    9.559 # [msec]
   throughput   :   57.537 # [mwords/sec]
   Debug_Time(0):   23.059 # [msec]
   Debug_Time(1):   11.295 # [msec]
   Debug_Time(2):    5.140 # [msec]
   Debug_Time(3):    3.082 # [msec]
   Debug_Time(4):    3.542 # [msec]
-
   Version      : 1.7
   Ways         : 16
   Words        : 2
   Feedback     : 1
   WordBits     : 32
   IndexBits    : 32
   Sort Order   : 0
   Sign Compare : 0
   Max Size     : 268435455
   Debug Enable : 1
   size         : 555000
   average_time :    9.659 # [msec]
   throughput   :   57.457 # [mwords/sec]
   Debug_Time(0):   23.322 # [msec]
   Debug_Time(1):   11.441 # [msec]
   Debug_Time(2):    5.193 # [msec]
   Debug_Time(3):    3.113 # [msec]
   Debug_Time(4):    3.575 # [msec]
-
   Version      : 1.7
   Ways         : 16
   Words        : 2
   Feedback     : 1
   WordBits     : 32
   IndexBits    : 32
   Sort Order   : 0
   Sign Compare : 0
   Max Size     : 268435455
   Debug Enable : 1
   size         : 560000
   average_time :    9.739 # [msec]
   throughput   :   57.502 # [mwords/sec]
   Debug_Time(0):   23.549 # [msec]
   Debug_Time(1):   11.572 # [msec]
   Debug_Time(2):    5.228 # [msec]
   Debug_Time(3):    3.143 # [msec]
   Debug_Time(4):    3.606 # [msec]
-
   Version      : 1.7
   Ways         : 16
   Words        : 2
   Feedback     : 1
   WordBits     : 32
   IndexBits    : 32
   Sort Order   : 0
   Sign Compare : 0
   Max Size     : 268435455
   Debug Enable : 1
   size         : 565000
   average_time :    9.830 # [msec]
   throughput   :   57.479 # [mwords/sec]
   Debug_Time(0):   23.737 # [msec]
   Debug_Time(1):   11.644 # [msec]
   Debug_Time(2):    5.286 # [msec]
   Debug_Time(3):    3.170 # [msec]
   Debug_Time(4):    3.637 # [msec]
-
   Version      : 1.7
   Ways         : 16
   Words        : 2
   Feedback     : 1
   WordBits     : 32
   IndexBits    : 32
   Sort Order   : 0
   Sign Compare : 0
   Max Size     : 268435455
   Debug Enable : 1
   size         : 570000
   average_time :    9.868 # [msec]
   throughput   :   57.761 # [mwords/sec]
   Debug_Time(0):   23.924 # [msec]
   Debug_Time(1):   11.724 # [msec]
   Debug_Time(2):    5.331 # [msec]
   Debug_Time(3):    3.197 # [msec]
   Debug_Time(4):    3.671 # [msec]
-
   Version      : 1.7
   Ways         : 16
   Words        : 2
   Feedback     : 1
   WordBits     : 32
   IndexBits    : 32
   Sort Order   : 0
   Sign Compare : 0
   Max Size     : 268435455
   Debug Enable : 1
   size         : 575000
   average_time :   10.002 # [msec]
   throughput   :   57.486 # [mwords/sec]
   Debug_Time(0):   24.127 # [msec]
   Debug_Time(1):   11.830 # [msec]
   Debug_Time(2):    5.360 # [msec]
   Debug_Time(3):    3.230 # [msec]
   Debug_Time(4):    3.706 # [msec]
-
   Version      : 1.7
   Ways         : 16
   Words        : 2
   Feedback     : 1
   WordBits     : 32
   IndexBits    : 32
   Sort Order   : 0
   Sign Compare : 0
   Max Size     : 268435455
   Debug Enable : 1
   size         : 580000
   average_time :   10.079 # [msec]
   throughput   :   57.545 # [mwords/sec]
   Debug_Time(0):   24.367 # [msec]
   Debug_Time(1):   11.959 # [msec]
   Debug_Time(2):    5.415 # [msec]
   Debug_Time(3):    3.256 # [msec]
   Debug_Time(4):    3.737 # [msec]
-
   Version      : 1.7
   Ways         : 16
   Words        : 2
   Feedback     : 1
   WordBits     : 32
   IndexBits    : 32
   Sort Order   : 0
   Sign Compare : 0
   Max Size     : 268435455
   Debug Enable : 1
   size         : 585000
   average_time :   10.136 # [msec]
   throughput   :   57.715 # [mwords/sec]
   Debug_Time(0):   24.546 # [msec]
   Debug_Time(1):   12.017 # [msec]
   Debug_Time(2):    5.464 # [msec]
   Debug_Time(3):    3.293 # [msec]
   Debug_Time(4):    3.771 # [msec]
-
   Version      : 1.7
   Ways         : 16
   Words        : 2
   Feedback     : 1
   WordBits     : 32
   IndexBits    : 32
   Sort Order   : 0
   Sign Compare : 0
   Max Size     : 268435455
   Debug Enable : 1
   size         : 590000
   average_time :   10.197 # [msec]
   throughput   :   57.860 # [mwords/sec]
   Debug_Time(0):   24.754 # [msec]
   Debug_Time(1):   12.113 # [msec]
   Debug_Time(2):    5.517 # [msec]
   Debug_Time(3):    3.317 # [msec]
   Debug_Time(4):    3.806 # [msec]
-
   Version      : 1.7
   Ways         : 16
   Words        : 2
   Feedback     : 1
   WordBits     : 32
   IndexBits    : 32
   Sort Order   : 0
   Sign Compare : 0
   Max Size     : 268435455
   Debug Enable : 1
   size         : 595000
   average_time :   10.300 # [msec]
   throughput   :   57.768 # [mwords/sec]
   Debug_Time(0):   24.954 # [msec]
   Debug_Time(1):   12.206 # [msec]
   Debug_Time(2):    5.560 # [msec]
   Debug_Time(3):    3.351 # [msec]
   Debug_Time(4):    3.836 # [msec]
-
   Version      : 1.7
   Ways         : 16
   Words        : 2
   Feedback     : 1
   WordBits     : 32
   IndexBits    : 32
   Sort Order   : 0
   Sign Compare : 0
   Max Size     : 268435455
   Debug Enable : 1
   size         : 600000
   average_time :   10.374 # [msec]
   throughput   :   57.835 # [mwords/sec]
   Debug_Time(0):   25.188 # [msec]
   Debug_Time(1):   12.333 # [msec]
   Debug_Time(2):    5.604 # [msec]
   Debug_Time(3):    3.379 # [msec]
   Debug_Time(4):    3.872 # [msec]
-
   Version      : 1.7
   Ways         : 16
   Words        : 2
   Feedback     : 1
   WordBits     : 32
   IndexBits    : 32
   Sort Order   : 0
   Sign Compare : 0
   Max Size     : 268435455
   Debug Enable : 1
   size         : 605000
   average_time :   10.475 # [msec]
   throughput   :   57.758 # [mwords/sec]
   Debug_Time(0):   25.416 # [msec]
   Debug_Time(1):   12.457 # [msec]
   Debug_Time(2):    5.659 # [msec]
   Debug_Time(3):    3.396 # [msec]
   Debug_Time(4):    3.904 # [msec]
-
   Version      : 1.7
   Ways         : 16
   Words        : 2
   Feedback     : 1
   WordBits     : 32
   IndexBits    : 32
   Sort Order   : 0
   Sign Compare : 0
   Max Size     : 268435455
   Debug Enable : 1
   size         : 610000
   average_time :   10.551 # [msec]
   throughput   :   57.813 # [mwords/sec]
   Debug_Time(0):   25.569 # [msec]
   Debug_Time(1):   12.512 # [msec]
   Debug_Time(2):    5.693 # [msec]
   Debug_Time(3):    3.428 # [msec]
   Debug_Time(4):    3.935 # [msec]
-
   Version      : 1.7
   Ways         : 16
   Words        : 2
   Feedback     : 1
   WordBits     : 32
   IndexBits    : 32
   Sort Order   : 0
   Sign Compare : 0
   Max Size     : 268435455
   Debug Enable : 1
   size         : 615000
   average_time :   10.648 # [msec]
   throughput   :   57.758 # [mwords/sec]
   Debug_Time(0):   25.776 # [msec]
   Debug_Time(1):   12.601 # [msec]
   Debug_Time(2):    5.749 # [msec]
   Debug_Time(3):    3.458 # [msec]
   Debug_Time(4):    3.969 # [msec]
-
   Version      : 1.7
   Ways         : 16
   Words        : 2
   Feedback     : 1
   WordBits     : 32
   IndexBits    : 32
   Sort Order   : 0
   Sign Compare : 0
   Max Size     : 268435455
   Debug Enable : 1
   size         : 620000
   average_time :   10.727 # [msec]
   throughput   :   57.798 # [mwords/sec]
   Debug_Time(0):   26.029 # [msec]
   Debug_Time(1):   12.753 # [msec]
   Debug_Time(2):    5.790 # [msec]
   Debug_Time(3):    3.483 # [msec]
   Debug_Time(4):    4.003 # [msec]
-
   Version      : 1.7
   Ways         : 16
   Words        : 2
   Feedback     : 1
   WordBits     : 32
   IndexBits    : 32
   Sort Order   : 0
   Sign Compare : 0
   Max Size     : 268435455
   Debug Enable : 1
   size         : 625000
   average_time :   10.803 # [msec]
   throughput   :   57.853 # [mwords/sec]
   Debug_Time(0):   26.202 # [msec]
   Debug_Time(1):   12.808 # [msec]
   Debug_Time(2):    5.838 # [msec]
   Debug_Time(3):    3.520 # [msec]
   Debug_Time(4):    4.037 # [msec]
-
   Version      : 1.7
   Ways         : 16
   Words        : 2
   Feedback     : 1
   WordBits     : 32
   IndexBits    : 32
   Sort Order   : 0
   Sign Compare : 0
   Max Size     : 268435455
   Debug Enable : 1
   size         : 630000
   average_time :   10.888 # [msec]
   throughput   :   57.864 # [mwords/sec]
   Debug_Time(0):   26.373 # [msec]
   Debug_Time(1):   12.873 # [msec]
   Debug_Time(2):    5.884 # [msec]
   Debug_Time(3):    3.542 # [msec]
   Debug_Time(4):    4.073 # [msec]
-
   Version      : 1.7
   Ways         : 16
   Words        : 2
   Feedback     : 1
   WordBits     : 32
   IndexBits    : 32
   Sort Order   : 0
   Sign Compare : 0
   Max Size     : 268435455
   Debug Enable : 1
   size         : 635000
   average_time :   11.003 # [msec]
   throughput   :   57.710 # [mwords/sec]
   Debug_Time(0):   26.517 # [msec]
   Debug_Time(1):   12.989 # [msec]
   Debug_Time(2):    5.929 # [msec]
   Debug_Time(3):    3.571 # [msec]
   Debug_Time(4):    4.029 # [msec]
-
   Version      : 1.7
   Ways         : 16
   Words        : 2
   Feedback     : 1
   WordBits     : 32
   IndexBits    : 32
   Sort Order   : 0
   Sign Compare : 0
   Max Size     : 268435455
   Debug Enable : 1
   size         : 640000
   average_time :   11.074 # [msec]
   throughput   :   57.790 # [mwords/sec]
   Debug_Time(0):   26.735 # [msec]
   Debug_Time(1):   13.104 # [msec]
   Debug_Time(2):    5.977 # [msec]
   Debug_Time(3):    3.603 # [msec]
   Debug_Time(4):    4.051 # [msec]
-
   Version      : 1.7
   Ways         : 16
   Words        : 2
   Feedback     : 1
   WordBits     : 32
   IndexBits    : 32
   Sort Order   : 0
   Sign Compare : 0
   Max Size     : 268435455
   Debug Enable : 1
   size         : 645000
   average_time :   11.127 # [msec]
   throughput   :   57.966 # [mwords/sec]
   Debug_Time(0):   26.972 # [msec]
   Debug_Time(1):   13.202 # [msec]
   Debug_Time(2):    6.022 # [msec]
   Debug_Time(3):    3.626 # [msec]
   Debug_Time(4):    4.122 # [msec]
-
   Version      : 1.7
   Ways         : 16
   Words        : 2
   Feedback     : 1
   WordBits     : 32
   IndexBits    : 32
   Sort Order   : 0
   Sign Compare : 0
   Max Size     : 268435455
   Debug Enable : 1
   size         : 650000
   average_time :   11.502 # [msec]
   throughput   :   56.512 # [mwords/sec]
   Debug_Time(0):   27.075 # [msec]
   Debug_Time(1):   13.242 # [msec]
   Debug_Time(2):    6.069 # [msec]
   Debug_Time(3):    3.659 # [msec]
   Debug_Time(4):    4.105 # [msec]
-
   Version      : 1.7
   Ways         : 16
   Words        : 2
   Feedback     : 1
   WordBits     : 32
   IndexBits    : 32
   Sort Order   : 0
   Sign Compare : 0
   Max Size     : 268435455
   Debug Enable : 1
   size         : 655000
   average_time :   11.315 # [msec]
   throughput   :   57.887 # [mwords/sec]
   Debug_Time(0):   27.420 # [msec]
   Debug_Time(1):   13.442 # [msec]
   Debug_Time(2):    6.115 # [msec]
   Debug_Time(3):    3.685 # [msec]
   Debug_Time(4):    4.177 # [msec]
-
   Version      : 1.7
   Ways         : 16
   Words        : 2
   Feedback     : 1
   WordBits     : 32
   IndexBits    : 32
   Sort Order   : 0
   Sign Compare : 0
   Max Size     : 268435455
   Debug Enable : 1
   size         : 660000
   average_time :   11.388 # [msec]
   throughput   :   57.956 # [mwords/sec]
   Debug_Time(0):   27.603 # [msec]
   Debug_Time(1):   13.467 # [msec]
   Debug_Time(2):    6.166 # [msec]
   Debug_Time(3):    3.709 # [msec]
   Debug_Time(4):    4.260 # [msec]
-
   Version      : 1.7
   Ways         : 16
   Words        : 2
   Feedback     : 1
   WordBits     : 32
   IndexBits    : 32
   Sort Order   : 0
   Sign Compare : 0
   Max Size     : 268435455
   Debug Enable : 1
   size         : 665000
   average_time :   11.474 # [msec]
   throughput   :   57.957 # [mwords/sec]
   Debug_Time(0):   27.794 # [msec]
   Debug_Time(1):   13.560 # [msec]
   Debug_Time(2):    6.190 # [msec]
   Debug_Time(3):    3.739 # [msec]
   Debug_Time(4):    4.306 # [msec]
-
   Version      : 1.7
   Ways         : 16
   Words        : 2
   Feedback     : 1
   WordBits     : 32
   IndexBits    : 32
   Sort Order   : 0
   Sign Compare : 0
   Max Size     : 268435455
   Debug Enable : 1
   size         : 670000
   average_time :   11.544 # [msec]
   throughput   :   58.040 # [mwords/sec]
   Debug_Time(0):   28.020 # [msec]
   Debug_Time(1):   13.682 # [msec]
   Debug_Time(2):    6.234 # [msec]
   Debug_Time(3):    3.764 # [msec]
   Debug_Time(4):    4.341 # [msec]
-
   Version      : 1.7
   Ways         : 16
   Words        : 2
   Feedback     : 1
   WordBits     : 32
   IndexBits    : 32
   Sort Order   : 0
   Sign Compare : 0
   Max Size     : 268435455
   Debug Enable : 1
   size         : 675000
   average_time :   11.625 # [msec]
   throughput   :   58.063 # [mwords/sec]
   Debug_Time(0):   28.195 # [msec]
   Debug_Time(1):   13.746 # [msec]
   Debug_Time(2):    6.288 # [msec]
   Debug_Time(3):    3.793 # [msec]
   Debug_Time(4):    4.368 # [msec]
-
   Version      : 1.7
   Ways         : 16
   Words        : 2
   Feedback     : 1
   WordBits     : 32
   IndexBits    : 32
   Sort Order   : 0
   Sign Compare : 0
   Max Size     : 268435455
   Debug Enable : 1
   size         : 680000
   average_time :   11.722 # [msec]
   throughput   :   58.010 # [mwords/sec]
   Debug_Time(0):   28.361 # [msec]
   Debug_Time(1):   13.791 # [msec]
   Debug_Time(2):    6.349 # [msec]
   Debug_Time(3):    3.821 # [msec]
   Debug_Time(4):    4.400 # [msec]
-
   Version      : 1.7
   Ways         : 16
   Words        : 2
   Feedback     : 1
   WordBits     : 32
   IndexBits    : 32
   Sort Order   : 0
   Sign Compare : 0
   Max Size     : 268435455
   Debug Enable : 1
   size         : 685000
   average_time :   11.790 # [msec]
   throughput   :   58.098 # [mwords/sec]
   Debug_Time(0):   28.589 # [msec]
   Debug_Time(1):   13.903 # [msec]
   Debug_Time(2):    6.405 # [msec]
   Debug_Time(3):    3.842 # [msec]
   Debug_Time(4):    4.438 # [msec]
-
   Version      : 1.7
   Ways         : 16
   Words        : 2
   Feedback     : 1
   WordBits     : 32
   IndexBits    : 32
   Sort Order   : 0
   Sign Compare : 0
   Max Size     : 268435455
   Debug Enable : 1
   size         : 690000
   average_time :   11.905 # [msec]
   throughput   :   57.958 # [mwords/sec]
   Debug_Time(0):   28.823 # [msec]
   Debug_Time(1):   13.996 # [msec]
   Debug_Time(2):    6.492 # [msec]
   Debug_Time(3):    3.873 # [msec]
   Debug_Time(4):    4.462 # [msec]
-
   Version      : 1.7
   Ways         : 16
   Words        : 2
   Feedback     : 1
   WordBits     : 32
   IndexBits    : 32
   Sort Order   : 0
   Sign Compare : 0
   Max Size     : 268435455
   Debug Enable : 1
   size         : 695000
   average_time :   11.966 # [msec]
   throughput   :   58.083 # [mwords/sec]
   Debug_Time(0):   29.196 # [msec]
   Debug_Time(1):   14.245 # [msec]
   Debug_Time(2):    6.537 # [msec]
   Debug_Time(3):    3.899 # [msec]
   Debug_Time(4):    4.515 # [msec]
-
   Version      : 1.7
   Ways         : 16
   Words        : 2
   Feedback     : 1
   WordBits     : 32
   IndexBits    : 32
   Sort Order   : 0
   Sign Compare : 0
   Max Size     : 268435455
   Debug Enable : 1
   size         : 700000
   average_time :   12.075 # [msec]
   throughput   :   57.971 # [mwords/sec]
   Debug_Time(0):   29.579 # [msec]
   Debug_Time(1):   14.549 # [msec]
   Debug_Time(2):    6.562 # [msec]
   Debug_Time(3):    3.932 # [msec]
   Debug_Time(4):    4.536 # [msec]
-
   Version      : 1.7
   Ways         : 16
   Words        : 2
   Feedback     : 1
   WordBits     : 32
   IndexBits    : 32
   Sort Order   : 0
   Sign Compare : 0
   Max Size     : 268435455
   Debug Enable : 1
   size         : 705000
   average_time :   12.155 # [msec]
   throughput   :   58.001 # [mwords/sec]
   Debug_Time(0):   29.982 # [msec]
   Debug_Time(1):   14.761 # [msec]
   Debug_Time(2):    6.620 # [msec]
   Debug_Time(3):    3.965 # [msec]
   Debug_Time(4):    4.636 # [msec]
-
   Version      : 1.7
   Ways         : 16
   Words        : 2
   Feedback     : 1
   WordBits     : 32
   IndexBits    : 32
   Sort Order   : 0
   Sign Compare : 0
   Max Size     : 268435455
   Debug Enable : 1
   size         : 710000
   average_time :   12.252 # [msec]
   throughput   :   57.950 # [mwords/sec]
   Debug_Time(0):   30.272 # [msec]
   Debug_Time(1):   14.948 # [msec]
   Debug_Time(2):    6.673 # [msec]
   Debug_Time(3):    3.988 # [msec]
   Debug_Time(4):    4.663 # [msec]
-
   Version      : 1.7
   Ways         : 16
   Words        : 2
   Feedback     : 1
   WordBits     : 32
   IndexBits    : 32
   Sort Order   : 0
   Sign Compare : 0
   Max Size     : 268435455
   Debug Enable : 1
   size         : 715000
   average_time :   12.327 # [msec]
   throughput   :   58.002 # [mwords/sec]
   Debug_Time(0):   30.468 # [msec]
   Debug_Time(1):   15.054 # [msec]
   Debug_Time(2):    6.700 # [msec]
   Debug_Time(3):    4.017 # [msec]
   Debug_Time(4):    4.697 # [msec]
-
   Version      : 1.7
   Ways         : 16
   Words        : 2
   Feedback     : 1
   WordBits     : 32
   IndexBits    : 32
   Sort Order   : 0
   Sign Compare : 0
   Max Size     : 268435455
   Debug Enable : 1
   size         : 720000
   average_time :   12.427 # [msec]
   throughput   :   57.940 # [mwords/sec]
   Debug_Time(0):   30.718 # [msec]
   Debug_Time(1):   15.219 # [msec]
   Debug_Time(2):    6.729 # [msec]
   Debug_Time(3):    4.038 # [msec]
   Debug_Time(4):    4.732 # [msec]
-
   Version      : 1.7
   Ways         : 16
   Words        : 2
   Feedback     : 1
   WordBits     : 32
   IndexBits    : 32
   Sort Order   : 0
   Sign Compare : 0
   Max Size     : 268435455
   Debug Enable : 1
   size         : 725000
   average_time :   12.487 # [msec]
   throughput   :   58.061 # [mwords/sec]
   Debug_Time(0):   30.730 # [msec]
   Debug_Time(1):   15.122 # [msec]
   Debug_Time(2):    6.801 # [msec]
   Debug_Time(3):    4.075 # [msec]
   Debug_Time(4):    4.732 # [msec]
-
   Version      : 1.7
   Ways         : 16
   Words        : 2
   Feedback     : 1
   WordBits     : 32
   IndexBits    : 32
   Sort Order   : 0
   Sign Compare : 0
   Max Size     : 268435455
   Debug Enable : 1
   size         : 730000
   average_time :   12.580 # [msec]
   throughput   :   58.031 # [mwords/sec]
   Debug_Time(0):   30.770 # [msec]
   Debug_Time(1):   15.007 # [msec]
   Debug_Time(2):    6.803 # [msec]
   Debug_Time(3):    4.110 # [msec]
   Debug_Time(4):    4.850 # [msec]
-
   Version      : 1.7
   Ways         : 16
   Words        : 2
   Feedback     : 1
   WordBits     : 32
   IndexBits    : 32
   Sort Order   : 0
   Sign Compare : 0
   Max Size     : 268435455
   Debug Enable : 1
   size         : 735000
   average_time :   12.659 # [msec]
   throughput   :   58.063 # [mwords/sec]
   Debug_Time(0):   31.013 # [msec]
   Debug_Time(1):   15.160 # [msec]
   Debug_Time(2):    6.842 # [msec]
   Debug_Time(3):    4.136 # [msec]
   Debug_Time(4):    4.876 # [msec]
-
   Version      : 1.7
   Ways         : 16
   Words        : 2
   Feedback     : 1
   WordBits     : 32
   IndexBits    : 32
   Sort Order   : 0
   Sign Compare : 0
   Max Size     : 268435455
   Debug Enable : 1
   size         : 740000
   average_time :   12.739 # [msec]
   throughput   :   58.091 # [mwords/sec]
   Debug_Time(0):   31.038 # [msec]
   Debug_Time(1):   15.152 # [msec]
   Debug_Time(2):    6.873 # [msec]
   Debug_Time(3):    4.150 # [msec]
   Debug_Time(4):    4.863 # [msec]
-
   Version      : 1.7
   Ways         : 16
   Words        : 2
   Feedback     : 1
   WordBits     : 32
   IndexBits    : 32
   Sort Order   : 0
   Sign Compare : 0
   Max Size     : 268435455
   Debug Enable : 1
   size         : 745000
   average_time :   12.825 # [msec]
   throughput   :   58.091 # [mwords/sec]
   Debug_Time(0):   31.158 # [msec]
   Debug_Time(1):   15.165 # [msec]
   Debug_Time(2):    6.928 # [msec]
   Debug_Time(3):    4.187 # [msec]
   Debug_Time(4):    4.880 # [msec]
-
   Version      : 1.7
   Ways         : 16
   Words        : 2
   Feedback     : 1
   WordBits     : 32
   IndexBits    : 32
   Sort Order   : 0
   Sign Compare : 0
   Max Size     : 268435455
   Debug Enable : 1
   size         : 750000
   average_time :   12.883 # [msec]
   throughput   :   58.216 # [mwords/sec]
   Debug_Time(0):   31.284 # [msec]
   Debug_Time(1):   15.187 # [msec]
   Debug_Time(2):    6.975 # [msec]
   Debug_Time(3):    4.209 # [msec]
   Debug_Time(4):    4.913 # [msec]
-
   Version      : 1.7
   Ways         : 16
   Words        : 2
   Feedback     : 1
   WordBits     : 32
   IndexBits    : 32
   Sort Order   : 0
   Sign Compare : 0
   Max Size     : 268435455
   Debug Enable : 1
   size         : 755000
   average_time :   12.968 # [msec]
   throughput   :   58.221 # [mwords/sec]
   Debug_Time(0):   31.290 # [msec]
   Debug_Time(1):   14.999 # [msec]
   Debug_Time(2):    7.040 # [msec]
   Debug_Time(3):    4.242 # [msec]
   Debug_Time(4):    5.008 # [msec]
-
   Version      : 1.7
   Ways         : 16
   Words        : 2
   Feedback     : 1
   WordBits     : 32
   IndexBits    : 32
   Sort Order   : 0
   Sign Compare : 0
   Max Size     : 268435455
   Debug Enable : 1
   size         : 760000
   average_time :   13.041 # [msec]
   throughput   :   58.279 # [mwords/sec]
   Debug_Time(0):   31.430 # [msec]
   Debug_Time(1):   15.056 # [msec]
   Debug_Time(2):    7.075 # [msec]
   Debug_Time(3):    4.279 # [msec]
   Debug_Time(4):    5.020 # [msec]
-
   Version      : 1.7
   Ways         : 16
   Words        : 2
   Feedback     : 1
   WordBits     : 32
   IndexBits    : 32
   Sort Order   : 0
   Sign Compare : 0
   Max Size     : 268435455
   Debug Enable : 1
   size         : 765000
   average_time :   13.142 # [msec]
   throughput   :   58.212 # [mwords/sec]
   Debug_Time(0):   31.600 # [msec]
   Debug_Time(1):   15.121 # [msec]
   Debug_Time(2):    7.124 # [msec]
   Debug_Time(3):    4.306 # [msec]
   Debug_Time(4):    5.049 # [msec]
-
   Version      : 1.7
   Ways         : 16
   Words        : 2
   Feedback     : 1
   WordBits     : 32
   IndexBits    : 32
   Sort Order   : 0
   Sign Compare : 0
   Max Size     : 268435455
   Debug Enable : 1
   size         : 770000
   average_time :   13.191 # [msec]
   throughput   :   58.375 # [mwords/sec]
   Debug_Time(0):   31.870 # [msec]
   Debug_Time(1):   15.280 # [msec]
   Debug_Time(2):    7.177 # [msec]
   Debug_Time(3):    4.329 # [msec]
   Debug_Time(4):    5.084 # [msec]
-
   Version      : 1.7
   Ways         : 16
   Words        : 2
   Feedback     : 1
   WordBits     : 32
   IndexBits    : 32
   Sort Order   : 0
   Sign Compare : 0
   Max Size     : 268435455
   Debug Enable : 1
   size         : 775000
   average_time :   13.274 # [msec]
   throughput   :   58.383 # [mwords/sec]
   Debug_Time(0):   32.061 # [msec]
   Debug_Time(1):   15.367 # [msec]
   Debug_Time(2):    7.211 # [msec]
   Debug_Time(3):    4.358 # [msec]
   Debug_Time(4):    5.125 # [msec]
-
   Version      : 1.7
   Ways         : 16
   Words        : 2
   Feedback     : 1
   WordBits     : 32
   IndexBits    : 32
   Sort Order   : 0
   Sign Compare : 0
   Max Size     : 268435455
   Debug Enable : 1
   size         : 780000
   average_time :   13.347 # [msec]
   throughput   :   58.438 # [mwords/sec]
   Debug_Time(0):   32.215 # [msec]
   Debug_Time(1):   15.430 # [msec]
   Debug_Time(2):    7.250 # [msec]
   Debug_Time(3):    4.376 # [msec]
   Debug_Time(4):    5.159 # [msec]
-
   Version      : 1.7
   Ways         : 16
   Words        : 2
   Feedback     : 1
   WordBits     : 32
   IndexBits    : 32
   Sort Order   : 0
   Sign Compare : 0
   Max Size     : 268435455
   Debug Enable : 1
   size         : 785000
   average_time :   13.495 # [msec]
   throughput   :   58.168 # [mwords/sec]
   Debug_Time(0):   32.488 # [msec]
   Debug_Time(1):   15.580 # [msec]
   Debug_Time(2):    7.305 # [msec]
   Debug_Time(3):    4.418 # [msec]
   Debug_Time(4):    5.185 # [msec]
-
   Version      : 1.7
   Ways         : 16
   Words        : 2
   Feedback     : 1
   WordBits     : 32
   IndexBits    : 32
   Sort Order   : 0
   Sign Compare : 0
   Max Size     : 268435455
   Debug Enable : 1
   size         : 790000
   average_time :   13.495 # [msec]
   throughput   :   58.541 # [mwords/sec]
   Debug_Time(0):   32.778 # [msec]
   Debug_Time(1):   15.822 # [msec]
   Debug_Time(2):    7.345 # [msec]
   Debug_Time(3):    4.447 # [msec]
   Debug_Time(4):    5.164 # [msec]
-
   Version      : 1.7
   Ways         : 16
   Words        : 2
   Feedback     : 1
   WordBits     : 32
   IndexBits    : 32
   Sort Order   : 0
   Sign Compare : 0
   Max Size     : 268435455
   Debug Enable : 1
   size         : 795000
   average_time :   13.624 # [msec]
   throughput   :   58.353 # [mwords/sec]
   Debug_Time(0):   33.053 # [msec]
   Debug_Time(1):   16.006 # [msec]
   Debug_Time(2):    7.406 # [msec]
   Debug_Time(3):    4.455 # [msec]
   Debug_Time(4):    5.186 # [msec]
-
   Version      : 1.7
   Ways         : 16
   Words        : 2
   Feedback     : 1
   WordBits     : 32
   IndexBits    : 32
   Sort Order   : 0
   Sign Compare : 0
   Max Size     : 268435455
   Debug Enable : 1
   size         : 800000
   average_time :   13.663 # [msec]
   throughput   :   58.552 # [mwords/sec]
   Debug_Time(0):   33.282 # [msec]
   Debug_Time(1):   16.119 # [msec]
   Debug_Time(2):    7.442 # [msec]
   Debug_Time(3):    4.495 # [msec]
   Debug_Time(4):    5.225 # [msec]
-
   Version      : 1.7
   Ways         : 16
   Words        : 2
   Feedback     : 1
   WordBits     : 32
   IndexBits    : 32
   Sort Order   : 0
   Sign Compare : 0
   Max Size     : 268435455
   Debug Enable : 1
   size         : 805000
   average_time :   13.759 # [msec]
   throughput   :   58.508 # [mwords/sec]
   Debug_Time(0):   33.376 # [msec]
   Debug_Time(1):   16.127 # [msec]
   Debug_Time(2):    7.474 # [msec]
   Debug_Time(3):    4.509 # [msec]
   Debug_Time(4):    5.265 # [msec]
-
   Version      : 1.7
   Ways         : 16
   Words        : 2
   Feedback     : 1
   WordBits     : 32
   IndexBits    : 32
   Sort Order   : 0
   Sign Compare : 0
   Max Size     : 268435455
   Debug Enable : 1
   size         : 810000
   average_time :   13.881 # [msec]
   throughput   :   58.355 # [mwords/sec]
   Debug_Time(0):   33.797 # [msec]
   Debug_Time(1):   16.407 # [msec]
   Debug_Time(2):    7.546 # [msec]
   Debug_Time(3):    4.547 # [msec]
   Debug_Time(4):    5.297 # [msec]
-
   Version      : 1.7
   Ways         : 16
   Words        : 2
   Feedback     : 1
   WordBits     : 32
   IndexBits    : 32
   Sort Order   : 0
   Sign Compare : 0
   Max Size     : 268435455
   Debug Enable : 1
   size         : 815000
   average_time :   13.953 # [msec]
   throughput   :   58.409 # [mwords/sec]
   Debug_Time(0):   33.977 # [msec]
   Debug_Time(1):   16.419 # [msec]
   Debug_Time(2):    7.581 # [msec]
   Debug_Time(3):    4.582 # [msec]
   Debug_Time(4):    5.394 # [msec]
-
   Version      : 1.7
   Ways         : 16
   Words        : 2
   Feedback     : 1
   WordBits     : 32
   IndexBits    : 32
   Sort Order   : 0
   Sign Compare : 0
   Max Size     : 268435455
   Debug Enable : 1
   size         : 820000
   average_time :   14.035 # [msec]
   throughput   :   58.426 # [mwords/sec]
   Debug_Time(0):   34.135 # [msec]
   Debug_Time(1):   16.537 # [msec]
   Debug_Time(2):    7.631 # [msec]
   Debug_Time(3):    4.603 # [msec]
   Debug_Time(4):    5.363 # [msec]
-
   Version      : 1.7
   Ways         : 16
   Words        : 2
   Feedback     : 1
   WordBits     : 32
   IndexBits    : 32
   Sort Order   : 0
   Sign Compare : 0
   Max Size     : 268435455
   Debug Enable : 1
   size         : 825000
   average_time :   14.145 # [msec]
   throughput   :   58.324 # [mwords/sec]
   Debug_Time(0):   34.199 # [msec]
   Debug_Time(1):   16.498 # [msec]
   Debug_Time(2):    7.678 # [msec]
   Debug_Time(3):    4.632 # [msec]
   Debug_Time(4):    5.391 # [msec]
-
   Version      : 1.7
   Ways         : 16
   Words        : 2
   Feedback     : 1
   WordBits     : 32
   IndexBits    : 32
   Sort Order   : 0
   Sign Compare : 0
   Max Size     : 268435455
   Debug Enable : 1
   size         : 830000
   average_time :   14.204 # [msec]
   throughput   :   58.435 # [mwords/sec]
   Debug_Time(0):   34.514 # [msec]
   Debug_Time(1):   16.705 # [msec]
   Debug_Time(2):    7.715 # [msec]
   Debug_Time(3):    4.667 # [msec]
   Debug_Time(4):    5.428 # [msec]
-
   Version      : 1.7
   Ways         : 16
   Words        : 2
   Feedback     : 1
   WordBits     : 32
   IndexBits    : 32
   Sort Order   : 0
   Sign Compare : 0
   Max Size     : 268435455
   Debug Enable : 1
   size         : 835000
   average_time :   14.299 # [msec]
   throughput   :   58.394 # [mwords/sec]
   Debug_Time(0):   34.652 # [msec]
   Debug_Time(1):   16.729 # [msec]
   Debug_Time(2):    7.777 # [msec]
   Debug_Time(3):    4.687 # [msec]
   Debug_Time(4):    5.460 # [msec]
-
   Version      : 1.7
   Ways         : 16
   Words        : 2
   Feedback     : 1
   WordBits     : 32
   IndexBits    : 32
   Sort Order   : 0
   Sign Compare : 0
   Max Size     : 268435455
   Debug Enable : 1
   size         : 840000
   average_time :   14.347 # [msec]
   throughput   :   58.548 # [mwords/sec]
   Debug_Time(0):   35.017 # [msec]
   Debug_Time(1):   16.935 # [msec]
   Debug_Time(2):    7.816 # [msec]
   Debug_Time(3):    4.718 # [msec]
   Debug_Time(4):    5.548 # [msec]
-
   Version      : 1.7
   Ways         : 16
   Words        : 2
   Feedback     : 1
   WordBits     : 32
   IndexBits    : 32
   Sort Order   : 0
   Sign Compare : 0
   Max Size     : 268435455
   Debug Enable : 1
   size         : 845000
   average_time :   14.429 # [msec]
   throughput   :   58.562 # [mwords/sec]
   Debug_Time(0):   35.165 # [msec]
   Debug_Time(1):   17.014 # [msec]
   Debug_Time(2):    7.869 # [msec]
   Debug_Time(3):    4.741 # [msec]
   Debug_Time(4):    5.541 # [msec]
-
   Version      : 1.7
   Ways         : 16
   Words        : 2
   Feedback     : 1
   WordBits     : 32
   IndexBits    : 32
   Sort Order   : 0
   Sign Compare : 0
   Max Size     : 268435455
   Debug Enable : 1
   size         : 850000
   average_time :   14.491 # [msec]
   throughput   :   58.658 # [mwords/sec]
   Debug_Time(0):   35.420 # [msec]
   Debug_Time(1):   17.165 # [msec]
   Debug_Time(2):    7.909 # [msec]
   Debug_Time(3):    4.775 # [msec]
   Debug_Time(4):    5.571 # [msec]
-
   Version      : 1.7
   Ways         : 16
   Words        : 2
   Feedback     : 1
   WordBits     : 32
   IndexBits    : 32
   Sort Order   : 0
   Sign Compare : 0
   Max Size     : 268435455
   Debug Enable : 1
   size         : 855000
   average_time :   14.578 # [msec]
   throughput   :   58.652 # [mwords/sec]
   Debug_Time(0):   35.562 # [msec]
   Debug_Time(1):   17.214 # [msec]
   Debug_Time(2):    7.942 # [msec]
   Debug_Time(3):    4.791 # [msec]
   Debug_Time(4):    5.615 # [msec]
-
   Version      : 1.7
   Ways         : 16
   Words        : 2
   Feedback     : 1
   WordBits     : 32
   IndexBits    : 32
   Sort Order   : 0
   Sign Compare : 0
   Max Size     : 268435455
   Debug Enable : 1
   size         : 860000
   average_time :   14.709 # [msec]
   throughput   :   58.467 # [mwords/sec]
   Debug_Time(0):   35.745 # [msec]
   Debug_Time(1):   17.263 # [msec]
   Debug_Time(2):    8.010 # [msec]
   Debug_Time(3):    4.830 # [msec]
   Debug_Time(4):    5.641 # [msec]
-
   Version      : 1.7
   Ways         : 16
   Words        : 2
   Feedback     : 1
   WordBits     : 32
   IndexBits    : 32
   Sort Order   : 0
   Sign Compare : 0
   Max Size     : 268435455
   Debug Enable : 1
   size         : 865000
   average_time :   14.730 # [msec]
   throughput   :   58.725 # [mwords/sec]
   Debug_Time(0):   36.096 # [msec]
   Debug_Time(1):   17.499 # [msec]
   Debug_Time(2):    8.044 # [msec]
   Debug_Time(3):    4.862 # [msec]
   Debug_Time(4):    5.691 # [msec]
-
   Version      : 1.7
   Ways         : 16
   Words        : 2
   Feedback     : 1
   WordBits     : 32
   IndexBits    : 32
   Sort Order   : 0
   Sign Compare : 0
   Max Size     : 268435455
   Debug Enable : 1
   size         : 870000
   average_time :   14.850 # [msec]
   throughput   :   58.584 # [mwords/sec]
   Debug_Time(0):   36.231 # [msec]
   Debug_Time(1):   17.503 # [msec]
   Debug_Time(2):    8.091 # [msec]
   Debug_Time(3):    4.885 # [msec]
   Debug_Time(4):    5.752 # [msec]
-
   Version      : 1.7
   Ways         : 16
   Words        : 2
   Feedback     : 1
   WordBits     : 32
   IndexBits    : 32
   Sort Order   : 0
   Sign Compare : 0
   Max Size     : 268435455
   Debug Enable : 1
   size         : 875000
   average_time :   14.922 # [msec]
   throughput   :   58.638 # [mwords/sec]
   Debug_Time(0):   36.384 # [msec]
   Debug_Time(1):   17.553 # [msec]
   Debug_Time(2):    8.133 # [msec]
   Debug_Time(3):    4.911 # [msec]
   Debug_Time(4):    5.787 # [msec]
-
   Version      : 1.7
   Ways         : 16
   Words        : 2
   Feedback     : 1
   WordBits     : 32
   IndexBits    : 32
   Sort Order   : 0
   Sign Compare : 0
   Max Size     : 268435455
   Debug Enable : 1
   size         : 880000
   average_time :   14.995 # [msec]
   throughput   :   58.687 # [mwords/sec]
   Debug_Time(0):   36.628 # [msec]
   Debug_Time(1):   17.684 # [msec]
   Debug_Time(2):    8.181 # [msec]
   Debug_Time(3):    4.947 # [msec]
   Debug_Time(4):    5.816 # [msec]
-
   Version      : 1.7
   Ways         : 16
   Words        : 2
   Feedback     : 1
   WordBits     : 32
   IndexBits    : 32
   Sort Order   : 0
   Sign Compare : 0
   Max Size     : 268435455
   Debug Enable : 1
   size         : 885000
   average_time :   15.073 # [msec]
   throughput   :   58.716 # [mwords/sec]
   Debug_Time(0):   36.895 # [msec]
   Debug_Time(1):   17.882 # [msec]
   Debug_Time(2):    8.228 # [msec]
   Debug_Time(3):    4.973 # [msec]
   Debug_Time(4):    5.812 # [msec]
-
   Version      : 1.7
   Ways         : 16
   Words        : 2
   Feedback     : 1
   WordBits     : 32
   IndexBits    : 32
   Sort Order   : 0
   Sign Compare : 0
   Max Size     : 268435455
   Debug Enable : 1
   size         : 890000
   average_time :   15.192 # [msec]
   throughput   :   58.582 # [mwords/sec]
   Debug_Time(0):   37.106 # [msec]
   Debug_Time(1):   18.010 # [msec]
   Debug_Time(2):    8.273 # [msec]
   Debug_Time(3):    5.007 # [msec]
   Debug_Time(4):    5.817 # [msec]
-
   Version      : 1.7
   Ways         : 16
   Words        : 2
   Feedback     : 1
   WordBits     : 32
   IndexBits    : 32
   Sort Order   : 0
   Sign Compare : 0
   Max Size     : 268435455
   Debug Enable : 1
   size         : 895000
   average_time :   15.287 # [msec]
   throughput   :   58.548 # [mwords/sec]
   Debug_Time(0):   37.362 # [msec]
   Debug_Time(1):   18.090 # [msec]
   Debug_Time(2):    8.320 # [msec]
   Debug_Time(3):    5.034 # [msec]
   Debug_Time(4):    5.916 # [msec]
-
   Version      : 1.7
   Ways         : 16
   Words        : 2
   Feedback     : 1
   WordBits     : 32
   IndexBits    : 32
   Sort Order   : 0
   Sign Compare : 0
   Max Size     : 268435455
   Debug Enable : 1
   size         : 900000
   average_time :   15.357 # [msec]
   throughput   :   58.605 # [mwords/sec]
   Debug_Time(0):   37.534 # [msec]
   Debug_Time(1):   18.197 # [msec]
   Debug_Time(2):    8.372 # [msec]
   Debug_Time(3):    5.051 # [msec]
   Debug_Time(4):    5.914 # [msec]
-
   Version      : 1.7
   Ways         : 16
   Words        : 2
   Feedback     : 1
   WordBits     : 32
   IndexBits    : 32
   Sort Order   : 0
   Sign Compare : 0
   Max Size     : 268435455
   Debug Enable : 1
   size         : 905000
   average_time :   15.470 # [msec]
   throughput   :   58.501 # [mwords/sec]
   Debug_Time(0):   37.752 # [msec]
   Debug_Time(1):   18.296 # [msec]
   Debug_Time(2):    8.416 # [msec]
   Debug_Time(3):    5.087 # [msec]
   Debug_Time(4):    5.953 # [msec]
-
   Version      : 1.7
   Ways         : 16
   Words        : 2
   Feedback     : 1
   WordBits     : 32
   IndexBits    : 32
   Sort Order   : 0
   Sign Compare : 0
   Max Size     : 268435455
   Debug Enable : 1
   size         : 910000
   average_time :   15.532 # [msec]
   throughput   :   58.590 # [mwords/sec]
   Debug_Time(0):   37.991 # [msec]
   Debug_Time(1):   18.414 # [msec]
   Debug_Time(2):    8.463 # [msec]
   Debug_Time(3):    5.109 # [msec]
   Debug_Time(4):    6.005 # [msec]
-
   Version      : 1.7
   Ways         : 16
   Words        : 2
   Feedback     : 1
   WordBits     : 32
   IndexBits    : 32
   Sort Order   : 0
   Sign Compare : 0
   Max Size     : 268435455
   Debug Enable : 1
   size         : 915000
   average_time :   15.629 # [msec]
   throughput   :   58.545 # [mwords/sec]
   Debug_Time(0):   38.313 # [msec]
   Debug_Time(1):   18.604 # [msec]
   Debug_Time(2):    8.519 # [msec]
   Debug_Time(3):    5.149 # [msec]
   Debug_Time(4):    6.042 # [msec]
-
   Version      : 1.7
   Ways         : 16
   Words        : 2
   Feedback     : 1
   WordBits     : 32
   IndexBits    : 32
   Sort Order   : 0
   Sign Compare : 0
   Max Size     : 268435455
   Debug Enable : 1
   size         : 920000
   average_time :   15.706 # [msec]
   throughput   :   58.575 # [mwords/sec]
   Debug_Time(0):   38.354 # [msec]
   Debug_Time(1):   18.598 # [msec]
   Debug_Time(2):    8.544 # [msec]
   Debug_Time(3):    5.172 # [msec]
   Debug_Time(4):    6.040 # [msec]
-
   Version      : 1.7
   Ways         : 16
   Words        : 2
   Feedback     : 1
   WordBits     : 32
   IndexBits    : 32
   Sort Order   : 0
   Sign Compare : 0
   Max Size     : 268435455
   Debug Enable : 1
   size         : 925000
   average_time :   15.776 # [msec]
   throughput   :   58.635 # [mwords/sec]
   Debug_Time(0):   38.375 # [msec]
   Debug_Time(1):   18.508 # [msec]
   Debug_Time(2):    8.600 # [msec]
   Debug_Time(3):    5.196 # [msec]
   Debug_Time(4):    6.071 # [msec]
-
   Version      : 1.7
   Ways         : 16
   Words        : 2
   Feedback     : 1
   WordBits     : 32
   IndexBits    : 32
   Sort Order   : 0
   Sign Compare : 0
   Max Size     : 268435455
   Debug Enable : 1
   size         : 930000
   average_time :   15.855 # [msec]
   throughput   :   58.656 # [mwords/sec]
   Debug_Time(0):   38.753 # [msec]
   Debug_Time(1):   18.711 # [msec]
   Debug_Time(2):    8.653 # [msec]
   Debug_Time(3):    5.224 # [msec]
   Debug_Time(4):    6.166 # [msec]
-
   Version      : 1.7
   Ways         : 16
   Words        : 2
   Feedback     : 1
   WordBits     : 32
   IndexBits    : 32
   Sort Order   : 0
   Sign Compare : 0
   Max Size     : 268435455
   Debug Enable : 1
   size         : 935000
   average_time :   15.927 # [msec]
   throughput   :   58.707 # [mwords/sec]
   Debug_Time(0):   38.942 # [msec]
   Debug_Time(1):   18.821 # [msec]
   Debug_Time(2):    8.686 # [msec]
   Debug_Time(3):    5.246 # [msec]
   Debug_Time(4):    6.188 # [msec]
-
   Version      : 1.7
   Ways         : 16
   Words        : 2
   Feedback     : 1
   WordBits     : 32
   IndexBits    : 32
   Sort Order   : 0
   Sign Compare : 0
   Max Size     : 268435455
   Debug Enable : 1
   size         : 940000
   average_time :   16.007 # [msec]
   throughput   :   58.724 # [mwords/sec]
   Debug_Time(0):   39.259 # [msec]
   Debug_Time(1):   18.988 # [msec]
   Debug_Time(2):    8.749 # [msec]
   Debug_Time(3):    5.275 # [msec]
   Debug_Time(4):    6.247 # [msec]
-
   Version      : 1.7
   Ways         : 16
   Words        : 2
   Feedback     : 1
   WordBits     : 32
   IndexBits    : 32
   Sort Order   : 0
   Sign Compare : 0
   Max Size     : 268435455
   Debug Enable : 1
   size         : 945000
   average_time :   16.096 # [msec]
   throughput   :   58.712 # [mwords/sec]
   Debug_Time(0):   39.293 # [msec]
   Debug_Time(1):   18.995 # [msec]
   Debug_Time(2):    8.786 # [msec]
   Debug_Time(3):    5.303 # [msec]
   Debug_Time(4):    6.208 # [msec]
-
   Version      : 1.7
   Ways         : 16
   Words        : 2
   Feedback     : 1
   WordBits     : 32
   IndexBits    : 32
   Sort Order   : 0
   Sign Compare : 0
   Max Size     : 268435455
   Debug Enable : 1
   size         : 950000
   average_time :   16.201 # [msec]
   throughput   :   58.640 # [mwords/sec]
   Debug_Time(0):   39.491 # [msec]
   Debug_Time(1):   19.080 # [msec]
   Debug_Time(2):    8.842 # [msec]
   Debug_Time(3):    5.333 # [msec]
   Debug_Time(4):    6.237 # [msec]
-
   Version      : 1.7
   Ways         : 16
   Words        : 2
   Feedback     : 1
   WordBits     : 32
   IndexBits    : 32
   Sort Order   : 0
   Sign Compare : 0
   Max Size     : 268435455
   Debug Enable : 1
   size         : 955000
   average_time :   16.275 # [msec]
   throughput   :   58.681 # [mwords/sec]
   Debug_Time(0):   39.802 # [msec]
   Debug_Time(1):   19.257 # [msec]
   Debug_Time(2):    8.879 # [msec]
   Debug_Time(3):    5.361 # [msec]
   Debug_Time(4):    6.304 # [msec]
-
   Version      : 1.7
   Ways         : 16
   Words        : 2
   Feedback     : 1
   WordBits     : 32
   IndexBits    : 32
   Sort Order   : 0
   Sign Compare : 0
   Max Size     : 268435455
   Debug Enable : 1
   size         : 960000
   average_time :   16.334 # [msec]
   throughput   :   58.773 # [mwords/sec]
   Debug_Time(0):   39.983 # [msec]
   Debug_Time(1):   19.358 # [msec]
   Debug_Time(2):    8.931 # [msec]
   Debug_Time(3):    5.390 # [msec]
   Debug_Time(4):    6.304 # [msec]
-
   Version      : 1.7
   Ways         : 16
   Words        : 2
   Feedback     : 1
   WordBits     : 32
   IndexBits    : 32
   Sort Order   : 0
   Sign Compare : 0
   Max Size     : 268435455
   Debug Enable : 1
   size         : 965000
   average_time :   16.426 # [msec]
   throughput   :   58.748 # [mwords/sec]
   Debug_Time(0):   40.238 # [msec]
   Debug_Time(1):   19.429 # [msec]
   Debug_Time(2):    8.982 # [msec]
   Debug_Time(3):    5.421 # [msec]
   Debug_Time(4):    6.405 # [msec]
-
   Version      : 1.7
   Ways         : 16
   Words        : 2
   Feedback     : 1
   WordBits     : 32
   IndexBits    : 32
   Sort Order   : 0
   Sign Compare : 0
   Max Size     : 268435455
   Debug Enable : 1
   size         : 970000
   average_time :   16.513 # [msec]
   throughput   :   58.743 # [mwords/sec]
   Debug_Time(0):   40.436 # [msec]
   Debug_Time(1):   19.544 # [msec]
   Debug_Time(2):    9.024 # [msec]
   Debug_Time(3):    5.449 # [msec]
   Debug_Time(4):    6.418 # [msec]
-
   Version      : 1.7
   Ways         : 16
   Words        : 2
   Feedback     : 1
   WordBits     : 32
   IndexBits    : 32
   Sort Order   : 0
   Sign Compare : 0
   Max Size     : 268435455
   Debug Enable : 1
   size         : 975000
   average_time :   16.553 # [msec]
   throughput   :   58.903 # [mwords/sec]
   Debug_Time(0):   40.552 # [msec]
   Debug_Time(1):   19.618 # [msec]
   Debug_Time(2):    9.060 # [msec]
   Debug_Time(3):    5.472 # [msec]
   Debug_Time(4):    6.403 # [msec]
-
   Version      : 1.7
   Ways         : 16
   Words        : 2
   Feedback     : 1
   WordBits     : 32
   IndexBits    : 32
   Sort Order   : 0
   Sign Compare : 0
   Max Size     : 268435455
   Debug Enable : 1
   size         : 980000
   average_time :   16.679 # [msec]
   throughput   :   58.757 # [mwords/sec]
   Debug_Time(0):   40.847 # [msec]
   Debug_Time(1):   19.724 # [msec]
   Debug_Time(2):    9.111 # [msec]
   Debug_Time(3):    5.513 # [msec]
   Debug_Time(4):    6.499 # [msec]
-
   Version      : 1.7
   Ways         : 16
   Words        : 2
   Feedback     : 1
   WordBits     : 32
   IndexBits    : 32
   Sort Order   : 0
   Sign Compare : 0
   Max Size     : 268435455
   Debug Enable : 1
   size         : 985000
   average_time :   16.725 # [msec]
   throughput   :   58.893 # [mwords/sec]
   Debug_Time(0):   40.635 # [msec]
   Debug_Time(1):   19.464 # [msec]
   Debug_Time(2):    9.164 # [msec]
   Debug_Time(3):    5.537 # [msec]
   Debug_Time(4):    6.470 # [msec]
-
   Version      : 1.7
   Ways         : 16
   Words        : 2
   Feedback     : 1
   WordBits     : 32
   IndexBits    : 32
   Sort Order   : 0
   Sign Compare : 0
   Max Size     : 268435455
   Debug Enable : 1
   size         : 990000
   average_time :   16.805 # [msec]
   throughput   :   58.910 # [mwords/sec]
   Debug_Time(0):   41.211 # [msec]
   Debug_Time(1):   19.958 # [msec]
   Debug_Time(2):    9.206 # [msec]
   Debug_Time(3):    5.547 # [msec]
   Debug_Time(4):    6.500 # [msec]
-
   Version      : 1.7
   Ways         : 16
   Words        : 2
   Feedback     : 1
   WordBits     : 32
   IndexBits    : 32
   Sort Order   : 0
   Sign Compare : 0
   Max Size     : 268435455
   Debug Enable : 1
   size         : 995000
   average_time :   16.887 # [msec]
   throughput   :   58.920 # [mwords/sec]
   Debug_Time(0):   41.404 # [msec]
   Debug_Time(1):   19.976 # [msec]
   Debug_Time(2):    9.242 # [msec]
   Debug_Time(3):    5.594 # [msec]
   Debug_Time(4):    6.593 # [msec]
-
   Version      : 1.7
   Ways         : 16
   Words        : 2
   Feedback     : 1
   WordBits     : 32
   IndexBits    : 32
   Sort Order   : 0
   Sign Compare : 0
   Max Size     : 268435455
   Debug Enable : 1
   size         : 1000000
   average_time :   16.992 # [msec]
   throughput   :   58.851 # [mwords/sec]
   Debug_Time(0):   41.609 # [msec]
   Debug_Time(1):   20.130 # [msec]
   Debug_Time(2):    9.306 # [msec]
   Debug_Time(3):    5.610 # [msec]
   Debug_Time(4):    6.563 # [msec]
