---
-
   Version      : 1.7
   Ways         : 16
   Words        : 2
   Feedback     : 2
   WordBits     : 32
   IndexBits    : 32
   Sort Order   : 0
   Sign Compare : 0
   Max Size     : 268435455
   Debug Enable : 1
   size         : 5000
   average_time :    0.234 # [msec]
   throughput   :   21.362 # [mwords/sec]
   Debug_Time(0):    0.129 # [msec]
   Debug_Time(1):    0.129 # [msec]
-
   Version      : 1.7
   Ways         : 16
   Words        : 2
   Feedback     : 2
   WordBits     : 32
   IndexBits    : 32
   Sort Order   : 0
   Sign Compare : 0
   Max Size     : 268435455
   Debug Enable : 1
   size         : 10000
   average_time :    0.304 # [msec]
   throughput   :   32.848 # [mwords/sec]
   Debug_Time(0):    0.317 # [msec]
   Debug_Time(1):    0.256 # [msec]
   Debug_Time(2):    0.061 # [msec]
-
   Version      : 1.7
   Ways         : 16
   Words        : 2
   Feedback     : 2
   WordBits     : 32
   IndexBits    : 32
   Sort Order   : 0
   Sign Compare : 0
   Max Size     : 268435455
   Debug Enable : 1
   size         : 15000
   average_time :    0.316 # [msec]
   throughput   :   47.508 # [mwords/sec]
   Debug_Time(0):    0.343 # [msec]
   Debug_Time(1):    0.257 # [msec]
   Debug_Time(2):    0.086 # [msec]
-
   Version      : 1.7
   Ways         : 16
   Words        : 2
   Feedback     : 2
   WordBits     : 32
   IndexBits    : 32
   Sort Order   : 0
   Sign Compare : 0
   Max Size     : 268435455
   Debug Enable : 1
   size         : 20000
   average_time :    0.381 # [msec]
   throughput   :   52.462 # [mwords/sec]
   Debug_Time(0):    0.498 # [msec]
   Debug_Time(1):    0.384 # [msec]
   Debug_Time(2):    0.114 # [msec]
-
   Version      : 1.7
   Ways         : 16
   Words        : 2
   Feedback     : 2
   WordBits     : 32
   IndexBits    : 32
   Sort Order   : 0
   Sign Compare : 0
   Max Size     : 268435455
   Debug Enable : 1
   size         : 25000
   average_time :    0.402 # [msec]
   throughput   :   62.193 # [mwords/sec]
   Debug_Time(0):    0.530 # [msec]
   Debug_Time(1):    0.393 # [msec]
   Debug_Time(2):    0.137 # [msec]
-
   Version      : 1.7
   Ways         : 16
   Words        : 2
   Feedback     : 2
   WordBits     : 32
   IndexBits    : 32
   Sort Order   : 0
   Sign Compare : 0
   Max Size     : 268435455
   Debug Enable : 1
   size         : 30000
   average_time :    0.458 # [msec]
   throughput   :   65.468 # [mwords/sec]
   Debug_Time(0):    0.683 # [msec]
   Debug_Time(1):    0.514 # [msec]
   Debug_Time(2):    0.169 # [msec]
-
   Version      : 1.7
   Ways         : 16
   Words        : 2
   Feedback     : 2
   WordBits     : 32
   IndexBits    : 32
   Sort Order   : 0
   Sign Compare : 0
   Max Size     : 268435455
   Debug Enable : 1
   size         : 35000
   average_time :    0.526 # [msec]
   throughput   :   66.576 # [mwords/sec]
   Debug_Time(0):    0.850 # [msec]
   Debug_Time(1):    0.640 # [msec]
   Debug_Time(2):    0.210 # [msec]
-
   Version      : 1.7
   Ways         : 16
   Words        : 2
   Feedback     : 2
   WordBits     : 32
   IndexBits    : 32
   Sort Order   : 0
   Sign Compare : 0
   Max Size     : 268435455
   Debug Enable : 1
   size         : 40000
   average_time :    0.535 # [msec]
   throughput   :   74.748 # [mwords/sec]
   Debug_Time(0):    0.871 # [msec]
   Debug_Time(1):    0.641 # [msec]
   Debug_Time(2):    0.229 # [msec]
-
   Version      : 1.7
   Ways         : 16
   Words        : 2
   Feedback     : 2
   WordBits     : 32
   IndexBits    : 32
   Sort Order   : 0
   Sign Compare : 0
   Max Size     : 268435455
   Debug Enable : 1
   size         : 45000
   average_time :    0.602 # [msec]
   throughput   :   74.697 # [mwords/sec]
   Debug_Time(0):    1.031 # [msec]
   Debug_Time(1):    0.770 # [msec]
   Debug_Time(2):    0.261 # [msec]
-
   Version      : 1.7
   Ways         : 16
   Words        : 2
   Feedback     : 2
   WordBits     : 32
   IndexBits    : 32
   Sort Order   : 0
   Sign Compare : 0
   Max Size     : 268435455
   Debug Enable : 1
   size         : 50000
   average_time :    0.665 # [msec]
   throughput   :   75.137 # [mwords/sec]
   Debug_Time(0):    1.176 # [msec]
   Debug_Time(1):    0.896 # [msec]
   Debug_Time(2):    0.280 # [msec]
-
   Version      : 1.7
   Ways         : 16
   Words        : 2
   Feedback     : 2
   WordBits     : 32
   IndexBits    : 32
   Sort Order   : 0
   Sign Compare : 0
   Max Size     : 268435455
   Debug Enable : 1
   size         : 55000
   average_time :    0.690 # [msec]
   throughput   :   79.704 # [mwords/sec]
   Debug_Time(0):    1.209 # [msec]
   Debug_Time(1):    0.897 # [msec]
   Debug_Time(2):    0.311 # [msec]
-
   Version      : 1.7
   Ways         : 16
   Words        : 2
   Feedback     : 2
   WordBits     : 32
   IndexBits    : 32
   Sort Order   : 0
   Sign Compare : 0
   Max Size     : 268435455
   Debug Enable : 1
   size         : 60000
   average_time :    0.788 # [msec]
   throughput   :   76.119 # [mwords/sec]
   Debug_Time(0):    1.358 # [msec]
   Debug_Time(1):    1.025 # [msec]
   Debug_Time(2):    0.333 # [msec]
-
   Version      : 1.7
   Ways         : 16
   Words        : 2
   Feedback     : 2
   WordBits     : 32
   IndexBits    : 32
   Sort Order   : 0
   Sign Compare : 0
   Max Size     : 268435455
   Debug Enable : 1
   size         : 65000
   average_time :    0.750 # [msec]
   throughput   :   86.689 # [mwords/sec]
   Debug_Time(0):    1.384 # [msec]
   Debug_Time(1):    1.028 # [msec]
   Debug_Time(2):    0.357 # [msec]
-
   Version      : 1.7
   Ways         : 16
   Words        : 2
   Feedback     : 2
   WordBits     : 32
   IndexBits    : 32
   Sort Order   : 0
   Sign Compare : 0
   Max Size     : 268435455
   Debug Enable : 1
   size         : 70000
   average_time :    0.849 # [msec]
   throughput   :   82.482 # [mwords/sec]
   Debug_Time(0):    1.572 # [msec]
   Debug_Time(1):    1.158 # [msec]
   Debug_Time(2):    0.413 # [msec]
-
   Version      : 1.7
   Ways         : 16
   Words        : 2
   Feedback     : 2
   WordBits     : 32
   IndexBits    : 32
   Sort Order   : 0
   Sign Compare : 0
   Max Size     : 268435455
   Debug Enable : 1
   size         : 75000
   average_time :    0.927 # [msec]
   throughput   :   80.940 # [mwords/sec]
   Debug_Time(0):    1.737 # [msec]
   Debug_Time(1):    1.301 # [msec]
   Debug_Time(2):    0.435 # [msec]
-
   Version      : 1.7
   Ways         : 16
   Words        : 2
   Feedback     : 2
   WordBits     : 32
   IndexBits    : 32
   Sort Order   : 0
   Sign Compare : 0
   Max Size     : 268435455
   Debug Enable : 1
   size         : 80000
   average_time :    0.943 # [msec]
   throughput   :   84.815 # [mwords/sec]
   Debug_Time(0):    1.808 # [msec]
   Debug_Time(1):    1.346 # [msec]
   Debug_Time(2):    0.461 # [msec]
-
   Version      : 1.7
   Ways         : 16
   Words        : 2
   Feedback     : 2
   WordBits     : 32
   IndexBits    : 32
   Sort Order   : 0
   Sign Compare : 0
   Max Size     : 268435455
   Debug Enable : 1
   size         : 85000
   average_time :    1.061 # [msec]
   throughput   :   80.148 # [mwords/sec]
   Debug_Time(0):    2.029 # [msec]
   Debug_Time(1):    1.542 # [msec]
   Debug_Time(2):    0.487 # [msec]
-
   Version      : 1.7
   Ways         : 16
   Words        : 2
   Feedback     : 2
   WordBits     : 32
   IndexBits    : 32
   Sort Order   : 0
   Sign Compare : 0
   Max Size     : 268435455
   Debug Enable : 1
   size         : 90000
   average_time :    1.066 # [msec]
   throughput   :   84.417 # [mwords/sec]
   Debug_Time(0):    2.075 # [msec]
   Debug_Time(1):    1.576 # [msec]
   Debug_Time(2):    0.498 # [msec]
-
   Version      : 1.7
   Ways         : 16
   Words        : 2
   Feedback     : 2
   WordBits     : 32
   IndexBits    : 32
   Sort Order   : 0
   Sign Compare : 0
   Max Size     : 268435455
   Debug Enable : 1
   size         : 95000
   average_time :    1.136 # [msec]
   throughput   :   83.624 # [mwords/sec]
   Debug_Time(0):    2.292 # [msec]
   Debug_Time(1):    1.761 # [msec]
   Debug_Time(2):    0.531 # [msec]
-
   Version      : 1.7
   Ways         : 16
   Words        : 2
   Feedback     : 2
   WordBits     : 32
   IndexBits    : 32
   Sort Order   : 0
   Sign Compare : 0
   Max Size     : 268435455
   Debug Enable : 1
   size         : 100000
   average_time :    1.285 # [msec]
   throughput   :   77.828 # [mwords/sec]
   Debug_Time(0):    2.584 # [msec]
   Debug_Time(1):    2.003 # [msec]
   Debug_Time(2):    0.581 # [msec]
-
   Version      : 1.7
   Ways         : 16
   Words        : 2
   Feedback     : 2
   WordBits     : 32
   IndexBits    : 32
   Sort Order   : 0
   Sign Compare : 0
   Max Size     : 268435455
   Debug Enable : 1
   size         : 105000
   average_time :    1.327 # [msec]
   throughput   :   79.135 # [mwords/sec]
   Debug_Time(0):    2.749 # [msec]
   Debug_Time(1):    2.121 # [msec]
   Debug_Time(2):    0.627 # [msec]
-
   Version      : 1.7
   Ways         : 16
   Words        : 2
   Feedback     : 2
   WordBits     : 32
   IndexBits    : 32
   Sort Order   : 0
   Sign Compare : 0
   Max Size     : 268435455
   Debug Enable : 1
   size         : 110000
   average_time :    1.438 # [msec]
   throughput   :   76.495 # [mwords/sec]
   Debug_Time(0):    3.038 # [msec]
   Debug_Time(1):    2.376 # [msec]
   Debug_Time(2):    0.661 # [msec]
-
   Version      : 1.7
   Ways         : 16
   Words        : 2
   Feedback     : 2
   WordBits     : 32
   IndexBits    : 32
   Sort Order   : 0
   Sign Compare : 0
   Max Size     : 268435455
   Debug Enable : 1
   size         : 115000
   average_time :    1.501 # [msec]
   throughput   :   76.609 # [mwords/sec]
   Debug_Time(0):    3.246 # [msec]
   Debug_Time(1):    2.558 # [msec]
   Debug_Time(2):    0.688 # [msec]
-
   Version      : 1.7
   Ways         : 16
   Words        : 2
   Feedback     : 2
   WordBits     : 32
   IndexBits    : 32
   Sort Order   : 0
   Sign Compare : 0
   Max Size     : 268435455
   Debug Enable : 1
   size         : 120000
   average_time :    1.621 # [msec]
   throughput   :   74.019 # [mwords/sec]
   Debug_Time(0):    3.526 # [msec]
   Debug_Time(1):    2.798 # [msec]
   Debug_Time(2):    0.728 # [msec]
-
   Version      : 1.7
   Ways         : 16
   Words        : 2
   Feedback     : 2
   WordBits     : 32
   IndexBits    : 32
   Sort Order   : 0
   Sign Compare : 0
   Max Size     : 268435455
   Debug Enable : 1
   size         : 125000
   average_time :    1.725 # [msec]
   throughput   :   72.479 # [mwords/sec]
   Debug_Time(0):    3.818 # [msec]
   Debug_Time(1):    3.039 # [msec]
   Debug_Time(2):    0.779 # [msec]
-
   Version      : 1.7
   Ways         : 16
   Words        : 2
   Feedback     : 2
   WordBits     : 32
   IndexBits    : 32
   Sort Order   : 0
   Sign Compare : 0
   Max Size     : 268435455
   Debug Enable : 1
   size         : 130000
   average_time :    1.803 # [msec]
   throughput   :   72.089 # [mwords/sec]
   Debug_Time(0):    3.997 # [msec]
   Debug_Time(1):    3.177 # [msec]
   Debug_Time(2):    0.821 # [msec]
-
   Version      : 1.7
   Ways         : 16
   Words        : 2
   Feedback     : 2
   WordBits     : 32
   IndexBits    : 32
   Sort Order   : 0
   Sign Compare : 0
   Max Size     : 268435455
   Debug Enable : 1
   size         : 135000
   average_time :    2.229 # [msec]
   throughput   :   60.568 # [mwords/sec]
   Debug_Time(0):    5.072 # [msec]
   Debug_Time(1):    3.478 # [msec]
   Debug_Time(2):    0.763 # [msec]
   Debug_Time(3):    0.831 # [msec]
-
   Version      : 1.7
   Ways         : 16
   Words        : 2
   Feedback     : 2
   WordBits     : 32
   IndexBits    : 32
   Sort Order   : 0
   Sign Compare : 0
   Max Size     : 268435455
   Debug Enable : 1
   size         : 140000
   average_time :    2.353 # [msec]
   throughput   :   59.497 # [mwords/sec]
   Debug_Time(0):    5.407 # [msec]
   Debug_Time(1):    3.749 # [msec]
   Debug_Time(2):    0.792 # [msec]
   Debug_Time(3):    0.866 # [msec]
-
   Version      : 1.7
   Ways         : 16
   Words        : 2
   Feedback     : 2
   WordBits     : 32
   IndexBits    : 32
   Sort Order   : 0
   Sign Compare : 0
   Max Size     : 268435455
   Debug Enable : 1
   size         : 145000
   average_time :    2.421 # [msec]
   throughput   :   59.891 # [mwords/sec]
   Debug_Time(0):    5.513 # [msec]
   Debug_Time(1):    3.817 # [msec]
   Debug_Time(2):    0.816 # [msec]
   Debug_Time(3):    0.880 # [msec]
-
   Version      : 1.7
   Ways         : 16
   Words        : 2
   Feedback     : 2
   WordBits     : 32
   IndexBits    : 32
   Sort Order   : 0
   Sign Compare : 0
   Max Size     : 268435455
   Debug Enable : 1
   size         : 150000
   average_time :    2.560 # [msec]
   throughput   :   58.589 # [mwords/sec]
   Debug_Time(0):    5.813 # [msec]
   Debug_Time(1):    4.033 # [msec]
   Debug_Time(2):    0.846 # [msec]
   Debug_Time(3):    0.934 # [msec]
-
   Version      : 1.7
   Ways         : 16
   Words        : 2
   Feedback     : 2
   WordBits     : 32
   IndexBits    : 32
   Sort Order   : 0
   Sign Compare : 0
   Max Size     : 268435455
   Debug Enable : 1
   size         : 155000
   average_time :    2.608 # [msec]
   throughput   :   59.435 # [mwords/sec]
   Debug_Time(0):    5.967 # [msec]
   Debug_Time(1):    4.157 # [msec]
   Debug_Time(2):    0.870 # [msec]
   Debug_Time(3):    0.941 # [msec]
-
   Version      : 1.7
   Ways         : 16
   Words        : 2
   Feedback     : 2
   WordBits     : 32
   IndexBits    : 32
   Sort Order   : 0
   Sign Compare : 0
   Max Size     : 268435455
   Debug Enable : 1
   size         : 160000
   average_time :    2.684 # [msec]
   throughput   :   59.605 # [mwords/sec]
   Debug_Time(0):    6.139 # [msec]
   Debug_Time(1):    4.280 # [msec]
   Debug_Time(2):    0.896 # [msec]
   Debug_Time(3):    0.962 # [msec]
-
   Version      : 1.7
   Ways         : 16
   Words        : 2
   Feedback     : 2
   WordBits     : 32
   IndexBits    : 32
   Sort Order   : 0
   Sign Compare : 0
   Max Size     : 268435455
   Debug Enable : 1
   size         : 165000
   average_time :    2.779 # [msec]
   throughput   :   59.373 # [mwords/sec]
   Debug_Time(0):    6.393 # [msec]
   Debug_Time(1):    4.468 # [msec]
   Debug_Time(2):    0.922 # [msec]
   Debug_Time(3):    1.002 # [msec]
-
   Version      : 1.7
   Ways         : 16
   Words        : 2
   Feedback     : 2
   WordBits     : 32
   IndexBits    : 32
   Sort Order   : 0
   Sign Compare : 0
   Max Size     : 268435455
   Debug Enable : 1
   size         : 170000
   average_time :    2.883 # [msec]
   throughput   :   58.976 # [mwords/sec]
   Debug_Time(0):    6.555 # [msec]
   Debug_Time(1):    4.574 # [msec]
   Debug_Time(2):    0.949 # [msec]
   Debug_Time(3):    1.032 # [msec]
-
   Version      : 1.7
   Ways         : 16
   Words        : 2
   Feedback     : 2
   WordBits     : 32
   IndexBits    : 32
   Sort Order   : 0
   Sign Compare : 0
   Max Size     : 268435455
   Debug Enable : 1
   size         : 175000
   average_time :    2.951 # [msec]
   throughput   :   59.306 # [mwords/sec]
   Debug_Time(0):    6.776 # [msec]
   Debug_Time(1):    4.734 # [msec]
   Debug_Time(2):    0.976 # [msec]
   Debug_Time(3):    1.066 # [msec]
-
   Version      : 1.7
   Ways         : 16
   Words        : 2
   Feedback     : 2
   WordBits     : 32
   IndexBits    : 32
   Sort Order   : 0
   Sign Compare : 0
   Max Size     : 268435455
   Debug Enable : 1
   size         : 180000
   average_time :    3.024 # [msec]
   throughput   :   59.524 # [mwords/sec]
   Debug_Time(0):    6.906 # [msec]
   Debug_Time(1):    4.805 # [msec]
   Debug_Time(2):    1.002 # [msec]
   Debug_Time(3):    1.098 # [msec]
-
   Version      : 1.7
   Ways         : 16
   Words        : 2
   Feedback     : 2
   WordBits     : 32
   IndexBits    : 32
   Sort Order   : 0
   Sign Compare : 0
   Max Size     : 268435455
   Debug Enable : 1
   size         : 185000
   average_time :    3.115 # [msec]
   throughput   :   59.383 # [mwords/sec]
   Debug_Time(0):    7.141 # [msec]
   Debug_Time(1):    4.950 # [msec]
   Debug_Time(2):    1.031 # [msec]
   Debug_Time(3):    1.160 # [msec]
-
   Version      : 1.7
   Ways         : 16
   Words        : 2
   Feedback     : 2
   WordBits     : 32
   IndexBits    : 32
   Sort Order   : 0
   Sign Compare : 0
   Max Size     : 268435455
   Debug Enable : 1
   size         : 190000
   average_time :    3.247 # [msec]
   throughput   :   58.520 # [mwords/sec]
   Debug_Time(0):    7.512 # [msec]
   Debug_Time(1):    5.259 # [msec]
   Debug_Time(2):    1.057 # [msec]
   Debug_Time(3):    1.196 # [msec]
-
   Version      : 1.7
   Ways         : 16
   Words        : 2
   Feedback     : 2
   WordBits     : 32
   IndexBits    : 32
   Sort Order   : 0
   Sign Compare : 0
   Max Size     : 268435455
   Debug Enable : 1
   size         : 195000
   average_time :    3.290 # [msec]
   throughput   :   59.270 # [mwords/sec]
   Debug_Time(0):    7.537 # [msec]
   Debug_Time(1):    5.255 # [msec]
   Debug_Time(2):    1.083 # [msec]
   Debug_Time(3):    1.199 # [msec]
-
   Version      : 1.7
   Ways         : 16
   Words        : 2
   Feedback     : 2
   WordBits     : 32
   IndexBits    : 32
   Sort Order   : 0
   Sign Compare : 0
   Max Size     : 268435455
   Debug Enable : 1
   size         : 200000
   average_time :    3.384 # [msec]
   throughput   :   59.100 # [mwords/sec]
   Debug_Time(0):    7.686 # [msec]
   Debug_Time(1):    5.318 # [msec]
   Debug_Time(2):    1.113 # [msec]
   Debug_Time(3):    1.255 # [msec]
-
   Version      : 1.7
   Ways         : 16
   Words        : 2
   Feedback     : 2
   WordBits     : 32
   IndexBits    : 32
   Sort Order   : 0
   Sign Compare : 0
   Max Size     : 268435455
   Debug Enable : 1
   size         : 205000
   average_time :    3.432 # [msec]
   throughput   :   59.731 # [mwords/sec]
   Debug_Time(0):    7.789 # [msec]
   Debug_Time(1):    5.363 # [msec]
   Debug_Time(2):    1.139 # [msec]
   Debug_Time(3):    1.287 # [msec]
-
   Version      : 1.7
   Ways         : 16
   Words        : 2
   Feedback     : 2
   WordBits     : 32
   IndexBits    : 32
   Sort Order   : 0
   Sign Compare : 0
   Max Size     : 268435455
   Debug Enable : 1
   size         : 210000
   average_time :    3.537 # [msec]
   throughput   :   59.373 # [mwords/sec]
   Debug_Time(0):    8.020 # [msec]
   Debug_Time(1):    5.552 # [msec]
   Debug_Time(2):    1.162 # [msec]
   Debug_Time(3):    1.306 # [msec]
-
   Version      : 1.7
   Ways         : 16
   Words        : 2
   Feedback     : 2
   WordBits     : 32
   IndexBits    : 32
   Sort Order   : 0
   Sign Compare : 0
   Max Size     : 268435455
   Debug Enable : 1
   size         : 215000
   average_time :    3.624 # [msec]
   throughput   :   59.320 # [mwords/sec]
   Debug_Time(0):    8.289 # [msec]
   Debug_Time(1):    5.726 # [msec]
   Debug_Time(2):    1.189 # [msec]
   Debug_Time(3):    1.374 # [msec]
-
   Version      : 1.7
   Ways         : 16
   Words        : 2
   Feedback     : 2
   WordBits     : 32
   IndexBits    : 32
   Sort Order   : 0
   Sign Compare : 0
   Max Size     : 268435455
   Debug Enable : 1
   size         : 220000
   average_time :    3.672 # [msec]
   throughput   :   59.908 # [mwords/sec]
   Debug_Time(0):    8.386 # [msec]
   Debug_Time(1):    5.777 # [msec]
   Debug_Time(2):    1.216 # [msec]
   Debug_Time(3):    1.393 # [msec]
-
   Version      : 1.7
   Ways         : 16
   Words        : 2
   Feedback     : 2
   WordBits     : 32
   IndexBits    : 32
   Sort Order   : 0
   Sign Compare : 0
   Max Size     : 268435455
   Debug Enable : 1
   size         : 225000
   average_time :    3.773 # [msec]
   throughput   :   59.627 # [mwords/sec]
   Debug_Time(0):    8.619 # [msec]
   Debug_Time(1):    5.960 # [msec]
   Debug_Time(2):    1.243 # [msec]
   Debug_Time(3):    1.415 # [msec]
-
   Version      : 1.7
   Ways         : 16
   Words        : 2
   Feedback     : 2
   WordBits     : 32
   IndexBits    : 32
   Sort Order   : 0
   Sign Compare : 0
   Max Size     : 268435455
   Debug Enable : 1
   size         : 230000
   average_time :    3.868 # [msec]
   throughput   :   59.463 # [mwords/sec]
   Debug_Time(0):    8.798 # [msec]
   Debug_Time(1):    6.079 # [msec]
   Debug_Time(2):    1.269 # [msec]
   Debug_Time(3):    1.450 # [msec]
-
   Version      : 1.7
   Ways         : 16
   Words        : 2
   Feedback     : 2
   WordBits     : 32
   IndexBits    : 32
   Sort Order   : 0
   Sign Compare : 0
   Max Size     : 268435455
   Debug Enable : 1
   size         : 235000
   average_time :    3.939 # [msec]
   throughput   :   59.661 # [mwords/sec]
   Debug_Time(0):    8.926 # [msec]
   Debug_Time(1):    6.126 # [msec]
   Debug_Time(2):    1.317 # [msec]
   Debug_Time(3):    1.483 # [msec]
-
   Version      : 1.7
   Ways         : 16
   Words        : 2
   Feedback     : 2
   WordBits     : 32
   IndexBits    : 32
   Sort Order   : 0
   Sign Compare : 0
   Max Size     : 268435455
   Debug Enable : 1
   size         : 240000
   average_time :    4.007 # [msec]
   throughput   :   59.901 # [mwords/sec]
   Debug_Time(0):    9.208 # [msec]
   Debug_Time(1):    6.354 # [msec]
   Debug_Time(2):    1.339 # [msec]
   Debug_Time(3):    1.515 # [msec]
-
   Version      : 1.7
   Ways         : 16
   Words        : 2
   Feedback     : 2
   WordBits     : 32
   IndexBits    : 32
   Sort Order   : 0
   Sign Compare : 0
   Max Size     : 268435455
   Debug Enable : 1
   size         : 245000
   average_time :    4.061 # [msec]
   throughput   :   60.326 # [mwords/sec]
   Debug_Time(0):    9.303 # [msec]
   Debug_Time(1):    6.408 # [msec]
   Debug_Time(2):    1.351 # [msec]
   Debug_Time(3):    1.544 # [msec]
-
   Version      : 1.7
   Ways         : 16
   Words        : 2
   Feedback     : 2
   WordBits     : 32
   IndexBits    : 32
   Sort Order   : 0
   Sign Compare : 0
   Max Size     : 268435455
   Debug Enable : 1
   size         : 250000
   average_time :    4.161 # [msec]
   throughput   :   60.086 # [mwords/sec]
   Debug_Time(0):    9.461 # [msec]
   Debug_Time(1):    6.492 # [msec]
   Debug_Time(2):    1.381 # [msec]
   Debug_Time(3):    1.588 # [msec]
-
   Version      : 1.7
   Ways         : 16
   Words        : 2
   Feedback     : 2
   WordBits     : 32
   IndexBits    : 32
   Sort Order   : 0
   Sign Compare : 0
   Max Size     : 268435455
   Debug Enable : 1
   size         : 255000
   average_time :    4.240 # [msec]
   throughput   :   60.137 # [mwords/sec]
   Debug_Time(0):    9.859 # [msec]
   Debug_Time(1):    6.852 # [msec]
   Debug_Time(2):    1.403 # [msec]
   Debug_Time(3):    1.604 # [msec]
-
   Version      : 1.7
   Ways         : 16
   Words        : 2
   Feedback     : 2
   WordBits     : 32
   IndexBits    : 32
   Sort Order   : 0
   Sign Compare : 0
   Max Size     : 268435455
   Debug Enable : 1
   size         : 260000
   average_time :    4.298 # [msec]
   throughput   :   60.488 # [mwords/sec]
   Debug_Time(0):   10.080 # [msec]
   Debug_Time(1):    7.002 # [msec]
   Debug_Time(2):    1.429 # [msec]
   Debug_Time(3):    1.648 # [msec]
-
   Version      : 1.7
   Ways         : 16
   Words        : 2
   Feedback     : 2
   WordBits     : 32
   IndexBits    : 32
   Sort Order   : 0
   Sign Compare : 0
   Max Size     : 268435455
   Debug Enable : 1
   size         : 265000
   average_time :    4.393 # [msec]
   throughput   :   60.322 # [mwords/sec]
   Debug_Time(0):   10.250 # [msec]
   Debug_Time(1):    7.106 # [msec]
   Debug_Time(2):    1.456 # [msec]
   Debug_Time(3):    1.688 # [msec]
-
   Version      : 1.7
   Ways         : 16
   Words        : 2
   Feedback     : 2
   WordBits     : 32
   IndexBits    : 32
   Sort Order   : 0
   Sign Compare : 0
   Max Size     : 268435455
   Debug Enable : 1
   size         : 270000
   average_time :    4.461 # [msec]
   throughput   :   60.525 # [mwords/sec]
   Debug_Time(0):   10.279 # [msec]
   Debug_Time(1):    7.010 # [msec]
   Debug_Time(2):    1.482 # [msec]
   Debug_Time(3):    1.787 # [msec]
-
   Version      : 1.7
   Ways         : 16
   Words        : 2
   Feedback     : 2
   WordBits     : 32
   IndexBits    : 32
   Sort Order   : 0
   Sign Compare : 0
   Max Size     : 268435455
   Debug Enable : 1
   size         : 275000
   average_time :    4.529 # [msec]
   throughput   :   60.720 # [mwords/sec]
   Debug_Time(0):   10.669 # [msec]
   Debug_Time(1):    7.415 # [msec]
   Debug_Time(2):    1.509 # [msec]
   Debug_Time(3):    1.744 # [msec]
-
   Version      : 1.7
   Ways         : 16
   Words        : 2
   Feedback     : 2
   WordBits     : 32
   IndexBits    : 32
   Sort Order   : 0
   Sign Compare : 0
   Max Size     : 268435455
   Debug Enable : 1
   size         : 280000
   average_time :    4.631 # [msec]
   throughput   :   60.467 # [mwords/sec]
   Debug_Time(0):   10.898 # [msec]
   Debug_Time(1):    7.587 # [msec]
   Debug_Time(2):    1.536 # [msec]
   Debug_Time(3):    1.776 # [msec]
-
   Version      : 1.7
   Ways         : 16
   Words        : 2
   Feedback     : 2
   WordBits     : 32
   IndexBits    : 32
   Sort Order   : 0
   Sign Compare : 0
   Max Size     : 268435455
   Debug Enable : 1
   size         : 285000
   average_time :    4.672 # [msec]
   throughput   :   60.998 # [mwords/sec]
   Debug_Time(0):   11.076 # [msec]
   Debug_Time(1):    7.648 # [msec]
   Debug_Time(2):    1.562 # [msec]
   Debug_Time(3):    1.866 # [msec]
-
   Version      : 1.7
   Ways         : 16
   Words        : 2
   Feedback     : 2
   WordBits     : 32
   IndexBits    : 32
   Sort Order   : 0
   Sign Compare : 0
   Max Size     : 268435455
   Debug Enable : 1
   size         : 290000
   average_time :    4.752 # [msec]
   throughput   :   61.024 # [mwords/sec]
   Debug_Time(0):   11.113 # [msec]
   Debug_Time(1):    7.695 # [msec]
   Debug_Time(2):    1.589 # [msec]
   Debug_Time(3):    1.829 # [msec]
-
   Version      : 1.7
   Ways         : 16
   Words        : 2
   Feedback     : 2
   WordBits     : 32
   IndexBits    : 32
   Sort Order   : 0
   Sign Compare : 0
   Max Size     : 268435455
   Debug Enable : 1
   size         : 295000
   average_time :    4.811 # [msec]
   throughput   :   61.313 # [mwords/sec]
   Debug_Time(0):   11.373 # [msec]
   Debug_Time(1):    7.888 # [msec]
   Debug_Time(2):    1.616 # [msec]
   Debug_Time(3):    1.869 # [msec]
-
   Version      : 1.7
   Ways         : 16
   Words        : 2
   Feedback     : 2
   WordBits     : 32
   IndexBits    : 32
   Sort Order   : 0
   Sign Compare : 0
   Max Size     : 268435455
   Debug Enable : 1
   size         : 300000
   average_time :    4.914 # [msec]
   throughput   :   61.054 # [mwords/sec]
   Debug_Time(0):   11.540 # [msec]
   Debug_Time(1):    7.980 # [msec]
   Debug_Time(2):    1.642 # [msec]
   Debug_Time(3):    1.918 # [msec]
-
   Version      : 1.7
   Ways         : 16
   Words        : 2
   Feedback     : 2
   WordBits     : 32
   IndexBits    : 32
   Sort Order   : 0
   Sign Compare : 0
   Max Size     : 268435455
   Debug Enable : 1
   size         : 305000
   average_time :    4.994 # [msec]
   throughput   :   61.072 # [mwords/sec]
   Debug_Time(0):   11.765 # [msec]
   Debug_Time(1):    8.156 # [msec]
   Debug_Time(2):    1.670 # [msec]
   Debug_Time(3):    1.940 # [msec]
-
   Version      : 1.7
   Ways         : 16
   Words        : 2
   Feedback     : 2
   WordBits     : 32
   IndexBits    : 32
   Sort Order   : 0
   Sign Compare : 0
   Max Size     : 268435455
   Debug Enable : 1
   size         : 310000
   average_time :    5.045 # [msec]
   throughput   :   61.450 # [mwords/sec]
   Debug_Time(0):   11.942 # [msec]
   Debug_Time(1):    8.280 # [msec]
   Debug_Time(2):    1.697 # [msec]
   Debug_Time(3):    1.965 # [msec]
-
   Version      : 1.7
   Ways         : 16
   Words        : 2
   Feedback     : 2
   WordBits     : 32
   IndexBits    : 32
   Sort Order   : 0
   Sign Compare : 0
   Max Size     : 268435455
   Debug Enable : 1
   size         : 315000
   average_time :    5.145 # [msec]
   throughput   :   61.225 # [mwords/sec]
   Debug_Time(0):   12.124 # [msec]
   Debug_Time(1):    8.391 # [msec]
   Debug_Time(2):    1.722 # [msec]
   Debug_Time(3):    2.010 # [msec]
-
   Version      : 1.7
   Ways         : 16
   Words        : 2
   Feedback     : 2
   WordBits     : 32
   IndexBits    : 32
   Sort Order   : 0
   Sign Compare : 0
   Max Size     : 268435455
   Debug Enable : 1
   size         : 320000
   average_time :    5.194 # [msec]
   throughput   :   61.606 # [mwords/sec]
   Debug_Time(0):   12.346 # [msec]
   Debug_Time(1):    8.492 # [msec]
   Debug_Time(2):    1.751 # [msec]
   Debug_Time(3):    2.103 # [msec]
-
   Version      : 1.7
   Ways         : 16
   Words        : 2
   Feedback     : 2
   WordBits     : 32
   IndexBits    : 32
   Sort Order   : 0
   Sign Compare : 0
   Max Size     : 268435455
   Debug Enable : 1
   size         : 325000
   average_time :    5.281 # [msec]
   throughput   :   61.539 # [mwords/sec]
   Debug_Time(0):   12.431 # [msec]
   Debug_Time(1):    8.587 # [msec]
   Debug_Time(2):    1.776 # [msec]
   Debug_Time(3):    2.068 # [msec]
-
   Version      : 1.7
   Ways         : 16
   Words        : 2
   Feedback     : 2
   WordBits     : 32
   IndexBits    : 32
   Sort Order   : 0
   Sign Compare : 0
   Max Size     : 268435455
   Debug Enable : 1
   size         : 330000
   average_time :    5.365 # [msec]
   throughput   :   61.515 # [mwords/sec]
   Debug_Time(0):   12.765 # [msec]
   Debug_Time(1):    8.789 # [msec]
   Debug_Time(2):    1.802 # [msec]
   Debug_Time(3):    2.174 # [msec]
-
   Version      : 1.7
   Ways         : 16
   Words        : 2
   Feedback     : 2
   WordBits     : 32
   IndexBits    : 32
   Sort Order   : 0
   Sign Compare : 0
   Max Size     : 268435455
   Debug Enable : 1
   size         : 335000
   average_time :    5.409 # [msec]
   throughput   :   61.931 # [mwords/sec]
   Debug_Time(0):   12.792 # [msec]
   Debug_Time(1):    8.818 # [msec]
   Debug_Time(2):    1.829 # [msec]
   Debug_Time(3):    2.145 # [msec]
-
   Version      : 1.7
   Ways         : 16
   Words        : 2
   Feedback     : 2
   WordBits     : 32
   IndexBits    : 32
   Sort Order   : 0
   Sign Compare : 0
   Max Size     : 268435455
   Debug Enable : 1
   size         : 340000
   average_time :    5.506 # [msec]
   throughput   :   61.749 # [mwords/sec]
   Debug_Time(0):   13.067 # [msec]
   Debug_Time(1):    9.044 # [msec]
   Debug_Time(2):    1.856 # [msec]
   Debug_Time(3):    2.167 # [msec]
-
   Version      : 1.7
   Ways         : 16
   Words        : 2
   Feedback     : 2
   WordBits     : 32
   IndexBits    : 32
   Sort Order   : 0
   Sign Compare : 0
   Max Size     : 268435455
   Debug Enable : 1
   size         : 345000
   average_time :    5.592 # [msec]
   throughput   :   61.691 # [mwords/sec]
   Debug_Time(0):   13.188 # [msec]
   Debug_Time(1):    9.085 # [msec]
   Debug_Time(2):    1.882 # [msec]
   Debug_Time(3):    2.221 # [msec]
-
   Version      : 1.7
   Ways         : 16
   Words        : 2
   Feedback     : 2
   WordBits     : 32
   IndexBits    : 32
   Sort Order   : 0
   Sign Compare : 0
   Max Size     : 268435455
   Debug Enable : 1
   size         : 350000
   average_time :    5.644 # [msec]
   throughput   :   62.015 # [mwords/sec]
   Debug_Time(0):   13.457 # [msec]
   Debug_Time(1):    9.324 # [msec]
   Debug_Time(2):    1.909 # [msec]
   Debug_Time(3):    2.224 # [msec]
-
   Version      : 1.7
   Ways         : 16
   Words        : 2
   Feedback     : 2
   WordBits     : 32
   IndexBits    : 32
   Sort Order   : 0
   Sign Compare : 0
   Max Size     : 268435455
   Debug Enable : 1
   size         : 355000
   average_time :    5.741 # [msec]
   throughput   :   61.838 # [mwords/sec]
   Debug_Time(0):   13.670 # [msec]
   Debug_Time(1):    9.426 # [msec]
   Debug_Time(2):    1.935 # [msec]
   Debug_Time(3):    2.308 # [msec]
-
   Version      : 1.7
   Ways         : 16
   Words        : 2
   Feedback     : 2
   WordBits     : 32
   IndexBits    : 32
   Sort Order   : 0
   Sign Compare : 0
   Max Size     : 268435455
   Debug Enable : 1
   size         : 360000
   average_time :    5.797 # [msec]
   throughput   :   62.105 # [mwords/sec]
   Debug_Time(0):   13.792 # [msec]
   Debug_Time(1):    9.535 # [msec]
   Debug_Time(2):    1.963 # [msec]
   Debug_Time(3):    2.294 # [msec]
-
   Version      : 1.7
   Ways         : 16
   Words        : 2
   Feedback     : 2
   WordBits     : 32
   IndexBits    : 32
   Sort Order   : 0
   Sign Compare : 0
   Max Size     : 268435455
   Debug Enable : 1
   size         : 365000
   average_time :    5.867 # [msec]
   throughput   :   62.214 # [mwords/sec]
   Debug_Time(0):   13.922 # [msec]
   Debug_Time(1):    9.593 # [msec]
   Debug_Time(2):    1.991 # [msec]
   Debug_Time(3):    2.338 # [msec]
-
   Version      : 1.7
   Ways         : 16
   Words        : 2
   Feedback     : 2
   WordBits     : 32
   IndexBits    : 32
   Sort Order   : 0
   Sign Compare : 0
   Max Size     : 268435455
   Debug Enable : 1
   size         : 370000
   average_time :    5.994 # [msec]
   throughput   :   61.732 # [mwords/sec]
   Debug_Time(0):   14.267 # [msec]
   Debug_Time(1):    9.863 # [msec]
   Debug_Time(2):    2.016 # [msec]
   Debug_Time(3):    2.387 # [msec]
-
   Version      : 1.7
   Ways         : 16
   Words        : 2
   Feedback     : 2
   WordBits     : 32
   IndexBits    : 32
   Sort Order   : 0
   Sign Compare : 0
   Max Size     : 268435455
   Debug Enable : 1
   size         : 375000
   average_time :    6.021 # [msec]
   throughput   :   62.279 # [mwords/sec]
   Debug_Time(0):   14.248 # [msec]
   Debug_Time(1):    9.816 # [msec]
   Debug_Time(2):    2.042 # [msec]
   Debug_Time(3):    2.389 # [msec]
-
   Version      : 1.7
   Ways         : 16
   Words        : 2
   Feedback     : 2
   WordBits     : 32
   IndexBits    : 32
   Sort Order   : 0
   Sign Compare : 0
   Max Size     : 268435455
   Debug Enable : 1
   size         : 380000
   average_time :    6.099 # [msec]
   throughput   :   62.302 # [mwords/sec]
   Debug_Time(0):   14.486 # [msec]
   Debug_Time(1):    9.986 # [msec]
   Debug_Time(2):    2.069 # [msec]
   Debug_Time(3):    2.431 # [msec]
-
   Version      : 1.7
   Ways         : 16
   Words        : 2
   Feedback     : 2
   WordBits     : 32
   IndexBits    : 32
   Sort Order   : 0
   Sign Compare : 0
   Max Size     : 268435455
   Debug Enable : 1
   size         : 385000
   average_time :    6.149 # [msec]
   throughput   :   62.613 # [mwords/sec]
   Debug_Time(0):   14.288 # [msec]
   Debug_Time(1):    9.730 # [msec]
   Debug_Time(2):    2.096 # [msec]
   Debug_Time(3):    2.462 # [msec]
-
   Version      : 1.7
   Ways         : 16
   Words        : 2
   Feedback     : 2
   WordBits     : 32
   IndexBits    : 32
   Sort Order   : 0
   Sign Compare : 0
   Max Size     : 268435455
   Debug Enable : 1
   size         : 390000
   average_time :    6.251 # [msec]
   throughput   :   62.394 # [mwords/sec]
   Debug_Time(0):   14.704 # [msec]
   Debug_Time(1):   10.088 # [msec]
   Debug_Time(2):    2.122 # [msec]
   Debug_Time(3):    2.494 # [msec]
-
   Version      : 1.7
   Ways         : 16
   Words        : 2
   Feedback     : 2
   WordBits     : 32
   IndexBits    : 32
   Sort Order   : 0
   Sign Compare : 0
   Max Size     : 268435455
   Debug Enable : 1
   size         : 395000
   average_time :    6.346 # [msec]
   throughput   :   62.240 # [mwords/sec]
   Debug_Time(0):   15.126 # [msec]
   Debug_Time(1):   10.450 # [msec]
   Debug_Time(2):    2.149 # [msec]
   Debug_Time(3):    2.528 # [msec]
-
   Version      : 1.7
   Ways         : 16
   Words        : 2
   Feedback     : 2
   WordBits     : 32
   IndexBits    : 32
   Sort Order   : 0
   Sign Compare : 0
   Max Size     : 268435455
   Debug Enable : 1
   size         : 400000
   average_time :    6.391 # [msec]
   throughput   :   62.592 # [mwords/sec]
   Debug_Time(0):   15.210 # [msec]
   Debug_Time(1):   10.471 # [msec]
   Debug_Time(2):    2.175 # [msec]
   Debug_Time(3):    2.564 # [msec]
-
   Version      : 1.7
   Ways         : 16
   Words        : 2
   Feedback     : 2
   WordBits     : 32
   IndexBits    : 32
   Sort Order   : 0
   Sign Compare : 0
   Max Size     : 268435455
   Debug Enable : 1
   size         : 405000
   average_time :    6.479 # [msec]
   throughput   :   62.508 # [mwords/sec]
   Debug_Time(0):   15.469 # [msec]
   Debug_Time(1):   10.680 # [msec]
   Debug_Time(2):    2.202 # [msec]
   Debug_Time(3):    2.588 # [msec]
-
   Version      : 1.7
   Ways         : 16
   Words        : 2
   Feedback     : 2
   WordBits     : 32
   IndexBits    : 32
   Sort Order   : 0
   Sign Compare : 0
   Max Size     : 268435455
   Debug Enable : 1
   size         : 410000
   average_time :    6.508 # [msec]
   throughput   :   62.998 # [mwords/sec]
   Debug_Time(0):   15.639 # [msec]
   Debug_Time(1):   10.760 # [msec]
   Debug_Time(2):    2.229 # [msec]
   Debug_Time(3):    2.650 # [msec]
-
   Version      : 1.7
   Ways         : 16
   Words        : 2
   Feedback     : 2
   WordBits     : 32
   IndexBits    : 32
   Sort Order   : 0
   Sign Compare : 0
   Max Size     : 268435455
   Debug Enable : 1
   size         : 415000
   average_time :    6.613 # [msec]
   throughput   :   62.759 # [mwords/sec]
   Debug_Time(0):   15.847 # [msec]
   Debug_Time(1):   10.873 # [msec]
   Debug_Time(2):    2.255 # [msec]
   Debug_Time(3):    2.720 # [msec]
-
   Version      : 1.7
   Ways         : 16
   Words        : 2
   Feedback     : 2
   WordBits     : 32
   IndexBits    : 32
   Sort Order   : 0
   Sign Compare : 0
   Max Size     : 268435455
   Debug Enable : 1
   size         : 420000
   average_time :    6.699 # [msec]
   throughput   :   62.691 # [mwords/sec]
   Debug_Time(0):   16.028 # [msec]
   Debug_Time(1):   11.052 # [msec]
   Debug_Time(2):    2.282 # [msec]
   Debug_Time(3):    2.694 # [msec]
-
   Version      : 1.7
   Ways         : 16
   Words        : 2
   Feedback     : 2
   WordBits     : 32
   IndexBits    : 32
   Sort Order   : 0
   Sign Compare : 0
   Max Size     : 268435455
   Debug Enable : 1
   size         : 425000
   average_time :    6.772 # [msec]
   throughput   :   62.763 # [mwords/sec]
   Debug_Time(0):   16.238 # [msec]
   Debug_Time(1):   11.197 # [msec]
   Debug_Time(2):    2.309 # [msec]
   Debug_Time(3):    2.732 # [msec]
-
   Version      : 1.7
   Ways         : 16
   Words        : 2
   Feedback     : 2
   WordBits     : 32
   IndexBits    : 32
   Sort Order   : 0
   Sign Compare : 0
   Max Size     : 268435455
   Debug Enable : 1
   size         : 430000
   average_time :    6.853 # [msec]
   throughput   :   62.749 # [mwords/sec]
   Debug_Time(0):   16.388 # [msec]
   Debug_Time(1):   11.273 # [msec]
   Debug_Time(2):    2.336 # [msec]
   Debug_Time(3):    2.779 # [msec]
-
   Version      : 1.7
   Ways         : 16
   Words        : 2
   Feedback     : 2
   WordBits     : 32
   IndexBits    : 32
   Sort Order   : 0
   Sign Compare : 0
   Max Size     : 268435455
   Debug Enable : 1
   size         : 435000
   average_time :    6.956 # [msec]
   throughput   :   62.535 # [mwords/sec]
   Debug_Time(0):   16.695 # [msec]
   Debug_Time(1):   11.513 # [msec]
   Debug_Time(2):    2.362 # [msec]
   Debug_Time(3):    2.820 # [msec]
-
   Version      : 1.7
   Ways         : 16
   Words        : 2
   Feedback     : 2
   WordBits     : 32
   IndexBits    : 32
   Sort Order   : 0
   Sign Compare : 0
   Max Size     : 268435455
   Debug Enable : 1
   size         : 440000
   average_time :    6.988 # [msec]
   throughput   :   62.967 # [mwords/sec]
   Debug_Time(0):   16.717 # [msec]
   Debug_Time(1):   11.502 # [msec]
   Debug_Time(2):    2.389 # [msec]
   Debug_Time(3):    2.826 # [msec]
-
   Version      : 1.7
   Ways         : 16
   Words        : 2
   Feedback     : 2
   WordBits     : 32
   IndexBits    : 32
   Sort Order   : 0
   Sign Compare : 0
   Max Size     : 268435455
   Debug Enable : 1
   size         : 445000
   average_time :    7.056 # [msec]
   throughput   :   63.071 # [mwords/sec]
   Debug_Time(0):   16.954 # [msec]
   Debug_Time(1):   11.665 # [msec]
   Debug_Time(2):    2.415 # [msec]
   Debug_Time(3):    2.874 # [msec]
-
   Version      : 1.7
   Ways         : 16
   Words        : 2
   Feedback     : 2
   WordBits     : 32
   IndexBits    : 32
   Sort Order   : 0
   Sign Compare : 0
   Max Size     : 268435455
   Debug Enable : 1
   size         : 450000
   average_time :    7.123 # [msec]
   throughput   :   63.172 # [mwords/sec]
   Debug_Time(0):   17.049 # [msec]
   Debug_Time(1):   11.694 # [msec]
   Debug_Time(2):    2.442 # [msec]
   Debug_Time(3):    2.913 # [msec]
-
   Version      : 1.7
   Ways         : 16
   Words        : 2
   Feedback     : 2
   WordBits     : 32
   IndexBits    : 32
   Sort Order   : 0
   Sign Compare : 0
   Max Size     : 268435455
   Debug Enable : 1
   size         : 455000
   average_time :    7.205 # [msec]
   throughput   :   63.155 # [mwords/sec]
   Debug_Time(0):   17.240 # [msec]
   Debug_Time(1):   11.841 # [msec]
   Debug_Time(2):    2.469 # [msec]
   Debug_Time(3):    2.931 # [msec]
-
   Version      : 1.7
   Ways         : 16
   Words        : 2
   Feedback     : 2
   WordBits     : 32
   IndexBits    : 32
   Sort Order   : 0
   Sign Compare : 0
   Max Size     : 268435455
   Debug Enable : 1
   size         : 460000
   average_time :    7.320 # [msec]
   throughput   :   62.845 # [mwords/sec]
   Debug_Time(0):   17.599 # [msec]
   Debug_Time(1):   12.075 # [msec]
   Debug_Time(2):    2.498 # [msec]
   Debug_Time(3):    3.027 # [msec]
-
   Version      : 1.7
   Ways         : 16
   Words        : 2
   Feedback     : 2
   WordBits     : 32
   IndexBits    : 32
   Sort Order   : 0
   Sign Compare : 0
   Max Size     : 268435455
   Debug Enable : 1
   size         : 465000
   average_time :    7.368 # [msec]
   throughput   :   63.112 # [mwords/sec]
   Debug_Time(0):   17.659 # [msec]
   Debug_Time(1):   12.144 # [msec]
   Debug_Time(2):    2.522 # [msec]
   Debug_Time(3):    2.993 # [msec]
-
   Version      : 1.7
   Ways         : 16
   Words        : 2
   Feedback     : 2
   WordBits     : 32
   IndexBits    : 32
   Sort Order   : 0
   Sign Compare : 0
   Max Size     : 268435455
   Debug Enable : 1
   size         : 470000
   average_time :    7.457 # [msec]
   throughput   :   63.030 # [mwords/sec]
   Debug_Time(0):   17.858 # [msec]
   Debug_Time(1):   12.270 # [msec]
   Debug_Time(2):    2.549 # [msec]
   Debug_Time(3):    3.039 # [msec]
-
   Version      : 1.7
   Ways         : 16
   Words        : 2
   Feedback     : 2
   WordBits     : 32
   IndexBits    : 32
   Sort Order   : 0
   Sign Compare : 0
   Max Size     : 268435455
   Debug Enable : 1
   size         : 475000
   average_time :    7.462 # [msec]
   throughput   :   63.659 # [mwords/sec]
   Debug_Time(0):   17.928 # [msec]
   Debug_Time(1):   12.276 # [msec]
   Debug_Time(2):    2.575 # [msec]
   Debug_Time(3):    3.077 # [msec]
-
   Version      : 1.7
   Ways         : 16
   Words        : 2
   Feedback     : 2
   WordBits     : 32
   IndexBits    : 32
   Sort Order   : 0
   Sign Compare : 0
   Max Size     : 268435455
   Debug Enable : 1
   size         : 480000
   average_time :    7.574 # [msec]
   throughput   :   63.374 # [mwords/sec]
   Debug_Time(0):   18.123 # [msec]
   Debug_Time(1):   12.430 # [msec]
   Debug_Time(2):    2.602 # [msec]
   Debug_Time(3):    3.091 # [msec]
-
   Version      : 1.7
   Ways         : 16
   Words        : 2
   Feedback     : 2
   WordBits     : 32
   IndexBits    : 32
   Sort Order   : 0
   Sign Compare : 0
   Max Size     : 268435455
   Debug Enable : 1
   size         : 485000
   average_time :    7.654 # [msec]
   throughput   :   63.367 # [mwords/sec]
   Debug_Time(0):   18.332 # [msec]
   Debug_Time(1):   12.558 # [msec]
   Debug_Time(2):    2.629 # [msec]
   Debug_Time(3):    3.146 # [msec]
-
   Version      : 1.7
   Ways         : 16
   Words        : 2
   Feedback     : 2
   WordBits     : 32
   IndexBits    : 32
   Sort Order   : 0
   Sign Compare : 0
   Max Size     : 268435455
   Debug Enable : 1
   size         : 490000
   average_time :    7.716 # [msec]
   throughput   :   63.504 # [mwords/sec]
   Debug_Time(0):   18.498 # [msec]
   Debug_Time(1):   12.680 # [msec]
   Debug_Time(2):    2.655 # [msec]
   Debug_Time(3):    3.162 # [msec]
-
   Version      : 1.7
   Ways         : 16
   Words        : 2
   Feedback     : 2
   WordBits     : 32
   IndexBits    : 32
   Sort Order   : 0
   Sign Compare : 0
   Max Size     : 268435455
   Debug Enable : 1
   size         : 495000
   average_time :    7.834 # [msec]
   throughput   :   63.190 # [mwords/sec]
   Debug_Time(0):   18.774 # [msec]
   Debug_Time(1):   12.905 # [msec]
   Debug_Time(2):    2.683 # [msec]
   Debug_Time(3):    3.186 # [msec]
-
   Version      : 1.7
   Ways         : 16
   Words        : 2
   Feedback     : 2
   WordBits     : 32
   IndexBits    : 32
   Sort Order   : 0
   Sign Compare : 0
   Max Size     : 268435455
   Debug Enable : 1
   size         : 500000
   average_time :    7.863 # [msec]
   throughput   :   63.592 # [mwords/sec]
   Debug_Time(0):   18.712 # [msec]
   Debug_Time(1):   12.756 # [msec]
   Debug_Time(2):    2.708 # [msec]
   Debug_Time(3):    3.247 # [msec]
-
   Version      : 1.7
   Ways         : 16
   Words        : 2
   Feedback     : 2
   WordBits     : 32
   IndexBits    : 32
   Sort Order   : 0
   Sign Compare : 0
   Max Size     : 268435455
   Debug Enable : 1
   size         : 505000
   average_time :    7.955 # [msec]
   throughput   :   63.486 # [mwords/sec]
   Debug_Time(0):   19.067 # [msec]
   Debug_Time(1):   13.075 # [msec]
   Debug_Time(2):    2.735 # [msec]
   Debug_Time(3):    3.257 # [msec]
-
   Version      : 1.7
   Ways         : 16
   Words        : 2
   Feedback     : 2
   WordBits     : 32
   IndexBits    : 32
   Sort Order   : 0
   Sign Compare : 0
   Max Size     : 268435455
   Debug Enable : 1
   size         : 510000
   average_time :    8.019 # [msec]
   throughput   :   63.596 # [mwords/sec]
   Debug_Time(0):   19.286 # [msec]
   Debug_Time(1):   13.217 # [msec]
   Debug_Time(2):    2.762 # [msec]
   Debug_Time(3):    3.307 # [msec]
-
   Version      : 1.7
   Ways         : 16
   Words        : 2
   Feedback     : 2
   WordBits     : 32
   IndexBits    : 32
   Sort Order   : 0
   Sign Compare : 0
   Max Size     : 268435455
   Debug Enable : 1
   size         : 515000
   average_time :    8.103 # [msec]
   throughput   :   63.556 # [mwords/sec]
   Debug_Time(0):   19.424 # [msec]
   Debug_Time(1):   13.302 # [msec]
   Debug_Time(2):    2.789 # [msec]
   Debug_Time(3):    3.333 # [msec]
-
   Version      : 1.7
   Ways         : 16
   Words        : 2
   Feedback     : 2
   WordBits     : 32
   IndexBits    : 32
   Sort Order   : 0
   Sign Compare : 0
   Max Size     : 268435455
   Debug Enable : 1
   size         : 520000
   average_time :    8.175 # [msec]
   throughput   :   63.609 # [mwords/sec]
   Debug_Time(0):   19.682 # [msec]
   Debug_Time(1):   13.505 # [msec]
   Debug_Time(2):    2.815 # [msec]
   Debug_Time(3):    3.362 # [msec]
-
   Version      : 1.7
   Ways         : 16
   Words        : 2
   Feedback     : 2
   WordBits     : 32
   IndexBits    : 32
   Sort Order   : 0
   Sign Compare : 0
   Max Size     : 268435455
   Debug Enable : 1
   size         : 525000
   average_time :    8.284 # [msec]
   throughput   :   63.372 # [mwords/sec]
   Debug_Time(0):   19.884 # [msec]
   Debug_Time(1):   13.638 # [msec]
   Debug_Time(2):    2.843 # [msec]
   Debug_Time(3):    3.403 # [msec]
-
   Version      : 1.7
   Ways         : 16
   Words        : 2
   Feedback     : 2
   WordBits     : 32
   IndexBits    : 32
   Sort Order   : 0
   Sign Compare : 0
   Max Size     : 268435455
   Debug Enable : 1
   size         : 530000
   average_time :    8.300 # [msec]
   throughput   :   63.853 # [mwords/sec]
   Debug_Time(0):   19.976 # [msec]
   Debug_Time(1):   13.654 # [msec]
   Debug_Time(2):    2.869 # [msec]
   Debug_Time(3):    3.454 # [msec]
-
   Version      : 1.7
   Ways         : 16
   Words        : 2
   Feedback     : 2
   WordBits     : 32
   IndexBits    : 32
   Sort Order   : 0
   Sign Compare : 0
   Max Size     : 268435455
   Debug Enable : 1
   size         : 535000
   average_time :    8.404 # [msec]
   throughput   :   63.662 # [mwords/sec]
   Debug_Time(0):   20.234 # [msec]
   Debug_Time(1):   13.840 # [msec]
   Debug_Time(2):    2.895 # [msec]
   Debug_Time(3):    3.499 # [msec]
-
   Version      : 1.7
   Ways         : 16
   Words        : 2
   Feedback     : 2
   WordBits     : 32
   IndexBits    : 32
   Sort Order   : 0
   Sign Compare : 0
   Max Size     : 268435455
   Debug Enable : 1
   size         : 540000
   average_time :    8.466 # [msec]
   throughput   :   63.786 # [mwords/sec]
   Debug_Time(0):   20.264 # [msec]
   Debug_Time(1):   13.910 # [msec]
   Debug_Time(2):    2.922 # [msec]
   Debug_Time(3):    3.432 # [msec]
-
   Version      : 1.7
   Ways         : 16
   Words        : 2
   Feedback     : 2
   WordBits     : 32
   IndexBits    : 32
   Sort Order   : 0
   Sign Compare : 0
   Max Size     : 268435455
   Debug Enable : 1
   size         : 545000
   average_time :    8.529 # [msec]
   throughput   :   63.903 # [mwords/sec]
   Debug_Time(0):   20.565 # [msec]
   Debug_Time(1):   14.122 # [msec]
   Debug_Time(2):    2.948 # [msec]
   Debug_Time(3):    3.495 # [msec]
-
   Version      : 1.7
   Ways         : 16
   Words        : 2
   Feedback     : 2
   WordBits     : 32
   IndexBits    : 32
   Sort Order   : 0
   Sign Compare : 0
   Max Size     : 268435455
   Debug Enable : 1
   size         : 550000
   average_time :    8.652 # [msec]
   throughput   :   63.570 # [mwords/sec]
   Debug_Time(0):   20.805 # [msec]
   Debug_Time(1):   14.335 # [msec]
   Debug_Time(2):    2.976 # [msec]
   Debug_Time(3):    3.494 # [msec]
-
   Version      : 1.7
   Ways         : 16
   Words        : 2
   Feedback     : 2
   WordBits     : 32
   IndexBits    : 32
   Sort Order   : 0
   Sign Compare : 0
   Max Size     : 268435455
   Debug Enable : 1
   size         : 555000
   average_time :    8.685 # [msec]
   throughput   :   63.905 # [mwords/sec]
   Debug_Time(0):   20.843 # [msec]
   Debug_Time(1):   14.322 # [msec]
   Debug_Time(2):    3.002 # [msec]
   Debug_Time(3):    3.519 # [msec]
-
   Version      : 1.7
   Ways         : 16
   Words        : 2
   Feedback     : 2
   WordBits     : 32
   IndexBits    : 32
   Sort Order   : 0
   Sign Compare : 0
   Max Size     : 268435455
   Debug Enable : 1
   size         : 560000
   average_time :    8.735 # [msec]
   throughput   :   64.108 # [mwords/sec]
   Debug_Time(0):   20.994 # [msec]
   Debug_Time(1):   14.407 # [msec]
   Debug_Time(2):    3.029 # [msec]
   Debug_Time(3):    3.558 # [msec]
-
   Version      : 1.7
   Ways         : 16
   Words        : 2
   Feedback     : 2
   WordBits     : 32
   IndexBits    : 32
   Sort Order   : 0
   Sign Compare : 0
   Max Size     : 268435455
   Debug Enable : 1
   size         : 565000
   average_time :    8.838 # [msec]
   throughput   :   63.928 # [mwords/sec]
   Debug_Time(0):   21.337 # [msec]
   Debug_Time(1):   14.649 # [msec]
   Debug_Time(2):    3.055 # [msec]
   Debug_Time(3):    3.632 # [msec]
-
   Version      : 1.7
   Ways         : 16
   Words        : 2
   Feedback     : 2
   WordBits     : 32
   IndexBits    : 32
   Sort Order   : 0
   Sign Compare : 0
   Max Size     : 268435455
   Debug Enable : 1
   size         : 570000
   average_time :    8.928 # [msec]
   throughput   :   63.846 # [mwords/sec]
   Debug_Time(0):   21.395 # [msec]
   Debug_Time(1):   14.759 # [msec]
   Debug_Time(2):    3.082 # [msec]
   Debug_Time(3):    3.554 # [msec]
-
   Version      : 1.7
   Ways         : 16
   Words        : 2
   Feedback     : 2
   WordBits     : 32
   IndexBits    : 32
   Sort Order   : 0
   Sign Compare : 0
   Max Size     : 268435455
   Debug Enable : 1
   size         : 575000
   average_time :    9.031 # [msec]
   throughput   :   63.668 # [mwords/sec]
   Debug_Time(0):   21.775 # [msec]
   Debug_Time(1):   14.945 # [msec]
   Debug_Time(2):    3.111 # [msec]
   Debug_Time(3):    3.718 # [msec]
-
   Version      : 1.7
   Ways         : 16
   Words        : 2
   Feedback     : 2
   WordBits     : 32
   IndexBits    : 32
   Sort Order   : 0
   Sign Compare : 0
   Max Size     : 268435455
   Debug Enable : 1
   size         : 580000
   average_time :    9.098 # [msec]
   throughput   :   63.747 # [mwords/sec]
   Debug_Time(0):   21.989 # [msec]
   Debug_Time(1):   15.106 # [msec]
   Debug_Time(2):    3.136 # [msec]
   Debug_Time(3):    3.747 # [msec]
-
   Version      : 1.7
   Ways         : 16
   Words        : 2
   Feedback     : 2
   WordBits     : 32
   IndexBits    : 32
   Sort Order   : 0
   Sign Compare : 0
   Max Size     : 268435455
   Debug Enable : 1
   size         : 585000
   average_time :    9.160 # [msec]
   throughput   :   63.867 # [mwords/sec]
   Debug_Time(0):   22.120 # [msec]
   Debug_Time(1):   15.167 # [msec]
   Debug_Time(2):    3.162 # [msec]
   Debug_Time(3):    3.790 # [msec]
-
   Version      : 1.7
   Ways         : 16
   Words        : 2
   Feedback     : 2
   WordBits     : 32
   IndexBits    : 32
   Sort Order   : 0
   Sign Compare : 0
   Max Size     : 268435455
   Debug Enable : 1
   size         : 590000
   average_time :    9.211 # [msec]
   throughput   :   64.053 # [mwords/sec]
   Debug_Time(0):   22.360 # [msec]
   Debug_Time(1):   15.357 # [msec]
   Debug_Time(2):    3.189 # [msec]
   Debug_Time(3):    3.814 # [msec]
-
   Version      : 1.7
   Ways         : 16
   Words        : 2
   Feedback     : 2
   WordBits     : 32
   IndexBits    : 32
   Sort Order   : 0
   Sign Compare : 0
   Max Size     : 268435455
   Debug Enable : 1
   size         : 595000
   average_time :    9.299 # [msec]
   throughput   :   63.989 # [mwords/sec]
   Debug_Time(0):   22.606 # [msec]
   Debug_Time(1):   15.531 # [msec]
   Debug_Time(2):    3.215 # [msec]
   Debug_Time(3):    3.860 # [msec]
-
   Version      : 1.7
   Ways         : 16
   Words        : 2
   Feedback     : 2
   WordBits     : 32
   IndexBits    : 32
   Sort Order   : 0
   Sign Compare : 0
   Max Size     : 268435455
   Debug Enable : 1
   size         : 600000
   average_time :    9.356 # [msec]
   throughput   :   64.131 # [mwords/sec]
   Debug_Time(0):   22.412 # [msec]
   Debug_Time(1):   15.288 # [msec]
   Debug_Time(2):    3.243 # [msec]
   Debug_Time(3):    3.882 # [msec]
-
   Version      : 1.7
   Ways         : 16
   Words        : 2
   Feedback     : 2
   WordBits     : 32
   IndexBits    : 32
   Sort Order   : 0
   Sign Compare : 0
   Max Size     : 268435455
   Debug Enable : 1
   size         : 605000
   average_time :    9.419 # [msec]
   throughput   :   64.230 # [mwords/sec]
   Debug_Time(0):   22.629 # [msec]
   Debug_Time(1):   15.449 # [msec]
   Debug_Time(2):    3.269 # [msec]
   Debug_Time(3):    3.912 # [msec]
-
   Version      : 1.7
   Ways         : 16
   Words        : 2
   Feedback     : 2
   WordBits     : 32
   IndexBits    : 32
   Sort Order   : 0
   Sign Compare : 0
   Max Size     : 268435455
   Debug Enable : 1
   size         : 610000
   average_time :    9.515 # [msec]
   throughput   :   64.111 # [mwords/sec]
   Debug_Time(0):   22.855 # [msec]
   Debug_Time(1):   15.616 # [msec]
   Debug_Time(2):    3.295 # [msec]
   Debug_Time(3):    3.943 # [msec]
-
   Version      : 1.7
   Ways         : 16
   Words        : 2
   Feedback     : 2
   WordBits     : 32
   IndexBits    : 32
   Sort Order   : 0
   Sign Compare : 0
   Max Size     : 268435455
   Debug Enable : 1
   size         : 615000
   average_time :    9.626 # [msec]
   throughput   :   63.887 # [mwords/sec]
   Debug_Time(0):   23.161 # [msec]
   Debug_Time(1):   15.860 # [msec]
   Debug_Time(2):    3.322 # [msec]
   Debug_Time(3):    3.979 # [msec]
-
   Version      : 1.7
   Ways         : 16
   Words        : 2
   Feedback     : 2
   WordBits     : 32
   IndexBits    : 32
   Sort Order   : 0
   Sign Compare : 0
   Max Size     : 268435455
   Debug Enable : 1
   size         : 620000
   average_time :    9.650 # [msec]
   throughput   :   64.250 # [mwords/sec]
   Debug_Time(0):   23.240 # [msec]
   Debug_Time(1):   15.880 # [msec]
   Debug_Time(2):    3.348 # [msec]
   Debug_Time(3):    4.011 # [msec]
-
   Version      : 1.7
   Ways         : 16
   Words        : 2
   Feedback     : 2
   WordBits     : 32
   IndexBits    : 32
   Sort Order   : 0
   Sign Compare : 0
   Max Size     : 268435455
   Debug Enable : 1
   size         : 625000
   average_time :    9.730 # [msec]
   throughput   :   64.232 # [mwords/sec]
   Debug_Time(0):   23.490 # [msec]
   Debug_Time(1):   16.070 # [msec]
   Debug_Time(2):    3.375 # [msec]
   Debug_Time(3):    4.044 # [msec]
-
   Version      : 1.7
   Ways         : 16
   Words        : 2
   Feedback     : 2
   WordBits     : 32
   IndexBits    : 32
   Sort Order   : 0
   Sign Compare : 0
   Max Size     : 268435455
   Debug Enable : 1
   size         : 630000
   average_time :    9.785 # [msec]
   throughput   :   64.385 # [mwords/sec]
   Debug_Time(0):   23.676 # [msec]
   Debug_Time(1):   16.199 # [msec]
   Debug_Time(2):    3.402 # [msec]
   Debug_Time(3):    4.076 # [msec]
-
   Version      : 1.7
   Ways         : 16
   Words        : 2
   Feedback     : 2
   WordBits     : 32
   IndexBits    : 32
   Sort Order   : 0
   Sign Compare : 0
   Max Size     : 268435455
   Debug Enable : 1
   size         : 635000
   average_time :    9.897 # [msec]
   throughput   :   64.160 # [mwords/sec]
   Debug_Time(0):   23.821 # [msec]
   Debug_Time(1):   16.282 # [msec]
   Debug_Time(2):    3.428 # [msec]
   Debug_Time(3):    4.110 # [msec]
-
   Version      : 1.7
   Ways         : 16
   Words        : 2
   Feedback     : 2
   WordBits     : 32
   IndexBits    : 32
   Sort Order   : 0
   Sign Compare : 0
   Max Size     : 268435455
   Debug Enable : 1
   size         : 640000
   average_time :    9.991 # [msec]
   throughput   :   64.060 # [mwords/sec]
   Debug_Time(0):   24.056 # [msec]
   Debug_Time(1):   16.457 # [msec]
   Debug_Time(2):    3.455 # [msec]
   Debug_Time(3):    4.144 # [msec]
-
   Version      : 1.7
   Ways         : 16
   Words        : 2
   Feedback     : 2
   WordBits     : 32
   IndexBits    : 32
   Sort Order   : 0
   Sign Compare : 0
   Max Size     : 268435455
   Debug Enable : 1
   size         : 645000
   average_time :   10.038 # [msec]
   throughput   :   64.256 # [mwords/sec]
   Debug_Time(0):   24.154 # [msec]
   Debug_Time(1):   16.492 # [msec]
   Debug_Time(2):    3.484 # [msec]
   Debug_Time(3):    4.179 # [msec]
-
   Version      : 1.7
   Ways         : 16
   Words        : 2
   Feedback     : 2
   WordBits     : 32
   IndexBits    : 32
   Sort Order   : 0
   Sign Compare : 0
   Max Size     : 268435455
   Debug Enable : 1
   size         : 650000
   average_time :   10.098 # [msec]
   throughput   :   64.372 # [mwords/sec]
   Debug_Time(0):   24.377 # [msec]
   Debug_Time(1):   16.657 # [msec]
   Debug_Time(2):    3.508 # [msec]
   Debug_Time(3):    4.212 # [msec]
-
   Version      : 1.7
   Ways         : 16
   Words        : 2
   Feedback     : 2
   WordBits     : 32
   IndexBits    : 32
   Sort Order   : 0
   Sign Compare : 0
   Max Size     : 268435455
   Debug Enable : 1
   size         : 655000
   average_time :   10.164 # [msec]
   throughput   :   64.443 # [mwords/sec]
   Debug_Time(0):   24.511 # [msec]
   Debug_Time(1):   16.727 # [msec]
   Debug_Time(2):    3.535 # [msec]
   Debug_Time(3):    4.249 # [msec]
-
   Version      : 1.7
   Ways         : 16
   Words        : 2
   Feedback     : 2
   WordBits     : 32
   IndexBits    : 32
   Sort Order   : 0
   Sign Compare : 0
   Max Size     : 268435455
   Debug Enable : 1
   size         : 660000
   average_time :   10.243 # [msec]
   throughput   :   64.436 # [mwords/sec]
   Debug_Time(0):   24.736 # [msec]
   Debug_Time(1):   16.894 # [msec]
   Debug_Time(2):    3.562 # [msec]
   Debug_Time(3):    4.280 # [msec]
-
   Version      : 1.7
   Ways         : 16
   Words        : 2
   Feedback     : 2
   WordBits     : 32
   IndexBits    : 32
   Sort Order   : 0
   Sign Compare : 0
   Max Size     : 268435455
   Debug Enable : 1
   size         : 665000
   average_time :   10.322 # [msec]
   throughput   :   64.423 # [mwords/sec]
   Debug_Time(0):   24.944 # [msec]
   Debug_Time(1):   17.045 # [msec]
   Debug_Time(2):    3.590 # [msec]
   Debug_Time(3):    4.309 # [msec]
-
   Version      : 1.7
   Ways         : 16
   Words        : 2
   Feedback     : 2
   WordBits     : 32
   IndexBits    : 32
   Sort Order   : 0
   Sign Compare : 0
   Max Size     : 268435455
   Debug Enable : 1
   size         : 670000
   average_time :   10.384 # [msec]
   throughput   :   64.525 # [mwords/sec]
   Debug_Time(0):   25.112 # [msec]
   Debug_Time(1):   17.155 # [msec]
   Debug_Time(2):    3.615 # [msec]
   Debug_Time(3):    4.342 # [msec]
-
   Version      : 1.7
   Ways         : 16
   Words        : 2
   Feedback     : 2
   WordBits     : 32
   IndexBits    : 32
   Sort Order   : 0
   Sign Compare : 0
   Max Size     : 268435455
   Debug Enable : 1
   size         : 675000
   average_time :   10.512 # [msec]
   throughput   :   64.212 # [mwords/sec]
   Debug_Time(0):   25.257 # [msec]
   Debug_Time(1):   17.242 # [msec]
   Debug_Time(2):    3.642 # [msec]
   Debug_Time(3):    4.373 # [msec]
-
   Version      : 1.7
   Ways         : 16
   Words        : 2
   Feedback     : 2
   WordBits     : 32
   IndexBits    : 32
   Sort Order   : 0
   Sign Compare : 0
   Max Size     : 268435455
   Debug Enable : 1
   size         : 680000
   average_time :   10.536 # [msec]
   throughput   :   64.541 # [mwords/sec]
   Debug_Time(0):   25.448 # [msec]
   Debug_Time(1):   17.373 # [msec]
   Debug_Time(2):    3.668 # [msec]
   Debug_Time(3):    4.407 # [msec]
-
   Version      : 1.7
   Ways         : 16
   Words        : 2
   Feedback     : 2
   WordBits     : 32
   IndexBits    : 32
   Sort Order   : 0
   Sign Compare : 0
   Max Size     : 268435455
   Debug Enable : 1
   size         : 685000
   average_time :   10.587 # [msec]
   throughput   :   64.705 # [mwords/sec]
   Debug_Time(0):   25.654 # [msec]
   Debug_Time(1):   17.518 # [msec]
   Debug_Time(2):    3.695 # [msec]
   Debug_Time(3):    4.442 # [msec]
-
   Version      : 1.7
   Ways         : 16
   Words        : 2
   Feedback     : 2
   WordBits     : 32
   IndexBits    : 32
   Sort Order   : 0
   Sign Compare : 0
   Max Size     : 268435455
   Debug Enable : 1
   size         : 690000
   average_time :   10.693 # [msec]
   throughput   :   64.527 # [mwords/sec]
   Debug_Time(0):   25.884 # [msec]
   Debug_Time(1):   17.687 # [msec]
   Debug_Time(2):    3.722 # [msec]
   Debug_Time(3):    4.475 # [msec]
-
   Version      : 1.7
   Ways         : 16
   Words        : 2
   Feedback     : 2
   WordBits     : 32
   IndexBits    : 32
   Sort Order   : 0
   Sign Compare : 0
   Max Size     : 268435455
   Debug Enable : 1
   size         : 695000
   average_time :   10.721 # [msec]
   throughput   :   64.825 # [mwords/sec]
   Debug_Time(0):   26.005 # [msec]
   Debug_Time(1):   17.751 # [msec]
   Debug_Time(2):    3.748 # [msec]
   Debug_Time(3):    4.506 # [msec]
-
   Version      : 1.7
   Ways         : 16
   Words        : 2
   Feedback     : 2
   WordBits     : 32
   IndexBits    : 32
   Sort Order   : 0
   Sign Compare : 0
   Max Size     : 268435455
   Debug Enable : 1
   size         : 700000
   average_time :   10.832 # [msec]
   throughput   :   64.623 # [mwords/sec]
   Debug_Time(0):   26.209 # [msec]
   Debug_Time(1):   17.893 # [msec]
   Debug_Time(2):    3.775 # [msec]
   Debug_Time(3):    4.541 # [msec]
-
   Version      : 1.7
   Ways         : 16
   Words        : 2
   Feedback     : 2
   WordBits     : 32
   IndexBits    : 32
   Sort Order   : 0
   Sign Compare : 0
   Max Size     : 268435455
   Debug Enable : 1
   size         : 705000
   average_time :   10.869 # [msec]
   throughput   :   64.863 # [mwords/sec]
   Debug_Time(0):   26.367 # [msec]
   Debug_Time(1):   17.987 # [msec]
   Debug_Time(2):    3.806 # [msec]
   Debug_Time(3):    4.574 # [msec]
-
   Version      : 1.7
   Ways         : 16
   Words        : 2
   Feedback     : 2
   WordBits     : 32
   IndexBits    : 32
   Sort Order   : 0
   Sign Compare : 0
   Max Size     : 268435455
   Debug Enable : 1
   size         : 710000
   average_time :   10.992 # [msec]
   throughput   :   64.593 # [mwords/sec]
   Debug_Time(0):   26.551 # [msec]
   Debug_Time(1):   18.113 # [msec]
   Debug_Time(2):    3.828 # [msec]
   Debug_Time(3):    4.610 # [msec]
-
   Version      : 1.7
   Ways         : 16
   Words        : 2
   Feedback     : 2
   WordBits     : 32
   IndexBits    : 32
   Sort Order   : 0
   Sign Compare : 0
   Max Size     : 268435455
   Debug Enable : 1
   size         : 715000
   average_time :   11.064 # [msec]
   throughput   :   64.623 # [mwords/sec]
   Debug_Time(0):   26.775 # [msec]
   Debug_Time(1):   18.283 # [msec]
   Debug_Time(2):    3.855 # [msec]
   Debug_Time(3):    4.637 # [msec]
-
   Version      : 1.7
   Ways         : 16
   Words        : 2
   Feedback     : 2
   WordBits     : 32
   IndexBits    : 32
   Sort Order   : 0
   Sign Compare : 0
   Max Size     : 268435455
   Debug Enable : 1
   size         : 720000
   average_time :   11.116 # [msec]
   throughput   :   64.772 # [mwords/sec]
   Debug_Time(0):   26.902 # [msec]
   Debug_Time(1):   18.352 # [msec]
   Debug_Time(2):    3.882 # [msec]
   Debug_Time(3):    4.669 # [msec]
-
   Version      : 1.7
   Ways         : 16
   Words        : 2
   Feedback     : 2
   WordBits     : 32
   IndexBits    : 32
   Sort Order   : 0
   Sign Compare : 0
   Max Size     : 268435455
   Debug Enable : 1
   size         : 725000
   average_time :   11.261 # [msec]
   throughput   :   64.381 # [mwords/sec]
   Debug_Time(0):   27.097 # [msec]
   Debug_Time(1):   18.512 # [msec]
   Debug_Time(2):    3.911 # [msec]
   Debug_Time(3):    4.674 # [msec]
-
   Version      : 1.7
   Ways         : 16
   Words        : 2
   Feedback     : 2
   WordBits     : 32
   IndexBits    : 32
   Sort Order   : 0
   Sign Compare : 0
   Max Size     : 268435455
   Debug Enable : 1
   size         : 730000
   average_time :   11.322 # [msec]
   throughput   :   64.478 # [mwords/sec]
   Debug_Time(0):   27.334 # [msec]
   Debug_Time(1):   18.696 # [msec]
   Debug_Time(2):    3.935 # [msec]
   Debug_Time(3):    4.703 # [msec]
-
   Version      : 1.7
   Ways         : 16
   Words        : 2
   Feedback     : 2
   WordBits     : 32
   IndexBits    : 32
   Sort Order   : 0
   Sign Compare : 0
   Max Size     : 268435455
   Debug Enable : 1
   size         : 735000
   average_time :   11.358 # [msec]
   throughput   :   64.714 # [mwords/sec]
   Debug_Time(0):   27.450 # [msec]
   Debug_Time(1):   18.717 # [msec]
   Debug_Time(2):    3.962 # [msec]
   Debug_Time(3):    4.772 # [msec]
-
   Version      : 1.7
   Ways         : 16
   Words        : 2
   Feedback     : 2
   WordBits     : 32
   IndexBits    : 32
   Sort Order   : 0
   Sign Compare : 0
   Max Size     : 268435455
   Debug Enable : 1
   size         : 740000
   average_time :   11.438 # [msec]
   throughput   :   64.698 # [mwords/sec]
   Debug_Time(0):   27.608 # [msec]
   Debug_Time(1):   18.929 # [msec]
   Debug_Time(2):    3.989 # [msec]
   Debug_Time(3):    4.690 # [msec]
-
   Version      : 1.7
   Ways         : 16
   Words        : 2
   Feedback     : 2
   WordBits     : 32
   IndexBits    : 32
   Sort Order   : 0
   Sign Compare : 0
   Max Size     : 268435455
   Debug Enable : 1
   size         : 745000
   average_time :   11.516 # [msec]
   throughput   :   64.691 # [mwords/sec]
   Debug_Time(0):   27.695 # [msec]
   Debug_Time(1):   18.950 # [msec]
   Debug_Time(2):    4.016 # [msec]
   Debug_Time(3):    4.729 # [msec]
-
   Version      : 1.7
   Ways         : 16
   Words        : 2
   Feedback     : 2
   WordBits     : 32
   IndexBits    : 32
   Sort Order   : 0
   Sign Compare : 0
   Max Size     : 268435455
   Debug Enable : 1
   size         : 750000
   average_time :   11.600 # [msec]
   throughput   :   64.656 # [mwords/sec]
   Debug_Time(0):   27.961 # [msec]
   Debug_Time(1):   19.116 # [msec]
   Debug_Time(2):    4.043 # [msec]
   Debug_Time(3):    4.802 # [msec]
-
   Version      : 1.7
   Ways         : 16
   Words        : 2
   Feedback     : 2
   WordBits     : 32
   IndexBits    : 32
   Sort Order   : 0
   Sign Compare : 0
   Max Size     : 268435455
   Debug Enable : 1
   size         : 755000
   average_time :   11.721 # [msec]
   throughput   :   64.417 # [mwords/sec]
   Debug_Time(0):   28.194 # [msec]
   Debug_Time(1):   19.275 # [msec]
   Debug_Time(2):    4.068 # [msec]
   Debug_Time(3):    4.851 # [msec]
-
   Version      : 1.7
   Ways         : 16
   Words        : 2
   Feedback     : 2
   WordBits     : 32
   IndexBits    : 32
   Sort Order   : 0
   Sign Compare : 0
   Max Size     : 268435455
   Debug Enable : 1
   size         : 760000
   average_time :   11.704 # [msec]
   throughput   :   64.937 # [mwords/sec]
   Debug_Time(0):   28.345 # [msec]
   Debug_Time(1):   19.342 # [msec]
   Debug_Time(2):    4.095 # [msec]
   Debug_Time(3):    4.908 # [msec]
-
   Version      : 1.7
   Ways         : 16
   Words        : 2
   Feedback     : 2
   WordBits     : 32
   IndexBits    : 32
   Sort Order   : 0
   Sign Compare : 0
   Max Size     : 268435455
   Debug Enable : 1
   size         : 765000
   average_time :   11.798 # [msec]
   throughput   :   64.841 # [mwords/sec]
   Debug_Time(0):   28.527 # [msec]
   Debug_Time(1):   19.449 # [msec]
   Debug_Time(2):    4.122 # [msec]
   Debug_Time(3):    4.956 # [msec]
-
   Version      : 1.7
   Ways         : 16
   Words        : 2
   Feedback     : 2
   WordBits     : 32
   IndexBits    : 32
   Sort Order   : 0
   Sign Compare : 0
   Max Size     : 268435455
   Debug Enable : 1
   size         : 770000
   average_time :   11.836 # [msec]
   throughput   :   65.055 # [mwords/sec]
   Debug_Time(0):   28.646 # [msec]
   Debug_Time(1):   19.500 # [msec]
   Debug_Time(2):    4.150 # [msec]
   Debug_Time(3):    4.997 # [msec]
-
   Version      : 1.7
   Ways         : 16
   Words        : 2
   Feedback     : 2
   WordBits     : 32
   IndexBits    : 32
   Sort Order   : 0
   Sign Compare : 0
   Max Size     : 268435455
   Debug Enable : 1
   size         : 775000
   average_time :   11.930 # [msec]
   throughput   :   64.962 # [mwords/sec]
   Debug_Time(0):   28.929 # [msec]
   Debug_Time(1):   19.715 # [msec]
   Debug_Time(2):    4.175 # [msec]
   Debug_Time(3):    5.038 # [msec]
-
   Version      : 1.7
   Ways         : 16
   Words        : 2
   Feedback     : 2
   WordBits     : 32
   IndexBits    : 32
   Sort Order   : 0
   Sign Compare : 0
   Max Size     : 268435455
   Debug Enable : 1
   size         : 780000
   average_time :   12.032 # [msec]
   throughput   :   64.827 # [mwords/sec]
   Debug_Time(0):   29.123 # [msec]
   Debug_Time(1):   19.860 # [msec]
   Debug_Time(2):    4.203 # [msec]
   Debug_Time(3):    5.061 # [msec]
-
   Version      : 1.7
   Ways         : 16
   Words        : 2
   Feedback     : 2
   WordBits     : 32
   IndexBits    : 32
   Sort Order   : 0
   Sign Compare : 0
   Max Size     : 268435455
   Debug Enable : 1
   size         : 785000
   average_time :   12.085 # [msec]
   throughput   :   64.958 # [mwords/sec]
   Debug_Time(0):   29.488 # [msec]
   Debug_Time(1):   20.177 # [msec]
   Debug_Time(2):    4.228 # [msec]
   Debug_Time(3):    5.083 # [msec]
-
   Version      : 1.7
   Ways         : 16
   Words        : 2
   Feedback     : 2
   WordBits     : 32
   IndexBits    : 32
   Sort Order   : 0
   Sign Compare : 0
   Max Size     : 268435455
   Debug Enable : 1
   size         : 790000
   average_time :   12.190 # [msec]
   throughput   :   64.805 # [mwords/sec]
   Debug_Time(0):   29.700 # [msec]
   Debug_Time(1):   20.324 # [msec]
   Debug_Time(2):    4.257 # [msec]
   Debug_Time(3):    5.120 # [msec]
-
   Version      : 1.7
   Ways         : 16
   Words        : 2
   Feedback     : 2
   WordBits     : 32
   IndexBits    : 32
   Sort Order   : 0
   Sign Compare : 0
   Max Size     : 268435455
   Debug Enable : 1
   size         : 795000
   average_time :   12.233 # [msec]
   throughput   :   64.986 # [mwords/sec]
   Debug_Time(0):   29.792 # [msec]
   Debug_Time(1):   20.375 # [msec]
   Debug_Time(2):    4.281 # [msec]
   Debug_Time(3):    5.135 # [msec]
-
   Version      : 1.7
   Ways         : 16
   Words        : 2
   Feedback     : 2
   WordBits     : 32
   IndexBits    : 32
   Sort Order   : 0
   Sign Compare : 0
   Max Size     : 268435455
   Debug Enable : 1
   size         : 800000
   average_time :   12.329 # [msec]
   throughput   :   64.888 # [mwords/sec]
   Debug_Time(0):   29.991 # [msec]
   Debug_Time(1):   20.496 # [msec]
   Debug_Time(2):    4.308 # [msec]
   Debug_Time(3):    5.187 # [msec]
-
   Version      : 1.7
   Ways         : 16
   Words        : 2
   Feedback     : 2
   WordBits     : 32
   IndexBits    : 32
   Sort Order   : 0
   Sign Compare : 0
   Max Size     : 268435455
   Debug Enable : 1
   size         : 805000
   average_time :   12.407 # [msec]
   throughput   :   64.885 # [mwords/sec]
   Debug_Time(0):   30.455 # [msec]
   Debug_Time(1):   20.910 # [msec]
   Debug_Time(2):    4.336 # [msec]
   Debug_Time(3):    5.210 # [msec]
-
   Version      : 1.7
   Ways         : 16
   Words        : 2
   Feedback     : 2
   WordBits     : 32
   IndexBits    : 32
   Sort Order   : 0
   Sign Compare : 0
   Max Size     : 268435455
   Debug Enable : 1
   size         : 810000
   average_time :   12.464 # [msec]
   throughput   :   64.989 # [mwords/sec]
   Debug_Time(0):   30.684 # [msec]
   Debug_Time(1):   21.016 # [msec]
   Debug_Time(2):    4.362 # [msec]
   Debug_Time(3):    5.306 # [msec]
-
   Version      : 1.7
   Ways         : 16
   Words        : 2
   Feedback     : 2
   WordBits     : 32
   IndexBits    : 32
   Sort Order   : 0
   Sign Compare : 0
   Max Size     : 268435455
   Debug Enable : 1
   size         : 815000
   average_time :   12.572 # [msec]
   throughput   :   64.825 # [mwords/sec]
   Debug_Time(0):   30.938 # [msec]
   Debug_Time(1):   21.172 # [msec]
   Debug_Time(2):    4.390 # [msec]
   Debug_Time(3):    5.376 # [msec]
-
   Version      : 1.7
   Ways         : 16
   Words        : 2
   Feedback     : 2
   WordBits     : 32
   IndexBits    : 32
   Sort Order   : 0
   Sign Compare : 0
   Max Size     : 268435455
   Debug Enable : 1
   size         : 820000
   average_time :   12.642 # [msec]
   throughput   :   64.861 # [mwords/sec]
   Debug_Time(0):   31.162 # [msec]
   Debug_Time(1):   21.338 # [msec]
   Debug_Time(2):    4.417 # [msec]
   Debug_Time(3):    5.408 # [msec]
-
   Version      : 1.7
   Ways         : 16
   Words        : 2
   Feedback     : 2
   WordBits     : 32
   IndexBits    : 32
   Sort Order   : 0
   Sign Compare : 0
   Max Size     : 268435455
   Debug Enable : 1
   size         : 825000
   average_time :   12.711 # [msec]
   throughput   :   64.906 # [mwords/sec]
   Debug_Time(0):   31.236 # [msec]
   Debug_Time(1):   21.411 # [msec]
   Debug_Time(2):    4.445 # [msec]
   Debug_Time(3):    5.380 # [msec]
-
   Version      : 1.7
   Ways         : 16
   Words        : 2
   Feedback     : 2
   WordBits     : 32
   IndexBits    : 32
   Sort Order   : 0
   Sign Compare : 0
   Max Size     : 268435455
   Debug Enable : 1
   size         : 830000
   average_time :   12.791 # [msec]
   throughput   :   64.889 # [mwords/sec]
   Debug_Time(0):   31.367 # [msec]
   Debug_Time(1):   21.445 # [msec]
   Debug_Time(2):    4.471 # [msec]
   Debug_Time(3):    5.451 # [msec]
-
   Version      : 1.7
   Ways         : 16
   Words        : 2
   Feedback     : 2
   WordBits     : 32
   IndexBits    : 32
   Sort Order   : 0
   Sign Compare : 0
   Max Size     : 268435455
   Debug Enable : 1
   size         : 835000
   average_time :   12.822 # [msec]
   throughput   :   65.123 # [mwords/sec]
   Debug_Time(0):   31.433 # [msec]
   Debug_Time(1):   21.388 # [msec]
   Debug_Time(2):    4.495 # [msec]
   Debug_Time(3):    5.550 # [msec]
-
   Version      : 1.7
   Ways         : 16
   Words        : 2
   Feedback     : 2
   WordBits     : 32
   IndexBits    : 32
   Sort Order   : 0
   Sign Compare : 0
   Max Size     : 268435455
   Debug Enable : 1
   size         : 840000
   average_time :   12.940 # [msec]
   throughput   :   64.914 # [mwords/sec]
   Debug_Time(0):   31.891 # [msec]
   Debug_Time(1):   21.832 # [msec]
   Debug_Time(2):    4.523 # [msec]
   Debug_Time(3):    5.536 # [msec]
-
   Version      : 1.7
   Ways         : 16
   Words        : 2
   Feedback     : 2
   WordBits     : 32
   IndexBits    : 32
   Sort Order   : 0
   Sign Compare : 0
   Max Size     : 268435455
   Debug Enable : 1
   size         : 845000
   average_time :   12.986 # [msec]
   throughput   :   65.069 # [mwords/sec]
   Debug_Time(0):   31.563 # [msec]
   Debug_Time(1):   21.467 # [msec]
   Debug_Time(2):    4.548 # [msec]
   Debug_Time(3):    5.548 # [msec]
-
   Version      : 1.7
   Ways         : 16
   Words        : 2
   Feedback     : 2
   WordBits     : 32
   IndexBits    : 32
   Sort Order   : 0
   Sign Compare : 0
   Max Size     : 268435455
   Debug Enable : 1
   size         : 850000
   average_time :   13.049 # [msec]
   throughput   :   65.140 # [mwords/sec]
   Debug_Time(0):   31.867 # [msec]
   Debug_Time(1):   21.651 # [msec]
   Debug_Time(2):    4.576 # [msec]
   Debug_Time(3):    5.640 # [msec]
-
   Version      : 1.7
   Ways         : 16
   Words        : 2
   Feedback     : 2
   WordBits     : 32
   IndexBits    : 32
   Sort Order   : 0
   Sign Compare : 0
   Max Size     : 268435455
   Debug Enable : 1
   size         : 855000
   average_time :   13.162 # [msec]
   throughput   :   64.958 # [mwords/sec]
   Debug_Time(0):   32.253 # [msec]
   Debug_Time(1):   21.978 # [msec]
   Debug_Time(2):    4.601 # [msec]
   Debug_Time(3):    5.673 # [msec]
-
   Version      : 1.7
   Ways         : 16
   Words        : 2
   Feedback     : 2
   WordBits     : 32
   IndexBits    : 32
   Sort Order   : 0
   Sign Compare : 0
   Max Size     : 268435455
   Debug Enable : 1
   size         : 860000
   average_time :   13.151 # [msec]
   throughput   :   65.393 # [mwords/sec]
   Debug_Time(0):   31.930 # [msec]
   Debug_Time(1):   21.672 # [msec]
   Debug_Time(2):    4.630 # [msec]
   Debug_Time(3):    5.628 # [msec]
-
   Version      : 1.7
   Ways         : 16
   Words        : 2
   Feedback     : 2
   WordBits     : 32
   IndexBits    : 32
   Sort Order   : 0
   Sign Compare : 0
   Max Size     : 268435455
   Debug Enable : 1
   size         : 865000
   average_time :   13.193 # [msec]
   throughput   :   65.567 # [mwords/sec]
   Debug_Time(0):   32.130 # [msec]
   Debug_Time(1):   21.788 # [msec]
   Debug_Time(2):    4.655 # [msec]
   Debug_Time(3):    5.687 # [msec]
-
   Version      : 1.7
   Ways         : 16
   Words        : 2
   Feedback     : 2
   WordBits     : 32
   IndexBits    : 32
   Sort Order   : 0
   Sign Compare : 0
   Max Size     : 268435455
   Debug Enable : 1
   size         : 870000
   average_time :   13.389 # [msec]
   throughput   :   64.978 # [mwords/sec]
   Debug_Time(0):   32.376 # [msec]
   Debug_Time(1):   21.990 # [msec]
   Debug_Time(2):    4.682 # [msec]
   Debug_Time(3):    5.704 # [msec]
-
   Version      : 1.7
   Ways         : 16
   Words        : 2
   Feedback     : 2
   WordBits     : 32
   IndexBits    : 32
   Sort Order   : 0
   Sign Compare : 0
   Max Size     : 268435455
   Debug Enable : 1
   size         : 875000
   average_time :   13.382 # [msec]
   throughput   :   65.386 # [mwords/sec]
   Debug_Time(0):   32.452 # [msec]
   Debug_Time(1):   21.981 # [msec]
   Debug_Time(2):    4.708 # [msec]
   Debug_Time(3):    5.763 # [msec]
-
   Version      : 1.7
   Ways         : 16
   Words        : 2
   Feedback     : 2
   WordBits     : 32
   IndexBits    : 32
   Sort Order   : 0
   Sign Compare : 0
   Max Size     : 268435455
   Debug Enable : 1
   size         : 880000
   average_time :   13.476 # [msec]
   throughput   :   65.301 # [mwords/sec]
   Debug_Time(0):   32.688 # [msec]
   Debug_Time(1):   22.149 # [msec]
   Debug_Time(2):    4.735 # [msec]
   Debug_Time(3):    5.804 # [msec]
-
   Version      : 1.7
   Ways         : 16
   Words        : 2
   Feedback     : 2
   WordBits     : 32
   IndexBits    : 32
   Sort Order   : 0
   Sign Compare : 0
   Max Size     : 268435455
   Debug Enable : 1
   size         : 885000
   average_time :   13.552 # [msec]
   throughput   :   65.306 # [mwords/sec]
   Debug_Time(0):   32.723 # [msec]
   Debug_Time(1):   22.108 # [msec]
   Debug_Time(2):    4.761 # [msec]
   Debug_Time(3):    5.853 # [msec]
-
   Version      : 1.7
   Ways         : 16
   Words        : 2
   Feedback     : 2
   WordBits     : 32
   IndexBits    : 32
   Sort Order   : 0
   Sign Compare : 0
   Max Size     : 268435455
   Debug Enable : 1
   size         : 890000
   average_time :   13.637 # [msec]
   throughput   :   65.263 # [mwords/sec]
   Debug_Time(0):   33.033 # [msec]
   Debug_Time(1):   22.338 # [msec]
   Debug_Time(2):    4.788 # [msec]
   Debug_Time(3):    5.908 # [msec]
-
   Version      : 1.7
   Ways         : 16
   Words        : 2
   Feedback     : 2
   WordBits     : 32
   IndexBits    : 32
   Sort Order   : 0
   Sign Compare : 0
   Max Size     : 268435455
   Debug Enable : 1
   size         : 895000
   average_time :   13.710 # [msec]
   throughput   :   65.282 # [mwords/sec]
   Debug_Time(0):   33.162 # [msec]
   Debug_Time(1):   22.428 # [msec]
   Debug_Time(2):    4.816 # [msec]
   Debug_Time(3):    5.918 # [msec]
-
   Version      : 1.7
   Ways         : 16
   Words        : 2
   Feedback     : 2
   WordBits     : 32
   IndexBits    : 32
   Sort Order   : 0
   Sign Compare : 0
   Max Size     : 268435455
   Debug Enable : 1
   size         : 900000
   average_time :   13.764 # [msec]
   throughput   :   65.387 # [mwords/sec]
   Debug_Time(0):   33.299 # [msec]
   Debug_Time(1):   22.506 # [msec]
   Debug_Time(2):    4.841 # [msec]
   Debug_Time(3):    5.952 # [msec]
-
   Version      : 1.7
   Ways         : 16
   Words        : 2
   Feedback     : 2
   WordBits     : 32
   IndexBits    : 32
   Sort Order   : 0
   Sign Compare : 0
   Max Size     : 268435455
   Debug Enable : 1
   size         : 905000
   average_time :   13.848 # [msec]
   throughput   :   65.351 # [mwords/sec]
   Debug_Time(0):   33.548 # [msec]
   Debug_Time(1):   22.752 # [msec]
   Debug_Time(2):    4.868 # [msec]
   Debug_Time(3):    5.929 # [msec]
-
   Version      : 1.7
   Ways         : 16
   Words        : 2
   Feedback     : 2
   WordBits     : 32
   IndexBits    : 32
   Sort Order   : 0
   Sign Compare : 0
   Max Size     : 268435455
   Debug Enable : 1
   size         : 910000
   average_time :   13.946 # [msec]
   throughput   :   65.251 # [mwords/sec]
   Debug_Time(0):   33.838 # [msec]
   Debug_Time(1):   22.946 # [msec]
   Debug_Time(2):    4.895 # [msec]
   Debug_Time(3):    5.997 # [msec]
-
   Version      : 1.7
   Ways         : 16
   Words        : 2
   Feedback     : 2
   WordBits     : 32
   IndexBits    : 32
   Sort Order   : 0
   Sign Compare : 0
   Max Size     : 268435455
   Debug Enable : 1
   size         : 915000
   average_time :   13.986 # [msec]
   throughput   :   65.421 # [mwords/sec]
   Debug_Time(0):   34.044 # [msec]
   Debug_Time(1):   23.134 # [msec]
   Debug_Time(2):    4.922 # [msec]
   Debug_Time(3):    5.988 # [msec]
-
   Version      : 1.7
   Ways         : 16
   Words        : 2
   Feedback     : 2
   WordBits     : 32
   IndexBits    : 32
   Sort Order   : 0
   Sign Compare : 0
   Max Size     : 268435455
   Debug Enable : 1
   size         : 920000
   average_time :   14.081 # [msec]
   throughput   :   65.338 # [mwords/sec]
   Debug_Time(0):   34.288 # [msec]
   Debug_Time(1):   23.311 # [msec]
   Debug_Time(2):    4.949 # [msec]
   Debug_Time(3):    6.027 # [msec]
-
   Version      : 1.7
   Ways         : 16
   Words        : 2
   Feedback     : 2
   WordBits     : 32
   IndexBits    : 32
   Sort Order   : 0
   Sign Compare : 0
   Max Size     : 268435455
   Debug Enable : 1
   size         : 925000
   average_time :   14.127 # [msec]
   throughput   :   65.478 # [mwords/sec]
   Debug_Time(0):   34.347 # [msec]
   Debug_Time(1):   23.252 # [msec]
   Debug_Time(2):    4.975 # [msec]
   Debug_Time(3):    6.121 # [msec]
-
   Version      : 1.7
   Ways         : 16
   Words        : 2
   Feedback     : 2
   WordBits     : 32
   IndexBits    : 32
   Sort Order   : 0
   Sign Compare : 0
   Max Size     : 268435455
   Debug Enable : 1
   size         : 930000
   average_time :   14.250 # [msec]
   throughput   :   65.261 # [mwords/sec]
   Debug_Time(0):   34.603 # [msec]
   Debug_Time(1):   23.445 # [msec]
   Debug_Time(2):    5.001 # [msec]
   Debug_Time(3):    6.157 # [msec]
-
   Version      : 1.7
   Ways         : 16
   Words        : 2
   Feedback     : 2
   WordBits     : 32
   IndexBits    : 32
   Sort Order   : 0
   Sign Compare : 0
   Max Size     : 268435455
   Debug Enable : 1
   size         : 935000
   average_time :   14.332 # [msec]
   throughput   :   65.238 # [mwords/sec]
   Debug_Time(0):   34.879 # [msec]
   Debug_Time(1):   23.712 # [msec]
   Debug_Time(2):    5.028 # [msec]
   Debug_Time(3):    6.139 # [msec]
-
   Version      : 1.7
   Ways         : 16
   Words        : 2
   Feedback     : 2
   WordBits     : 32
   IndexBits    : 32
   Sort Order   : 0
   Sign Compare : 0
   Max Size     : 268435455
   Debug Enable : 1
   size         : 940000
   average_time :   14.372 # [msec]
   throughput   :   65.404 # [mwords/sec]
   Debug_Time(0):   35.009 # [msec]
   Debug_Time(1):   23.727 # [msec]
   Debug_Time(2):    5.055 # [msec]
   Debug_Time(3):    6.227 # [msec]
-
   Version      : 1.7
   Ways         : 16
   Words        : 2
   Feedback     : 2
   WordBits     : 32
   IndexBits    : 32
   Sort Order   : 0
   Sign Compare : 0
   Max Size     : 268435455
   Debug Enable : 1
   size         : 945000
   average_time :   14.488 # [msec]
   throughput   :   65.226 # [mwords/sec]
   Debug_Time(0):   35.119 # [msec]
   Debug_Time(1):   23.833 # [msec]
   Debug_Time(2):    5.082 # [msec]
   Debug_Time(3):    6.204 # [msec]
-
   Version      : 1.7
   Ways         : 16
   Words        : 2
   Feedback     : 2
   WordBits     : 32
   IndexBits    : 32
   Sort Order   : 0
   Sign Compare : 0
   Max Size     : 268435455
   Debug Enable : 1
   size         : 950000
   average_time :   14.502 # [msec]
   throughput   :   65.508 # [mwords/sec]
   Debug_Time(0):   35.281 # [msec]
   Debug_Time(1):   23.942 # [msec]
   Debug_Time(2):    5.108 # [msec]
   Debug_Time(3):    6.231 # [msec]
-
   Version      : 1.7
   Ways         : 16
   Words        : 2
   Feedback     : 2
   WordBits     : 32
   IndexBits    : 32
   Sort Order   : 0
   Sign Compare : 0
   Max Size     : 268435455
   Debug Enable : 1
   size         : 955000
   average_time :   14.599 # [msec]
   throughput   :   65.416 # [mwords/sec]
   Debug_Time(0):   35.680 # [msec]
   Debug_Time(1):   24.204 # [msec]
   Debug_Time(2):    5.138 # [msec]
   Debug_Time(3):    6.338 # [msec]
-
   Version      : 1.7
   Ways         : 16
   Words        : 2
   Feedback     : 2
   WordBits     : 32
   IndexBits    : 32
   Sort Order   : 0
   Sign Compare : 0
   Max Size     : 268435455
   Debug Enable : 1
   size         : 960000
   average_time :   14.681 # [msec]
   throughput   :   65.390 # [mwords/sec]
   Debug_Time(0):   35.824 # [msec]
   Debug_Time(1):   24.299 # [msec]
   Debug_Time(2):    5.162 # [msec]
   Debug_Time(3):    6.363 # [msec]
-
   Version      : 1.7
   Ways         : 16
   Words        : 2
   Feedback     : 2
   WordBits     : 32
   IndexBits    : 32
   Sort Order   : 0
   Sign Compare : 0
   Max Size     : 268435455
   Debug Enable : 1
   size         : 965000
   average_time :   14.755 # [msec]
   throughput   :   65.402 # [mwords/sec]
   Debug_Time(0):   36.050 # [msec]
   Debug_Time(1):   24.475 # [msec]
   Debug_Time(2):    5.188 # [msec]
   Debug_Time(3):    6.387 # [msec]
-
   Version      : 1.7
   Ways         : 16
   Words        : 2
   Feedback     : 2
   WordBits     : 32
   IndexBits    : 32
   Sort Order   : 0
   Sign Compare : 0
   Max Size     : 268435455
   Debug Enable : 1
   size         : 970000
   average_time :   14.830 # [msec]
   throughput   :   65.407 # [mwords/sec]
   Debug_Time(0):   36.111 # [msec]
   Debug_Time(1):   24.526 # [msec]
   Debug_Time(2):    5.215 # [msec]
   Debug_Time(3):    6.370 # [msec]
-
   Version      : 1.7
   Ways         : 16
   Words        : 2
   Feedback     : 2
   WordBits     : 32
   IndexBits    : 32
   Sort Order   : 0
   Sign Compare : 0
   Max Size     : 268435455
   Debug Enable : 1
   size         : 975000
   average_time :   14.869 # [msec]
   throughput   :   65.571 # [mwords/sec]
   Debug_Time(0):   36.342 # [msec]
   Debug_Time(1):   24.635 # [msec]
   Debug_Time(2):    5.241 # [msec]
   Debug_Time(3):    6.466 # [msec]
-
   Version      : 1.7
   Ways         : 16
   Words        : 2
   Feedback     : 2
   WordBits     : 32
   IndexBits    : 32
   Sort Order   : 0
   Sign Compare : 0
   Max Size     : 268435455
   Debug Enable : 1
   size         : 980000
   average_time :   14.951 # [msec]
   throughput   :   65.547 # [mwords/sec]
   Debug_Time(0):   36.499 # [msec]
   Debug_Time(1):   24.810 # [msec]
   Debug_Time(2):    5.268 # [msec]
   Debug_Time(3):    6.420 # [msec]
-
   Version      : 1.7
   Ways         : 16
   Words        : 2
   Feedback     : 2
   WordBits     : 32
   IndexBits    : 32
   Sort Order   : 0
   Sign Compare : 0
   Max Size     : 268435455
   Debug Enable : 1
   size         : 985000
   average_time :   15.064 # [msec]
   throughput   :   65.389 # [mwords/sec]
   Debug_Time(0):   37.093 # [msec]
   Debug_Time(1):   25.434 # [msec]
   Debug_Time(2):    5.295 # [msec]
   Debug_Time(3):    6.364 # [msec]
-
   Version      : 1.7
   Ways         : 16
   Words        : 2
   Feedback     : 2
   WordBits     : 32
   IndexBits    : 32
   Sort Order   : 0
   Sign Compare : 0
   Max Size     : 268435455
   Debug Enable : 1
   size         : 990000
   average_time :   15.094 # [msec]
   throughput   :   65.590 # [mwords/sec]
   Debug_Time(0):   36.991 # [msec]
   Debug_Time(1):   25.094 # [msec]
   Debug_Time(2):    5.321 # [msec]
   Debug_Time(3):    6.575 # [msec]
-
   Version      : 1.7
   Ways         : 16
   Words        : 2
   Feedback     : 2
   WordBits     : 32
   IndexBits    : 32
   Sort Order   : 0
   Sign Compare : 0
   Max Size     : 268435455
   Debug Enable : 1
   size         : 995000
   average_time :   15.192 # [msec]
   throughput   :   65.495 # [mwords/sec]
   Debug_Time(0):   37.220 # [msec]
   Debug_Time(1):   25.273 # [msec]
   Debug_Time(2):    5.348 # [msec]
   Debug_Time(3):    6.599 # [msec]
-
   Version      : 1.7
   Ways         : 16
   Words        : 2
   Feedback     : 2
   WordBits     : 32
   IndexBits    : 32
   Sort Order   : 0
   Sign Compare : 0
   Max Size     : 268435455
   Debug Enable : 1
   size         : 1000000
   average_time :   15.299 # [msec]
   throughput   :   65.363 # [mwords/sec]
   Debug_Time(0):   37.427 # [msec]
   Debug_Time(1):   25.423 # [msec]
   Debug_Time(2):    5.375 # [msec]
   Debug_Time(3):    6.628 # [msec]
