---
-
   Version      : 1.7
   Ways         : 16
   Words        : 1
   Feedback     : 1
   WordBits     : 32
   IndexBits    : 32
   Sort Order   : 0
   Sign Compare : 0
   Max Size     : 268435455
   Debug Enable : 1
   size         : 5000
   average_time :    0.273 # [msec]
   throughput   :   18.285 # [mwords/sec]
   Debug_Time(0):    0.241 # [msec]
   Debug_Time(1):    0.105 # [msec]
   Debug_Time(2):    0.079 # [msec]
   Debug_Time(3):    0.056 # [msec]
-
   Version      : 1.7
   Ways         : 16
   Words        : 1
   Feedback     : 1
   WordBits     : 32
   IndexBits    : 32
   Sort Order   : 0
   Sign Compare : 0
   Max Size     : 268435455
   Debug Enable : 1
   size         : 10000
   average_time :    0.363 # [msec]
   throughput   :   27.581 # [mwords/sec]
   Debug_Time(0):    0.452 # [msec]
   Debug_Time(1):    0.202 # [msec]
   Debug_Time(2):    0.141 # [msec]
   Debug_Time(3):    0.109 # [msec]
-
   Version      : 1.7
   Ways         : 16
   Words        : 1
   Feedback     : 1
   WordBits     : 32
   IndexBits    : 32
   Sort Order   : 0
   Sign Compare : 0
   Max Size     : 268435455
   Debug Enable : 1
   size         : 15000
   average_time :    0.456 # [msec]
   throughput   :   32.919 # [mwords/sec]
   Debug_Time(0):    0.673 # [msec]
   Debug_Time(1):    0.304 # [msec]
   Debug_Time(2):    0.208 # [msec]
   Debug_Time(3):    0.161 # [msec]
-
   Version      : 1.7
   Ways         : 16
   Words        : 1
   Feedback     : 1
   WordBits     : 32
   IndexBits    : 32
   Sort Order   : 0
   Sign Compare : 0
   Max Size     : 268435455
   Debug Enable : 1
   size         : 20000
   average_time :    0.539 # [msec]
   throughput   :   37.105 # [mwords/sec]
   Debug_Time(0):    0.901 # [msec]
   Debug_Time(1):    0.405 # [msec]
   Debug_Time(2):    0.282 # [msec]
   Debug_Time(3):    0.213 # [msec]
-
   Version      : 1.7
   Ways         : 16
   Words        : 1
   Feedback     : 1
   WordBits     : 32
   IndexBits    : 32
   Sort Order   : 0
   Sign Compare : 0
   Max Size     : 268435455
   Debug Enable : 1
   size         : 25000
   average_time :    0.633 # [msec]
   throughput   :   39.482 # [mwords/sec]
   Debug_Time(0):    1.122 # [msec]
   Debug_Time(1):    0.505 # [msec]
   Debug_Time(2):    0.350 # [msec]
   Debug_Time(3):    0.268 # [msec]
-
   Version      : 1.7
   Ways         : 16
   Words        : 1
   Feedback     : 1
   WordBits     : 32
   IndexBits    : 32
   Sort Order   : 0
   Sign Compare : 0
   Max Size     : 268435455
   Debug Enable : 1
   size         : 30000
   average_time :    0.725 # [msec]
   throughput   :   41.384 # [mwords/sec]
   Debug_Time(0):    1.337 # [msec]
   Debug_Time(1):    0.607 # [msec]
   Debug_Time(2):    0.410 # [msec]
   Debug_Time(3):    0.320 # [msec]
-
   Version      : 1.7
   Ways         : 16
   Words        : 1
   Feedback     : 1
   WordBits     : 32
   IndexBits    : 32
   Sort Order   : 0
   Sign Compare : 0
   Max Size     : 268435455
   Debug Enable : 1
   size         : 35000
   average_time :    0.816 # [msec]
   throughput   :   42.889 # [mwords/sec]
   Debug_Time(0):    1.554 # [msec]
   Debug_Time(1):    0.703 # [msec]
   Debug_Time(2):    0.477 # [msec]
   Debug_Time(3):    0.374 # [msec]
-
   Version      : 1.7
   Ways         : 16
   Words        : 1
   Feedback     : 1
   WordBits     : 32
   IndexBits    : 32
   Sort Order   : 0
   Sign Compare : 0
   Max Size     : 268435455
   Debug Enable : 1
   size         : 40000
   average_time :    0.898 # [msec]
   throughput   :   44.557 # [mwords/sec]
   Debug_Time(0):    1.784 # [msec]
   Debug_Time(1):    0.805 # [msec]
   Debug_Time(2):    0.552 # [msec]
   Debug_Time(3):    0.427 # [msec]
-
   Version      : 1.7
   Ways         : 16
   Words        : 1
   Feedback     : 1
   WordBits     : 32
   IndexBits    : 32
   Sort Order   : 0
   Sign Compare : 0
   Max Size     : 268435455
   Debug Enable : 1
   size         : 45000
   average_time :    1.003 # [msec]
   throughput   :   44.845 # [mwords/sec]
   Debug_Time(0):    2.000 # [msec]
   Debug_Time(1):    0.904 # [msec]
   Debug_Time(2):    0.616 # [msec]
   Debug_Time(3):    0.480 # [msec]
-
   Version      : 1.7
   Ways         : 16
   Words        : 1
   Feedback     : 1
   WordBits     : 32
   IndexBits    : 32
   Sort Order   : 0
   Sign Compare : 0
   Max Size     : 268435455
   Debug Enable : 1
   size         : 50000
   average_time :    1.095 # [msec]
   throughput   :   45.682 # [mwords/sec]
   Debug_Time(0):    2.225 # [msec]
   Debug_Time(1):    1.006 # [msec]
   Debug_Time(2):    0.684 # [msec]
   Debug_Time(3):    0.535 # [msec]
-
   Version      : 1.7
   Ways         : 16
   Words        : 1
   Feedback     : 1
   WordBits     : 32
   IndexBits    : 32
   Sort Order   : 0
   Sign Compare : 0
   Max Size     : 268435455
   Debug Enable : 1
   size         : 55000
   average_time :    1.161 # [msec]
   throughput   :   47.377 # [mwords/sec]
   Debug_Time(0):    2.433 # [msec]
   Debug_Time(1):    1.103 # [msec]
   Debug_Time(2):    0.743 # [msec]
   Debug_Time(3):    0.587 # [msec]
-
   Version      : 1.7
   Ways         : 16
   Words        : 1
   Feedback     : 1
   WordBits     : 32
   IndexBits    : 32
   Sort Order   : 0
   Sign Compare : 0
   Max Size     : 268435455
   Debug Enable : 1
   size         : 60000
   average_time :    1.263 # [msec]
   throughput   :   47.519 # [mwords/sec]
   Debug_Time(0):    2.657 # [msec]
   Debug_Time(1):    1.205 # [msec]
   Debug_Time(2):    0.812 # [msec]
   Debug_Time(3):    0.640 # [msec]
-
   Version      : 1.7
   Ways         : 16
   Words        : 1
   Feedback     : 1
   WordBits     : 32
   IndexBits    : 32
   Sort Order   : 0
   Sign Compare : 0
   Max Size     : 268435455
   Debug Enable : 1
   size         : 65000
   average_time :    1.353 # [msec]
   throughput   :   48.056 # [mwords/sec]
   Debug_Time(0):    2.884 # [msec]
   Debug_Time(1):    1.304 # [msec]
   Debug_Time(2):    0.888 # [msec]
   Debug_Time(3):    0.692 # [msec]
-
   Version      : 1.7
   Ways         : 16
   Words        : 1
   Feedback     : 1
   WordBits     : 32
   IndexBits    : 32
   Sort Order   : 0
   Sign Compare : 0
   Max Size     : 268435455
   Debug Enable : 1
   size         : 70000
   average_time :    1.728 # [msec]
   throughput   :   40.508 # [mwords/sec]
   Debug_Time(0):    3.808 # [msec]
   Debug_Time(1):    1.406 # [msec]
   Debug_Time(2):    0.954 # [msec]
   Debug_Time(3):    0.742 # [msec]
   Debug_Time(4):    0.706 # [msec]
-
   Version      : 1.7
   Ways         : 16
   Words        : 1
   Feedback     : 1
   WordBits     : 32
   IndexBits    : 32
   Sort Order   : 0
   Sign Compare : 0
   Max Size     : 268435455
   Debug Enable : 1
   size         : 75000
   average_time :    1.828 # [msec]
   throughput   :   41.030 # [mwords/sec]
   Debug_Time(0):    4.074 # [msec]
   Debug_Time(1):    1.503 # [msec]
   Debug_Time(2):    1.020 # [msec]
   Debug_Time(3):    0.792 # [msec]
   Debug_Time(4):    0.759 # [msec]
-
   Version      : 1.7
   Ways         : 16
   Words        : 1
   Feedback     : 1
   WordBits     : 32
   IndexBits    : 32
   Sort Order   : 0
   Sign Compare : 0
   Max Size     : 268435455
   Debug Enable : 1
   size         : 80000
   average_time :    1.946 # [msec]
   throughput   :   41.112 # [mwords/sec]
   Debug_Time(0):    4.333 # [msec]
   Debug_Time(1):    1.605 # [msec]
   Debug_Time(2):    1.076 # [msec]
   Debug_Time(3):    0.845 # [msec]
   Debug_Time(4):    0.808 # [msec]
-
   Version      : 1.7
   Ways         : 16
   Words        : 1
   Feedback     : 1
   WordBits     : 32
   IndexBits    : 32
   Sort Order   : 0
   Sign Compare : 0
   Max Size     : 268435455
   Debug Enable : 1
   size         : 85000
   average_time :    2.063 # [msec]
   throughput   :   41.203 # [mwords/sec]
   Debug_Time(0):    4.619 # [msec]
   Debug_Time(1):    1.704 # [msec]
   Debug_Time(2):    1.157 # [msec]
   Debug_Time(3):    0.898 # [msec]
   Debug_Time(4):    0.860 # [msec]
-
   Version      : 1.7
   Ways         : 16
   Words        : 1
   Feedback     : 1
   WordBits     : 32
   IndexBits    : 32
   Sort Order   : 0
   Sign Compare : 0
   Max Size     : 268435455
   Debug Enable : 1
   size         : 90000
   average_time :    2.166 # [msec]
   throughput   :   41.554 # [mwords/sec]
   Debug_Time(0):    4.886 # [msec]
   Debug_Time(1):    1.806 # [msec]
   Debug_Time(2):    1.221 # [msec]
   Debug_Time(3):    0.951 # [msec]
   Debug_Time(4):    0.908 # [msec]
-
   Version      : 1.7
   Ways         : 16
   Words        : 1
   Feedback     : 1
   WordBits     : 32
   IndexBits    : 32
   Sort Order   : 0
   Sign Compare : 0
   Max Size     : 268435455
   Debug Enable : 1
   size         : 95000
   average_time :    2.284 # [msec]
   throughput   :   41.596 # [mwords/sec]
   Debug_Time(0):    5.154 # [msec]
   Debug_Time(1):    1.907 # [msec]
   Debug_Time(2):    1.283 # [msec]
   Debug_Time(3):    1.006 # [msec]
   Debug_Time(4):    0.958 # [msec]
-
   Version      : 1.7
   Ways         : 16
   Words        : 1
   Feedback     : 1
   WordBits     : 32
   IndexBits    : 32
   Sort Order   : 0
   Sign Compare : 0
   Max Size     : 268435455
   Debug Enable : 1
   size         : 100000
   average_time :    2.394 # [msec]
   throughput   :   41.771 # [mwords/sec]
   Debug_Time(0):    5.430 # [msec]
   Debug_Time(1):    2.007 # [msec]
   Debug_Time(2):    1.353 # [msec]
   Debug_Time(3):    1.062 # [msec]
   Debug_Time(4):    1.008 # [msec]
-
   Version      : 1.7
   Ways         : 16
   Words        : 1
   Feedback     : 1
   WordBits     : 32
   IndexBits    : 32
   Sort Order   : 0
   Sign Compare : 0
   Max Size     : 268435455
   Debug Enable : 1
   size         : 105000
   average_time :    2.502 # [msec]
   throughput   :   41.971 # [mwords/sec]
   Debug_Time(0):    5.707 # [msec]
   Debug_Time(1):    2.106 # [msec]
   Debug_Time(2):    1.425 # [msec]
   Debug_Time(3):    1.118 # [msec]
   Debug_Time(4):    1.058 # [msec]
-
   Version      : 1.7
   Ways         : 16
   Words        : 1
   Feedback     : 1
   WordBits     : 32
   IndexBits    : 32
   Sort Order   : 0
   Sign Compare : 0
   Max Size     : 268435455
   Debug Enable : 1
   size         : 110000
   average_time :    2.618 # [msec]
   throughput   :   42.023 # [mwords/sec]
   Debug_Time(0):    5.987 # [msec]
   Debug_Time(1):    2.208 # [msec]
   Debug_Time(2):    1.504 # [msec]
   Debug_Time(3):    1.166 # [msec]
   Debug_Time(4):    1.108 # [msec]
-
   Version      : 1.7
   Ways         : 16
   Words        : 1
   Feedback     : 1
   WordBits     : 32
   IndexBits    : 32
   Sort Order   : 0
   Sign Compare : 0
   Max Size     : 268435455
   Debug Enable : 1
   size         : 115000
   average_time :    2.758 # [msec]
   throughput   :   41.699 # [mwords/sec]
   Debug_Time(0):    6.404 # [msec]
   Debug_Time(1):    2.453 # [msec]
   Debug_Time(2):    1.563 # [msec]
   Debug_Time(3):    1.227 # [msec]
   Debug_Time(4):    1.160 # [msec]
-
   Version      : 1.7
   Ways         : 16
   Words        : 1
   Feedback     : 1
   WordBits     : 32
   IndexBits    : 32
   Sort Order   : 0
   Sign Compare : 0
   Max Size     : 268435455
   Debug Enable : 1
   size         : 120000
   average_time :    2.867 # [msec]
   throughput   :   41.854 # [mwords/sec]
   Debug_Time(0):    6.764 # [msec]
   Debug_Time(1):    2.645 # [msec]
   Debug_Time(2):    1.625 # [msec]
   Debug_Time(3):    1.284 # [msec]
   Debug_Time(4):    1.209 # [msec]
-
   Version      : 1.7
   Ways         : 16
   Words        : 1
   Feedback     : 1
   WordBits     : 32
   IndexBits    : 32
   Sort Order   : 0
   Sign Compare : 0
   Max Size     : 268435455
   Debug Enable : 1
   size         : 125000
   average_time :    2.998 # [msec]
   throughput   :   41.701 # [mwords/sec]
   Debug_Time(0):    7.001 # [msec]
   Debug_Time(1):    2.719 # [msec]
   Debug_Time(2):    1.696 # [msec]
   Debug_Time(3):    1.325 # [msec]
   Debug_Time(4):    1.260 # [msec]
-
   Version      : 1.7
   Ways         : 16
   Words        : 1
   Feedback     : 1
   WordBits     : 32
   IndexBits    : 32
   Sort Order   : 0
   Sign Compare : 0
   Max Size     : 268435455
   Debug Enable : 1
   size         : 130000
   average_time :    3.110 # [msec]
   throughput   :   41.797 # [mwords/sec]
   Debug_Time(0):    7.170 # [msec]
   Debug_Time(1):    2.737 # [msec]
   Debug_Time(2):    1.742 # [msec]
   Debug_Time(3):    1.382 # [msec]
   Debug_Time(4):    1.310 # [msec]
-
   Version      : 1.7
   Ways         : 16
   Words        : 1
   Feedback     : 1
   WordBits     : 32
   IndexBits    : 32
   Sort Order   : 0
   Sign Compare : 0
   Max Size     : 268435455
   Debug Enable : 1
   size         : 135000
   average_time :    3.234 # [msec]
   throughput   :   41.750 # [mwords/sec]
   Debug_Time(0):    7.490 # [msec]
   Debug_Time(1):    2.880 # [msec]
   Debug_Time(2):    1.820 # [msec]
   Debug_Time(3):    1.428 # [msec]
   Debug_Time(4):    1.363 # [msec]
-
   Version      : 1.7
   Ways         : 16
   Words        : 1
   Feedback     : 1
   WordBits     : 32
   IndexBits    : 32
   Sort Order   : 0
   Sign Compare : 0
   Max Size     : 268435455
   Debug Enable : 1
   size         : 140000
   average_time :    3.375 # [msec]
   throughput   :   41.476 # [mwords/sec]
   Debug_Time(0):    7.787 # [msec]
   Debug_Time(1):    3.014 # [msec]
   Debug_Time(2):    1.883 # [msec]
   Debug_Time(3):    1.479 # [msec]
   Debug_Time(4):    1.411 # [msec]
-
   Version      : 1.7
   Ways         : 16
   Words        : 1
   Feedback     : 1
   WordBits     : 32
   IndexBits    : 32
   Sort Order   : 0
   Sign Compare : 0
   Max Size     : 268435455
   Debug Enable : 1
   size         : 145000
   average_time :    3.483 # [msec]
   throughput   :   41.627 # [mwords/sec]
   Debug_Time(0):    8.045 # [msec]
   Debug_Time(1):    3.106 # [msec]
   Debug_Time(2):    1.948 # [msec]
   Debug_Time(3):    1.531 # [msec]
   Debug_Time(4):    1.460 # [msec]
-
   Version      : 1.7
   Ways         : 16
   Words        : 1
   Feedback     : 1
   WordBits     : 32
   IndexBits    : 32
   Sort Order   : 0
   Sign Compare : 0
   Max Size     : 268435455
   Debug Enable : 1
   size         : 150000
   average_time :    3.601 # [msec]
   throughput   :   41.651 # [mwords/sec]
   Debug_Time(0):    8.310 # [msec]
   Debug_Time(1):    3.203 # [msec]
   Debug_Time(2):    2.012 # [msec]
   Debug_Time(3):    1.584 # [msec]
   Debug_Time(4):    1.511 # [msec]
-
   Version      : 1.7
   Ways         : 16
   Words        : 1
   Feedback     : 1
   WordBits     : 32
   IndexBits    : 32
   Sort Order   : 0
   Sign Compare : 0
   Max Size     : 268435455
   Debug Enable : 1
   size         : 155000
   average_time :    3.717 # [msec]
   throughput   :   41.698 # [mwords/sec]
   Debug_Time(0):    8.542 # [msec]
   Debug_Time(1):    3.258 # [msec]
   Debug_Time(2):    2.084 # [msec]
   Debug_Time(3):    1.640 # [msec]
   Debug_Time(4):    1.561 # [msec]
-
   Version      : 1.7
   Ways         : 16
   Words        : 1
   Feedback     : 1
   WordBits     : 32
   IndexBits    : 32
   Sort Order   : 0
   Sign Compare : 0
   Max Size     : 268435455
   Debug Enable : 1
   size         : 160000
   average_time :    3.825 # [msec]
   throughput   :   41.832 # [mwords/sec]
   Debug_Time(0):    8.664 # [msec]
   Debug_Time(1):    3.207 # [msec]
   Debug_Time(2):    2.150 # [msec]
   Debug_Time(3):    1.695 # [msec]
   Debug_Time(4):    1.611 # [msec]
-
   Version      : 1.7
   Ways         : 16
   Words        : 1
   Feedback     : 1
   WordBits     : 32
   IndexBits    : 32
   Sort Order   : 0
   Sign Compare : 0
   Max Size     : 268435455
   Debug Enable : 1
   size         : 165000
   average_time :    3.950 # [msec]
   throughput   :   41.776 # [mwords/sec]
   Debug_Time(0):    9.046 # [msec]
   Debug_Time(1):    3.427 # [msec]
   Debug_Time(2):    2.213 # [msec]
   Debug_Time(3):    1.744 # [msec]
   Debug_Time(4):    1.662 # [msec]
-
   Version      : 1.7
   Ways         : 16
   Words        : 1
   Feedback     : 1
   WordBits     : 32
   IndexBits    : 32
   Sort Order   : 0
   Sign Compare : 0
   Max Size     : 268435455
   Debug Enable : 1
   size         : 170000
   average_time :    4.061 # [msec]
   throughput   :   41.863 # [mwords/sec]
   Debug_Time(0):    9.325 # [msec]
   Debug_Time(1):    3.535 # [msec]
   Debug_Time(2):    2.276 # [msec]
   Debug_Time(3):    1.802 # [msec]
   Debug_Time(4):    1.712 # [msec]
-
   Version      : 1.7
   Ways         : 16
   Words        : 1
   Feedback     : 1
   WordBits     : 32
   IndexBits    : 32
   Sort Order   : 0
   Sign Compare : 0
   Max Size     : 268435455
   Debug Enable : 1
   size         : 175000
   average_time :    4.163 # [msec]
   throughput   :   42.032 # [mwords/sec]
   Debug_Time(0):    9.705 # [msec]
   Debug_Time(1):    3.730 # [msec]
   Debug_Time(2):    2.356 # [msec]
   Debug_Time(3):    1.856 # [msec]
   Debug_Time(4):    1.762 # [msec]
-
   Version      : 1.7
   Ways         : 16
   Words        : 1
   Feedback     : 1
   WordBits     : 32
   IndexBits    : 32
   Sort Order   : 0
   Sign Compare : 0
   Max Size     : 268435455
   Debug Enable : 1
   size         : 180000
   average_time :    4.279 # [msec]
   throughput   :   42.069 # [mwords/sec]
   Debug_Time(0):    9.928 # [msec]
   Debug_Time(1):    3.802 # [msec]
   Debug_Time(2):    2.407 # [msec]
   Debug_Time(3):    1.908 # [msec]
   Debug_Time(4):    1.811 # [msec]
-
   Version      : 1.7
   Ways         : 16
   Words        : 1
   Feedback     : 1
   WordBits     : 32
   IndexBits    : 32
   Sort Order   : 0
   Sign Compare : 0
   Max Size     : 268435455
   Debug Enable : 1
   size         : 185000
   average_time :    4.396 # [msec]
   throughput   :   42.079 # [mwords/sec]
   Debug_Time(0):   10.251 # [msec]
   Debug_Time(1):    3.951 # [msec]
   Debug_Time(2):    2.482 # [msec]
   Debug_Time(3):    1.959 # [msec]
   Debug_Time(4):    1.860 # [msec]
-
   Version      : 1.7
   Ways         : 16
   Words        : 1
   Feedback     : 1
   WordBits     : 32
   IndexBits    : 32
   Sort Order   : 0
   Sign Compare : 0
   Max Size     : 268435455
   Debug Enable : 1
   size         : 190000
   average_time :    4.517 # [msec]
   throughput   :   42.063 # [mwords/sec]
   Debug_Time(0):   10.548 # [msec]
   Debug_Time(1):    4.077 # [msec]
   Debug_Time(2):    2.552 # [msec]
   Debug_Time(3):    2.010 # [msec]
   Debug_Time(4):    1.909 # [msec]
-
   Version      : 1.7
   Ways         : 16
   Words        : 1
   Feedback     : 1
   WordBits     : 32
   IndexBits    : 32
   Sort Order   : 0
   Sign Compare : 0
   Max Size     : 268435455
   Debug Enable : 1
   size         : 195000
   average_time :    4.636 # [msec]
   throughput   :   42.064 # [mwords/sec]
   Debug_Time(0):   10.893 # [msec]
   Debug_Time(1):    4.247 # [msec]
   Debug_Time(2):    2.618 # [msec]
   Debug_Time(3):    2.068 # [msec]
   Debug_Time(4):    1.961 # [msec]
-
   Version      : 1.7
   Ways         : 16
   Words        : 1
   Feedback     : 1
   WordBits     : 32
   IndexBits    : 32
   Sort Order   : 0
   Sign Compare : 0
   Max Size     : 268435455
   Debug Enable : 1
   size         : 200000
   average_time :    4.730 # [msec]
   throughput   :   42.282 # [mwords/sec]
   Debug_Time(0):   11.106 # [msec]
   Debug_Time(1):    4.289 # [msec]
   Debug_Time(2):    2.691 # [msec]
   Debug_Time(3):    2.112 # [msec]
   Debug_Time(4):    2.014 # [msec]
-
   Version      : 1.7
   Ways         : 16
   Words        : 1
   Feedback     : 1
   WordBits     : 32
   IndexBits    : 32
   Sort Order   : 0
   Sign Compare : 0
   Max Size     : 268435455
   Debug Enable : 1
   size         : 205000
   average_time :    4.833 # [msec]
   throughput   :   42.419 # [mwords/sec]
   Debug_Time(0):   11.421 # [msec]
   Debug_Time(1):    4.444 # [msec]
   Debug_Time(2):    2.747 # [msec]
   Debug_Time(3):    2.165 # [msec]
   Debug_Time(4):    2.064 # [msec]
-
   Version      : 1.7
   Ways         : 16
   Words        : 1
   Feedback     : 1
   WordBits     : 32
   IndexBits    : 32
   Sort Order   : 0
   Sign Compare : 0
   Max Size     : 268435455
   Debug Enable : 1
   size         : 210000
   average_time :    4.956 # [msec]
   throughput   :   42.370 # [mwords/sec]
   Debug_Time(0):   11.708 # [msec]
   Debug_Time(1):    4.563 # [msec]
   Debug_Time(2):    2.809 # [msec]
   Debug_Time(3):    2.222 # [msec]
   Debug_Time(4):    2.115 # [msec]
-
   Version      : 1.7
   Ways         : 16
   Words        : 1
   Feedback     : 1
   WordBits     : 32
   IndexBits    : 32
   Sort Order   : 0
   Sign Compare : 0
   Max Size     : 268435455
   Debug Enable : 1
   size         : 215000
   average_time :    5.086 # [msec]
   throughput   :   42.271 # [mwords/sec]
   Debug_Time(0):   12.094 # [msec]
   Debug_Time(1):    4.766 # [msec]
   Debug_Time(2):    2.880 # [msec]
   Debug_Time(3):    2.283 # [msec]
   Debug_Time(4):    2.165 # [msec]
-
   Version      : 1.7
   Ways         : 16
   Words        : 1
   Feedback     : 1
   WordBits     : 32
   IndexBits    : 32
   Sort Order   : 0
   Sign Compare : 0
   Max Size     : 268435455
   Debug Enable : 1
   size         : 220000
   average_time :    5.188 # [msec]
   throughput   :   42.406 # [mwords/sec]
   Debug_Time(0):   12.266 # [msec]
   Debug_Time(1):    4.772 # [msec]
   Debug_Time(2):    2.950 # [msec]
   Debug_Time(3):    2.330 # [msec]
   Debug_Time(4):    2.214 # [msec]
-
   Version      : 1.7
   Ways         : 16
   Words        : 1
   Feedback     : 1
   WordBits     : 32
   IndexBits    : 32
   Sort Order   : 0
   Sign Compare : 0
   Max Size     : 268435455
   Debug Enable : 1
   size         : 225000
   average_time :    5.309 # [msec]
   throughput   :   42.384 # [mwords/sec]
   Debug_Time(0):   12.594 # [msec]
   Debug_Time(1):    4.944 # [msec]
   Debug_Time(2):    3.008 # [msec]
   Debug_Time(3):    2.379 # [msec]
   Debug_Time(4):    2.264 # [msec]
-
   Version      : 1.7
   Ways         : 16
   Words        : 1
   Feedback     : 1
   WordBits     : 32
   IndexBits    : 32
   Sort Order   : 0
   Sign Compare : 0
   Max Size     : 268435455
   Debug Enable : 1
   size         : 230000
   average_time :    5.424 # [msec]
   throughput   :   42.403 # [mwords/sec]
   Debug_Time(0):   12.951 # [msec]
   Debug_Time(1):    5.102 # [msec]
   Debug_Time(2):    3.093 # [msec]
   Debug_Time(3):    2.443 # [msec]
   Debug_Time(4):    2.313 # [msec]
-
   Version      : 1.7
   Ways         : 16
   Words        : 1
   Feedback     : 1
   WordBits     : 32
   IndexBits    : 32
   Sort Order   : 0
   Sign Compare : 0
   Max Size     : 268435455
   Debug Enable : 1
   size         : 235000
   average_time :    5.504 # [msec]
   throughput   :   42.692 # [mwords/sec]
   Debug_Time(0):   13.150 # [msec]
   Debug_Time(1):    5.151 # [msec]
   Debug_Time(2):    3.146 # [msec]
   Debug_Time(3):    2.488 # [msec]
   Debug_Time(4):    2.364 # [msec]
-
   Version      : 1.7
   Ways         : 16
   Words        : 1
   Feedback     : 1
   WordBits     : 32
   IndexBits    : 32
   Sort Order   : 0
   Sign Compare : 0
   Max Size     : 268435455
   Debug Enable : 1
   size         : 240000
   average_time :    5.653 # [msec]
   throughput   :   42.453 # [mwords/sec]
   Debug_Time(0):   13.428 # [msec]
   Debug_Time(1):    5.255 # [msec]
   Debug_Time(2):    3.213 # [msec]
   Debug_Time(3):    2.547 # [msec]
   Debug_Time(4):    2.414 # [msec]
-
   Version      : 1.7
   Ways         : 16
   Words        : 1
   Feedback     : 1
   WordBits     : 32
   IndexBits    : 32
   Sort Order   : 0
   Sign Compare : 0
   Max Size     : 268435455
   Debug Enable : 1
   size         : 245000
   average_time :    5.738 # [msec]
   throughput   :   42.701 # [mwords/sec]
   Debug_Time(0):   13.691 # [msec]
   Debug_Time(1):    5.347 # [msec]
   Debug_Time(2):    3.284 # [msec]
   Debug_Time(3):    2.596 # [msec]
   Debug_Time(4):    2.465 # [msec]
-
   Version      : 1.7
   Ways         : 16
   Words        : 1
   Feedback     : 1
   WordBits     : 32
   IndexBits    : 32
   Sort Order   : 0
   Sign Compare : 0
   Max Size     : 268435455
   Debug Enable : 1
   size         : 250000
   average_time :    5.847 # [msec]
   throughput   :   42.755 # [mwords/sec]
   Debug_Time(0):   13.972 # [msec]
   Debug_Time(1):    5.460 # [msec]
   Debug_Time(2):    3.351 # [msec]
   Debug_Time(3):    2.645 # [msec]
   Debug_Time(4):    2.515 # [msec]
-
   Version      : 1.7
   Ways         : 16
   Words        : 1
   Feedback     : 1
   WordBits     : 32
   IndexBits    : 32
   Sort Order   : 0
   Sign Compare : 0
   Max Size     : 268435455
   Debug Enable : 1
   size         : 255000
   average_time :    5.961 # [msec]
   throughput   :   42.778 # [mwords/sec]
   Debug_Time(0):   14.260 # [msec]
   Debug_Time(1):    5.566 # [msec]
   Debug_Time(2):    3.420 # [msec]
   Debug_Time(3):    2.709 # [msec]
   Debug_Time(4):    2.565 # [msec]
-
   Version      : 1.7
   Ways         : 16
   Words        : 1
   Feedback     : 1
   WordBits     : 32
   IndexBits    : 32
   Sort Order   : 0
   Sign Compare : 0
   Max Size     : 268435455
   Debug Enable : 1
   size         : 260000
   average_time :    6.077 # [msec]
   throughput   :   42.785 # [mwords/sec]
   Debug_Time(0):   14.531 # [msec]
   Debug_Time(1):    5.686 # [msec]
   Debug_Time(2):    3.482 # [msec]
   Debug_Time(3):    2.748 # [msec]
   Debug_Time(4):    2.615 # [msec]
-
   Version      : 1.7
   Ways         : 16
   Words        : 1
   Feedback     : 1
   WordBits     : 32
   IndexBits    : 32
   Sort Order   : 0
   Sign Compare : 0
   Max Size     : 268435455
   Debug Enable : 1
   size         : 265000
   average_time :    6.193 # [msec]
   throughput   :   42.790 # [mwords/sec]
   Debug_Time(0):   14.684 # [msec]
   Debug_Time(1):    5.661 # [msec]
   Debug_Time(2):    3.547 # [msec]
   Debug_Time(3):    2.809 # [msec]
   Debug_Time(4):    2.667 # [msec]
-
   Version      : 1.7
   Ways         : 16
   Words        : 1
   Feedback     : 1
   WordBits     : 32
   IndexBits    : 32
   Sort Order   : 0
   Sign Compare : 0
   Max Size     : 268435455
   Debug Enable : 1
   size         : 270000
   average_time :    6.295 # [msec]
   throughput   :   42.892 # [mwords/sec]
   Debug_Time(0):   15.062 # [msec]
   Debug_Time(1):    5.873 # [msec]
   Debug_Time(2):    3.616 # [msec]
   Debug_Time(3):    2.858 # [msec]
   Debug_Time(4):    2.716 # [msec]
-
   Version      : 1.7
   Ways         : 16
   Words        : 1
   Feedback     : 1
   WordBits     : 32
   IndexBits    : 32
   Sort Order   : 0
   Sign Compare : 0
   Max Size     : 268435455
   Debug Enable : 1
   size         : 275000
   average_time :    6.402 # [msec]
   throughput   :   42.958 # [mwords/sec]
   Debug_Time(0):   15.360 # [msec]
   Debug_Time(1):    6.000 # [msec]
   Debug_Time(2):    3.682 # [msec]
   Debug_Time(3):    2.911 # [msec]
   Debug_Time(4):    2.767 # [msec]
-
   Version      : 1.7
   Ways         : 16
   Words        : 1
   Feedback     : 1
   WordBits     : 32
   IndexBits    : 32
   Sort Order   : 0
   Sign Compare : 0
   Max Size     : 268435455
   Debug Enable : 1
   size         : 280000
   average_time :    6.521 # [msec]
   throughput   :   42.940 # [mwords/sec]
   Debug_Time(0):   15.640 # [msec]
   Debug_Time(1):    6.119 # [msec]
   Debug_Time(2):    3.744 # [msec]
   Debug_Time(3):    2.962 # [msec]
   Debug_Time(4):    2.816 # [msec]
-
   Version      : 1.7
   Ways         : 16
   Words        : 1
   Feedback     : 1
   WordBits     : 32
   IndexBits    : 32
   Sort Order   : 0
   Sign Compare : 0
   Max Size     : 268435455
   Debug Enable : 1
   size         : 285000
   average_time :    6.630 # [msec]
   throughput   :   42.986 # [mwords/sec]
   Debug_Time(0):   15.918 # [msec]
   Debug_Time(1):    6.207 # [msec]
   Debug_Time(2):    3.823 # [msec]
   Debug_Time(3):    3.020 # [msec]
   Debug_Time(4):    2.867 # [msec]
-
   Version      : 1.7
   Ways         : 16
   Words        : 1
   Feedback     : 1
   WordBits     : 32
   IndexBits    : 32
   Sort Order   : 0
   Sign Compare : 0
   Max Size     : 268435455
   Debug Enable : 1
   size         : 290000
   average_time :    6.738 # [msec]
   throughput   :   43.041 # [mwords/sec]
   Debug_Time(0):   16.167 # [msec]
   Debug_Time(1):    6.304 # [msec]
   Debug_Time(2):    3.882 # [msec]
   Debug_Time(3):    3.064 # [msec]
   Debug_Time(4):    2.917 # [msec]
-
   Version      : 1.7
   Ways         : 16
   Words        : 1
   Feedback     : 1
   WordBits     : 32
   IndexBits    : 32
   Sort Order   : 0
   Sign Compare : 0
   Max Size     : 268435455
   Debug Enable : 1
   size         : 295000
   average_time :    6.853 # [msec]
   throughput   :   43.047 # [mwords/sec]
   Debug_Time(0):   16.439 # [msec]
   Debug_Time(1):    6.394 # [msec]
   Debug_Time(2):    3.952 # [msec]
   Debug_Time(3):    3.125 # [msec]
   Debug_Time(4):    2.968 # [msec]
-
   Version      : 1.7
   Ways         : 16
   Words        : 1
   Feedback     : 1
   WordBits     : 32
   IndexBits    : 32
   Sort Order   : 0
   Sign Compare : 0
   Max Size     : 268435455
   Debug Enable : 1
   size         : 300000
   average_time :    6.955 # [msec]
   throughput   :   43.136 # [mwords/sec]
   Debug_Time(0):   16.719 # [msec]
   Debug_Time(1):    6.509 # [msec]
   Debug_Time(2):    4.015 # [msec]
   Debug_Time(3):    3.177 # [msec]
   Debug_Time(4):    3.018 # [msec]
-
   Version      : 1.7
   Ways         : 16
   Words        : 1
   Feedback     : 1
   WordBits     : 32
   IndexBits    : 32
   Sort Order   : 0
   Sign Compare : 0
   Max Size     : 268435455
   Debug Enable : 1
   size         : 305000
   average_time :    7.082 # [msec]
   throughput   :   43.070 # [mwords/sec]
   Debug_Time(0):   16.991 # [msec]
   Debug_Time(1):    6.600 # [msec]
   Debug_Time(2):    4.091 # [msec]
   Debug_Time(3):    3.233 # [msec]
   Debug_Time(4):    3.068 # [msec]
-
   Version      : 1.7
   Ways         : 16
   Words        : 1
   Feedback     : 1
   WordBits     : 32
   IndexBits    : 32
   Sort Order   : 0
   Sign Compare : 0
   Max Size     : 268435455
   Debug Enable : 1
   size         : 310000
   average_time :    7.189 # [msec]
   throughput   :   43.120 # [mwords/sec]
   Debug_Time(0):   17.189 # [msec]
   Debug_Time(1):    6.646 # [msec]
   Debug_Time(2):    4.153 # [msec]
   Debug_Time(3):    3.274 # [msec]
   Debug_Time(4):    3.116 # [msec]
-
   Version      : 1.7
   Ways         : 16
   Words        : 1
   Feedback     : 1
   WordBits     : 32
   IndexBits    : 32
   Sort Order   : 0
   Sign Compare : 0
   Max Size     : 268435455
   Debug Enable : 1
   size         : 315000
   average_time :    7.282 # [msec]
   throughput   :   43.255 # [mwords/sec]
   Debug_Time(0):   17.517 # [msec]
   Debug_Time(1):    6.800 # [msec]
   Debug_Time(2):    4.214 # [msec]
   Debug_Time(3):    3.336 # [msec]
   Debug_Time(4):    3.166 # [msec]
-
   Version      : 1.7
   Ways         : 16
   Words        : 1
   Feedback     : 1
   WordBits     : 32
   IndexBits    : 32
   Sort Order   : 0
   Sign Compare : 0
   Max Size     : 268435455
   Debug Enable : 1
   size         : 320000
   average_time :    7.379 # [msec]
   throughput   :   43.369 # [mwords/sec]
   Debug_Time(0):   17.826 # [msec]
   Debug_Time(1):    6.929 # [msec]
   Debug_Time(2):    4.279 # [msec]
   Debug_Time(3):    3.402 # [msec]
   Debug_Time(4):    3.216 # [msec]
-
   Version      : 1.7
   Ways         : 16
   Words        : 1
   Feedback     : 1
   WordBits     : 32
   IndexBits    : 32
   Sort Order   : 0
   Sign Compare : 0
   Max Size     : 268435455
   Debug Enable : 1
   size         : 325000
   average_time :    7.482 # [msec]
   throughput   :   43.438 # [mwords/sec]
   Debug_Time(0):   18.089 # [msec]
   Debug_Time(1):    7.026 # [msec]
   Debug_Time(2):    4.348 # [msec]
   Debug_Time(3):    3.448 # [msec]
   Debug_Time(4):    3.267 # [msec]
-
   Version      : 1.7
   Ways         : 16
   Words        : 1
   Feedback     : 1
   WordBits     : 32
   IndexBits    : 32
   Sort Order   : 0
   Sign Compare : 0
   Max Size     : 268435455
   Debug Enable : 1
   size         : 330000
   average_time :    7.579 # [msec]
   throughput   :   43.541 # [mwords/sec]
   Debug_Time(0):   18.096 # [msec]
   Debug_Time(1):    6.865 # [msec]
   Debug_Time(2):    4.423 # [msec]
   Debug_Time(3):    3.488 # [msec]
   Debug_Time(4):    3.320 # [msec]
-
   Version      : 1.7
   Ways         : 16
   Words        : 1
   Feedback     : 1
   WordBits     : 32
   IndexBits    : 32
   Sort Order   : 0
   Sign Compare : 0
   Max Size     : 268435455
   Debug Enable : 1
   size         : 335000
   average_time :    7.740 # [msec]
   throughput   :   43.283 # [mwords/sec]
   Debug_Time(0):   18.659 # [msec]
   Debug_Time(1):    7.251 # [msec]
   Debug_Time(2):    4.490 # [msec]
   Debug_Time(3):    3.547 # [msec]
   Debug_Time(4):    3.371 # [msec]
-
   Version      : 1.7
   Ways         : 16
   Words        : 1
   Feedback     : 1
   WordBits     : 32
   IndexBits    : 32
   Sort Order   : 0
   Sign Compare : 0
   Max Size     : 268435455
   Debug Enable : 1
   size         : 340000
   average_time :    7.823 # [msec]
   throughput   :   43.463 # [mwords/sec]
   Debug_Time(0):   18.923 # [msec]
   Debug_Time(1):    7.345 # [msec]
   Debug_Time(2):    4.556 # [msec]
   Debug_Time(3):    3.604 # [msec]
   Debug_Time(4):    3.419 # [msec]
-
   Version      : 1.7
   Ways         : 16
   Words        : 1
   Feedback     : 1
   WordBits     : 32
   IndexBits    : 32
   Sort Order   : 0
   Sign Compare : 0
   Max Size     : 268435455
   Debug Enable : 1
   size         : 345000
   average_time :    7.965 # [msec]
   throughput   :   43.316 # [mwords/sec]
   Debug_Time(0):   19.198 # [msec]
   Debug_Time(1):    7.464 # [msec]
   Debug_Time(2):    4.617 # [msec]
   Debug_Time(3):    3.647 # [msec]
   Debug_Time(4):    3.471 # [msec]
-
   Version      : 1.7
   Ways         : 16
   Words        : 1
   Feedback     : 1
   WordBits     : 32
   IndexBits    : 32
   Sort Order   : 0
   Sign Compare : 0
   Max Size     : 268435455
   Debug Enable : 1
   size         : 350000
   average_time :    8.072 # [msec]
   throughput   :   43.360 # [mwords/sec]
   Debug_Time(0):   19.518 # [msec]
   Debug_Time(1):    7.602 # [msec]
   Debug_Time(2):    4.691 # [msec]
   Debug_Time(3):    3.706 # [msec]
   Debug_Time(4):    3.519 # [msec]
-
   Version      : 1.7
   Ways         : 16
   Words        : 1
   Feedback     : 1
   WordBits     : 32
   IndexBits    : 32
   Sort Order   : 0
   Sign Compare : 0
   Max Size     : 268435455
   Debug Enable : 1
   size         : 355000
   average_time :    8.161 # [msec]
   throughput   :   43.500 # [mwords/sec]
   Debug_Time(0):   19.787 # [msec]
   Debug_Time(1):    7.687 # [msec]
   Debug_Time(2):    4.778 # [msec]
   Debug_Time(3):    3.752 # [msec]
   Debug_Time(4):    3.569 # [msec]
-
   Version      : 1.7
   Ways         : 16
   Words        : 1
   Feedback     : 1
   WordBits     : 32
   IndexBits    : 32
   Sort Order   : 0
   Sign Compare : 0
   Max Size     : 268435455
   Debug Enable : 1
   size         : 360000
   average_time :    8.302 # [msec]
   throughput   :   43.362 # [mwords/sec]
   Debug_Time(0):   19.983 # [msec]
   Debug_Time(1):    7.730 # [msec]
   Debug_Time(2):    4.827 # [msec]
   Debug_Time(3):    3.807 # [msec]
   Debug_Time(4):    3.619 # [msec]
-
   Version      : 1.7
   Ways         : 16
   Words        : 1
   Feedback     : 1
   WordBits     : 32
   IndexBits    : 32
   Sort Order   : 0
   Sign Compare : 0
   Max Size     : 268435455
   Debug Enable : 1
   size         : 365000
   average_time :    8.399 # [msec]
   throughput   :   43.458 # [mwords/sec]
   Debug_Time(0):   20.355 # [msec]
   Debug_Time(1):    7.922 # [msec]
   Debug_Time(2):    4.903 # [msec]
   Debug_Time(3):    3.860 # [msec]
   Debug_Time(4):    3.669 # [msec]
-
   Version      : 1.7
   Ways         : 16
   Words        : 1
   Feedback     : 1
   WordBits     : 32
   IndexBits    : 32
   Sort Order   : 0
   Sign Compare : 0
   Max Size     : 268435455
   Debug Enable : 1
   size         : 370000
   average_time :    8.489 # [msec]
   throughput   :   43.584 # [mwords/sec]
   Debug_Time(0):   20.304 # [msec]
   Debug_Time(1):    7.705 # [msec]
   Debug_Time(2):    4.966 # [msec]
   Debug_Time(3):    3.913 # [msec]
   Debug_Time(4):    3.720 # [msec]
-
   Version      : 1.7
   Ways         : 16
   Words        : 1
   Feedback     : 1
   WordBits     : 32
   IndexBits    : 32
   Sort Order   : 0
   Sign Compare : 0
   Max Size     : 268435455
   Debug Enable : 1
   size         : 375000
   average_time :    8.588 # [msec]
   throughput   :   43.668 # [mwords/sec]
   Debug_Time(0):   20.456 # [msec]
   Debug_Time(1):    7.681 # [msec]
   Debug_Time(2):    5.034 # [msec]
   Debug_Time(3):    3.970 # [msec]
   Debug_Time(4):    3.770 # [msec]
-
   Version      : 1.7
   Ways         : 16
   Words        : 1
   Feedback     : 1
   WordBits     : 32
   IndexBits    : 32
   Sort Order   : 0
   Sign Compare : 0
   Max Size     : 268435455
   Debug Enable : 1
   size         : 380000
   average_time :    8.705 # [msec]
   throughput   :   43.655 # [mwords/sec]
   Debug_Time(0):   20.851 # [msec]
   Debug_Time(1):    7.888 # [msec]
   Debug_Time(2):    5.110 # [msec]
   Debug_Time(3):    4.033 # [msec]
   Debug_Time(4):    3.820 # [msec]
-
   Version      : 1.7
   Ways         : 16
   Words        : 1
   Feedback     : 1
   WordBits     : 32
   IndexBits    : 32
   Sort Order   : 0
   Sign Compare : 0
   Max Size     : 268435455
   Debug Enable : 1
   size         : 385000
   average_time :    8.811 # [msec]
   throughput   :   43.697 # [mwords/sec]
   Debug_Time(0):   21.081 # [msec]
   Debug_Time(1):    7.954 # [msec]
   Debug_Time(2):    5.177 # [msec]
   Debug_Time(3):    4.079 # [msec]
   Debug_Time(4):    3.871 # [msec]
-
   Version      : 1.7
   Ways         : 16
   Words        : 1
   Feedback     : 1
   WordBits     : 32
   IndexBits    : 32
   Sort Order   : 0
   Sign Compare : 0
   Max Size     : 268435455
   Debug Enable : 1
   size         : 390000
   average_time :    8.939 # [msec]
   throughput   :   43.628 # [mwords/sec]
   Debug_Time(0):   21.462 # [msec]
   Debug_Time(1):    8.173 # [msec]
   Debug_Time(2):    5.236 # [msec]
   Debug_Time(3):    4.133 # [msec]
   Debug_Time(4):    3.920 # [msec]
-
   Version      : 1.7
   Ways         : 16
   Words        : 1
   Feedback     : 1
   WordBits     : 32
   IndexBits    : 32
   Sort Order   : 0
   Sign Compare : 0
   Max Size     : 268435455
   Debug Enable : 1
   size         : 395000
   average_time :    9.034 # [msec]
   throughput   :   43.723 # [mwords/sec]
   Debug_Time(0):   21.716 # [msec]
   Debug_Time(1):    8.259 # [msec]
   Debug_Time(2):    5.301 # [msec]
   Debug_Time(3):    4.183 # [msec]
   Debug_Time(4):    3.973 # [msec]
-
   Version      : 1.7
   Ways         : 16
   Words        : 1
   Feedback     : 1
   WordBits     : 32
   IndexBits    : 32
   Sort Order   : 0
   Sign Compare : 0
   Max Size     : 268435455
   Debug Enable : 1
   size         : 400000
   average_time :    9.139 # [msec]
   throughput   :   43.769 # [mwords/sec]
   Debug_Time(0):   22.002 # [msec]
   Debug_Time(1):    8.369 # [msec]
   Debug_Time(2):    5.371 # [msec]
   Debug_Time(3):    4.242 # [msec]
   Debug_Time(4):    4.021 # [msec]
-
   Version      : 1.7
   Ways         : 16
   Words        : 1
   Feedback     : 1
   WordBits     : 32
   IndexBits    : 32
   Sort Order   : 0
   Sign Compare : 0
   Max Size     : 268435455
   Debug Enable : 1
   size         : 405000
   average_time :    9.277 # [msec]
   throughput   :   43.657 # [mwords/sec]
   Debug_Time(0):   22.290 # [msec]
   Debug_Time(1):    8.498 # [msec]
   Debug_Time(2):    5.434 # [msec]
   Debug_Time(3):    4.287 # [msec]
   Debug_Time(4):    4.072 # [msec]
-
   Version      : 1.7
   Ways         : 16
   Words        : 1
   Feedback     : 1
   WordBits     : 32
   IndexBits    : 32
   Sort Order   : 0
   Sign Compare : 0
   Max Size     : 268435455
   Debug Enable : 1
   size         : 410000
   average_time :    9.378 # [msec]
   throughput   :   43.718 # [mwords/sec]
   Debug_Time(0):   22.561 # [msec]
   Debug_Time(1):    8.581 # [msec]
   Debug_Time(2):    5.512 # [msec]
   Debug_Time(3):    4.346 # [msec]
   Debug_Time(4):    4.122 # [msec]
-
   Version      : 1.7
   Ways         : 16
   Words        : 1
   Feedback     : 1
   WordBits     : 32
   IndexBits    : 32
   Sort Order   : 0
   Sign Compare : 0
   Max Size     : 268435455
   Debug Enable : 1
   size         : 415000
   average_time :    9.483 # [msec]
   throughput   :   43.764 # [mwords/sec]
   Debug_Time(0):   22.851 # [msec]
   Debug_Time(1):    8.697 # [msec]
   Debug_Time(2):    5.585 # [msec]
   Debug_Time(3):    4.396 # [msec]
   Debug_Time(4):    4.173 # [msec]
-
   Version      : 1.7
   Ways         : 16
   Words        : 1
   Feedback     : 1
   WordBits     : 32
   IndexBits    : 32
   Sort Order   : 0
   Sign Compare : 0
   Max Size     : 268435455
   Debug Enable : 1
   size         : 420000
   average_time :    9.578 # [msec]
   throughput   :   43.850 # [mwords/sec]
   Debug_Time(0):   23.130 # [msec]
   Debug_Time(1):    8.839 # [msec]
   Debug_Time(2):    5.626 # [msec]
   Debug_Time(3):    4.442 # [msec]
   Debug_Time(4):    4.223 # [msec]
-
   Version      : 1.7
   Ways         : 16
   Words        : 1
   Feedback     : 1
   WordBits     : 32
   IndexBits    : 32
   Sort Order   : 0
   Sign Compare : 0
   Max Size     : 268435455
   Debug Enable : 1
   size         : 425000
   average_time :    9.686 # [msec]
   throughput   :   43.879 # [mwords/sec]
   Debug_Time(0):   23.392 # [msec]
   Debug_Time(1):    8.918 # [msec]
   Debug_Time(2):    5.711 # [msec]
   Debug_Time(3):    4.489 # [msec]
   Debug_Time(4):    4.274 # [msec]
-
   Version      : 1.7
   Ways         : 16
   Words        : 1
   Feedback     : 1
   WordBits     : 32
   IndexBits    : 32
   Sort Order   : 0
   Sign Compare : 0
   Max Size     : 268435455
   Debug Enable : 1
   size         : 430000
   average_time :    9.819 # [msec]
   throughput   :   43.792 # [mwords/sec]
   Debug_Time(0):   23.692 # [msec]
   Debug_Time(1):    9.024 # [msec]
   Debug_Time(2):    5.785 # [msec]
   Debug_Time(3):    4.560 # [msec]
   Debug_Time(4):    4.323 # [msec]
-
   Version      : 1.7
   Ways         : 16
   Words        : 1
   Feedback     : 1
   WordBits     : 32
   IndexBits    : 32
   Sort Order   : 0
   Sign Compare : 0
   Max Size     : 268435455
   Debug Enable : 1
   size         : 435000
   average_time :    9.903 # [msec]
   throughput   :   43.924 # [mwords/sec]
   Debug_Time(0):   23.918 # [msec]
   Debug_Time(1):    9.098 # [msec]
   Debug_Time(2):    5.846 # [msec]
   Debug_Time(3):    4.602 # [msec]
   Debug_Time(4):    4.373 # [msec]
-
   Version      : 1.7
   Ways         : 16
   Words        : 1
   Feedback     : 1
   WordBits     : 32
   IndexBits    : 32
   Sort Order   : 0
   Sign Compare : 0
   Max Size     : 268435455
   Debug Enable : 1
   size         : 440000
   average_time :   10.018 # [msec]
   throughput   :   43.922 # [mwords/sec]
   Debug_Time(0):   24.220 # [msec]
   Debug_Time(1):    9.226 # [msec]
   Debug_Time(2):    5.910 # [msec]
   Debug_Time(3):    4.662 # [msec]
   Debug_Time(4):    4.421 # [msec]
-
   Version      : 1.7
   Ways         : 16
   Words        : 1
   Feedback     : 1
   WordBits     : 32
   IndexBits    : 32
   Sort Order   : 0
   Sign Compare : 0
   Max Size     : 268435455
   Debug Enable : 1
   size         : 445000
   average_time :   10.123 # [msec]
   throughput   :   43.958 # [mwords/sec]
   Debug_Time(0):   24.475 # [msec]
   Debug_Time(1):    9.329 # [msec]
   Debug_Time(2):    5.957 # [msec]
   Debug_Time(3):    4.718 # [msec]
   Debug_Time(4):    4.472 # [msec]
-
   Version      : 1.7
   Ways         : 16
   Words        : 1
   Feedback     : 1
   WordBits     : 32
   IndexBits    : 32
   Sort Order   : 0
   Sign Compare : 0
   Max Size     : 268435455
   Debug Enable : 1
   size         : 450000
   average_time :   10.238 # [msec]
   throughput   :   43.954 # [mwords/sec]
   Debug_Time(0):   24.736 # [msec]
   Debug_Time(1):    9.423 # [msec]
   Debug_Time(2):    6.022 # [msec]
   Debug_Time(3):    4.769 # [msec]
   Debug_Time(4):    4.522 # [msec]
-
   Version      : 1.7
   Ways         : 16
   Words        : 1
   Feedback     : 1
   WordBits     : 32
   IndexBits    : 32
   Sort Order   : 0
   Sign Compare : 0
   Max Size     : 268435455
   Debug Enable : 1
   size         : 455000
   average_time :   10.351 # [msec]
   throughput   :   43.957 # [mwords/sec]
   Debug_Time(0):   25.033 # [msec]
   Debug_Time(1):    9.528 # [msec]
   Debug_Time(2):    6.105 # [msec]
   Debug_Time(3):    4.828 # [msec]
   Debug_Time(4):    4.572 # [msec]
-
   Version      : 1.7
   Ways         : 16
   Words        : 1
   Feedback     : 1
   WordBits     : 32
   IndexBits    : 32
   Sort Order   : 0
   Sign Compare : 0
   Max Size     : 268435455
   Debug Enable : 1
   size         : 460000
   average_time :   10.452 # [msec]
   throughput   :   44.012 # [mwords/sec]
   Debug_Time(0):   25.284 # [msec]
   Debug_Time(1):    9.635 # [msec]
   Debug_Time(2):    6.152 # [msec]
   Debug_Time(3):    4.872 # [msec]
   Debug_Time(4):    4.625 # [msec]
-
   Version      : 1.7
   Ways         : 16
   Words        : 1
   Feedback     : 1
   WordBits     : 32
   IndexBits    : 32
   Sort Order   : 0
   Sign Compare : 0
   Max Size     : 268435455
   Debug Enable : 1
   size         : 465000
   average_time :   10.581 # [msec]
   throughput   :   43.948 # [mwords/sec]
   Debug_Time(0):   25.511 # [msec]
   Debug_Time(1):    9.702 # [msec]
   Debug_Time(2):    6.210 # [msec]
   Debug_Time(3):    4.923 # [msec]
   Debug_Time(4):    4.676 # [msec]
-
   Version      : 1.7
   Ways         : 16
   Words        : 1
   Feedback     : 1
   WordBits     : 32
   IndexBits    : 32
   Sort Order   : 0
   Sign Compare : 0
   Max Size     : 268435455
   Debug Enable : 1
   size         : 470000
   average_time :   10.658 # [msec]
   throughput   :   44.097 # [mwords/sec]
   Debug_Time(0):   25.767 # [msec]
   Debug_Time(1):    9.787 # [msec]
   Debug_Time(2):    6.293 # [msec]
   Debug_Time(3):    4.961 # [msec]
   Debug_Time(4):    4.727 # [msec]
-
   Version      : 1.7
   Ways         : 16
   Words        : 1
   Feedback     : 1
   WordBits     : 32
   IndexBits    : 32
   Sort Order   : 0
   Sign Compare : 0
   Max Size     : 268435455
   Debug Enable : 1
   size         : 475000
   average_time :   10.800 # [msec]
   throughput   :   43.983 # [mwords/sec]
   Debug_Time(0):   26.006 # [msec]
   Debug_Time(1):    9.825 # [msec]
   Debug_Time(2):    6.384 # [msec]
   Debug_Time(3):    5.022 # [msec]
   Debug_Time(4):    4.776 # [msec]
-
   Version      : 1.7
   Ways         : 16
   Words        : 1
   Feedback     : 1
   WordBits     : 32
   IndexBits    : 32
   Sort Order   : 0
   Sign Compare : 0
   Max Size     : 268435455
   Debug Enable : 1
   size         : 480000
   average_time :   10.872 # [msec]
   throughput   :   44.151 # [mwords/sec]
   Debug_Time(0):   26.465 # [msec]
   Debug_Time(1):   10.094 # [msec]
   Debug_Time(2):    6.474 # [msec]
   Debug_Time(3):    5.074 # [msec]
   Debug_Time(4):    4.824 # [msec]
-
   Version      : 1.7
   Ways         : 16
   Words        : 1
   Feedback     : 1
   WordBits     : 32
   IndexBits    : 32
   Sort Order   : 0
   Sign Compare : 0
   Max Size     : 268435455
   Debug Enable : 1
   size         : 485000
   average_time :   10.989 # [msec]
   throughput   :   44.134 # [mwords/sec]
   Debug_Time(0):   26.742 # [msec]
   Debug_Time(1):   10.192 # [msec]
   Debug_Time(2):    6.544 # [msec]
   Debug_Time(3):    5.132 # [msec]
   Debug_Time(4):    4.875 # [msec]
-
   Version      : 1.7
   Ways         : 16
   Words        : 1
   Feedback     : 1
   WordBits     : 32
   IndexBits    : 32
   Sort Order   : 0
   Sign Compare : 0
   Max Size     : 268435455
   Debug Enable : 1
   size         : 490000
   average_time :   11.127 # [msec]
   throughput   :   44.036 # [mwords/sec]
   Debug_Time(0):   27.064 # [msec]
   Debug_Time(1):   10.358 # [msec]
   Debug_Time(2):    6.587 # [msec]
   Debug_Time(3):    5.195 # [msec]
   Debug_Time(4):    4.924 # [msec]
-
   Version      : 1.7
   Ways         : 16
   Words        : 1
   Feedback     : 1
   WordBits     : 32
   IndexBits    : 32
   Sort Order   : 0
   Sign Compare : 0
   Max Size     : 268435455
   Debug Enable : 1
   size         : 495000
   average_time :   11.224 # [msec]
   throughput   :   44.101 # [mwords/sec]
   Debug_Time(0):   27.419 # [msec]
   Debug_Time(1):   10.538 # [msec]
   Debug_Time(2):    6.671 # [msec]
   Debug_Time(3):    5.235 # [msec]
   Debug_Time(4):    4.975 # [msec]
-
   Version      : 1.7
   Ways         : 16
   Words        : 1
   Feedback     : 1
   WordBits     : 32
   IndexBits    : 32
   Sort Order   : 0
   Sign Compare : 0
   Max Size     : 268435455
   Debug Enable : 1
   size         : 500000
   average_time :   11.329 # [msec]
   throughput   :   44.134 # [mwords/sec]
   Debug_Time(0):   27.664 # [msec]
   Debug_Time(1):   10.635 # [msec]
   Debug_Time(2):    6.719 # [msec]
   Debug_Time(3):    5.285 # [msec]
   Debug_Time(4):    5.025 # [msec]
-
   Version      : 1.7
   Ways         : 16
   Words        : 1
   Feedback     : 1
   WordBits     : 32
   IndexBits    : 32
   Sort Order   : 0
   Sign Compare : 0
   Max Size     : 268435455
   Debug Enable : 1
   size         : 505000
   average_time :   11.436 # [msec]
   throughput   :   44.158 # [mwords/sec]
   Debug_Time(0):   27.532 # [msec]
   Debug_Time(1):   10.344 # [msec]
   Debug_Time(2):    6.767 # [msec]
   Debug_Time(3):    5.345 # [msec]
   Debug_Time(4):    5.076 # [msec]
-
   Version      : 1.7
   Ways         : 16
   Words        : 1
   Feedback     : 1
   WordBits     : 32
   IndexBits    : 32
   Sort Order   : 0
   Sign Compare : 0
   Max Size     : 268435455
   Debug Enable : 1
   size         : 510000
   average_time :   11.562 # [msec]
   throughput   :   44.108 # [mwords/sec]
   Debug_Time(0):   27.971 # [msec]
   Debug_Time(1):   10.617 # [msec]
   Debug_Time(2):    6.827 # [msec]
   Debug_Time(3):    5.401 # [msec]
   Debug_Time(4):    5.126 # [msec]
-
   Version      : 1.7
   Ways         : 16
   Words        : 1
   Feedback     : 1
   WordBits     : 32
   IndexBits    : 32
   Sort Order   : 0
   Sign Compare : 0
   Max Size     : 268435455
   Debug Enable : 1
   size         : 515000
   average_time :   11.639 # [msec]
   throughput   :   44.247 # [mwords/sec]
   Debug_Time(0):   28.078 # [msec]
   Debug_Time(1):   10.556 # [msec]
   Debug_Time(2):    6.881 # [msec]
   Debug_Time(3):    5.464 # [msec]
   Debug_Time(4):    5.176 # [msec]
-
   Version      : 1.7
   Ways         : 16
   Words        : 1
   Feedback     : 1
   WordBits     : 32
   IndexBits    : 32
   Sort Order   : 0
   Sign Compare : 0
   Max Size     : 268435455
   Debug Enable : 1
   size         : 520000
   average_time :   11.755 # [msec]
   throughput   :   44.237 # [mwords/sec]
   Debug_Time(0):   28.386 # [msec]
   Debug_Time(1):   10.698 # [msec]
   Debug_Time(2):    6.956 # [msec]
   Debug_Time(3):    5.508 # [msec]
   Debug_Time(4):    5.225 # [msec]
-
   Version      : 1.7
   Ways         : 16
   Words        : 1
   Feedback     : 1
   WordBits     : 32
   IndexBits    : 32
   Sort Order   : 0
   Sign Compare : 0
   Max Size     : 268435455
   Debug Enable : 1
   size         : 525000
   average_time :   11.886 # [msec]
   throughput   :   44.170 # [mwords/sec]
   Debug_Time(0):   28.591 # [msec]
   Debug_Time(1):   10.747 # [msec]
   Debug_Time(2):    7.019 # [msec]
   Debug_Time(3):    5.548 # [msec]
   Debug_Time(4):    5.277 # [msec]
-
   Version      : 1.7
   Ways         : 16
   Words        : 1
   Feedback     : 1
   WordBits     : 32
   IndexBits    : 32
   Sort Order   : 0
   Sign Compare : 0
   Max Size     : 268435455
   Debug Enable : 1
   size         : 530000
   average_time :   11.968 # [msec]
   throughput   :   44.285 # [mwords/sec]
   Debug_Time(0):   28.898 # [msec]
   Debug_Time(1):   10.883 # [msec]
   Debug_Time(2):    7.077 # [msec]
   Debug_Time(3):    5.612 # [msec]
   Debug_Time(4):    5.326 # [msec]
-
   Version      : 1.7
   Ways         : 16
   Words        : 1
   Feedback     : 1
   WordBits     : 32
   IndexBits    : 32
   Sort Order   : 0
   Sign Compare : 0
   Max Size     : 268435455
   Debug Enable : 1
   size         : 535000
   average_time :   12.079 # [msec]
   throughput   :   44.291 # [mwords/sec]
   Debug_Time(0):   29.317 # [msec]
   Debug_Time(1):   11.123 # [msec]
   Debug_Time(2):    7.163 # [msec]
   Debug_Time(3):    5.654 # [msec]
   Debug_Time(4):    5.377 # [msec]
-
   Version      : 1.7
   Ways         : 16
   Words        : 1
   Feedback     : 1
   WordBits     : 32
   IndexBits    : 32
   Sort Order   : 0
   Sign Compare : 0
   Max Size     : 268435455
   Debug Enable : 1
   size         : 540000
   average_time :   12.213 # [msec]
   throughput   :   44.214 # [mwords/sec]
   Debug_Time(0):   29.591 # [msec]
   Debug_Time(1):   11.220 # [msec]
   Debug_Time(2):    7.222 # [msec]
   Debug_Time(3):    5.722 # [msec]
   Debug_Time(4):    5.427 # [msec]
-
   Version      : 1.7
   Ways         : 16
   Words        : 1
   Feedback     : 1
   WordBits     : 32
   IndexBits    : 32
   Sort Order   : 0
   Sign Compare : 0
   Max Size     : 268435455
   Debug Enable : 1
   size         : 545000
   average_time :   12.277 # [msec]
   throughput   :   44.393 # [mwords/sec]
   Debug_Time(0):   29.837 # [msec]
   Debug_Time(1):   11.302 # [msec]
   Debug_Time(2):    7.286 # [msec]
   Debug_Time(3):    5.771 # [msec]
   Debug_Time(4):    5.478 # [msec]
-
   Version      : 1.7
   Ways         : 16
   Words        : 1
   Feedback     : 1
   WordBits     : 32
   IndexBits    : 32
   Sort Order   : 0
   Sign Compare : 0
   Max Size     : 268435455
   Debug Enable : 1
   size         : 550000
   average_time :   12.410 # [msec]
   throughput   :   44.320 # [mwords/sec]
   Debug_Time(0):   30.072 # [msec]
   Debug_Time(1):   11.364 # [msec]
   Debug_Time(2):    7.360 # [msec]
   Debug_Time(3):    5.819 # [msec]
   Debug_Time(4):    5.529 # [msec]
-
   Version      : 1.7
   Ways         : 16
   Words        : 1
   Feedback     : 1
   WordBits     : 32
   IndexBits    : 32
   Sort Order   : 0
   Sign Compare : 0
   Max Size     : 268435455
   Debug Enable : 1
   size         : 555000
   average_time :   12.557 # [msec]
   throughput   :   44.198 # [mwords/sec]
   Debug_Time(0):   30.407 # [msec]
   Debug_Time(1):   11.531 # [msec]
   Debug_Time(2):    7.421 # [msec]
   Debug_Time(3):    5.876 # [msec]
   Debug_Time(4):    5.579 # [msec]
-
   Version      : 1.7
   Ways         : 16
   Words        : 1
   Feedback     : 1
   WordBits     : 32
   IndexBits    : 32
   Sort Order   : 0
   Sign Compare : 0
   Max Size     : 268435455
   Debug Enable : 1
   size         : 560000
   average_time :   12.597 # [msec]
   throughput   :   44.456 # [mwords/sec]
   Debug_Time(0):   30.673 # [msec]
   Debug_Time(1):   11.642 # [msec]
   Debug_Time(2):    7.480 # [msec]
   Debug_Time(3):    5.922 # [msec]
   Debug_Time(4):    5.628 # [msec]
-
   Version      : 1.7
   Ways         : 16
   Words        : 1
   Feedback     : 1
   WordBits     : 32
   IndexBits    : 32
   Sort Order   : 0
   Sign Compare : 0
   Max Size     : 268435455
   Debug Enable : 1
   size         : 565000
   average_time :   12.744 # [msec]
   throughput   :   44.334 # [mwords/sec]
   Debug_Time(0):   30.981 # [msec]
   Debug_Time(1):   11.775 # [msec]
   Debug_Time(2):    7.551 # [msec]
   Debug_Time(3):    5.978 # [msec]
   Debug_Time(4):    5.677 # [msec]
-
   Version      : 1.7
   Ways         : 16
   Words        : 1
   Feedback     : 1
   WordBits     : 32
   IndexBits    : 32
   Sort Order   : 0
   Sign Compare : 0
   Max Size     : 268435455
   Debug Enable : 1
   size         : 570000
   average_time :   12.828 # [msec]
   throughput   :   44.433 # [mwords/sec]
   Debug_Time(0):   31.216 # [msec]
   Debug_Time(1):   11.834 # [msec]
   Debug_Time(2):    7.616 # [msec]
   Debug_Time(3):    6.040 # [msec]
   Debug_Time(4):    5.726 # [msec]
-
   Version      : 1.7
   Ways         : 16
   Words        : 1
   Feedback     : 1
   WordBits     : 32
   IndexBits    : 32
   Sort Order   : 0
   Sign Compare : 0
   Max Size     : 268435455
   Debug Enable : 1
   size         : 575000
   average_time :   12.945 # [msec]
   throughput   :   44.419 # [mwords/sec]
   Debug_Time(0):   31.523 # [msec]
   Debug_Time(1):   11.978 # [msec]
   Debug_Time(2):    7.683 # [msec]
   Debug_Time(3):    6.085 # [msec]
   Debug_Time(4):    5.777 # [msec]
-
   Version      : 1.7
   Ways         : 16
   Words        : 1
   Feedback     : 1
   WordBits     : 32
   IndexBits    : 32
   Sort Order   : 0
   Sign Compare : 0
   Max Size     : 268435455
   Debug Enable : 1
   size         : 580000
   average_time :   13.037 # [msec]
   throughput   :   44.490 # [mwords/sec]
   Debug_Time(0):   31.799 # [msec]
   Debug_Time(1):   12.062 # [msec]
   Debug_Time(2):    7.753 # [msec]
   Debug_Time(3):    6.155 # [msec]
   Debug_Time(4):    5.829 # [msec]
-
   Version      : 1.7
   Ways         : 16
   Words        : 1
   Feedback     : 1
   WordBits     : 32
   IndexBits    : 32
   Sort Order   : 0
   Sign Compare : 0
   Max Size     : 268435455
   Debug Enable : 1
   size         : 585000
   average_time :   13.140 # [msec]
   throughput   :   44.521 # [mwords/sec]
   Debug_Time(0):   32.083 # [msec]
   Debug_Time(1):   12.202 # [msec]
   Debug_Time(2):    7.821 # [msec]
   Debug_Time(3):    6.182 # [msec]
   Debug_Time(4):    5.878 # [msec]
-
   Version      : 1.7
   Ways         : 16
   Words        : 1
   Feedback     : 1
   WordBits     : 32
   IndexBits    : 32
   Sort Order   : 0
   Sign Compare : 0
   Max Size     : 268435455
   Debug Enable : 1
   size         : 590000
   average_time :   13.264 # [msec]
   throughput   :   44.481 # [mwords/sec]
   Debug_Time(0):   32.275 # [msec]
   Debug_Time(1):   12.223 # [msec]
   Debug_Time(2):    7.879 # [msec]
   Debug_Time(3):    6.243 # [msec]
   Debug_Time(4):    5.931 # [msec]
-
   Version      : 1.7
   Ways         : 16
   Words        : 1
   Feedback     : 1
   WordBits     : 32
   IndexBits    : 32
   Sort Order   : 0
   Sign Compare : 0
   Max Size     : 268435455
   Debug Enable : 1
   size         : 595000
   average_time :   13.363 # [msec]
   throughput   :   44.526 # [mwords/sec]
   Debug_Time(0):   32.735 # [msec]
   Debug_Time(1):   12.518 # [msec]
   Debug_Time(2):    7.957 # [msec]
   Debug_Time(3):    6.279 # [msec]
   Debug_Time(4):    5.981 # [msec]
-
   Version      : 1.7
   Ways         : 16
   Words        : 1
   Feedback     : 1
   WordBits     : 32
   IndexBits    : 32
   Sort Order   : 0
   Sign Compare : 0
   Max Size     : 268435455
   Debug Enable : 1
   size         : 600000
   average_time :   13.470 # [msec]
   throughput   :   44.544 # [mwords/sec]
   Debug_Time(0):   32.992 # [msec]
   Debug_Time(1):   12.588 # [msec]
   Debug_Time(2):    8.018 # [msec]
   Debug_Time(3):    6.356 # [msec]
   Debug_Time(4):    6.031 # [msec]
-
   Version      : 1.7
   Ways         : 16
   Words        : 1
   Feedback     : 1
   WordBits     : 32
   IndexBits    : 32
   Sort Order   : 0
   Sign Compare : 0
   Max Size     : 268435455
   Debug Enable : 1
   size         : 605000
   average_time :   13.611 # [msec]
   throughput   :   44.449 # [mwords/sec]
   Debug_Time(0):   33.188 # [msec]
   Debug_Time(1):   12.616 # [msec]
   Debug_Time(2):    8.085 # [msec]
   Debug_Time(3):    6.407 # [msec]
   Debug_Time(4):    6.080 # [msec]
-
   Version      : 1.7
   Ways         : 16
   Words        : 1
   Feedback     : 1
   WordBits     : 32
   IndexBits    : 32
   Sort Order   : 0
   Sign Compare : 0
   Max Size     : 268435455
   Debug Enable : 1
   size         : 610000
   average_time :   13.714 # [msec]
   throughput   :   44.481 # [mwords/sec]
   Debug_Time(0):   33.550 # [msec]
   Debug_Time(1):   12.805 # [msec]
   Debug_Time(2):    8.161 # [msec]
   Debug_Time(3):    6.454 # [msec]
   Debug_Time(4):    6.129 # [msec]
-
   Version      : 1.7
   Ways         : 16
   Words        : 1
   Feedback     : 1
   WordBits     : 32
   IndexBits    : 32
   Sort Order   : 0
   Sign Compare : 0
   Max Size     : 268435455
   Debug Enable : 1
   size         : 615000
   average_time :   13.833 # [msec]
   throughput   :   44.459 # [mwords/sec]
   Debug_Time(0):   33.845 # [msec]
   Debug_Time(1):   12.934 # [msec]
   Debug_Time(2):    8.222 # [msec]
   Debug_Time(3):    6.509 # [msec]
   Debug_Time(4):    6.179 # [msec]
-
   Version      : 1.7
   Ways         : 16
   Words        : 1
   Feedback     : 1
   WordBits     : 32
   IndexBits    : 32
   Sort Order   : 0
   Sign Compare : 0
   Max Size     : 268435455
   Debug Enable : 1
   size         : 620000
   average_time :   13.905 # [msec]
   throughput   :   44.587 # [mwords/sec]
   Debug_Time(0):   34.105 # [msec]
   Debug_Time(1):   13.041 # [msec]
   Debug_Time(2):    8.273 # [msec]
   Debug_Time(3):    6.561 # [msec]
   Debug_Time(4):    6.229 # [msec]
-
   Version      : 1.7
   Ways         : 16
   Words        : 1
   Feedback     : 1
   WordBits     : 32
   IndexBits    : 32
   Sort Order   : 0
   Sign Compare : 0
   Max Size     : 268435455
   Debug Enable : 1
   size         : 625000
   average_time :   14.028 # [msec]
   throughput   :   44.553 # [mwords/sec]
   Debug_Time(0):   34.337 # [msec]
   Debug_Time(1):   13.082 # [msec]
   Debug_Time(2):    8.357 # [msec]
   Debug_Time(3):    6.618 # [msec]
   Debug_Time(4):    6.281 # [msec]
-
   Version      : 1.7
   Ways         : 16
   Words        : 1
   Feedback     : 1
   WordBits     : 32
   IndexBits    : 32
   Sort Order   : 0
   Sign Compare : 0
   Max Size     : 268435455
   Debug Enable : 1
   size         : 630000
   average_time :   14.117 # [msec]
   throughput   :   44.628 # [mwords/sec]
   Debug_Time(0):   34.400 # [msec]
   Debug_Time(1):   12.999 # [msec]
   Debug_Time(2):    8.409 # [msec]
   Debug_Time(3):    6.663 # [msec]
   Debug_Time(4):    6.330 # [msec]
-
   Version      : 1.7
   Ways         : 16
   Words        : 1
   Feedback     : 1
   WordBits     : 32
   IndexBits    : 32
   Sort Order   : 0
   Sign Compare : 0
   Max Size     : 268435455
   Debug Enable : 1
   size         : 635000
   average_time :   14.256 # [msec]
   throughput   :   44.542 # [mwords/sec]
   Debug_Time(0):   34.789 # [msec]
   Debug_Time(1):   13.213 # [msec]
   Debug_Time(2):    8.481 # [msec]
   Debug_Time(3):    6.714 # [msec]
   Debug_Time(4):    6.381 # [msec]
-
   Version      : 1.7
   Ways         : 16
   Words        : 1
   Feedback     : 1
   WordBits     : 32
   IndexBits    : 32
   Sort Order   : 0
   Sign Compare : 0
   Max Size     : 268435455
   Debug Enable : 1
   size         : 640000
   average_time :   14.388 # [msec]
   throughput   :   44.481 # [mwords/sec]
   Debug_Time(0):   35.217 # [msec]
   Debug_Time(1):   13.463 # [msec]
   Debug_Time(2):    8.542 # [msec]
   Debug_Time(3):    6.780 # [msec]
   Debug_Time(4):    6.432 # [msec]
-
   Version      : 1.7
   Ways         : 16
   Words        : 1
   Feedback     : 1
   WordBits     : 32
   IndexBits    : 32
   Sort Order   : 0
   Sign Compare : 0
   Max Size     : 268435455
   Debug Enable : 1
   size         : 645000
   average_time :   14.483 # [msec]
   throughput   :   44.535 # [mwords/sec]
   Debug_Time(0):   35.393 # [msec]
   Debug_Time(1):   13.459 # [msec]
   Debug_Time(2):    8.613 # [msec]
   Debug_Time(3):    6.840 # [msec]
   Debug_Time(4):    6.481 # [msec]
-
   Version      : 1.7
   Ways         : 16
   Words        : 1
   Feedback     : 1
   WordBits     : 32
   IndexBits    : 32
   Sort Order   : 0
   Sign Compare : 0
   Max Size     : 268435455
   Debug Enable : 1
   size         : 650000
   average_time :   14.594 # [msec]
   throughput   :   44.540 # [mwords/sec]
   Debug_Time(0):   35.721 # [msec]
   Debug_Time(1):   13.617 # [msec]
   Debug_Time(2):    8.689 # [msec]
   Debug_Time(3):    6.885 # [msec]
   Debug_Time(4):    6.530 # [msec]
-
   Version      : 1.7
   Ways         : 16
   Words        : 1
   Feedback     : 1
   WordBits     : 32
   IndexBits    : 32
   Sort Order   : 0
   Sign Compare : 0
   Max Size     : 268435455
   Debug Enable : 1
   size         : 655000
   average_time :   14.700 # [msec]
   throughput   :   44.557 # [mwords/sec]
   Debug_Time(0):   36.010 # [msec]
   Debug_Time(1):   13.731 # [msec]
   Debug_Time(2):    8.754 # [msec]
   Debug_Time(3):    6.945 # [msec]
   Debug_Time(4):    6.580 # [msec]
-
   Version      : 1.7
   Ways         : 16
   Words        : 1
   Feedback     : 1
   WordBits     : 32
   IndexBits    : 32
   Sort Order   : 0
   Sign Compare : 0
   Max Size     : 268435455
   Debug Enable : 1
   size         : 660000
   average_time :   14.822 # [msec]
   throughput   :   44.528 # [mwords/sec]
   Debug_Time(0):   36.124 # [msec]
   Debug_Time(1):   13.629 # [msec]
   Debug_Time(2):    8.879 # [msec]
   Debug_Time(3):    6.985 # [msec]
   Debug_Time(4):    6.632 # [msec]
-
   Version      : 1.7
   Ways         : 16
   Words        : 1
   Feedback     : 1
   WordBits     : 32
   IndexBits    : 32
   Sort Order   : 0
   Sign Compare : 0
   Max Size     : 268435455
   Debug Enable : 1
   size         : 665000
   average_time :   14.894 # [msec]
   throughput   :   44.649 # [mwords/sec]
   Debug_Time(0):   36.483 # [msec]
   Debug_Time(1):   13.878 # [msec]
   Debug_Time(2):    8.878 # [msec]
   Debug_Time(3):    7.044 # [msec]
   Debug_Time(4):    6.683 # [msec]
-
   Version      : 1.7
   Ways         : 16
   Words        : 1
   Feedback     : 1
   WordBits     : 32
   IndexBits    : 32
   Sort Order   : 0
   Sign Compare : 0
   Max Size     : 268435455
   Debug Enable : 1
   size         : 670000
   average_time :   15.027 # [msec]
   throughput   :   44.586 # [mwords/sec]
   Debug_Time(0):   36.779 # [msec]
   Debug_Time(1):   14.029 # [msec]
   Debug_Time(2):    8.938 # [msec]
   Debug_Time(3):    7.079 # [msec]
   Debug_Time(4):    6.733 # [msec]
-
   Version      : 1.7
   Ways         : 16
   Words        : 1
   Feedback     : 1
   WordBits     : 32
   IndexBits    : 32
   Sort Order   : 0
   Sign Compare : 0
   Max Size     : 268435455
   Debug Enable : 1
   size         : 675000
   average_time :   15.116 # [msec]
   throughput   :   44.655 # [mwords/sec]
   Debug_Time(0):   37.110 # [msec]
   Debug_Time(1):   14.143 # [msec]
   Debug_Time(2):    9.034 # [msec]
   Debug_Time(3):    7.149 # [msec]
   Debug_Time(4):    6.784 # [msec]
-
   Version      : 1.7
   Ways         : 16
   Words        : 1
   Feedback     : 1
   WordBits     : 32
   IndexBits    : 32
   Sort Order   : 0
   Sign Compare : 0
   Max Size     : 268435455
   Debug Enable : 1
   size         : 680000
   average_time :   15.215 # [msec]
   throughput   :   44.693 # [mwords/sec]
   Debug_Time(0):   37.355 # [msec]
   Debug_Time(1):   14.232 # [msec]
   Debug_Time(2):    9.085 # [msec]
   Debug_Time(3):    7.204 # [msec]
   Debug_Time(4):    6.834 # [msec]
-
   Version      : 1.7
   Ways         : 16
   Words        : 1
   Feedback     : 1
   WordBits     : 32
   IndexBits    : 32
   Sort Order   : 0
   Sign Compare : 0
   Max Size     : 268435455
   Debug Enable : 1
   size         : 685000
   average_time :   15.336 # [msec]
   throughput   :   44.665 # [mwords/sec]
   Debug_Time(0):   37.574 # [msec]
   Debug_Time(1):   14.277 # [msec]
   Debug_Time(2):    9.161 # [msec]
   Debug_Time(3):    7.253 # [msec]
   Debug_Time(4):    6.884 # [msec]
-
   Version      : 1.7
   Ways         : 16
   Words        : 1
   Feedback     : 1
   WordBits     : 32
   IndexBits    : 32
   Sort Order   : 0
   Sign Compare : 0
   Max Size     : 268435455
   Debug Enable : 1
   size         : 690000
   average_time :   15.448 # [msec]
   throughput   :   44.666 # [mwords/sec]
   Debug_Time(0):   37.866 # [msec]
   Debug_Time(1):   14.415 # [msec]
   Debug_Time(2):    9.222 # [msec]
   Debug_Time(3):    7.296 # [msec]
   Debug_Time(4):    6.933 # [msec]
-
   Version      : 1.7
   Ways         : 16
   Words        : 1
   Feedback     : 1
   WordBits     : 32
   IndexBits    : 32
   Sort Order   : 0
   Sign Compare : 0
   Max Size     : 268435455
   Debug Enable : 1
   size         : 695000
   average_time :   15.552 # [msec]
   throughput   :   44.690 # [mwords/sec]
   Debug_Time(0):   37.783 # [msec]
   Debug_Time(1):   14.142 # [msec]
   Debug_Time(2):    9.298 # [msec]
   Debug_Time(3):    7.360 # [msec]
   Debug_Time(4):    6.982 # [msec]
-
   Version      : 1.7
   Ways         : 16
   Words        : 1
   Feedback     : 1
   WordBits     : 32
   IndexBits    : 32
   Sort Order   : 0
   Sign Compare : 0
   Max Size     : 268435455
   Debug Enable : 1
   size         : 700000
   average_time :   15.665 # [msec]
   throughput   :   44.686 # [mwords/sec]
   Debug_Time(0):   38.450 # [msec]
   Debug_Time(1):   14.643 # [msec]
   Debug_Time(2):    9.368 # [msec]
   Debug_Time(3):    7.407 # [msec]
   Debug_Time(4):    7.032 # [msec]
-
   Version      : 1.7
   Ways         : 16
   Words        : 1
   Feedback     : 1
   WordBits     : 32
   IndexBits    : 32
   Sort Order   : 0
   Sign Compare : 0
   Max Size     : 268435455
   Debug Enable : 1
   size         : 705000
   average_time :   15.752 # [msec]
   throughput   :   44.756 # [mwords/sec]
   Debug_Time(0):   38.687 # [msec]
   Debug_Time(1):   14.716 # [msec]
   Debug_Time(2):    9.421 # [msec]
   Debug_Time(3):    7.468 # [msec]
   Debug_Time(4):    7.082 # [msec]
-
   Version      : 1.7
   Ways         : 16
   Words        : 1
   Feedback     : 1
   WordBits     : 32
   IndexBits    : 32
   Sort Order   : 0
   Sign Compare : 0
   Max Size     : 268435455
   Debug Enable : 1
   size         : 710000
   average_time :   15.891 # [msec]
   throughput   :   44.680 # [mwords/sec]
   Debug_Time(0):   38.978 # [msec]
   Debug_Time(1):   14.824 # [msec]
   Debug_Time(2):    9.496 # [msec]
   Debug_Time(3):    7.526 # [msec]
   Debug_Time(4):    7.133 # [msec]
-
   Version      : 1.7
   Ways         : 16
   Words        : 1
   Feedback     : 1
   WordBits     : 32
   IndexBits    : 32
   Sort Order   : 0
   Sign Compare : 0
   Max Size     : 268435455
   Debug Enable : 1
   size         : 715000
   average_time :   16.001 # [msec]
   throughput   :   44.684 # [mwords/sec]
   Debug_Time(0):   39.249 # [msec]
   Debug_Time(1):   14.944 # [msec]
   Debug_Time(2):    9.564 # [msec]
   Debug_Time(3):    7.560 # [msec]
   Debug_Time(4):    7.183 # [msec]
-
   Version      : 1.7
   Ways         : 16
   Words        : 1
   Feedback     : 1
   WordBits     : 32
   IndexBits    : 32
   Sort Order   : 0
   Sign Compare : 0
   Max Size     : 268435455
   Debug Enable : 1
   size         : 720000
   average_time :   16.113 # [msec]
   throughput   :   44.686 # [mwords/sec]
   Debug_Time(0):   39.418 # [msec]
   Debug_Time(1):   14.946 # [msec]
   Debug_Time(2):    9.619 # [msec]
   Debug_Time(3):    7.621 # [msec]
   Debug_Time(4):    7.233 # [msec]
-
   Version      : 1.7
   Ways         : 16
   Words        : 1
   Feedback     : 1
   WordBits     : 32
   IndexBits    : 32
   Sort Order   : 0
   Sign Compare : 0
   Max Size     : 268435455
   Debug Enable : 1
   size         : 725000
   average_time :   16.241 # [msec]
   throughput   :   44.640 # [mwords/sec]
   Debug_Time(0):   39.817 # [msec]
   Debug_Time(1):   15.134 # [msec]
   Debug_Time(2):    9.727 # [msec]
   Debug_Time(3):    7.669 # [msec]
   Debug_Time(4):    7.287 # [msec]
-
   Version      : 1.7
   Ways         : 16
   Words        : 1
   Feedback     : 1
   WordBits     : 32
   IndexBits    : 32
   Sort Order   : 0
   Sign Compare : 0
   Max Size     : 268435455
   Debug Enable : 1
   size         : 730000
   average_time :   16.337 # [msec]
   throughput   :   44.684 # [mwords/sec]
   Debug_Time(0):   40.002 # [msec]
   Debug_Time(1):   15.181 # [msec]
   Debug_Time(2):    9.756 # [msec]
   Debug_Time(3):    7.730 # [msec]
   Debug_Time(4):    7.336 # [msec]
-
   Version      : 1.7
   Ways         : 16
   Words        : 1
   Feedback     : 1
   WordBits     : 32
   IndexBits    : 32
   Sort Order   : 0
   Sign Compare : 0
   Max Size     : 268435455
   Debug Enable : 1
   size         : 735000
   average_time :   16.381 # [msec]
   throughput   :   44.868 # [mwords/sec]
   Debug_Time(0):   39.999 # [msec]
   Debug_Time(1):   15.020 # [msec]
   Debug_Time(2):    9.824 # [msec]
   Debug_Time(3):    7.770 # [msec]
   Debug_Time(4):    7.385 # [msec]
-
   Version      : 1.7
   Ways         : 16
   Words        : 1
   Feedback     : 1
   WordBits     : 32
   IndexBits    : 32
   Sort Order   : 0
   Sign Compare : 0
   Max Size     : 268435455
   Debug Enable : 1
   size         : 740000
   average_time :   16.536 # [msec]
   throughput   :   44.751 # [mwords/sec]
   Debug_Time(0):   40.635 # [msec]
   Debug_Time(1):   15.437 # [msec]
   Debug_Time(2):    9.934 # [msec]
   Debug_Time(3):    7.830 # [msec]
   Debug_Time(4):    7.434 # [msec]
-
   Version      : 1.7
   Ways         : 16
   Words        : 1
   Feedback     : 1
   WordBits     : 32
   IndexBits    : 32
   Sort Order   : 0
   Sign Compare : 0
   Max Size     : 268435455
   Debug Enable : 1
   size         : 745000
   average_time :   16.656 # [msec]
   throughput   :   44.727 # [mwords/sec]
   Debug_Time(0):   40.807 # [msec]
   Debug_Time(1):   15.452 # [msec]
   Debug_Time(2):    9.991 # [msec]
   Debug_Time(3):    7.879 # [msec]
   Debug_Time(4):    7.485 # [msec]
-
   Version      : 1.7
   Ways         : 16
   Words        : 1
   Feedback     : 1
   WordBits     : 32
   IndexBits    : 32
   Sort Order   : 0
   Sign Compare : 0
   Max Size     : 268435455
   Debug Enable : 1
   size         : 750000
   average_time :   16.803 # [msec]
   throughput   :   44.635 # [mwords/sec]
   Debug_Time(0):   41.110 # [msec]
   Debug_Time(1):   15.545 # [msec]
   Debug_Time(2):   10.078 # [msec]
   Debug_Time(3):    7.952 # [msec]
   Debug_Time(4):    7.535 # [msec]
-
   Version      : 1.7
   Ways         : 16
   Words        : 1
   Feedback     : 1
   WordBits     : 32
   IndexBits    : 32
   Sort Order   : 0
   Sign Compare : 0
   Max Size     : 268435455
   Debug Enable : 1
   size         : 755000
   average_time :   16.882 # [msec]
   throughput   :   44.723 # [mwords/sec]
   Debug_Time(0):   41.506 # [msec]
   Debug_Time(1):   15.803 # [msec]
   Debug_Time(2):   10.122 # [msec]
   Debug_Time(3):    7.996 # [msec]
   Debug_Time(4):    7.586 # [msec]
-
   Version      : 1.7
   Ways         : 16
   Words        : 1
   Feedback     : 1
   WordBits     : 32
   IndexBits    : 32
   Sort Order   : 0
   Sign Compare : 0
   Max Size     : 268435455
   Debug Enable : 1
   size         : 760000
   average_time :   17.008 # [msec]
   throughput   :   44.686 # [mwords/sec]
   Debug_Time(0):   41.708 # [msec]
   Debug_Time(1):   15.856 # [msec]
   Debug_Time(2):   10.179 # [msec]
   Debug_Time(3):    8.037 # [msec]
   Debug_Time(4):    7.636 # [msec]
-
   Version      : 1.7
   Ways         : 16
   Words        : 1
   Feedback     : 1
   WordBits     : 32
   IndexBits    : 32
   Sort Order   : 0
   Sign Compare : 0
   Max Size     : 268435455
   Debug Enable : 1
   size         : 765000
   average_time :   17.134 # [msec]
   throughput   :   44.649 # [mwords/sec]
   Debug_Time(0):   42.044 # [msec]
   Debug_Time(1):   15.990 # [msec]
   Debug_Time(2):   10.253 # [msec]
   Debug_Time(3):    8.115 # [msec]
   Debug_Time(4):    7.686 # [msec]
-
   Version      : 1.7
   Ways         : 16
   Words        : 1
   Feedback     : 1
   WordBits     : 32
   IndexBits    : 32
   Sort Order   : 0
   Sign Compare : 0
   Max Size     : 268435455
   Debug Enable : 1
   size         : 770000
   average_time :   17.177 # [msec]
   throughput   :   44.829 # [mwords/sec]
   Debug_Time(0):   42.270 # [msec]
   Debug_Time(1):   16.057 # [msec]
   Debug_Time(2):   10.329 # [msec]
   Debug_Time(3):    8.148 # [msec]
   Debug_Time(4):    7.736 # [msec]
-
   Version      : 1.7
   Ways         : 16
   Words        : 1
   Feedback     : 1
   WordBits     : 32
   IndexBits    : 32
   Sort Order   : 0
   Sign Compare : 0
   Max Size     : 268435455
   Debug Enable : 1
   size         : 775000
   average_time :   17.310 # [msec]
   throughput   :   44.772 # [mwords/sec]
   Debug_Time(0):   42.289 # [msec]
   Debug_Time(1):   15.887 # [msec]
   Debug_Time(2):   10.409 # [msec]
   Debug_Time(3):    8.207 # [msec]
   Debug_Time(4):    7.786 # [msec]
-
   Version      : 1.7
   Ways         : 16
   Words        : 1
   Feedback     : 1
   WordBits     : 32
   IndexBits    : 32
   Sort Order   : 0
   Sign Compare : 0
   Max Size     : 268435455
   Debug Enable : 1
   size         : 780000
   average_time :   17.381 # [msec]
   throughput   :   44.877 # [mwords/sec]
   Debug_Time(0):   42.350 # [msec]
   Debug_Time(1):   15.816 # [msec]
   Debug_Time(2):   10.449 # [msec]
   Debug_Time(3):    8.250 # [msec]
   Debug_Time(4):    7.835 # [msec]
-
   Version      : 1.7
   Ways         : 16
   Words        : 1
   Feedback     : 1
   WordBits     : 32
   IndexBits    : 32
   Sort Order   : 0
   Sign Compare : 0
   Max Size     : 268435455
   Debug Enable : 1
   size         : 785000
   average_time :   17.518 # [msec]
   throughput   :   44.812 # [mwords/sec]
   Debug_Time(0):   42.741 # [msec]
   Debug_Time(1):   16.021 # [msec]
   Debug_Time(2):   10.510 # [msec]
   Debug_Time(3):    8.325 # [msec]
   Debug_Time(4):    7.885 # [msec]
-
   Version      : 1.7
   Ways         : 16
   Words        : 1
   Feedback     : 1
   WordBits     : 32
   IndexBits    : 32
   Sort Order   : 0
   Sign Compare : 0
   Max Size     : 268435455
   Debug Enable : 1
   size         : 790000
   average_time :   17.595 # [msec]
   throughput   :   44.898 # [mwords/sec]
   Debug_Time(0):   43.032 # [msec]
   Debug_Time(1):   16.137 # [msec]
   Debug_Time(2):   10.601 # [msec]
   Debug_Time(3):    8.357 # [msec]
   Debug_Time(4):    7.937 # [msec]
-
   Version      : 1.7
   Ways         : 16
   Words        : 1
   Feedback     : 1
   WordBits     : 32
   IndexBits    : 32
   Sort Order   : 0
   Sign Compare : 0
   Max Size     : 268435455
   Debug Enable : 1
   size         : 795000
   average_time :   17.737 # [msec]
   throughput   :   44.821 # [mwords/sec]
   Debug_Time(0):   43.334 # [msec]
   Debug_Time(1):   16.268 # [msec]
   Debug_Time(2):   10.662 # [msec]
   Debug_Time(3):    8.415 # [msec]
   Debug_Time(4):    7.988 # [msec]
-
   Version      : 1.7
   Ways         : 16
   Words        : 1
   Feedback     : 1
   WordBits     : 32
   IndexBits    : 32
   Sort Order   : 0
   Sign Compare : 0
   Max Size     : 268435455
   Debug Enable : 1
   size         : 800000
   average_time :   17.813 # [msec]
   throughput   :   44.910 # [mwords/sec]
   Debug_Time(0):   43.576 # [msec]
   Debug_Time(1):   16.348 # [msec]
   Debug_Time(2):   10.718 # [msec]
   Debug_Time(3):    8.471 # [msec]
   Debug_Time(4):    8.038 # [msec]
-
   Version      : 1.7
   Ways         : 16
   Words        : 1
   Feedback     : 1
   WordBits     : 32
   IndexBits    : 32
   Sort Order   : 0
   Sign Compare : 0
   Max Size     : 268435455
   Debug Enable : 1
   size         : 805000
   average_time :   17.923 # [msec]
   throughput   :   44.915 # [mwords/sec]
   Debug_Time(0):   43.632 # [msec]
   Debug_Time(1):   16.263 # [msec]
   Debug_Time(2):   10.771 # [msec]
   Debug_Time(3):    8.509 # [msec]
   Debug_Time(4):    8.089 # [msec]
-
   Version      : 1.7
   Ways         : 16
   Words        : 1
   Feedback     : 1
   WordBits     : 32
   IndexBits    : 32
   Sort Order   : 0
   Sign Compare : 0
   Max Size     : 268435455
   Debug Enable : 1
   size         : 810000
   average_time :   18.067 # [msec]
   throughput   :   44.834 # [mwords/sec]
   Debug_Time(0):   44.213 # [msec]
   Debug_Time(1):   16.604 # [msec]
   Debug_Time(2):   10.884 # [msec]
   Debug_Time(3):    8.586 # [msec]
   Debug_Time(4):    8.139 # [msec]
-
   Version      : 1.7
   Ways         : 16
   Words        : 1
   Feedback     : 1
   WordBits     : 32
   IndexBits    : 32
   Sort Order   : 0
   Sign Compare : 0
   Max Size     : 268435455
   Debug Enable : 1
   size         : 815000
   average_time :   18.154 # [msec]
   throughput   :   44.893 # [mwords/sec]
   Debug_Time(0):   44.435 # [msec]
   Debug_Time(1):   16.697 # [msec]
   Debug_Time(2):   10.933 # [msec]
   Debug_Time(3):    8.617 # [msec]
   Debug_Time(4):    8.190 # [msec]
-
   Version      : 1.7
   Ways         : 16
   Words        : 1
   Feedback     : 1
   WordBits     : 32
   IndexBits    : 32
   Sort Order   : 0
   Sign Compare : 0
   Max Size     : 268435455
   Debug Enable : 1
   size         : 820000
   average_time :   18.225 # [msec]
   throughput   :   44.994 # [mwords/sec]
   Debug_Time(0):   44.698 # [msec]
   Debug_Time(1):   16.787 # [msec]
   Debug_Time(2):   10.989 # [msec]
   Debug_Time(3):    8.685 # [msec]
   Debug_Time(4):    8.238 # [msec]
-
   Version      : 1.7
   Ways         : 16
   Words        : 1
   Feedback     : 1
   WordBits     : 32
   IndexBits    : 32
   Sort Order   : 0
   Sign Compare : 0
   Max Size     : 268435455
   Debug Enable : 1
   size         : 825000
   average_time :   18.360 # [msec]
   throughput   :   44.934 # [mwords/sec]
   Debug_Time(0):   45.002 # [msec]
   Debug_Time(1):   16.920 # [msec]
   Debug_Time(2):   11.056 # [msec]
   Debug_Time(3):    8.739 # [msec]
   Debug_Time(4):    8.287 # [msec]
-
   Version      : 1.7
   Ways         : 16
   Words        : 1
   Feedback     : 1
   WordBits     : 32
   IndexBits    : 32
   Sort Order   : 0
   Sign Compare : 0
   Max Size     : 268435455
   Debug Enable : 1
   size         : 830000
   average_time :   18.469 # [msec]
   throughput   :   44.940 # [mwords/sec]
   Debug_Time(0):   45.275 # [msec]
   Debug_Time(1):   17.009 # [msec]
   Debug_Time(2):   11.135 # [msec]
   Debug_Time(3):    8.793 # [msec]
   Debug_Time(4):    8.337 # [msec]
-
   Version      : 1.7
   Ways         : 16
   Words        : 1
   Feedback     : 1
   WordBits     : 32
   IndexBits    : 32
   Sort Order   : 0
   Sign Compare : 0
   Max Size     : 268435455
   Debug Enable : 1
   size         : 835000
   average_time :   18.611 # [msec]
   throughput   :   44.867 # [mwords/sec]
   Debug_Time(0):   45.570 # [msec]
   Debug_Time(1):   17.127 # [msec]
   Debug_Time(2):   11.208 # [msec]
   Debug_Time(3):    8.847 # [msec]
   Debug_Time(4):    8.388 # [msec]
-
   Version      : 1.7
   Ways         : 16
   Words        : 1
   Feedback     : 1
   WordBits     : 32
   IndexBits    : 32
   Sort Order   : 0
   Sign Compare : 0
   Max Size     : 268435455
   Debug Enable : 1
   size         : 840000
   average_time :   18.700 # [msec]
   throughput   :   44.919 # [mwords/sec]
   Debug_Time(0):   45.825 # [msec]
   Debug_Time(1):   17.248 # [msec]
   Debug_Time(2):   11.245 # [msec]
   Debug_Time(3):    8.894 # [msec]
   Debug_Time(4):    8.438 # [msec]
-
   Version      : 1.7
   Ways         : 16
   Words        : 1
   Feedback     : 1
   WordBits     : 32
   IndexBits    : 32
   Sort Order   : 0
   Sign Compare : 0
   Max Size     : 268435455
   Debug Enable : 1
   size         : 845000
   average_time :   18.812 # [msec]
   throughput   :   44.919 # [mwords/sec]
   Debug_Time(0):   46.059 # [msec]
   Debug_Time(1):   17.304 # [msec]
   Debug_Time(2):   11.342 # [msec]
   Debug_Time(3):    8.924 # [msec]
   Debug_Time(4):    8.489 # [msec]
-
   Version      : 1.7
   Ways         : 16
   Words        : 1
   Feedback     : 1
   WordBits     : 32
   IndexBits    : 32
   Sort Order   : 0
   Sign Compare : 0
   Max Size     : 268435455
   Debug Enable : 1
   size         : 850000
   average_time :   18.910 # [msec]
   throughput   :   44.950 # [mwords/sec]
   Debug_Time(0):   46.320 # [msec]
   Debug_Time(1):   17.414 # [msec]
   Debug_Time(2):   11.375 # [msec]
   Debug_Time(3):    8.991 # [msec]
   Debug_Time(4):    8.539 # [msec]
-
   Version      : 1.7
   Ways         : 16
   Words        : 1
   Feedback     : 1
   WordBits     : 32
   IndexBits    : 32
   Sort Order   : 0
   Sign Compare : 0
   Max Size     : 268435455
   Debug Enable : 1
   size         : 855000
   average_time :   19.015 # [msec]
   throughput   :   44.964 # [mwords/sec]
   Debug_Time(0):   46.649 # [msec]
   Debug_Time(1):   17.525 # [msec]
   Debug_Time(2):   11.482 # [msec]
   Debug_Time(3):    9.050 # [msec]
   Debug_Time(4):    8.592 # [msec]
-
   Version      : 1.7
   Ways         : 16
   Words        : 1
   Feedback     : 1
   WordBits     : 32
   IndexBits    : 32
   Sort Order   : 0
   Sign Compare : 0
   Max Size     : 268435455
   Debug Enable : 1
   size         : 860000
   average_time :   19.132 # [msec]
   throughput   :   44.952 # [mwords/sec]
   Debug_Time(0):   46.891 # [msec]
   Debug_Time(1):   17.608 # [msec]
   Debug_Time(2):   11.526 # [msec]
   Debug_Time(3):    9.118 # [msec]
   Debug_Time(4):    8.641 # [msec]
-
   Version      : 1.7
   Ways         : 16
   Words        : 1
   Feedback     : 1
   WordBits     : 32
   IndexBits    : 32
   Sort Order   : 0
   Sign Compare : 0
   Max Size     : 268435455
   Debug Enable : 1
   size         : 865000
   average_time :   19.220 # [msec]
   throughput   :   45.005 # [mwords/sec]
   Debug_Time(0):   47.134 # [msec]
   Debug_Time(1):   17.711 # [msec]
   Debug_Time(2):   11.597 # [msec]
   Debug_Time(3):    9.136 # [msec]
   Debug_Time(4):    8.690 # [msec]
-
   Version      : 1.7
   Ways         : 16
   Words        : 1
   Feedback     : 1
   WordBits     : 32
   IndexBits    : 32
   Sort Order   : 0
   Sign Compare : 0
   Max Size     : 268435455
   Debug Enable : 1
   size         : 870000
   average_time :   19.371 # [msec]
   throughput   :   44.913 # [mwords/sec]
   Debug_Time(0):   47.462 # [msec]
   Debug_Time(1):   17.834 # [msec]
   Debug_Time(2):   11.671 # [msec]
   Debug_Time(3):    9.218 # [msec]
   Debug_Time(4):    8.739 # [msec]
-
   Version      : 1.7
   Ways         : 16
   Words        : 1
   Feedback     : 1
   WordBits     : 32
   IndexBits    : 32
   Sort Order   : 0
   Sign Compare : 0
   Max Size     : 268435455
   Debug Enable : 1
   size         : 875000
   average_time :   19.464 # [msec]
   throughput   :   44.955 # [mwords/sec]
   Debug_Time(0):   47.737 # [msec]
   Debug_Time(1):   17.895 # [msec]
   Debug_Time(2):   11.777 # [msec]
   Debug_Time(3):    9.274 # [msec]
   Debug_Time(4):    8.790 # [msec]
-
   Version      : 1.7
   Ways         : 16
   Words        : 1
   Feedback     : 1
   WordBits     : 32
   IndexBits    : 32
   Sort Order   : 0
   Sign Compare : 0
   Max Size     : 268435455
   Debug Enable : 1
   size         : 880000
   average_time :   19.584 # [msec]
   throughput   :   44.935 # [mwords/sec]
   Debug_Time(0):   48.016 # [msec]
   Debug_Time(1):   18.015 # [msec]
   Debug_Time(2):   11.828 # [msec]
   Debug_Time(3):    9.331 # [msec]
   Debug_Time(4):    8.842 # [msec]
-
   Version      : 1.7
   Ways         : 16
   Words        : 1
   Feedback     : 1
   WordBits     : 32
   IndexBits    : 32
   Sort Order   : 0
   Sign Compare : 0
   Max Size     : 268435455
   Debug Enable : 1
   size         : 885000
   average_time :   19.700 # [msec]
   throughput   :   44.924 # [mwords/sec]
   Debug_Time(0):   48.371 # [msec]
   Debug_Time(1):   18.229 # [msec]
   Debug_Time(2):   11.877 # [msec]
   Debug_Time(3):    9.373 # [msec]
   Debug_Time(4):    8.892 # [msec]
-
   Version      : 1.7
   Ways         : 16
   Words        : 1
   Feedback     : 1
   WordBits     : 32
   IndexBits    : 32
   Sort Order   : 0
   Sign Compare : 0
   Max Size     : 268435455
   Debug Enable : 1
   size         : 890000
   average_time :   19.796 # [msec]
   throughput   :   44.958 # [mwords/sec]
   Debug_Time(0):   48.581 # [msec]
   Debug_Time(1):   18.277 # [msec]
   Debug_Time(2):   11.942 # [msec]
   Debug_Time(3):    9.421 # [msec]
   Debug_Time(4):    8.941 # [msec]
-
   Version      : 1.7
   Ways         : 16
   Words        : 1
   Feedback     : 1
   WordBits     : 32
   IndexBits    : 32
   Sort Order   : 0
   Sign Compare : 0
   Max Size     : 268435455
   Debug Enable : 1
   size         : 895000
   average_time :   19.892 # [msec]
   throughput   :   44.992 # [mwords/sec]
   Debug_Time(0):   49.052 # [msec]
   Debug_Time(1):   18.620 # [msec]
   Debug_Time(2):   11.963 # [msec]
   Debug_Time(3):    9.477 # [msec]
   Debug_Time(4):    8.993 # [msec]
-
   Version      : 1.7
   Ways         : 16
   Words        : 1
   Feedback     : 1
   WordBits     : 32
   IndexBits    : 32
   Sort Order   : 0
   Sign Compare : 0
   Max Size     : 268435455
   Debug Enable : 1
   size         : 900000
   average_time :   19.997 # [msec]
   throughput   :   45.006 # [mwords/sec]
   Debug_Time(0):   49.463 # [msec]
   Debug_Time(1):   18.852 # [msec]
   Debug_Time(2):   12.042 # [msec]
   Debug_Time(3):    9.528 # [msec]
   Debug_Time(4):    9.041 # [msec]
-
   Version      : 1.7
   Ways         : 16
   Words        : 1
   Feedback     : 1
   WordBits     : 32
   IndexBits    : 32
   Sort Order   : 0
   Sign Compare : 0
   Max Size     : 268435455
   Debug Enable : 1
   size         : 905000
   average_time :   20.097 # [msec]
   throughput   :   45.031 # [mwords/sec]
   Debug_Time(0):   49.682 # [msec]
   Debug_Time(1):   18.910 # [msec]
   Debug_Time(2):   12.106 # [msec]
   Debug_Time(3):    9.575 # [msec]
   Debug_Time(4):    9.091 # [msec]
-
   Version      : 1.7
   Ways         : 16
   Words        : 1
   Feedback     : 1
   WordBits     : 32
   IndexBits    : 32
   Sort Order   : 0
   Sign Compare : 0
   Max Size     : 268435455
   Debug Enable : 1
   size         : 910000
   average_time :   20.245 # [msec]
   throughput   :   44.949 # [mwords/sec]
   Debug_Time(0):   49.952 # [msec]
   Debug_Time(1):   19.043 # [msec]
   Debug_Time(2):   12.147 # [msec]
   Debug_Time(3):    9.622 # [msec]
   Debug_Time(4):    9.140 # [msec]
-
   Version      : 1.7
   Ways         : 16
   Words        : 1
   Feedback     : 1
   WordBits     : 32
   IndexBits    : 32
   Sort Order   : 0
   Sign Compare : 0
   Max Size     : 268435455
   Debug Enable : 1
   size         : 915000
   average_time :   20.281 # [msec]
   throughput   :   45.116 # [mwords/sec]
   Debug_Time(0):   49.801 # [msec]
   Debug_Time(1):   18.699 # [msec]
   Debug_Time(2):   12.221 # [msec]
   Debug_Time(3):    9.690 # [msec]
   Debug_Time(4):    9.190 # [msec]
-
   Version      : 1.7
   Ways         : 16
   Words        : 1
   Feedback     : 1
   WordBits     : 32
   IndexBits    : 32
   Sort Order   : 0
   Sign Compare : 0
   Max Size     : 268435455
   Debug Enable : 1
   size         : 920000
   average_time :   20.467 # [msec]
   throughput   :   44.951 # [mwords/sec]
   Debug_Time(0):   50.510 # [msec]
   Debug_Time(1):   19.214 # [msec]
   Debug_Time(2):   12.310 # [msec]
   Debug_Time(3):    9.744 # [msec]
   Debug_Time(4):    9.243 # [msec]
-
   Version      : 1.7
   Ways         : 16
   Words        : 1
   Feedback     : 1
   WordBits     : 32
   IndexBits    : 32
   Sort Order   : 0
   Sign Compare : 0
   Max Size     : 268435455
   Debug Enable : 1
   size         : 925000
   average_time :   20.511 # [msec]
   throughput   :   45.098 # [mwords/sec]
   Debug_Time(0):   50.225 # [msec]
   Debug_Time(1):   18.783 # [msec]
   Debug_Time(2):   12.365 # [msec]
   Debug_Time(3):    9.781 # [msec]
   Debug_Time(4):    9.295 # [msec]
-
   Version      : 1.7
   Ways         : 16
   Words        : 1
   Feedback     : 1
   WordBits     : 32
   IndexBits    : 32
   Sort Order   : 0
   Sign Compare : 0
   Max Size     : 268435455
   Debug Enable : 1
   size         : 930000
   average_time :   20.631 # [msec]
   throughput   :   45.078 # [mwords/sec]
   Debug_Time(0):   50.483 # [msec]
   Debug_Time(1):   18.877 # [msec]
   Debug_Time(2):   12.431 # [msec]
   Debug_Time(3):    9.831 # [msec]
   Debug_Time(4):    9.343 # [msec]
-
   Version      : 1.7
   Ways         : 16
   Words        : 1
   Feedback     : 1
   WordBits     : 32
   IndexBits    : 32
   Sort Order   : 0
   Sign Compare : 0
   Max Size     : 268435455
   Debug Enable : 1
   size         : 935000
   average_time :   20.725 # [msec]
   throughput   :   45.114 # [mwords/sec]
   Debug_Time(0):   50.644 # [msec]
   Debug_Time(1):   18.876 # [msec]
   Debug_Time(2):   12.482 # [msec]
   Debug_Time(3):    9.892 # [msec]
   Debug_Time(4):    9.395 # [msec]
-
   Version      : 1.7
   Ways         : 16
   Words        : 1
   Feedback     : 1
   WordBits     : 32
   IndexBits    : 32
   Sort Order   : 0
   Sign Compare : 0
   Max Size     : 268435455
   Debug Enable : 1
   size         : 940000
   average_time :   20.821 # [msec]
   throughput   :   45.147 # [mwords/sec]
   Debug_Time(0):   50.989 # [msec]
   Debug_Time(1):   19.044 # [msec]
   Debug_Time(2):   12.559 # [msec]
   Debug_Time(3):    9.943 # [msec]
   Debug_Time(4):    9.444 # [msec]
-
   Version      : 1.7
   Ways         : 16
   Words        : 1
   Feedback     : 1
   WordBits     : 32
   IndexBits    : 32
   Sort Order   : 0
   Sign Compare : 0
   Max Size     : 268435455
   Debug Enable : 1
   size         : 945000
   average_time :   20.960 # [msec]
   throughput   :   45.085 # [mwords/sec]
   Debug_Time(0):   51.239 # [msec]
   Debug_Time(1):   19.113 # [msec]
   Debug_Time(2):   12.633 # [msec]
   Debug_Time(3):    9.999 # [msec]
   Debug_Time(4):    9.494 # [msec]
-
   Version      : 1.7
   Ways         : 16
   Words        : 1
   Feedback     : 1
   WordBits     : 32
   IndexBits    : 32
   Sort Order   : 0
   Sign Compare : 0
   Max Size     : 268435455
   Debug Enable : 1
   size         : 950000
   average_time :   21.078 # [msec]
   throughput   :   45.071 # [mwords/sec]
   Debug_Time(0):   51.435 # [msec]
   Debug_Time(1):   19.147 # [msec]
   Debug_Time(2):   12.688 # [msec]
   Debug_Time(3):   10.058 # [msec]
   Debug_Time(4):    9.542 # [msec]
-
   Version      : 1.7
   Ways         : 16
   Words        : 1
   Feedback     : 1
   WordBits     : 32
   IndexBits    : 32
   Sort Order   : 0
   Sign Compare : 0
   Max Size     : 268435455
   Debug Enable : 1
   size         : 955000
   average_time :   21.153 # [msec]
   throughput   :   45.148 # [mwords/sec]
   Debug_Time(0):   51.993 # [msec]
   Debug_Time(1):   19.554 # [msec]
   Debug_Time(2):   12.750 # [msec]
   Debug_Time(3):   10.096 # [msec]
   Debug_Time(4):    9.593 # [msec]
-
   Version      : 1.7
   Ways         : 16
   Words        : 1
   Feedback     : 1
   WordBits     : 32
   IndexBits    : 32
   Sort Order   : 0
   Sign Compare : 0
   Max Size     : 268435455
   Debug Enable : 1
   size         : 960000
   average_time :   21.264 # [msec]
   throughput   :   45.148 # [mwords/sec]
   Debug_Time(0):   52.406 # [msec]
   Debug_Time(1):   19.787 # [msec]
   Debug_Time(2):   12.821 # [msec]
   Debug_Time(3):   10.155 # [msec]
   Debug_Time(4):    9.643 # [msec]
-
   Version      : 1.7
   Ways         : 16
   Words        : 1
   Feedback     : 1
   WordBits     : 32
   IndexBits    : 32
   Sort Order   : 0
   Sign Compare : 0
   Max Size     : 268435455
   Debug Enable : 1
   size         : 965000
   average_time :   21.405 # [msec]
   throughput   :   45.084 # [mwords/sec]
   Debug_Time(0):   52.610 # [msec]
   Debug_Time(1):   19.802 # [msec]
   Debug_Time(2):   12.898 # [msec]
   Debug_Time(3):   10.217 # [msec]
   Debug_Time(4):    9.693 # [msec]
-
   Version      : 1.7
   Ways         : 16
   Words        : 1
   Feedback     : 1
   WordBits     : 32
   IndexBits    : 32
   Sort Order   : 0
   Sign Compare : 0
   Max Size     : 268435455
   Debug Enable : 1
   size         : 970000
   average_time :   21.503 # [msec]
   throughput   :   45.110 # [mwords/sec]
   Debug_Time(0):   52.686 # [msec]
   Debug_Time(1):   19.710 # [msec]
   Debug_Time(2):   12.966 # [msec]
   Debug_Time(3):   10.268 # [msec]
   Debug_Time(4):    9.743 # [msec]
-
   Version      : 1.7
   Ways         : 16
   Words        : 1
   Feedback     : 1
   WordBits     : 32
   IndexBits    : 32
   Sort Order   : 0
   Sign Compare : 0
   Max Size     : 268435455
   Debug Enable : 1
   size         : 975000
   average_time :   21.616 # [msec]
   throughput   :   45.106 # [mwords/sec]
   Debug_Time(0):   53.105 # [msec]
   Debug_Time(1):   19.953 # [msec]
   Debug_Time(2):   13.028 # [msec]
   Debug_Time(3):   10.329 # [msec]
   Debug_Time(4):    9.794 # [msec]
-
   Version      : 1.7
   Ways         : 16
   Words        : 1
   Feedback     : 1
   WordBits     : 32
   IndexBits    : 32
   Sort Order   : 0
   Sign Compare : 0
   Max Size     : 268435455
   Debug Enable : 1
   size         : 980000
   average_time :   21.728 # [msec]
   throughput   :   45.103 # [mwords/sec]
   Debug_Time(0):   53.466 # [msec]
   Debug_Time(1):   20.144 # [msec]
   Debug_Time(2):   13.096 # [msec]
   Debug_Time(3):   10.382 # [msec]
   Debug_Time(4):    9.844 # [msec]
-
   Version      : 1.7
   Ways         : 16
   Words        : 1
   Feedback     : 1
   WordBits     : 32
   IndexBits    : 32
   Sort Order   : 0
   Sign Compare : 0
   Max Size     : 268435455
   Debug Enable : 1
   size         : 985000
   average_time :   21.815 # [msec]
   throughput   :   45.153 # [mwords/sec]
   Debug_Time(0):   53.710 # [msec]
   Debug_Time(1):   20.235 # [msec]
   Debug_Time(2):   13.154 # [msec]
   Debug_Time(3):   10.426 # [msec]
   Debug_Time(4):    9.896 # [msec]
-
   Version      : 1.7
   Ways         : 16
   Words        : 1
   Feedback     : 1
   WordBits     : 32
   IndexBits    : 32
   Sort Order   : 0
   Sign Compare : 0
   Max Size     : 268435455
   Debug Enable : 1
   size         : 990000
   average_time :   21.908 # [msec]
   throughput   :   45.189 # [mwords/sec]
   Debug_Time(0):   53.927 # [msec]
   Debug_Time(1):   20.296 # [msec]
   Debug_Time(2):   13.226 # [msec]
   Debug_Time(3):   10.459 # [msec]
   Debug_Time(4):    9.945 # [msec]
-
   Version      : 1.7
   Ways         : 16
   Words        : 1
   Feedback     : 1
   WordBits     : 32
   IndexBits    : 32
   Sort Order   : 0
   Sign Compare : 0
   Max Size     : 268435455
   Debug Enable : 1
   size         : 995000
   average_time :   22.044 # [msec]
   throughput   :   45.137 # [mwords/sec]
   Debug_Time(0):   54.044 # [msec]
   Debug_Time(1):   20.249 # [msec]
   Debug_Time(2):   13.294 # [msec]
   Debug_Time(3):   10.507 # [msec]
   Debug_Time(4):    9.995 # [msec]
-
   Version      : 1.7
   Ways         : 16
   Words        : 1
   Feedback     : 1
   WordBits     : 32
   IndexBits    : 32
   Sort Order   : 0
   Sign Compare : 0
   Max Size     : 268435455
   Debug Enable : 1
   size         : 1000000
   average_time :   22.170 # [msec]
   throughput   :   45.107 # [mwords/sec]
   Debug_Time(0):   54.531 # [msec]
   Debug_Time(1):   20.542 # [msec]
   Debug_Time(2):   13.356 # [msec]
   Debug_Time(3):   10.588 # [msec]
   Debug_Time(4):   10.045 # [msec]
