---
-
   Version      : 1.7
   Ways         : 32
   Words        : 2
   Feedback     : 2
   WordBits     : 32
   IndexBits    : 32
   Sort Order   : 0
   Sign Compare : 0
   Max Size     : 268435455
   Debug Enable : 1
   size         : 5000
   average_time :    0.633 # [msec]
   throughput   :    7.902 # [mwords/sec]
   Debug_Time(0):    0.997 # [msec]
   Debug_Time(1):    0.997 # [msec]
-
   Version      : 1.7
   Ways         : 32
   Words        : 2
   Feedback     : 2
   WordBits     : 32
   IndexBits    : 32
   Sort Order   : 0
   Sign Compare : 0
   Max Size     : 268435455
   Debug Enable : 1
   size         : 10000
   average_time :    0.637 # [msec]
   throughput   :   15.693 # [mwords/sec]
   Debug_Time(0):    0.997 # [msec]
   Debug_Time(1):    0.997 # [msec]
-
   Version      : 1.7
   Ways         : 32
   Words        : 2
   Feedback     : 2
   WordBits     : 32
   IndexBits    : 32
   Sort Order   : 0
   Sign Compare : 0
   Max Size     : 268435455
   Debug Enable : 1
   size         : 15000
   average_time :    0.634 # [msec]
   throughput   :   23.653 # [mwords/sec]
   Debug_Time(0):    0.997 # [msec]
   Debug_Time(1):    0.997 # [msec]
-
   Version      : 1.7
   Ways         : 32
   Words        : 2
   Feedback     : 2
   WordBits     : 32
   IndexBits    : 32
   Sort Order   : 0
   Sign Compare : 0
   Max Size     : 268435455
   Debug Enable : 1
   size         : 20000
   average_time :    0.639 # [msec]
   throughput   :   31.290 # [mwords/sec]
   Debug_Time(0):    0.996 # [msec]
   Debug_Time(1):    0.996 # [msec]
-
   Version      : 1.7
   Ways         : 32
   Words        : 2
   Feedback     : 2
   WordBits     : 32
   IndexBits    : 32
   Sort Order   : 0
   Sign Compare : 0
   Max Size     : 268435455
   Debug Enable : 1
   size         : 25000
   average_time :    0.638 # [msec]
   throughput   :   39.202 # [mwords/sec]
   Debug_Time(0):    0.996 # [msec]
   Debug_Time(1):    0.996 # [msec]
-
   Version      : 1.7
   Ways         : 32
   Words        : 2
   Feedback     : 2
   WordBits     : 32
   IndexBits    : 32
   Sort Order   : 0
   Sign Compare : 0
   Max Size     : 268435455
   Debug Enable : 1
   size         : 30000
   average_time :    0.640 # [msec]
   throughput   :   46.890 # [mwords/sec]
   Debug_Time(0):    0.996 # [msec]
   Debug_Time(1):    0.996 # [msec]
-
   Version      : 1.7
   Ways         : 32
   Words        : 2
   Feedback     : 2
   WordBits     : 32
   IndexBits    : 32
   Sort Order   : 0
   Sign Compare : 0
   Max Size     : 268435455
   Debug Enable : 1
   size         : 35000
   average_time :    0.639 # [msec]
   throughput   :   54.801 # [mwords/sec]
   Debug_Time(0):    0.995 # [msec]
   Debug_Time(1):    0.995 # [msec]
-
   Version      : 1.7
   Ways         : 32
   Words        : 2
   Feedback     : 2
   WordBits     : 32
   IndexBits    : 32
   Sort Order   : 0
   Sign Compare : 0
   Max Size     : 268435455
   Debug Enable : 1
   size         : 40000
   average_time :    0.639 # [msec]
   throughput   :   62.550 # [mwords/sec]
   Debug_Time(0):    0.995 # [msec]
   Debug_Time(1):    0.995 # [msec]
-
   Version      : 1.7
   Ways         : 32
   Words        : 2
   Feedback     : 2
   WordBits     : 32
   IndexBits    : 32
   Sort Order   : 0
   Sign Compare : 0
   Max Size     : 268435455
   Debug Enable : 1
   size         : 45000
   average_time :    0.642 # [msec]
   throughput   :   70.141 # [mwords/sec]
   Debug_Time(0):    0.997 # [msec]
   Debug_Time(1):    0.997 # [msec]
-
   Version      : 1.7
   Ways         : 32
   Words        : 2
   Feedback     : 2
   WordBits     : 32
   IndexBits    : 32
   Sort Order   : 0
   Sign Compare : 0
   Max Size     : 268435455
   Debug Enable : 1
   size         : 50000
   average_time :    0.656 # [msec]
   throughput   :   76.180 # [mwords/sec]
   Debug_Time(0):    0.997 # [msec]
   Debug_Time(1):    0.997 # [msec]
-
   Version      : 1.7
   Ways         : 32
   Words        : 2
   Feedback     : 2
   WordBits     : 32
   IndexBits    : 32
   Sort Order   : 0
   Sign Compare : 0
   Max Size     : 268435455
   Debug Enable : 1
   size         : 55000
   average_time :    0.643 # [msec]
   throughput   :   85.487 # [mwords/sec]
   Debug_Time(0):    0.997 # [msec]
   Debug_Time(1):    0.997 # [msec]
-
   Version      : 1.7
   Ways         : 32
   Words        : 2
   Feedback     : 2
   WordBits     : 32
   IndexBits    : 32
   Sort Order   : 0
   Sign Compare : 0
   Max Size     : 268435455
   Debug Enable : 1
   size         : 60000
   average_time :    0.650 # [msec]
   throughput   :   92.365 # [mwords/sec]
   Debug_Time(0):    0.996 # [msec]
   Debug_Time(1):    0.996 # [msec]
-
   Version      : 1.7
   Ways         : 32
   Words        : 2
   Feedback     : 2
   WordBits     : 32
   IndexBits    : 32
   Sort Order   : 0
   Sign Compare : 0
   Max Size     : 268435455
   Debug Enable : 1
   size         : 65000
   average_time :    0.653 # [msec]
   throughput   :   99.605 # [mwords/sec]
   Debug_Time(0):    0.997 # [msec]
   Debug_Time(1):    0.997 # [msec]
-
   Version      : 1.7
   Ways         : 32
   Words        : 2
   Feedback     : 2
   WordBits     : 32
   IndexBits    : 32
   Sort Order   : 0
   Sign Compare : 0
   Max Size     : 268435455
   Debug Enable : 1
   size         : 70000
   average_time :    1.339 # [msec]
   throughput   :   52.259 # [mwords/sec]
   Debug_Time(0):    2.415 # [msec]
   Debug_Time(1):    2.039 # [msec]
   Debug_Time(2):    0.376 # [msec]
-
   Version      : 1.7
   Ways         : 32
   Words        : 2
   Feedback     : 2
   WordBits     : 32
   IndexBits    : 32
   Sort Order   : 0
   Sign Compare : 0
   Max Size     : 268435455
   Debug Enable : 1
   size         : 75000
   average_time :    1.392 # [msec]
   throughput   :   53.898 # [mwords/sec]
   Debug_Time(0):    2.510 # [msec]
   Debug_Time(1):    2.102 # [msec]
   Debug_Time(2):    0.408 # [msec]
-
   Version      : 1.7
   Ways         : 32
   Words        : 2
   Feedback     : 2
   WordBits     : 32
   IndexBits    : 32
   Sort Order   : 0
   Sign Compare : 0
   Max Size     : 268435455
   Debug Enable : 1
   size         : 80000
   average_time :    1.383 # [msec]
   throughput   :   57.861 # [mwords/sec]
   Debug_Time(0):    2.552 # [msec]
   Debug_Time(1):    2.118 # [msec]
   Debug_Time(2):    0.434 # [msec]
-
   Version      : 1.7
   Ways         : 32
   Words        : 2
   Feedback     : 2
   WordBits     : 32
   IndexBits    : 32
   Sort Order   : 0
   Sign Compare : 0
   Max Size     : 268435455
   Debug Enable : 1
   size         : 85000
   average_time :    1.554 # [msec]
   throughput   :   54.680 # [mwords/sec]
   Debug_Time(0):    2.714 # [msec]
   Debug_Time(1):    2.255 # [msec]
   Debug_Time(2):    0.459 # [msec]
-
   Version      : 1.7
   Ways         : 32
   Words        : 2
   Feedback     : 2
   WordBits     : 32
   IndexBits    : 32
   Sort Order   : 0
   Sign Compare : 0
   Max Size     : 268435455
   Debug Enable : 1
   size         : 90000
   average_time :    1.493 # [msec]
   throughput   :   60.276 # [mwords/sec]
   Debug_Time(0):    2.806 # [msec]
   Debug_Time(1):    2.320 # [msec]
   Debug_Time(2):    0.485 # [msec]
-
   Version      : 1.7
   Ways         : 32
   Words        : 2
   Feedback     : 2
   WordBits     : 32
   IndexBits    : 32
   Sort Order   : 0
   Sign Compare : 0
   Max Size     : 268435455
   Debug Enable : 1
   size         : 95000
   average_time :    1.583 # [msec]
   throughput   :   60.027 # [mwords/sec]
   Debug_Time(0):    2.959 # [msec]
   Debug_Time(1):    2.449 # [msec]
   Debug_Time(2):    0.510 # [msec]
-
   Version      : 1.7
   Ways         : 32
   Words        : 2
   Feedback     : 2
   WordBits     : 32
   IndexBits    : 32
   Sort Order   : 0
   Sign Compare : 0
   Max Size     : 268435455
   Debug Enable : 1
   size         : 100000
   average_time :    1.673 # [msec]
   throughput   :   59.773 # [mwords/sec]
   Debug_Time(0):    3.151 # [msec]
   Debug_Time(1):    2.614 # [msec]
   Debug_Time(2):    0.536 # [msec]
-
   Version      : 1.7
   Ways         : 32
   Words        : 2
   Feedback     : 2
   WordBits     : 32
   IndexBits    : 32
   Sort Order   : 0
   Sign Compare : 0
   Max Size     : 268435455
   Debug Enable : 1
   size         : 105000
   average_time :    1.805 # [msec]
   throughput   :   58.159 # [mwords/sec]
   Debug_Time(0):    3.416 # [msec]
   Debug_Time(1):    2.853 # [msec]
   Debug_Time(2):    0.563 # [msec]
-
   Version      : 1.7
   Ways         : 32
   Words        : 2
   Feedback     : 2
   WordBits     : 32
   IndexBits    : 32
   Sort Order   : 0
   Sign Compare : 0
   Max Size     : 268435455
   Debug Enable : 1
   size         : 110000
   average_time :    1.773 # [msec]
   throughput   :   62.047 # [mwords/sec]
   Debug_Time(0):    3.457 # [msec]
   Debug_Time(1):    2.866 # [msec]
   Debug_Time(2):    0.592 # [msec]
-
   Version      : 1.7
   Ways         : 32
   Words        : 2
   Feedback     : 2
   WordBits     : 32
   IndexBits    : 32
   Sort Order   : 0
   Sign Compare : 0
   Max Size     : 268435455
   Debug Enable : 1
   size         : 115000
   average_time :    1.884 # [msec]
   throughput   :   61.039 # [mwords/sec]
   Debug_Time(0):    3.730 # [msec]
   Debug_Time(1):    3.107 # [msec]
   Debug_Time(2):    0.623 # [msec]
-
   Version      : 1.7
   Ways         : 32
   Words        : 2
   Feedback     : 2
   WordBits     : 32
   IndexBits    : 32
   Sort Order   : 0
   Sign Compare : 0
   Max Size     : 268435455
   Debug Enable : 1
   size         : 120000
   average_time :    1.892 # [msec]
   throughput   :   63.419 # [mwords/sec]
   Debug_Time(0):    3.765 # [msec]
   Debug_Time(1):    3.119 # [msec]
   Debug_Time(2):    0.646 # [msec]
-
   Version      : 1.7
   Ways         : 32
   Words        : 2
   Feedback     : 2
   WordBits     : 32
   IndexBits    : 32
   Sort Order   : 0
   Sign Compare : 0
   Max Size     : 268435455
   Debug Enable : 1
   size         : 125000
   average_time :    2.014 # [msec]
   throughput   :   62.053 # [mwords/sec]
   Debug_Time(0):    4.034 # [msec]
   Debug_Time(1):    3.361 # [msec]
   Debug_Time(2):    0.674 # [msec]
-
   Version      : 1.7
   Ways         : 32
   Words        : 2
   Feedback     : 2
   WordBits     : 32
   IndexBits    : 32
   Sort Order   : 0
   Sign Compare : 0
   Max Size     : 268435455
   Debug Enable : 1
   size         : 130000
   average_time :    2.091 # [msec]
   throughput   :   62.174 # [mwords/sec]
   Debug_Time(0):    4.200 # [msec]
   Debug_Time(1):    3.500 # [msec]
   Debug_Time(2):    0.700 # [msec]
-
   Version      : 1.7
   Ways         : 32
   Words        : 2
   Feedback     : 2
   WordBits     : 32
   IndexBits    : 32
   Sort Order   : 0
   Sign Compare : 0
   Max Size     : 268435455
   Debug Enable : 1
   size         : 135000
   average_time :    2.610 # [msec]
   throughput   :   51.724 # [mwords/sec]
   Debug_Time(0):    5.328 # [msec]
   Debug_Time(1):    4.578 # [msec]
   Debug_Time(2):    0.750 # [msec]
-
   Version      : 1.7
   Ways         : 32
   Words        : 2
   Feedback     : 2
   WordBits     : 32
   IndexBits    : 32
   Sort Order   : 0
   Sign Compare : 0
   Max Size     : 268435455
   Debug Enable : 1
   size         : 140000
   average_time :    2.698 # [msec]
   throughput   :   51.893 # [mwords/sec]
   Debug_Time(0):    5.507 # [msec]
   Debug_Time(1):    4.723 # [msec]
   Debug_Time(2):    0.784 # [msec]
-
   Version      : 1.7
   Ways         : 32
   Words        : 2
   Feedback     : 2
   WordBits     : 32
   IndexBits    : 32
   Sort Order   : 0
   Sign Compare : 0
   Max Size     : 268435455
   Debug Enable : 1
   size         : 145000
   average_time :    2.798 # [msec]
   throughput   :   51.827 # [mwords/sec]
   Debug_Time(0):    5.667 # [msec]
   Debug_Time(1):    4.853 # [msec]
   Debug_Time(2):    0.813 # [msec]
-
   Version      : 1.7
   Ways         : 32
   Words        : 2
   Feedback     : 2
   WordBits     : 32
   IndexBits    : 32
   Sort Order   : 0
   Sign Compare : 0
   Max Size     : 268435455
   Debug Enable : 1
   size         : 150000
   average_time :    2.814 # [msec]
   throughput   :   53.299 # [mwords/sec]
   Debug_Time(0):    5.748 # [msec]
   Debug_Time(1):    4.905 # [msec]
   Debug_Time(2):    0.843 # [msec]
-
   Version      : 1.7
   Ways         : 32
   Words        : 2
   Feedback     : 2
   WordBits     : 32
   IndexBits    : 32
   Sort Order   : 0
   Sign Compare : 0
   Max Size     : 268435455
   Debug Enable : 1
   size         : 155000
   average_time :    2.860 # [msec]
   throughput   :   54.188 # [mwords/sec]
   Debug_Time(0):    5.848 # [msec]
   Debug_Time(1):    4.982 # [msec]
   Debug_Time(2):    0.866 # [msec]
-
   Version      : 1.7
   Ways         : 32
   Words        : 2
   Feedback     : 2
   WordBits     : 32
   IndexBits    : 32
   Sort Order   : 0
   Sign Compare : 0
   Max Size     : 268435455
   Debug Enable : 1
   size         : 160000
   average_time :    2.921 # [msec]
   throughput   :   54.782 # [mwords/sec]
   Debug_Time(0):    5.983 # [msec]
   Debug_Time(1):    5.090 # [msec]
   Debug_Time(2):    0.893 # [msec]
-
   Version      : 1.7
   Ways         : 32
   Words        : 2
   Feedback     : 2
   WordBits     : 32
   IndexBits    : 32
   Sort Order   : 0
   Sign Compare : 0
   Max Size     : 268435455
   Debug Enable : 1
   size         : 165000
   average_time :    2.956 # [msec]
   throughput   :   55.813 # [mwords/sec]
   Debug_Time(0):    6.056 # [msec]
   Debug_Time(1):    5.136 # [msec]
   Debug_Time(2):    0.920 # [msec]
-
   Version      : 1.7
   Ways         : 32
   Words        : 2
   Feedback     : 2
   WordBits     : 32
   IndexBits    : 32
   Sort Order   : 0
   Sign Compare : 0
   Max Size     : 268435455
   Debug Enable : 1
   size         : 170000
   average_time :    3.012 # [msec]
   throughput   :   56.435 # [mwords/sec]
   Debug_Time(0):    6.171 # [msec]
   Debug_Time(1):    5.223 # [msec]
   Debug_Time(2):    0.948 # [msec]
-
   Version      : 1.7
   Ways         : 32
   Words        : 2
   Feedback     : 2
   WordBits     : 32
   IndexBits    : 32
   Sort Order   : 0
   Sign Compare : 0
   Max Size     : 268435455
   Debug Enable : 1
   size         : 175000
   average_time :    3.065 # [msec]
   throughput   :   57.100 # [mwords/sec]
   Debug_Time(0):    6.278 # [msec]
   Debug_Time(1):    5.305 # [msec]
   Debug_Time(2):    0.972 # [msec]
-
   Version      : 1.7
   Ways         : 32
   Words        : 2
   Feedback     : 2
   WordBits     : 32
   IndexBits    : 32
   Sort Order   : 0
   Sign Compare : 0
   Max Size     : 268435455
   Debug Enable : 1
   size         : 180000
   average_time :    3.153 # [msec]
   throughput   :   57.093 # [mwords/sec]
   Debug_Time(0):    6.376 # [msec]
   Debug_Time(1):    5.380 # [msec]
   Debug_Time(2):    0.996 # [msec]
-
   Version      : 1.7
   Ways         : 32
   Words        : 2
   Feedback     : 2
   WordBits     : 32
   IndexBits    : 32
   Sort Order   : 0
   Sign Compare : 0
   Max Size     : 268435455
   Debug Enable : 1
   size         : 185000
   average_time :    3.170 # [msec]
   throughput   :   58.359 # [mwords/sec]
   Debug_Time(0):    6.456 # [msec]
   Debug_Time(1):    5.438 # [msec]
   Debug_Time(2):    1.018 # [msec]
-
   Version      : 1.7
   Ways         : 32
   Words        : 2
   Feedback     : 2
   WordBits     : 32
   IndexBits    : 32
   Sort Order   : 0
   Sign Compare : 0
   Max Size     : 268435455
   Debug Enable : 1
   size         : 190000
   average_time :    3.202 # [msec]
   throughput   :   59.338 # [mwords/sec]
   Debug_Time(0):    6.536 # [msec]
   Debug_Time(1):    5.490 # [msec]
   Debug_Time(2):    1.046 # [msec]
-
   Version      : 1.7
   Ways         : 32
   Words        : 2
   Feedback     : 2
   WordBits     : 32
   IndexBits    : 32
   Sort Order   : 0
   Sign Compare : 0
   Max Size     : 268435455
   Debug Enable : 1
   size         : 195000
   average_time :    3.274 # [msec]
   throughput   :   59.558 # [mwords/sec]
   Debug_Time(0):    6.654 # [msec]
   Debug_Time(1):    5.580 # [msec]
   Debug_Time(2):    1.075 # [msec]
-
   Version      : 1.7
   Ways         : 32
   Words        : 2
   Feedback     : 2
   WordBits     : 32
   IndexBits    : 32
   Sort Order   : 0
   Sign Compare : 0
   Max Size     : 268435455
   Debug Enable : 1
   size         : 200000
   average_time :    3.761 # [msec]
   throughput   :   53.174 # [mwords/sec]
   Debug_Time(0):    7.678 # [msec]
   Debug_Time(1):    6.581 # [msec]
   Debug_Time(2):    1.097 # [msec]
-
   Version      : 1.7
   Ways         : 32
   Words        : 2
   Feedback     : 2
   WordBits     : 32
   IndexBits    : 32
   Sort Order   : 0
   Sign Compare : 0
   Max Size     : 268435455
   Debug Enable : 1
   size         : 205000
   average_time :    3.806 # [msec]
   throughput   :   53.856 # [mwords/sec]
   Debug_Time(0):    7.767 # [msec]
   Debug_Time(1):    6.639 # [msec]
   Debug_Time(2):    1.129 # [msec]
-
   Version      : 1.7
   Ways         : 32
   Words        : 2
   Feedback     : 2
   WordBits     : 32
   IndexBits    : 32
   Sort Order   : 0
   Sign Compare : 0
   Max Size     : 268435455
   Debug Enable : 1
   size         : 210000
   average_time :    3.848 # [msec]
   throughput   :   54.570 # [mwords/sec]
   Debug_Time(0):    7.856 # [msec]
   Debug_Time(1):    6.699 # [msec]
   Debug_Time(2):    1.157 # [msec]
-
   Version      : 1.7
   Ways         : 32
   Words        : 2
   Feedback     : 2
   WordBits     : 32
   IndexBits    : 32
   Sort Order   : 0
   Sign Compare : 0
   Max Size     : 268435455
   Debug Enable : 1
   size         : 215000
   average_time :    3.900 # [msec]
   throughput   :   55.123 # [mwords/sec]
   Debug_Time(0):    7.962 # [msec]
   Debug_Time(1):    6.778 # [msec]
   Debug_Time(2):    1.184 # [msec]
-
   Version      : 1.7
   Ways         : 32
   Words        : 2
   Feedback     : 2
   WordBits     : 32
   IndexBits    : 32
   Sort Order   : 0
   Sign Compare : 0
   Max Size     : 268435455
   Debug Enable : 1
   size         : 220000
   average_time :    3.948 # [msec]
   throughput   :   55.726 # [mwords/sec]
   Debug_Time(0):    8.045 # [msec]
   Debug_Time(1):    6.815 # [msec]
   Debug_Time(2):    1.230 # [msec]
-
   Version      : 1.7
   Ways         : 32
   Words        : 2
   Feedback     : 2
   WordBits     : 32
   IndexBits    : 32
   Sort Order   : 0
   Sign Compare : 0
   Max Size     : 268435455
   Debug Enable : 1
   size         : 225000
   average_time :    3.995 # [msec]
   throughput   :   56.314 # [mwords/sec]
   Debug_Time(0):    8.131 # [msec]
   Debug_Time(1):    6.893 # [msec]
   Debug_Time(2):    1.239 # [msec]
-
   Version      : 1.7
   Ways         : 32
   Words        : 2
   Feedback     : 2
   WordBits     : 32
   IndexBits    : 32
   Sort Order   : 0
   Sign Compare : 0
   Max Size     : 268435455
   Debug Enable : 1
   size         : 230000
   average_time :    4.039 # [msec]
   throughput   :   56.945 # [mwords/sec]
   Debug_Time(0):    8.264 # [msec]
   Debug_Time(1):    6.967 # [msec]
   Debug_Time(2):    1.297 # [msec]
-
   Version      : 1.7
   Ways         : 32
   Words        : 2
   Feedback     : 2
   WordBits     : 32
   IndexBits    : 32
   Sort Order   : 0
   Sign Compare : 0
   Max Size     : 268435455
   Debug Enable : 1
   size         : 235000
   average_time :    4.101 # [msec]
   throughput   :   57.309 # [mwords/sec]
   Debug_Time(0):    8.369 # [msec]
   Debug_Time(1):    7.046 # [msec]
   Debug_Time(2):    1.323 # [msec]
-
   Version      : 1.7
   Ways         : 32
   Words        : 2
   Feedback     : 2
   WordBits     : 32
   IndexBits    : 32
   Sort Order   : 0
   Sign Compare : 0
   Max Size     : 268435455
   Debug Enable : 1
   size         : 240000
   average_time :    4.125 # [msec]
   throughput   :   58.175 # [mwords/sec]
   Debug_Time(0):    8.427 # [msec]
   Debug_Time(1):    7.075 # [msec]
   Debug_Time(2):    1.351 # [msec]
-
   Version      : 1.7
   Ways         : 32
   Words        : 2
   Feedback     : 2
   WordBits     : 32
   IndexBits    : 32
   Sort Order   : 0
   Sign Compare : 0
   Max Size     : 268435455
   Debug Enable : 1
   size         : 245000
   average_time :    4.165 # [msec]
   throughput   :   58.829 # [mwords/sec]
   Debug_Time(0):    8.539 # [msec]
   Debug_Time(1):    7.168 # [msec]
   Debug_Time(2):    1.371 # [msec]
-
   Version      : 1.7
   Ways         : 32
   Words        : 2
   Feedback     : 2
   WordBits     : 32
   IndexBits    : 32
   Sort Order   : 0
   Sign Compare : 0
   Max Size     : 268435455
   Debug Enable : 1
   size         : 250000
   average_time :    4.213 # [msec]
   throughput   :   59.335 # [mwords/sec]
   Debug_Time(0):    8.547 # [msec]
   Debug_Time(1):    7.188 # [msec]
   Debug_Time(2):    1.359 # [msec]
-
   Version      : 1.7
   Ways         : 32
   Words        : 2
   Feedback     : 2
   WordBits     : 32
   IndexBits    : 32
   Sort Order   : 0
   Sign Compare : 0
   Max Size     : 268435455
   Debug Enable : 1
   size         : 255000
   average_time :    4.256 # [msec]
   throughput   :   59.918 # [mwords/sec]
   Debug_Time(0):    8.773 # [msec]
   Debug_Time(1):    7.348 # [msec]
   Debug_Time(2):    1.425 # [msec]
-
   Version      : 1.7
   Ways         : 32
   Words        : 2
   Feedback     : 2
   WordBits     : 32
   IndexBits    : 32
   Sort Order   : 0
   Sign Compare : 0
   Max Size     : 268435455
   Debug Enable : 1
   size         : 260000
   average_time :    4.309 # [msec]
   throughput   :   60.336 # [mwords/sec]
   Debug_Time(0):    8.860 # [msec]
   Debug_Time(1):    7.411 # [msec]
   Debug_Time(2):    1.449 # [msec]
-
   Version      : 1.7
   Ways         : 32
   Words        : 2
   Feedback     : 2
   WordBits     : 32
   IndexBits    : 32
   Sort Order   : 0
   Sign Compare : 0
   Max Size     : 268435455
   Debug Enable : 1
   size         : 265000
   average_time :    4.809 # [msec]
   throughput   :   55.106 # [mwords/sec]
   Debug_Time(0):    9.766 # [msec]
   Debug_Time(1):    8.240 # [msec]
   Debug_Time(2):    1.526 # [msec]
-
   Version      : 1.7
   Ways         : 32
   Words        : 2
   Feedback     : 2
   WordBits     : 32
   IndexBits    : 32
   Sort Order   : 0
   Sign Compare : 0
   Max Size     : 268435455
   Debug Enable : 1
   size         : 270000
   average_time :    4.861 # [msec]
   throughput   :   55.541 # [mwords/sec]
   Debug_Time(0):    9.889 # [msec]
   Debug_Time(1):    8.310 # [msec]
   Debug_Time(2):    1.578 # [msec]
-
   Version      : 1.7
   Ways         : 32
   Words        : 2
   Feedback     : 2
   WordBits     : 32
   IndexBits    : 32
   Sort Order   : 0
   Sign Compare : 0
   Max Size     : 268435455
   Debug Enable : 1
   size         : 275000
   average_time :    4.899 # [msec]
   throughput   :   56.135 # [mwords/sec]
   Debug_Time(0):    9.992 # [msec]
   Debug_Time(1):    8.402 # [msec]
   Debug_Time(2):    1.590 # [msec]
-
   Version      : 1.7
   Ways         : 32
   Words        : 2
   Feedback     : 2
   WordBits     : 32
   IndexBits    : 32
   Sort Order   : 0
   Sign Compare : 0
   Max Size     : 268435455
   Debug Enable : 1
   size         : 280000
   average_time :    4.942 # [msec]
   throughput   :   56.654 # [mwords/sec]
   Debug_Time(0):   10.131 # [msec]
   Debug_Time(1):    8.444 # [msec]
   Debug_Time(2):    1.687 # [msec]
-
   Version      : 1.7
   Ways         : 32
   Words        : 2
   Feedback     : 2
   WordBits     : 32
   IndexBits    : 32
   Sort Order   : 0
   Sign Compare : 0
   Max Size     : 268435455
   Debug Enable : 1
   size         : 285000
   average_time :    4.988 # [msec]
   throughput   :   57.135 # [mwords/sec]
   Debug_Time(0):   10.125 # [msec]
   Debug_Time(1):    8.482 # [msec]
   Debug_Time(2):    1.643 # [msec]
-
   Version      : 1.7
   Ways         : 32
   Words        : 2
   Feedback     : 2
   WordBits     : 32
   IndexBits    : 32
   Sort Order   : 0
   Sign Compare : 0
   Max Size     : 268435455
   Debug Enable : 1
   size         : 290000
   average_time :    5.024 # [msec]
   throughput   :   57.719 # [mwords/sec]
   Debug_Time(0):   10.318 # [msec]
   Debug_Time(1):    8.604 # [msec]
   Debug_Time(2):    1.714 # [msec]
-
   Version      : 1.7
   Ways         : 32
   Words        : 2
   Feedback     : 2
   WordBits     : 32
   IndexBits    : 32
   Sort Order   : 0
   Sign Compare : 0
   Max Size     : 268435455
   Debug Enable : 1
   size         : 295000
   average_time :    5.063 # [msec]
   throughput   :   58.261 # [mwords/sec]
   Debug_Time(0):   10.405 # [msec]
   Debug_Time(1):    8.666 # [msec]
   Debug_Time(2):    1.739 # [msec]
-
   Version      : 1.7
   Ways         : 32
   Words        : 2
   Feedback     : 2
   WordBits     : 32
   IndexBits    : 32
   Sort Order   : 0
   Sign Compare : 0
   Max Size     : 268435455
   Debug Enable : 1
   size         : 300000
   average_time :    5.100 # [msec]
   throughput   :   58.827 # [mwords/sec]
   Debug_Time(0):   10.447 # [msec]
   Debug_Time(1):    8.673 # [msec]
   Debug_Time(2):    1.774 # [msec]
-
   Version      : 1.7
   Ways         : 32
   Words        : 2
   Feedback     : 2
   WordBits     : 32
   IndexBits    : 32
   Sort Order   : 0
   Sign Compare : 0
   Max Size     : 268435455
   Debug Enable : 1
   size         : 305000
   average_time :    5.150 # [msec]
   throughput   :   59.226 # [mwords/sec]
   Debug_Time(0):   10.380 # [msec]
   Debug_Time(1):    8.601 # [msec]
   Debug_Time(2):    1.779 # [msec]
-
   Version      : 1.7
   Ways         : 32
   Words        : 2
   Feedback     : 2
   WordBits     : 32
   IndexBits    : 32
   Sort Order   : 0
   Sign Compare : 0
   Max Size     : 268435455
   Debug Enable : 1
   size         : 310000
   average_time :    5.162 # [msec]
   throughput   :   60.057 # [mwords/sec]
   Debug_Time(0):   10.430 # [msec]
   Debug_Time(1):    8.619 # [msec]
   Debug_Time(2):    1.811 # [msec]
-
   Version      : 1.7
   Ways         : 32
   Words        : 2
   Feedback     : 2
   WordBits     : 32
   IndexBits    : 32
   Sort Order   : 0
   Sign Compare : 0
   Max Size     : 268435455
   Debug Enable : 1
   size         : 315000
   average_time :    5.221 # [msec]
   throughput   :   60.329 # [mwords/sec]
   Debug_Time(0):   10.537 # [msec]
   Debug_Time(1):    8.712 # [msec]
   Debug_Time(2):    1.825 # [msec]
-
   Version      : 1.7
   Ways         : 32
   Words        : 2
   Feedback     : 2
   WordBits     : 32
   IndexBits    : 32
   Sort Order   : 0
   Sign Compare : 0
   Max Size     : 268435455
   Debug Enable : 1
   size         : 320000
   average_time :    5.253 # [msec]
   throughput   :   60.920 # [mwords/sec]
   Debug_Time(0):   10.721 # [msec]
   Debug_Time(1):    8.857 # [msec]
   Debug_Time(2):    1.864 # [msec]
-
   Version      : 1.7
   Ways         : 32
   Words        : 2
   Feedback     : 2
   WordBits     : 32
   IndexBits    : 32
   Sort Order   : 0
   Sign Compare : 0
   Max Size     : 268435455
   Debug Enable : 1
   size         : 325000
   average_time :    5.303 # [msec]
   throughput   :   61.292 # [mwords/sec]
   Debug_Time(0):   10.759 # [msec]
   Debug_Time(1):    8.870 # [msec]
   Debug_Time(2):    1.889 # [msec]
-
   Version      : 1.7
   Ways         : 32
   Words        : 2
   Feedback     : 2
   WordBits     : 32
   IndexBits    : 32
   Sort Order   : 0
   Sign Compare : 0
   Max Size     : 268435455
   Debug Enable : 1
   size         : 330000
   average_time :    5.784 # [msec]
   throughput   :   57.051 # [mwords/sec]
   Debug_Time(0):   12.116 # [msec]
   Debug_Time(1):   10.204 # [msec]
   Debug_Time(2):    1.912 # [msec]
-
   Version      : 1.7
   Ways         : 32
   Words        : 2
   Feedback     : 2
   WordBits     : 32
   IndexBits    : 32
   Sort Order   : 0
   Sign Compare : 0
   Max Size     : 268435455
   Debug Enable : 1
   size         : 335000
   average_time :    5.821 # [msec]
   throughput   :   57.551 # [mwords/sec]
   Debug_Time(0):   12.163 # [msec]
   Debug_Time(1):   10.212 # [msec]
   Debug_Time(2):    1.952 # [msec]
-
   Version      : 1.7
   Ways         : 32
   Words        : 2
   Feedback     : 2
   WordBits     : 32
   IndexBits    : 32
   Sort Order   : 0
   Sign Compare : 0
   Max Size     : 268435455
   Debug Enable : 1
   size         : 340000
   average_time :    5.871 # [msec]
   throughput   :   57.909 # [mwords/sec]
   Debug_Time(0):   12.273 # [msec]
   Debug_Time(1):   10.304 # [msec]
   Debug_Time(2):    1.969 # [msec]
-
   Version      : 1.7
   Ways         : 32
   Words        : 2
   Feedback     : 2
   WordBits     : 32
   IndexBits    : 32
   Sort Order   : 0
   Sign Compare : 0
   Max Size     : 268435455
   Debug Enable : 1
   size         : 345000
   average_time :    5.883 # [msec]
   throughput   :   58.644 # [mwords/sec]
   Debug_Time(0):   12.298 # [msec]
   Debug_Time(1):   10.290 # [msec]
   Debug_Time(2):    2.008 # [msec]
-
   Version      : 1.7
   Ways         : 32
   Words        : 2
   Feedback     : 2
   WordBits     : 32
   IndexBits    : 32
   Sort Order   : 0
   Sign Compare : 0
   Max Size     : 268435455
   Debug Enable : 1
   size         : 350000
   average_time :    5.934 # [msec]
   throughput   :   58.977 # [mwords/sec]
   Debug_Time(0):   12.404 # [msec]
   Debug_Time(1):   10.368 # [msec]
   Debug_Time(2):    2.036 # [msec]
-
   Version      : 1.7
   Ways         : 32
   Words        : 2
   Feedback     : 2
   WordBits     : 32
   IndexBits    : 32
   Sort Order   : 0
   Sign Compare : 0
   Max Size     : 268435455
   Debug Enable : 1
   size         : 355000
   average_time :    5.973 # [msec]
   throughput   :   59.430 # [mwords/sec]
   Debug_Time(0):   12.459 # [msec]
   Debug_Time(1):   10.345 # [msec]
   Debug_Time(2):    2.114 # [msec]
-
   Version      : 1.7
   Ways         : 32
   Words        : 2
   Feedback     : 2
   WordBits     : 32
   IndexBits    : 32
   Sort Order   : 0
   Sign Compare : 0
   Max Size     : 268435455
   Debug Enable : 1
   size         : 360000
   average_time :    6.011 # [msec]
   throughput   :   59.887 # [mwords/sec]
   Debug_Time(0):   12.668 # [msec]
   Debug_Time(1):   10.587 # [msec]
   Debug_Time(2):    2.081 # [msec]
-
   Version      : 1.7
   Ways         : 32
   Words        : 2
   Feedback     : 2
   WordBits     : 32
   IndexBits    : 32
   Sort Order   : 0
   Sign Compare : 0
   Max Size     : 268435455
   Debug Enable : 1
   size         : 365000
   average_time :    6.056 # [msec]
   throughput   :   60.271 # [mwords/sec]
   Debug_Time(0):   12.749 # [msec]
   Debug_Time(1):   10.643 # [msec]
   Debug_Time(2):    2.106 # [msec]
-
   Version      : 1.7
   Ways         : 32
   Words        : 2
   Feedback     : 2
   WordBits     : 32
   IndexBits    : 32
   Sort Order   : 0
   Sign Compare : 0
   Max Size     : 268435455
   Debug Enable : 1
   size         : 370000
   average_time :    6.095 # [msec]
   throughput   :   60.702 # [mwords/sec]
   Debug_Time(0):   12.869 # [msec]
   Debug_Time(1):   10.717 # [msec]
   Debug_Time(2):    2.152 # [msec]
-
   Version      : 1.7
   Ways         : 32
   Words        : 2
   Feedback     : 2
   WordBits     : 32
   IndexBits    : 32
   Sort Order   : 0
   Sign Compare : 0
   Max Size     : 268435455
   Debug Enable : 1
   size         : 375000
   average_time :    6.136 # [msec]
   throughput   :   61.113 # [mwords/sec]
   Debug_Time(0):   12.892 # [msec]
   Debug_Time(1):   10.745 # [msec]
   Debug_Time(2):    2.147 # [msec]
-
   Version      : 1.7
   Ways         : 32
   Words        : 2
   Feedback     : 2
   WordBits     : 32
   IndexBits    : 32
   Sort Order   : 0
   Sign Compare : 0
   Max Size     : 268435455
   Debug Enable : 1
   size         : 380000
   average_time :    6.157 # [msec]
   throughput   :   61.722 # [mwords/sec]
   Debug_Time(0):   12.864 # [msec]
   Debug_Time(1):   10.684 # [msec]
   Debug_Time(2):    2.181 # [msec]
-
   Version      : 1.7
   Ways         : 32
   Words        : 2
   Feedback     : 2
   WordBits     : 32
   IndexBits    : 32
   Sort Order   : 0
   Sign Compare : 0
   Max Size     : 268435455
   Debug Enable : 1
   size         : 385000
   average_time :    6.209 # [msec]
   throughput   :   62.011 # [mwords/sec]
   Debug_Time(0):   13.016 # [msec]
   Debug_Time(1):   10.792 # [msec]
   Debug_Time(2):    2.224 # [msec]
-
   Version      : 1.7
   Ways         : 32
   Words        : 2
   Feedback     : 2
   WordBits     : 32
   IndexBits    : 32
   Sort Order   : 0
   Sign Compare : 0
   Max Size     : 268435455
   Debug Enable : 1
   size         : 390000
   average_time :    6.254 # [msec]
   throughput   :   62.356 # [mwords/sec]
   Debug_Time(0):   13.191 # [msec]
   Debug_Time(1):   10.938 # [msec]
   Debug_Time(2):    2.252 # [msec]
-
   Version      : 1.7
   Ways         : 32
   Words        : 2
   Feedback     : 2
   WordBits     : 32
   IndexBits    : 32
   Sort Order   : 0
   Sign Compare : 0
   Max Size     : 268435455
   Debug Enable : 1
   size         : 395000
   average_time :    6.280 # [msec]
   throughput   :   62.902 # [mwords/sec]
   Debug_Time(0):   13.219 # [msec]
   Debug_Time(1):   10.951 # [msec]
   Debug_Time(2):    2.268 # [msec]
-
   Version      : 1.7
   Ways         : 32
   Words        : 2
   Feedback     : 2
   WordBits     : 32
   IndexBits    : 32
   Sort Order   : 0
   Sign Compare : 0
   Max Size     : 268435455
   Debug Enable : 1
   size         : 400000
   average_time :    6.764 # [msec]
   throughput   :   59.134 # [mwords/sec]
   Debug_Time(0):   14.236 # [msec]
   Debug_Time(1):   11.901 # [msec]
   Debug_Time(2):    2.336 # [msec]
-
   Version      : 1.7
   Ways         : 32
   Words        : 2
   Feedback     : 2
   WordBits     : 32
   IndexBits    : 32
   Sort Order   : 0
   Sign Compare : 0
   Max Size     : 268435455
   Debug Enable : 1
   size         : 405000
   average_time :    6.798 # [msec]
   throughput   :   59.578 # [mwords/sec]
   Debug_Time(0):   14.307 # [msec]
   Debug_Time(1):   11.972 # [msec]
   Debug_Time(2):    2.335 # [msec]
-
   Version      : 1.7
   Ways         : 32
   Words        : 2
   Feedback     : 2
   WordBits     : 32
   IndexBits    : 32
   Sort Order   : 0
   Sign Compare : 0
   Max Size     : 268435455
   Debug Enable : 1
   size         : 410000
   average_time :    6.845 # [msec]
   throughput   :   59.900 # [mwords/sec]
   Debug_Time(0):   14.475 # [msec]
   Debug_Time(1):   12.098 # [msec]
   Debug_Time(2):    2.377 # [msec]
-
   Version      : 1.7
   Ways         : 32
   Words        : 2
   Feedback     : 2
   WordBits     : 32
   IndexBits    : 32
   Sort Order   : 0
   Sign Compare : 0
   Max Size     : 268435455
   Debug Enable : 1
   size         : 415000
   average_time :    6.892 # [msec]
   throughput   :   60.216 # [mwords/sec]
   Debug_Time(0):   14.605 # [msec]
   Debug_Time(1):   12.226 # [msec]
   Debug_Time(2):    2.379 # [msec]
-
   Version      : 1.7
   Ways         : 32
   Words        : 2
   Feedback     : 2
   WordBits     : 32
   IndexBits    : 32
   Sort Order   : 0
   Sign Compare : 0
   Max Size     : 268435455
   Debug Enable : 1
   size         : 420000
   average_time :    6.923 # [msec]
   throughput   :   60.669 # [mwords/sec]
   Debug_Time(0):   14.666 # [msec]
   Debug_Time(1):   12.229 # [msec]
   Debug_Time(2):    2.437 # [msec]
-
   Version      : 1.7
   Ways         : 32
   Words        : 2
   Feedback     : 2
   WordBits     : 32
   IndexBits    : 32
   Sort Order   : 0
   Sign Compare : 0
   Max Size     : 268435455
   Debug Enable : 1
   size         : 425000
   average_time :    6.963 # [msec]
   throughput   :   61.040 # [mwords/sec]
   Debug_Time(0):   14.706 # [msec]
   Debug_Time(1):   12.271 # [msec]
   Debug_Time(2):    2.434 # [msec]
-
   Version      : 1.7
   Ways         : 32
   Words        : 2
   Feedback     : 2
   WordBits     : 32
   IndexBits    : 32
   Sort Order   : 0
   Sign Compare : 0
   Max Size     : 268435455
   Debug Enable : 1
   size         : 430000
   average_time :    7.010 # [msec]
   throughput   :   61.338 # [mwords/sec]
   Debug_Time(0):   14.692 # [msec]
   Debug_Time(1):   12.233 # [msec]
   Debug_Time(2):    2.460 # [msec]
-
   Version      : 1.7
   Ways         : 32
   Words        : 2
   Feedback     : 2
   WordBits     : 32
   IndexBits    : 32
   Sort Order   : 0
   Sign Compare : 0
   Max Size     : 268435455
   Debug Enable : 1
   size         : 435000
   average_time :    7.041 # [msec]
   throughput   :   61.780 # [mwords/sec]
   Debug_Time(0):   14.727 # [msec]
   Debug_Time(1):   12.236 # [msec]
   Debug_Time(2):    2.491 # [msec]
-
   Version      : 1.7
   Ways         : 32
   Words        : 2
   Feedback     : 2
   WordBits     : 32
   IndexBits    : 32
   Sort Order   : 0
   Sign Compare : 0
   Max Size     : 268435455
   Debug Enable : 1
   size         : 440000
   average_time :    7.090 # [msec]
   throughput   :   62.061 # [mwords/sec]
   Debug_Time(0):   14.982 # [msec]
   Debug_Time(1):   12.444 # [msec]
   Debug_Time(2):    2.538 # [msec]
-
   Version      : 1.7
   Ways         : 32
   Words        : 2
   Feedback     : 2
   WordBits     : 32
   IndexBits    : 32
   Sort Order   : 0
   Sign Compare : 0
   Max Size     : 268435455
   Debug Enable : 1
   size         : 445000
   average_time :    7.116 # [msec]
   throughput   :   62.537 # [mwords/sec]
   Debug_Time(0):   15.047 # [msec]
   Debug_Time(1):   12.491 # [msec]
   Debug_Time(2):    2.556 # [msec]
-
   Version      : 1.7
   Ways         : 32
   Words        : 2
   Feedback     : 2
   WordBits     : 32
   IndexBits    : 32
   Sort Order   : 0
   Sign Compare : 0
   Max Size     : 268435455
   Debug Enable : 1
   size         : 450000
   average_time :    7.151 # [msec]
   throughput   :   62.928 # [mwords/sec]
   Debug_Time(0):   15.047 # [msec]
   Debug_Time(1):   12.469 # [msec]
   Debug_Time(2):    2.578 # [msec]
-
   Version      : 1.7
   Ways         : 32
   Words        : 2
   Feedback     : 2
   WordBits     : 32
   IndexBits    : 32
   Sort Order   : 0
   Sign Compare : 0
   Max Size     : 268435455
   Debug Enable : 1
   size         : 455000
   average_time :    7.172 # [msec]
   throughput   :   63.442 # [mwords/sec]
   Debug_Time(0):   15.063 # [msec]
   Debug_Time(1):   12.454 # [msec]
   Debug_Time(2):    2.609 # [msec]
-
   Version      : 1.7
   Ways         : 32
   Words        : 2
   Feedback     : 2
   WordBits     : 32
   IndexBits    : 32
   Sort Order   : 0
   Sign Compare : 0
   Max Size     : 268435455
   Debug Enable : 1
   size         : 460000
   average_time :    7.240 # [msec]
   throughput   :   63.537 # [mwords/sec]
   Debug_Time(0):   15.116 # [msec]
   Debug_Time(1):   12.481 # [msec]
   Debug_Time(2):    2.635 # [msec]
-
   Version      : 1.7
   Ways         : 32
   Words        : 2
   Feedback     : 2
   WordBits     : 32
   IndexBits    : 32
   Sort Order   : 0
   Sign Compare : 0
   Max Size     : 268435455
   Debug Enable : 1
   size         : 465000
   average_time :    7.712 # [msec]
   throughput   :   60.294 # [mwords/sec]
   Debug_Time(0):   16.283 # [msec]
   Debug_Time(1):   13.611 # [msec]
   Debug_Time(2):    2.673 # [msec]
-
   Version      : 1.7
   Ways         : 32
   Words        : 2
   Feedback     : 2
   WordBits     : 32
   IndexBits    : 32
   Sort Order   : 0
   Sign Compare : 0
   Max Size     : 268435455
   Debug Enable : 1
   size         : 470000
   average_time :    7.757 # [msec]
   throughput   :   60.587 # [mwords/sec]
   Debug_Time(0):   16.384 # [msec]
   Debug_Time(1):   13.696 # [msec]
   Debug_Time(2):    2.689 # [msec]
-
   Version      : 1.7
   Ways         : 32
   Words        : 2
   Feedback     : 2
   WordBits     : 32
   IndexBits    : 32
   Sort Order   : 0
   Sign Compare : 0
   Max Size     : 268435455
   Debug Enable : 1
   size         : 475000
   average_time :    7.794 # [msec]
   throughput   :   60.947 # [mwords/sec]
   Debug_Time(0):   16.466 # [msec]
   Debug_Time(1):   13.733 # [msec]
   Debug_Time(2):    2.733 # [msec]
-
   Version      : 1.7
   Ways         : 32
   Words        : 2
   Feedback     : 2
   WordBits     : 32
   IndexBits    : 32
   Sort Order   : 0
   Sign Compare : 0
   Max Size     : 268435455
   Debug Enable : 1
   size         : 480000
   average_time :    7.805 # [msec]
   throughput   :   61.499 # [mwords/sec]
   Debug_Time(0):   16.660 # [msec]
   Debug_Time(1):   13.873 # [msec]
   Debug_Time(2):    2.787 # [msec]
-
   Version      : 1.7
   Ways         : 32
   Words        : 2
   Feedback     : 2
   WordBits     : 32
   IndexBits    : 32
   Sort Order   : 0
   Sign Compare : 0
   Max Size     : 268435455
   Debug Enable : 1
   size         : 485000
   average_time :    7.859 # [msec]
   throughput   :   61.709 # [mwords/sec]
   Debug_Time(0):   16.650 # [msec]
   Debug_Time(1):   13.879 # [msec]
   Debug_Time(2):    2.771 # [msec]
-
   Version      : 1.7
   Ways         : 32
   Words        : 2
   Feedback     : 2
   WordBits     : 32
   IndexBits    : 32
   Sort Order   : 0
   Sign Compare : 0
   Max Size     : 268435455
   Debug Enable : 1
   size         : 490000
   average_time :    7.893 # [msec]
   throughput   :   62.084 # [mwords/sec]
   Debug_Time(0):   16.777 # [msec]
   Debug_Time(1):   13.966 # [msec]
   Debug_Time(2):    2.811 # [msec]
-
   Version      : 1.7
   Ways         : 32
   Words        : 2
   Feedback     : 2
   WordBits     : 32
   IndexBits    : 32
   Sort Order   : 0
   Sign Compare : 0
   Max Size     : 268435455
   Debug Enable : 1
   size         : 495000
   average_time :    7.950 # [msec]
   throughput   :   62.265 # [mwords/sec]
   Debug_Time(0):   16.939 # [msec]
   Debug_Time(1):   14.063 # [msec]
   Debug_Time(2):    2.876 # [msec]
-
   Version      : 1.7
   Ways         : 32
   Words        : 2
   Feedback     : 2
   WordBits     : 32
   IndexBits    : 32
   Sort Order   : 0
   Sign Compare : 0
   Max Size     : 268435455
   Debug Enable : 1
   size         : 500000
   average_time :    8.007 # [msec]
   throughput   :   62.445 # [mwords/sec]
   Debug_Time(0):   16.896 # [msec]
   Debug_Time(1):   14.025 # [msec]
   Debug_Time(2):    2.870 # [msec]
-
   Version      : 1.7
   Ways         : 32
   Words        : 2
   Feedback     : 2
   WordBits     : 32
   IndexBits    : 32
   Sort Order   : 0
   Sign Compare : 0
   Max Size     : 268435455
   Debug Enable : 1
   size         : 505000
   average_time :    8.049 # [msec]
   throughput   :   62.742 # [mwords/sec]
   Debug_Time(0):   16.995 # [msec]
   Debug_Time(1):   14.095 # [msec]
   Debug_Time(2):    2.901 # [msec]
-
   Version      : 1.7
   Ways         : 32
   Words        : 2
   Feedback     : 2
   WordBits     : 32
   IndexBits    : 32
   Sort Order   : 0
   Sign Compare : 0
   Max Size     : 268435455
   Debug Enable : 1
   size         : 510000
   average_time :    8.071 # [msec]
   throughput   :   63.190 # [mwords/sec]
   Debug_Time(0):   17.033 # [msec]
   Debug_Time(1):   14.107 # [msec]
   Debug_Time(2):    2.927 # [msec]
-
   Version      : 1.7
   Ways         : 32
   Words        : 2
   Feedback     : 2
   WordBits     : 32
   IndexBits    : 32
   Sort Order   : 0
   Sign Compare : 0
   Max Size     : 268435455
   Debug Enable : 1
   size         : 515000
   average_time :    8.111 # [msec]
   throughput   :   63.492 # [mwords/sec]
   Debug_Time(0):   17.151 # [msec]
   Debug_Time(1):   14.202 # [msec]
   Debug_Time(2):    2.950 # [msec]
-
   Version      : 1.7
   Ways         : 32
   Words        : 2
   Feedback     : 2
   WordBits     : 32
   IndexBits    : 32
   Sort Order   : 0
   Sign Compare : 0
   Max Size     : 268435455
   Debug Enable : 1
   size         : 520000
   average_time :    8.141 # [msec]
   throughput   :   63.871 # [mwords/sec]
   Debug_Time(0):   17.246 # [msec]
   Debug_Time(1):   14.247 # [msec]
   Debug_Time(2):    2.999 # [msec]
-
   Version      : 1.7
   Ways         : 32
   Words        : 2
   Feedback     : 2
   WordBits     : 32
   IndexBits    : 32
   Sort Order   : 0
   Sign Compare : 0
   Max Size     : 268435455
   Debug Enable : 1
   size         : 525000
   average_time :    8.207 # [msec]
   throughput   :   63.973 # [mwords/sec]
   Debug_Time(0):   17.412 # [msec]
   Debug_Time(1):   14.378 # [msec]
   Debug_Time(2):    3.035 # [msec]
-
   Version      : 1.7
   Ways         : 32
   Words        : 2
   Feedback     : 2
   WordBits     : 32
   IndexBits    : 32
   Sort Order   : 0
   Sign Compare : 0
   Max Size     : 268435455
   Debug Enable : 1
   size         : 530000
   average_time :    8.715 # [msec]
   throughput   :   60.815 # [mwords/sec]
   Debug_Time(0):   18.462 # [msec]
   Debug_Time(1):   15.339 # [msec]
   Debug_Time(2):    3.123 # [msec]
-
   Version      : 1.7
   Ways         : 32
   Words        : 2
   Feedback     : 2
   WordBits     : 32
   IndexBits    : 32
   Sort Order   : 0
   Sign Compare : 0
   Max Size     : 268435455
   Debug Enable : 1
   size         : 535000
   average_time :    8.754 # [msec]
   throughput   :   61.112 # [mwords/sec]
   Debug_Time(0):   18.578 # [msec]
   Debug_Time(1):   15.424 # [msec]
   Debug_Time(2):    3.154 # [msec]
-
   Version      : 1.7
   Ways         : 32
   Words        : 2
   Feedback     : 2
   WordBits     : 32
   IndexBits    : 32
   Sort Order   : 0
   Sign Compare : 0
   Max Size     : 268435455
   Debug Enable : 1
   size         : 540000
   average_time :    8.789 # [msec]
   throughput   :   61.441 # [mwords/sec]
   Debug_Time(0):   18.681 # [msec]
   Debug_Time(1):   15.494 # [msec]
   Debug_Time(2):    3.187 # [msec]
-
   Version      : 1.7
   Ways         : 32
   Words        : 2
   Feedback     : 2
   WordBits     : 32
   IndexBits    : 32
   Sort Order   : 0
   Sign Compare : 0
   Max Size     : 268435455
   Debug Enable : 1
   size         : 545000
   average_time :    8.820 # [msec]
   throughput   :   61.789 # [mwords/sec]
   Debug_Time(0):   18.803 # [msec]
   Debug_Time(1):   15.555 # [msec]
   Debug_Time(2):    3.248 # [msec]
-
   Version      : 1.7
   Ways         : 32
   Words        : 2
   Feedback     : 2
   WordBits     : 32
   IndexBits    : 32
   Sort Order   : 0
   Sign Compare : 0
   Max Size     : 268435455
   Debug Enable : 1
   size         : 550000
   average_time :    8.866 # [msec]
   throughput   :   62.036 # [mwords/sec]
   Debug_Time(0):   18.826 # [msec]
   Debug_Time(1):   15.557 # [msec]
   Debug_Time(2):    3.269 # [msec]
-
   Version      : 1.7
   Ways         : 32
   Words        : 2
   Feedback     : 2
   WordBits     : 32
   IndexBits    : 32
   Sort Order   : 0
   Sign Compare : 0
   Max Size     : 268435455
   Debug Enable : 1
   size         : 555000
   average_time :    8.917 # [msec]
   throughput   :   62.241 # [mwords/sec]
   Debug_Time(0):   18.911 # [msec]
   Debug_Time(1):   15.607 # [msec]
   Debug_Time(2):    3.304 # [msec]
-
   Version      : 1.7
   Ways         : 32
   Words        : 2
   Feedback     : 2
   WordBits     : 32
   IndexBits    : 32
   Sort Order   : 0
   Sign Compare : 0
   Max Size     : 268435455
   Debug Enable : 1
   size         : 560000
   average_time :    8.937 # [msec]
   throughput   :   62.664 # [mwords/sec]
   Debug_Time(0):   18.980 # [msec]
   Debug_Time(1):   15.643 # [msec]
   Debug_Time(2):    3.336 # [msec]
-
   Version      : 1.7
   Ways         : 32
   Words        : 2
   Feedback     : 2
   WordBits     : 32
   IndexBits    : 32
   Sort Order   : 0
   Sign Compare : 0
   Max Size     : 268435455
   Debug Enable : 1
   size         : 565000
   average_time :    8.959 # [msec]
   throughput   :   63.063 # [mwords/sec]
   Debug_Time(0):   18.962 # [msec]
   Debug_Time(1):   15.610 # [msec]
   Debug_Time(2):    3.352 # [msec]
-
   Version      : 1.7
   Ways         : 32
   Words        : 2
   Feedback     : 2
   WordBits     : 32
   IndexBits    : 32
   Sort Order   : 0
   Sign Compare : 0
   Max Size     : 268435455
   Debug Enable : 1
   size         : 570000
   average_time :    9.022 # [msec]
   throughput   :   63.179 # [mwords/sec]
   Debug_Time(0):   19.073 # [msec]
   Debug_Time(1):   15.698 # [msec]
   Debug_Time(2):    3.376 # [msec]
-
   Version      : 1.7
   Ways         : 32
   Words        : 2
   Feedback     : 2
   WordBits     : 32
   IndexBits    : 32
   Sort Order   : 0
   Sign Compare : 0
   Max Size     : 268435455
   Debug Enable : 1
   size         : 575000
   average_time :    9.083 # [msec]
   throughput   :   63.304 # [mwords/sec]
   Debug_Time(0):   19.286 # [msec]
   Debug_Time(1):   15.893 # [msec]
   Debug_Time(2):    3.393 # [msec]
-
   Version      : 1.7
   Ways         : 32
   Words        : 2
   Feedback     : 2
   WordBits     : 32
   IndexBits    : 32
   Sort Order   : 0
   Sign Compare : 0
   Max Size     : 268435455
   Debug Enable : 1
   size         : 580000
   average_time :    9.115 # [msec]
   throughput   :   63.632 # [mwords/sec]
   Debug_Time(0):   19.370 # [msec]
   Debug_Time(1):   15.931 # [msec]
   Debug_Time(2):    3.440 # [msec]
-
   Version      : 1.7
   Ways         : 32
   Words        : 2
   Feedback     : 2
   WordBits     : 32
   IndexBits    : 32
   Sort Order   : 0
   Sign Compare : 0
   Max Size     : 268435455
   Debug Enable : 1
   size         : 585000
   average_time :    9.149 # [msec]
   throughput   :   63.944 # [mwords/sec]
   Debug_Time(0):   19.475 # [msec]
   Debug_Time(1):   16.024 # [msec]
   Debug_Time(2):    3.451 # [msec]
-
   Version      : 1.7
   Ways         : 32
   Words        : 2
   Feedback     : 2
   WordBits     : 32
   IndexBits    : 32
   Sort Order   : 0
   Sign Compare : 0
   Max Size     : 268435455
   Debug Enable : 1
   size         : 590000
   average_time :    9.208 # [msec]
   throughput   :   64.076 # [mwords/sec]
   Debug_Time(0):   19.413 # [msec]
   Debug_Time(1):   15.934 # [msec]
   Debug_Time(2):    3.479 # [msec]
-
   Version      : 1.7
   Ways         : 32
   Words        : 2
   Feedback     : 2
   WordBits     : 32
   IndexBits    : 32
   Sort Order   : 0
   Sign Compare : 0
   Max Size     : 268435455
   Debug Enable : 1
   size         : 595000
   average_time :    9.649 # [msec]
   throughput   :   61.662 # [mwords/sec]
   Debug_Time(0):   20.559 # [msec]
   Debug_Time(1):   17.058 # [msec]
   Debug_Time(2):    3.500 # [msec]
-
   Version      : 1.7
   Ways         : 32
   Words        : 2
   Feedback     : 2
   WordBits     : 32
   IndexBits    : 32
   Sort Order   : 0
   Sign Compare : 0
   Max Size     : 268435455
   Debug Enable : 1
   size         : 600000
   average_time :    9.700 # [msec]
   throughput   :   61.857 # [mwords/sec]
   Debug_Time(0):   20.636 # [msec]
   Debug_Time(1):   17.141 # [msec]
   Debug_Time(2):    3.494 # [msec]
-
   Version      : 1.7
   Ways         : 32
   Words        : 2
   Feedback     : 2
   WordBits     : 32
   IndexBits    : 32
   Sort Order   : 0
   Sign Compare : 0
   Max Size     : 268435455
   Debug Enable : 1
   size         : 605000
   average_time :    9.739 # [msec]
   throughput   :   62.121 # [mwords/sec]
   Debug_Time(0):   20.676 # [msec]
   Debug_Time(1):   17.149 # [msec]
   Debug_Time(2):    3.527 # [msec]
-
   Version      : 1.7
   Ways         : 32
   Words        : 2
   Feedback     : 2
   WordBits     : 32
   IndexBits    : 32
   Sort Order   : 0
   Sign Compare : 0
   Max Size     : 268435455
   Debug Enable : 1
   size         : 610000
   average_time :    9.766 # [msec]
   throughput   :   62.461 # [mwords/sec]
   Debug_Time(0):   20.838 # [msec]
   Debug_Time(1):   17.277 # [msec]
   Debug_Time(2):    3.561 # [msec]
-
   Version      : 1.7
   Ways         : 32
   Words        : 2
   Feedback     : 2
   WordBits     : 32
   IndexBits    : 32
   Sort Order   : 0
   Sign Compare : 0
   Max Size     : 268435455
   Debug Enable : 1
   size         : 615000
   average_time :    9.814 # [msec]
   throughput   :   62.667 # [mwords/sec]
   Debug_Time(0):   20.811 # [msec]
   Debug_Time(1):   17.318 # [msec]
   Debug_Time(2):    3.493 # [msec]
-
   Version      : 1.7
   Ways         : 32
   Words        : 2
   Feedback     : 2
   WordBits     : 32
   IndexBits    : 32
   Sort Order   : 0
   Sign Compare : 0
   Max Size     : 268435455
   Debug Enable : 1
   size         : 620000
   average_time :    9.848 # [msec]
   throughput   :   62.958 # [mwords/sec]
   Debug_Time(0):   20.917 # [msec]
   Debug_Time(1):   17.383 # [msec]
   Debug_Time(2):    3.534 # [msec]
-
   Version      : 1.7
   Ways         : 32
   Words        : 2
   Feedback     : 2
   WordBits     : 32
   IndexBits    : 32
   Sort Order   : 0
   Sign Compare : 0
   Max Size     : 268435455
   Debug Enable : 1
   size         : 625000
   average_time :    9.900 # [msec]
   throughput   :   63.128 # [mwords/sec]
   Debug_Time(0):   21.133 # [msec]
   Debug_Time(1):   17.533 # [msec]
   Debug_Time(2):    3.600 # [msec]
-
   Version      : 1.7
   Ways         : 32
   Words        : 2
   Feedback     : 2
   WordBits     : 32
   IndexBits    : 32
   Sort Order   : 0
   Sign Compare : 0
   Max Size     : 268435455
   Debug Enable : 1
   size         : 630000
   average_time :    9.918 # [msec]
   throughput   :   63.519 # [mwords/sec]
   Debug_Time(0):   21.135 # [msec]
   Debug_Time(1):   17.454 # [msec]
   Debug_Time(2):    3.681 # [msec]
-
   Version      : 1.7
   Ways         : 32
   Words        : 2
   Feedback     : 2
   WordBits     : 32
   IndexBits    : 32
   Sort Order   : 0
   Sign Compare : 0
   Max Size     : 268435455
   Debug Enable : 1
   size         : 635000
   average_time :    9.974 # [msec]
   throughput   :   63.664 # [mwords/sec]
   Debug_Time(0):   21.361 # [msec]
   Debug_Time(1):   17.686 # [msec]
   Debug_Time(2):    3.675 # [msec]
-
   Version      : 1.7
   Ways         : 32
   Words        : 2
   Feedback     : 2
   WordBits     : 32
   IndexBits    : 32
   Sort Order   : 0
   Sign Compare : 0
   Max Size     : 268435455
   Debug Enable : 1
   size         : 640000
   average_time :    9.997 # [msec]
   throughput   :   64.019 # [mwords/sec]
   Debug_Time(0):   21.070 # [msec]
   Debug_Time(1):   17.359 # [msec]
   Debug_Time(2):    3.711 # [msec]
-
   Version      : 1.7
   Ways         : 32
   Words        : 2
   Feedback     : 2
   WordBits     : 32
   IndexBits    : 32
   Sort Order   : 0
   Sign Compare : 0
   Max Size     : 268435455
   Debug Enable : 1
   size         : 645000
   average_time :   10.071 # [msec]
   throughput   :   64.046 # [mwords/sec]
   Debug_Time(0):   21.462 # [msec]
   Debug_Time(1):   17.771 # [msec]
   Debug_Time(2):    3.691 # [msec]
-
   Version      : 1.7
   Ways         : 32
   Words        : 2
   Feedback     : 2
   WordBits     : 32
   IndexBits    : 32
   Sort Order   : 0
   Sign Compare : 0
   Max Size     : 268435455
   Debug Enable : 1
   size         : 650000
   average_time :   10.086 # [msec]
   throughput   :   64.446 # [mwords/sec]
   Debug_Time(0):   21.457 # [msec]
   Debug_Time(1):   17.680 # [msec]
   Debug_Time(2):    3.777 # [msec]
-
   Version      : 1.7
   Ways         : 32
   Words        : 2
   Feedback     : 2
   WordBits     : 32
   IndexBits    : 32
   Sort Order   : 0
   Sign Compare : 0
   Max Size     : 268435455
   Debug Enable : 1
   size         : 655000
   average_time :   10.165 # [msec]
   throughput   :   64.439 # [mwords/sec]
   Debug_Time(0):   21.755 # [msec]
   Debug_Time(1):   17.944 # [msec]
   Debug_Time(2):    3.811 # [msec]
-
   Version      : 1.7
   Ways         : 32
   Words        : 2
   Feedback     : 2
   WordBits     : 32
   IndexBits    : 32
   Sort Order   : 0
   Sign Compare : 0
   Max Size     : 268435455
   Debug Enable : 1
   size         : 660000
   average_time :   10.615 # [msec]
   throughput   :   62.175 # [mwords/sec]
   Debug_Time(0):   22.631 # [msec]
   Debug_Time(1):   18.798 # [msec]
   Debug_Time(2):    3.833 # [msec]
-
   Version      : 1.7
   Ways         : 32
   Words        : 2
   Feedback     : 2
   WordBits     : 32
   IndexBits    : 32
   Sort Order   : 0
   Sign Compare : 0
   Max Size     : 268435455
   Debug Enable : 1
   size         : 665000
   average_time :   10.629 # [msec]
   throughput   :   62.564 # [mwords/sec]
   Debug_Time(0):   22.627 # [msec]
   Debug_Time(1):   18.767 # [msec]
   Debug_Time(2):    3.861 # [msec]
-
   Version      : 1.7
   Ways         : 32
   Words        : 2
   Feedback     : 2
   WordBits     : 32
   IndexBits    : 32
   Sort Order   : 0
   Sign Compare : 0
   Max Size     : 268435455
   Debug Enable : 1
   size         : 670000
   average_time :   10.686 # [msec]
   throughput   :   62.698 # [mwords/sec]
   Debug_Time(0):   22.719 # [msec]
   Debug_Time(1):   18.839 # [msec]
   Debug_Time(2):    3.881 # [msec]
-
   Version      : 1.7
   Ways         : 32
   Words        : 2
   Feedback     : 2
   WordBits     : 32
   IndexBits    : 32
   Sort Order   : 0
   Sign Compare : 0
   Max Size     : 268435455
   Debug Enable : 1
   size         : 675000
   average_time :   10.715 # [msec]
   throughput   :   62.997 # [mwords/sec]
   Debug_Time(0):   22.677 # [msec]
   Debug_Time(1):   18.766 # [msec]
   Debug_Time(2):    3.911 # [msec]
-
   Version      : 1.7
   Ways         : 32
   Words        : 2
   Feedback     : 2
   WordBits     : 32
   IndexBits    : 32
   Sort Order   : 0
   Sign Compare : 0
   Max Size     : 268435455
   Debug Enable : 1
   size         : 680000
   average_time :   10.739 # [msec]
   throughput   :   63.323 # [mwords/sec]
   Debug_Time(0):   22.761 # [msec]
   Debug_Time(1):   18.831 # [msec]
   Debug_Time(2):    3.930 # [msec]
-
   Version      : 1.7
   Ways         : 32
   Words        : 2
   Feedback     : 2
   WordBits     : 32
   IndexBits    : 32
   Sort Order   : 0
   Sign Compare : 0
   Max Size     : 268435455
   Debug Enable : 1
   size         : 685000
   average_time :   10.799 # [msec]
   throughput   :   63.431 # [mwords/sec]
   Debug_Time(0):   23.228 # [msec]
   Debug_Time(1):   19.268 # [msec]
   Debug_Time(2):    3.960 # [msec]
-
   Version      : 1.7
   Ways         : 32
   Words        : 2
   Feedback     : 2
   WordBits     : 32
   IndexBits    : 32
   Sort Order   : 0
   Sign Compare : 0
   Max Size     : 268435455
   Debug Enable : 1
   size         : 690000
   average_time :   10.852 # [msec]
   throughput   :   63.584 # [mwords/sec]
   Debug_Time(0):   23.001 # [msec]
   Debug_Time(1):   19.023 # [msec]
   Debug_Time(2):    3.979 # [msec]
-
   Version      : 1.7
   Ways         : 32
   Words        : 2
   Feedback     : 2
   WordBits     : 32
   IndexBits    : 32
   Sort Order   : 0
   Sign Compare : 0
   Max Size     : 268435455
   Debug Enable : 1
   size         : 695000
   average_time :   10.854 # [msec]
   throughput   :   64.031 # [mwords/sec]
   Debug_Time(0):   23.119 # [msec]
   Debug_Time(1):   19.111 # [msec]
   Debug_Time(2):    4.008 # [msec]
-
   Version      : 1.7
   Ways         : 32
   Words        : 2
   Feedback     : 2
   WordBits     : 32
   IndexBits    : 32
   Sort Order   : 0
   Sign Compare : 0
   Max Size     : 268435455
   Debug Enable : 1
   size         : 700000
   average_time :   10.867 # [msec]
   throughput   :   64.414 # [mwords/sec]
   Debug_Time(0):   23.223 # [msec]
   Debug_Time(1):   19.195 # [msec]
   Debug_Time(2):    4.028 # [msec]
-
   Version      : 1.7
   Ways         : 32
   Words        : 2
   Feedback     : 2
   WordBits     : 32
   IndexBits    : 32
   Sort Order   : 0
   Sign Compare : 0
   Max Size     : 268435455
   Debug Enable : 1
   size         : 705000
   average_time :   10.932 # [msec]
   throughput   :   64.489 # [mwords/sec]
   Debug_Time(0):   23.293 # [msec]
   Debug_Time(1):   19.233 # [msec]
   Debug_Time(2):    4.060 # [msec]
-
   Version      : 1.7
   Ways         : 32
   Words        : 2
   Feedback     : 2
   WordBits     : 32
   IndexBits    : 32
   Sort Order   : 0
   Sign Compare : 0
   Max Size     : 268435455
   Debug Enable : 1
   size         : 710000
   average_time :   10.978 # [msec]
   throughput   :   64.672 # [mwords/sec]
   Debug_Time(0):   23.459 # [msec]
   Debug_Time(1):   19.372 # [msec]
   Debug_Time(2):    4.087 # [msec]
-
   Version      : 1.7
   Ways         : 32
   Words        : 2
   Feedback     : 2
   WordBits     : 32
   IndexBits    : 32
   Sort Order   : 0
   Sign Compare : 0
   Max Size     : 268435455
   Debug Enable : 1
   size         : 715000
   average_time :   11.008 # [msec]
   throughput   :   64.951 # [mwords/sec]
   Debug_Time(0):   23.470 # [msec]
   Debug_Time(1):   19.359 # [msec]
   Debug_Time(2):    4.110 # [msec]
-
   Version      : 1.7
   Ways         : 32
   Words        : 2
   Feedback     : 2
   WordBits     : 32
   IndexBits    : 32
   Sort Order   : 0
   Sign Compare : 0
   Max Size     : 268435455
   Debug Enable : 1
   size         : 720000
   average_time :   11.045 # [msec]
   throughput   :   65.187 # [mwords/sec]
   Debug_Time(0):   23.497 # [msec]
   Debug_Time(1):   19.361 # [msec]
   Debug_Time(2):    4.136 # [msec]
-
   Version      : 1.7
   Ways         : 32
   Words        : 2
   Feedback     : 2
   WordBits     : 32
   IndexBits    : 32
   Sort Order   : 0
   Sign Compare : 0
   Max Size     : 268435455
   Debug Enable : 1
   size         : 725000
   average_time :   11.539 # [msec]
   throughput   :   62.828 # [mwords/sec]
   Debug_Time(0):   24.591 # [msec]
   Debug_Time(1):   20.427 # [msec]
   Debug_Time(2):    4.164 # [msec]
-
   Version      : 1.7
   Ways         : 32
   Words        : 2
   Feedback     : 2
   WordBits     : 32
   IndexBits    : 32
   Sort Order   : 0
   Sign Compare : 0
   Max Size     : 268435455
   Debug Enable : 1
   size         : 730000
   average_time :   11.605 # [msec]
   throughput   :   62.903 # [mwords/sec]
   Debug_Time(0):   24.713 # [msec]
   Debug_Time(1):   20.516 # [msec]
   Debug_Time(2):    4.197 # [msec]
-
   Version      : 1.7
   Ways         : 32
   Words        : 2
   Feedback     : 2
   WordBits     : 32
   IndexBits    : 32
   Sort Order   : 0
   Sign Compare : 0
   Max Size     : 268435455
   Debug Enable : 1
   size         : 735000
   average_time :   11.633 # [msec]
   throughput   :   63.182 # [mwords/sec]
   Debug_Time(0):   24.772 # [msec]
   Debug_Time(1):   20.550 # [msec]
   Debug_Time(2):    4.223 # [msec]
-
   Version      : 1.7
   Ways         : 32
   Words        : 2
   Feedback     : 2
   WordBits     : 32
   IndexBits    : 32
   Sort Order   : 0
   Sign Compare : 0
   Max Size     : 268435455
   Debug Enable : 1
   size         : 740000
   average_time :   11.659 # [msec]
   throughput   :   63.471 # [mwords/sec]
   Debug_Time(0):   24.891 # [msec]
   Debug_Time(1):   20.646 # [msec]
   Debug_Time(2):    4.245 # [msec]
-
   Version      : 1.7
   Ways         : 32
   Words        : 2
   Feedback     : 2
   WordBits     : 32
   IndexBits    : 32
   Sort Order   : 0
   Sign Compare : 0
   Max Size     : 268435455
   Debug Enable : 1
   size         : 745000
   average_time :   11.726 # [msec]
   throughput   :   63.534 # [mwords/sec]
   Debug_Time(0):   24.924 # [msec]
   Debug_Time(1):   20.644 # [msec]
   Debug_Time(2):    4.280 # [msec]
-
   Version      : 1.7
   Ways         : 32
   Words        : 2
   Feedback     : 2
   WordBits     : 32
   IndexBits    : 32
   Sort Order   : 0
   Sign Compare : 0
   Max Size     : 268435455
   Debug Enable : 1
   size         : 750000
   average_time :   11.748 # [msec]
   throughput   :   63.838 # [mwords/sec]
   Debug_Time(0):   25.021 # [msec]
   Debug_Time(1):   20.720 # [msec]
   Debug_Time(2):    4.302 # [msec]
-
   Version      : 1.7
   Ways         : 32
   Words        : 2
   Feedback     : 2
   WordBits     : 32
   IndexBits    : 32
   Sort Order   : 0
   Sign Compare : 0
   Max Size     : 268435455
   Debug Enable : 1
   size         : 755000
   average_time :   11.739 # [msec]
   throughput   :   64.316 # [mwords/sec]
   Debug_Time(0):   25.092 # [msec]
   Debug_Time(1):   20.763 # [msec]
   Debug_Time(2):    4.329 # [msec]
-
   Version      : 1.7
   Ways         : 32
   Words        : 2
   Feedback     : 2
   WordBits     : 32
   IndexBits    : 32
   Sort Order   : 0
   Sign Compare : 0
   Max Size     : 268435455
   Debug Enable : 1
   size         : 760000
   average_time :   11.784 # [msec]
   throughput   :   64.494 # [mwords/sec]
   Debug_Time(0):   25.183 # [msec]
   Debug_Time(1):   20.823 # [msec]
   Debug_Time(2):    4.360 # [msec]
-
   Version      : 1.7
   Ways         : 32
   Words        : 2
   Feedback     : 2
   WordBits     : 32
   IndexBits    : 32
   Sort Order   : 0
   Sign Compare : 0
   Max Size     : 268435455
   Debug Enable : 1
   size         : 765000
   average_time :   11.833 # [msec]
   throughput   :   64.647 # [mwords/sec]
   Debug_Time(0):   25.299 # [msec]
   Debug_Time(1):   20.911 # [msec]
   Debug_Time(2):    4.388 # [msec]
-
   Version      : 1.7
   Ways         : 32
   Words        : 2
   Feedback     : 2
   WordBits     : 32
   IndexBits    : 32
   Sort Order   : 0
   Sign Compare : 0
   Max Size     : 268435455
   Debug Enable : 1
   size         : 770000
   average_time :   11.867 # [msec]
   throughput   :   64.883 # [mwords/sec]
   Debug_Time(0):   25.342 # [msec]
   Debug_Time(1):   20.925 # [msec]
   Debug_Time(2):    4.417 # [msec]
-
   Version      : 1.7
   Ways         : 32
   Words        : 2
   Feedback     : 2
   WordBits     : 32
   IndexBits    : 32
   Sort Order   : 0
   Sign Compare : 0
   Max Size     : 268435455
   Debug Enable : 1
   size         : 775000
   average_time :   11.938 # [msec]
   throughput   :   64.918 # [mwords/sec]
   Debug_Time(0):   25.500 # [msec]
   Debug_Time(1):   21.053 # [msec]
   Debug_Time(2):    4.448 # [msec]
-
   Version      : 1.7
   Ways         : 32
   Words        : 2
   Feedback     : 2
   WordBits     : 32
   IndexBits    : 32
   Sort Order   : 0
   Sign Compare : 0
   Max Size     : 268435455
   Debug Enable : 1
   size         : 780000
   average_time :   11.956 # [msec]
   throughput   :   65.237 # [mwords/sec]
   Debug_Time(0):   25.535 # [msec]
   Debug_Time(1):   21.061 # [msec]
   Debug_Time(2):    4.474 # [msec]
-
   Version      : 1.7
   Ways         : 32
   Words        : 2
   Feedback     : 2
   WordBits     : 32
   IndexBits    : 32
   Sort Order   : 0
   Sign Compare : 0
   Max Size     : 268435455
   Debug Enable : 1
   size         : 785000
   average_time :   11.996 # [msec]
   throughput   :   65.441 # [mwords/sec]
   Debug_Time(0):   25.605 # [msec]
   Debug_Time(1):   21.101 # [msec]
   Debug_Time(2):    4.504 # [msec]
-
   Version      : 1.7
   Ways         : 32
   Words        : 2
   Feedback     : 2
   WordBits     : 32
   IndexBits    : 32
   Sort Order   : 0
   Sign Compare : 0
   Max Size     : 268435455
   Debug Enable : 1
   size         : 790000
   average_time :   12.508 # [msec]
   throughput   :   63.158 # [mwords/sec]
   Debug_Time(0):   26.699 # [msec]
   Debug_Time(1):   22.117 # [msec]
   Debug_Time(2):    4.581 # [msec]
-
   Version      : 1.7
   Ways         : 32
   Words        : 2
   Feedback     : 2
   WordBits     : 32
   IndexBits    : 32
   Sort Order   : 0
   Sign Compare : 0
   Max Size     : 268435455
   Debug Enable : 1
   size         : 795000
   average_time :   12.567 # [msec]
   throughput   :   63.262 # [mwords/sec]
   Debug_Time(0):   26.816 # [msec]
   Debug_Time(1):   22.172 # [msec]
   Debug_Time(2):    4.644 # [msec]
-
   Version      : 1.7
   Ways         : 32
   Words        : 2
   Feedback     : 2
   WordBits     : 32
   IndexBits    : 32
   Sort Order   : 0
   Sign Compare : 0
   Max Size     : 268435455
   Debug Enable : 1
   size         : 800000
   average_time :   12.543 # [msec]
   throughput   :   63.780 # [mwords/sec]
   Debug_Time(0):   26.878 # [msec]
   Debug_Time(1):   22.202 # [msec]
   Debug_Time(2):    4.676 # [msec]
-
   Version      : 1.7
   Ways         : 32
   Words        : 2
   Feedback     : 2
   WordBits     : 32
   IndexBits    : 32
   Sort Order   : 0
   Sign Compare : 0
   Max Size     : 268435455
   Debug Enable : 1
   size         : 805000
   average_time :   12.653 # [msec]
   throughput   :   63.623 # [mwords/sec]
   Debug_Time(0):   27.029 # [msec]
   Debug_Time(1):   22.315 # [msec]
   Debug_Time(2):    4.714 # [msec]
-
   Version      : 1.7
   Ways         : 32
   Words        : 2
   Feedback     : 2
   WordBits     : 32
   IndexBits    : 32
   Sort Order   : 0
   Sign Compare : 0
   Max Size     : 268435455
   Debug Enable : 1
   size         : 810000
   average_time :   12.715 # [msec]
   throughput   :   63.704 # [mwords/sec]
   Debug_Time(0):   27.106 # [msec]
   Debug_Time(1):   22.336 # [msec]
   Debug_Time(2):    4.770 # [msec]
-
   Version      : 1.7
   Ways         : 32
   Words        : 2
   Feedback     : 2
   WordBits     : 32
   IndexBits    : 32
   Sort Order   : 0
   Sign Compare : 0
   Max Size     : 268435455
   Debug Enable : 1
   size         : 815000
   average_time :   12.764 # [msec]
   throughput   :   63.850 # [mwords/sec]
   Debug_Time(0):   27.247 # [msec]
   Debug_Time(1):   22.430 # [msec]
   Debug_Time(2):    4.817 # [msec]
-
   Version      : 1.7
   Ways         : 32
   Words        : 2
   Feedback     : 2
   WordBits     : 32
   IndexBits    : 32
   Sort Order   : 0
   Sign Compare : 0
   Max Size     : 268435455
   Debug Enable : 1
   size         : 820000
   average_time :   12.798 # [msec]
   throughput   :   64.071 # [mwords/sec]
   Debug_Time(0):   27.357 # [msec]
   Debug_Time(1):   22.511 # [msec]
   Debug_Time(2):    4.845 # [msec]
-
   Version      : 1.7
   Ways         : 32
   Words        : 2
   Feedback     : 2
   WordBits     : 32
   IndexBits    : 32
   Sort Order   : 0
   Sign Compare : 0
   Max Size     : 268435455
   Debug Enable : 1
   size         : 825000
   average_time :   12.831 # [msec]
   throughput   :   64.298 # [mwords/sec]
   Debug_Time(0):   27.432 # [msec]
   Debug_Time(1):   22.538 # [msec]
   Debug_Time(2):    4.894 # [msec]
-
   Version      : 1.7
   Ways         : 32
   Words        : 2
   Feedback     : 2
   WordBits     : 32
   IndexBits    : 32
   Sort Order   : 0
   Sign Compare : 0
   Max Size     : 268435455
   Debug Enable : 1
   size         : 830000
   average_time :   12.869 # [msec]
   throughput   :   64.497 # [mwords/sec]
   Debug_Time(0):   27.525 # [msec]
   Debug_Time(1):   22.608 # [msec]
   Debug_Time(2):    4.917 # [msec]
-
   Version      : 1.7
   Ways         : 32
   Words        : 2
   Feedback     : 2
   WordBits     : 32
   IndexBits    : 32
   Sort Order   : 0
   Sign Compare : 0
   Max Size     : 268435455
   Debug Enable : 1
   size         : 835000
   average_time :   12.921 # [msec]
   throughput   :   64.621 # [mwords/sec]
   Debug_Time(0):   27.619 # [msec]
   Debug_Time(1):   22.672 # [msec]
   Debug_Time(2):    4.947 # [msec]
-
   Version      : 1.7
   Ways         : 32
   Words        : 2
   Feedback     : 2
   WordBits     : 32
   IndexBits    : 32
   Sort Order   : 0
   Sign Compare : 0
   Max Size     : 268435455
   Debug Enable : 1
   size         : 840000
   average_time :   12.967 # [msec]
   throughput   :   64.780 # [mwords/sec]
   Debug_Time(0):   27.691 # [msec]
   Debug_Time(1):   22.719 # [msec]
   Debug_Time(2):    4.973 # [msec]
-
   Version      : 1.7
   Ways         : 32
   Words        : 2
   Feedback     : 2
   WordBits     : 32
   IndexBits    : 32
   Sort Order   : 0
   Sign Compare : 0
   Max Size     : 268435455
   Debug Enable : 1
   size         : 845000
   average_time :   13.015 # [msec]
   throughput   :   64.927 # [mwords/sec]
   Debug_Time(0):   27.773 # [msec]
   Debug_Time(1):   22.784 # [msec]
   Debug_Time(2):    4.989 # [msec]
-
   Version      : 1.7
   Ways         : 32
   Words        : 2
   Feedback     : 2
   WordBits     : 32
   IndexBits    : 32
   Sort Order   : 0
   Sign Compare : 0
   Max Size     : 268435455
   Debug Enable : 1
   size         : 850000
   average_time :   13.032 # [msec]
   throughput   :   65.222 # [mwords/sec]
   Debug_Time(0):   27.862 # [msec]
   Debug_Time(1):   22.850 # [msec]
   Debug_Time(2):    5.013 # [msec]
-
   Version      : 1.7
   Ways         : 32
   Words        : 2
   Feedback     : 2
   WordBits     : 32
   IndexBits    : 32
   Sort Order   : 0
   Sign Compare : 0
   Max Size     : 268435455
   Debug Enable : 1
   size         : 855000
   average_time :   13.478 # [msec]
   throughput   :   63.437 # [mwords/sec]
   Debug_Time(0):   28.883 # [msec]
   Debug_Time(1):   23.869 # [msec]
   Debug_Time(2):    5.014 # [msec]
-
   Version      : 1.7
   Ways         : 32
   Words        : 2
   Feedback     : 2
   WordBits     : 32
   IndexBits    : 32
   Sort Order   : 0
   Sign Compare : 0
   Max Size     : 268435455
   Debug Enable : 1
   size         : 860000
   average_time :   13.518 # [msec]
   throughput   :   63.618 # [mwords/sec]
   Debug_Time(0):   28.971 # [msec]
   Debug_Time(1):   23.931 # [msec]
   Debug_Time(2):    5.040 # [msec]
-
   Version      : 1.7
   Ways         : 32
   Words        : 2
   Feedback     : 2
   WordBits     : 32
   IndexBits    : 32
   Sort Order   : 0
   Sign Compare : 0
   Max Size     : 268435455
   Debug Enable : 1
   size         : 865000
   average_time :   13.518 # [msec]
   throughput   :   63.990 # [mwords/sec]
   Debug_Time(0):   29.086 # [msec]
   Debug_Time(1):   23.990 # [msec]
   Debug_Time(2):    5.096 # [msec]
-
   Version      : 1.7
   Ways         : 32
   Words        : 2
   Feedback     : 2
   WordBits     : 32
   IndexBits    : 32
   Sort Order   : 0
   Sign Compare : 0
   Max Size     : 268435455
   Debug Enable : 1
   size         : 870000
   average_time :   13.626 # [msec]
   throughput   :   63.847 # [mwords/sec]
   Debug_Time(0):   29.102 # [msec]
   Debug_Time(1):   24.011 # [msec]
   Debug_Time(2):    5.091 # [msec]
-
   Version      : 1.7
   Ways         : 32
   Words        : 2
   Feedback     : 2
   WordBits     : 32
   IndexBits    : 32
   Sort Order   : 0
   Sign Compare : 0
   Max Size     : 268435455
   Debug Enable : 1
   size         : 875000
   average_time :   13.633 # [msec]
   throughput   :   64.180 # [mwords/sec]
   Debug_Time(0):   29.156 # [msec]
   Debug_Time(1):   24.073 # [msec]
   Debug_Time(2):    5.083 # [msec]
-
   Version      : 1.7
   Ways         : 32
   Words        : 2
   Feedback     : 2
   WordBits     : 32
   IndexBits    : 32
   Sort Order   : 0
   Sign Compare : 0
   Max Size     : 268435455
   Debug Enable : 1
   size         : 880000
   average_time :   13.666 # [msec]
   throughput   :   64.393 # [mwords/sec]
   Debug_Time(0):   29.248 # [msec]
   Debug_Time(1):   24.147 # [msec]
   Debug_Time(2):    5.101 # [msec]
-
   Version      : 1.7
   Ways         : 32
   Words        : 2
   Feedback     : 2
   WordBits     : 32
   IndexBits    : 32
   Sort Order   : 0
   Sign Compare : 0
   Max Size     : 268435455
   Debug Enable : 1
   size         : 885000
   average_time :   13.719 # [msec]
   throughput   :   64.507 # [mwords/sec]
   Debug_Time(0):   29.313 # [msec]
   Debug_Time(1):   24.192 # [msec]
   Debug_Time(2):    5.121 # [msec]
-
   Version      : 1.7
   Ways         : 32
   Words        : 2
   Feedback     : 2
   WordBits     : 32
   IndexBits    : 32
   Sort Order   : 0
   Sign Compare : 0
   Max Size     : 268435455
   Debug Enable : 1
   size         : 890000
   average_time :   13.734 # [msec]
   throughput   :   64.804 # [mwords/sec]
   Debug_Time(0):   29.358 # [msec]
   Debug_Time(1):   24.218 # [msec]
   Debug_Time(2):    5.140 # [msec]
-
   Version      : 1.7
   Ways         : 32
   Words        : 2
   Feedback     : 2
   WordBits     : 32
   IndexBits    : 32
   Sort Order   : 0
   Sign Compare : 0
   Max Size     : 268435455
   Debug Enable : 1
   size         : 895000
   average_time :   13.773 # [msec]
   throughput   :   64.981 # [mwords/sec]
   Debug_Time(0):   29.473 # [msec]
   Debug_Time(1):   24.316 # [msec]
   Debug_Time(2):    5.157 # [msec]
-
   Version      : 1.7
   Ways         : 32
   Words        : 2
   Feedback     : 2
   WordBits     : 32
   IndexBits    : 32
   Sort Order   : 0
   Sign Compare : 0
   Max Size     : 268435455
   Debug Enable : 1
   size         : 900000
   average_time :   13.829 # [msec]
   throughput   :   65.079 # [mwords/sec]
   Debug_Time(0):   29.573 # [msec]
   Debug_Time(1):   24.381 # [msec]
   Debug_Time(2):    5.192 # [msec]
-
   Version      : 1.7
   Ways         : 32
   Words        : 2
   Feedback     : 2
   WordBits     : 32
   IndexBits    : 32
   Sort Order   : 0
   Sign Compare : 0
   Max Size     : 268435455
   Debug Enable : 1
   size         : 905000
   average_time :   13.868 # [msec]
   throughput   :   65.257 # [mwords/sec]
   Debug_Time(0):   29.706 # [msec]
   Debug_Time(1):   24.482 # [msec]
   Debug_Time(2):    5.224 # [msec]
-
   Version      : 1.7
   Ways         : 32
   Words        : 2
   Feedback     : 2
   WordBits     : 32
   IndexBits    : 32
   Sort Order   : 0
   Sign Compare : 0
   Max Size     : 268435455
   Debug Enable : 1
   size         : 910000
   average_time :   13.906 # [msec]
   throughput   :   65.439 # [mwords/sec]
   Debug_Time(0):   29.736 # [msec]
   Debug_Time(1):   24.462 # [msec]
   Debug_Time(2):    5.274 # [msec]
-
   Version      : 1.7
   Ways         : 32
   Words        : 2
   Feedback     : 2
   WordBits     : 32
   IndexBits    : 32
   Sort Order   : 0
   Sign Compare : 0
   Max Size     : 268435455
   Debug Enable : 1
   size         : 915000
   average_time :   13.944 # [msec]
   throughput   :   65.622 # [mwords/sec]
   Debug_Time(0):   29.798 # [msec]
   Debug_Time(1):   24.516 # [msec]
   Debug_Time(2):    5.282 # [msec]
-
   Version      : 1.7
   Ways         : 32
   Words        : 2
   Feedback     : 2
   WordBits     : 32
   IndexBits    : 32
   Sort Order   : 0
   Sign Compare : 0
   Max Size     : 268435455
   Debug Enable : 1
   size         : 920000
   average_time :   14.431 # [msec]
   throughput   :   63.750 # [mwords/sec]
   Debug_Time(0):   31.069 # [msec]
   Debug_Time(1):   25.731 # [msec]
   Debug_Time(2):    5.338 # [msec]
-
   Version      : 1.7
   Ways         : 32
   Words        : 2
   Feedback     : 2
   WordBits     : 32
   IndexBits    : 32
   Sort Order   : 0
   Sign Compare : 0
   Max Size     : 268435455
   Debug Enable : 1
   size         : 925000
   average_time :   14.513 # [msec]
   throughput   :   63.735 # [mwords/sec]
   Debug_Time(0):   31.116 # [msec]
   Debug_Time(1):   25.753 # [msec]
   Debug_Time(2):    5.363 # [msec]
-
   Version      : 1.7
   Ways         : 32
   Words        : 2
   Feedback     : 2
   WordBits     : 32
   IndexBits    : 32
   Sort Order   : 0
   Sign Compare : 0
   Max Size     : 268435455
   Debug Enable : 1
   size         : 930000
   average_time :   14.505 # [msec]
   throughput   :   64.117 # [mwords/sec]
   Debug_Time(0):   31.232 # [msec]
   Debug_Time(1):   25.835 # [msec]
   Debug_Time(2):    5.397 # [msec]
-
   Version      : 1.7
   Ways         : 32
   Words        : 2
   Feedback     : 2
   WordBits     : 32
   IndexBits    : 32
   Sort Order   : 0
   Sign Compare : 0
   Max Size     : 268435455
   Debug Enable : 1
   size         : 935000
   average_time :   14.538 # [msec]
   throughput   :   64.313 # [mwords/sec]
   Debug_Time(0):   31.377 # [msec]
   Debug_Time(1):   25.984 # [msec]
   Debug_Time(2):    5.393 # [msec]
-
   Version      : 1.7
   Ways         : 32
   Words        : 2
   Feedback     : 2
   WordBits     : 32
   IndexBits    : 32
   Sort Order   : 0
   Sign Compare : 0
   Max Size     : 268435455
   Debug Enable : 1
   size         : 940000
   average_time :   14.584 # [msec]
   throughput   :   64.454 # [mwords/sec]
   Debug_Time(0):   31.448 # [msec]
   Debug_Time(1):   26.028 # [msec]
   Debug_Time(2):    5.420 # [msec]
-
   Version      : 1.7
   Ways         : 32
   Words        : 2
   Feedback     : 2
   WordBits     : 32
   IndexBits    : 32
   Sort Order   : 0
   Sign Compare : 0
   Max Size     : 268435455
   Debug Enable : 1
   size         : 945000
   average_time :   14.632 # [msec]
   throughput   :   64.583 # [mwords/sec]
   Debug_Time(0):   31.596 # [msec]
   Debug_Time(1):   26.141 # [msec]
   Debug_Time(2):    5.455 # [msec]
-
   Version      : 1.7
   Ways         : 32
   Words        : 2
   Feedback     : 2
   WordBits     : 32
   IndexBits    : 32
   Sort Order   : 0
   Sign Compare : 0
   Max Size     : 268435455
   Debug Enable : 1
   size         : 950000
   average_time :   14.653 # [msec]
   throughput   :   64.833 # [mwords/sec]
   Debug_Time(0):   31.713 # [msec]
   Debug_Time(1):   26.234 # [msec]
   Debug_Time(2):    5.480 # [msec]
-
   Version      : 1.7
   Ways         : 32
   Words        : 2
   Feedback     : 2
   WordBits     : 32
   IndexBits    : 32
   Sort Order   : 0
   Sign Compare : 0
   Max Size     : 268435455
   Debug Enable : 1
   size         : 955000
   average_time :   14.676 # [msec]
   throughput   :   65.071 # [mwords/sec]
   Debug_Time(0):   31.670 # [msec]
   Debug_Time(1):   26.174 # [msec]
   Debug_Time(2):    5.496 # [msec]
-
   Version      : 1.7
   Ways         : 32
   Words        : 2
   Feedback     : 2
   WordBits     : 32
   IndexBits    : 32
   Sort Order   : 0
   Sign Compare : 0
   Max Size     : 268435455
   Debug Enable : 1
   size         : 960000
   average_time :   14.705 # [msec]
   throughput   :   65.286 # [mwords/sec]
   Debug_Time(0):   31.692 # [msec]
   Debug_Time(1):   26.168 # [msec]
   Debug_Time(2):    5.523 # [msec]
-
   Version      : 1.7
   Ways         : 32
   Words        : 2
   Feedback     : 2
   WordBits     : 32
   IndexBits    : 32
   Sort Order   : 0
   Sign Compare : 0
   Max Size     : 268435455
   Debug Enable : 1
   size         : 965000
   average_time :   14.781 # [msec]
   throughput   :   65.285 # [mwords/sec]
   Debug_Time(0):   32.019 # [msec]
   Debug_Time(1):   26.485 # [msec]
   Debug_Time(2):    5.534 # [msec]
-
   Version      : 1.7
   Ways         : 32
   Words        : 2
   Feedback     : 2
   WordBits     : 32
   IndexBits    : 32
   Sort Order   : 0
   Sign Compare : 0
   Max Size     : 268435455
   Debug Enable : 1
   size         : 970000
   average_time :   14.817 # [msec]
   throughput   :   65.463 # [mwords/sec]
   Debug_Time(0):   32.114 # [msec]
   Debug_Time(1):   26.539 # [msec]
   Debug_Time(2):    5.575 # [msec]
-
   Version      : 1.7
   Ways         : 32
   Words        : 2
   Feedback     : 2
   WordBits     : 32
   IndexBits    : 32
   Sort Order   : 0
   Sign Compare : 0
   Max Size     : 268435455
   Debug Enable : 1
   size         : 975000
   average_time :   14.848 # [msec]
   throughput   :   65.667 # [mwords/sec]
   Debug_Time(0):   32.167 # [msec]
   Debug_Time(1):   26.555 # [msec]
   Debug_Time(2):    5.612 # [msec]
-
   Version      : 1.7
   Ways         : 32
   Words        : 2
   Feedback     : 2
   WordBits     : 32
   IndexBits    : 32
   Sort Order   : 0
   Sign Compare : 0
   Max Size     : 268435455
   Debug Enable : 1
   size         : 980000
   average_time :   14.900 # [msec]
   throughput   :   65.772 # [mwords/sec]
   Debug_Time(0):   32.378 # [msec]
   Debug_Time(1):   26.732 # [msec]
   Debug_Time(2):    5.646 # [msec]
-
   Version      : 1.7
   Ways         : 32
   Words        : 2
   Feedback     : 2
   WordBits     : 32
   IndexBits    : 32
   Sort Order   : 0
   Sign Compare : 0
   Max Size     : 268435455
   Debug Enable : 1
   size         : 985000
   average_time :   14.953 # [msec]
   throughput   :   65.873 # [mwords/sec]
   Debug_Time(0):   32.887 # [msec]
   Debug_Time(1):   27.192 # [msec]
   Debug_Time(2):    5.695 # [msec]
-
   Version      : 1.7
   Ways         : 32
   Words        : 2
   Feedback     : 2
   WordBits     : 32
   IndexBits    : 32
   Sort Order   : 0
   Sign Compare : 0
   Max Size     : 268435455
   Debug Enable : 1
   size         : 990000
   average_time :   15.450 # [msec]
   throughput   :   64.076 # [mwords/sec]
   Debug_Time(0):   33.584 # [msec]
   Debug_Time(1):   27.808 # [msec]
   Debug_Time(2):    5.775 # [msec]
-
   Version      : 1.7
   Ways         : 32
   Words        : 2
   Feedback     : 2
   WordBits     : 32
   IndexBits    : 32
   Sort Order   : 0
   Sign Compare : 0
   Max Size     : 268435455
   Debug Enable : 1
   size         : 995000
   average_time :   15.471 # [msec]
   throughput   :   64.313 # [mwords/sec]
   Debug_Time(0):   33.873 # [msec]
   Debug_Time(1):   28.060 # [msec]
   Debug_Time(2):    5.813 # [msec]
-
   Version      : 1.7
   Ways         : 32
   Words        : 2
   Feedback     : 2
   WordBits     : 32
   IndexBits    : 32
   Sort Order   : 0
   Sign Compare : 0
   Max Size     : 268435455
   Debug Enable : 1
   size         : 1000000
   average_time :   15.504 # [msec]
   throughput   :   64.498 # [mwords/sec]
   Debug_Time(0):   33.887 # [msec]
   Debug_Time(1):   28.040 # [msec]
   Debug_Time(2):    5.847 # [msec]
