---
-
   Version      : 1.7
   Ways         : 32
   Words        : 2
   Feedback     : 1
   WordBits     : 32
   IndexBits    : 32
   Sort Order   : 0
   Sign Compare : 0
   Max Size     : 268435455
   Debug Enable : 1
   size         : 5000
   average_time :    0.221 # [msec]
   throughput   :   22.611 # [mwords/sec]
   Debug_Time(0):    0.101 # [msec]
   Debug_Time(1):    0.066 # [msec]
   Debug_Time(2):    0.034 # [msec]
-
   Version      : 1.7
   Ways         : 32
   Words        : 2
   Feedback     : 1
   WordBits     : 32
   IndexBits    : 32
   Sort Order   : 0
   Sign Compare : 0
   Max Size     : 268435455
   Debug Enable : 1
   size         : 10000
   average_time :    0.254 # [msec]
   throughput   :   39.376 # [mwords/sec]
   Debug_Time(0):    0.173 # [msec]
   Debug_Time(1):    0.108 # [msec]
   Debug_Time(2):    0.065 # [msec]
-
   Version      : 1.7
   Ways         : 32
   Words        : 2
   Feedback     : 1
   WordBits     : 32
   IndexBits    : 32
   Sort Order   : 0
   Sign Compare : 0
   Max Size     : 268435455
   Debug Enable : 1
   size         : 15000
   average_time :    0.313 # [msec]
   throughput   :   47.906 # [mwords/sec]
   Debug_Time(0):    0.271 # [msec]
   Debug_Time(1):    0.171 # [msec]
   Debug_Time(2):    0.100 # [msec]
-
   Version      : 1.7
   Ways         : 32
   Words        : 2
   Feedback     : 1
   WordBits     : 32
   IndexBits    : 32
   Sort Order   : 0
   Sign Compare : 0
   Max Size     : 268435455
   Debug Enable : 1
   size         : 20000
   average_time :    0.336 # [msec]
   throughput   :   59.443 # [mwords/sec]
   Debug_Time(0):    0.341 # [msec]
   Debug_Time(1):    0.213 # [msec]
   Debug_Time(2):    0.128 # [msec]
-
   Version      : 1.7
   Ways         : 32
   Words        : 2
   Feedback     : 1
   WordBits     : 32
   IndexBits    : 32
   Sort Order   : 0
   Sign Compare : 0
   Max Size     : 268435455
   Debug Enable : 1
   size         : 25000
   average_time :    0.378 # [msec]
   throughput   :   66.169 # [mwords/sec]
   Debug_Time(0):    0.440 # [msec]
   Debug_Time(1):    0.278 # [msec]
   Debug_Time(2):    0.162 # [msec]
-
   Version      : 1.7
   Ways         : 32
   Words        : 2
   Feedback     : 1
   WordBits     : 32
   IndexBits    : 32
   Sort Order   : 0
   Sign Compare : 0
   Max Size     : 268435455
   Debug Enable : 1
   size         : 30000
   average_time :    0.420 # [msec]
   throughput   :   71.478 # [mwords/sec]
   Debug_Time(0):    0.515 # [msec]
   Debug_Time(1):    0.320 # [msec]
   Debug_Time(2):    0.195 # [msec]
-
   Version      : 1.7
   Ways         : 32
   Words        : 2
   Feedback     : 1
   WordBits     : 32
   IndexBits    : 32
   Sort Order   : 0
   Sign Compare : 0
   Max Size     : 268435455
   Debug Enable : 1
   size         : 35000
   average_time :    0.468 # [msec]
   throughput   :   74.761 # [mwords/sec]
   Debug_Time(0):    0.614 # [msec]
   Debug_Time(1):    0.383 # [msec]
   Debug_Time(2):    0.231 # [msec]
-
   Version      : 1.7
   Ways         : 32
   Words        : 2
   Feedback     : 1
   WordBits     : 32
   IndexBits    : 32
   Sort Order   : 0
   Sign Compare : 0
   Max Size     : 268435455
   Debug Enable : 1
   size         : 40000
   average_time :    0.508 # [msec]
   throughput   :   78.796 # [mwords/sec]
   Debug_Time(0):    0.685 # [msec]
   Debug_Time(1):    0.425 # [msec]
   Debug_Time(2):    0.260 # [msec]
-
   Version      : 1.7
   Ways         : 32
   Words        : 2
   Feedback     : 1
   WordBits     : 32
   IndexBits    : 32
   Sort Order   : 0
   Sign Compare : 0
   Max Size     : 268435455
   Debug Enable : 1
   size         : 45000
   average_time :    0.534 # [msec]
   throughput   :   84.291 # [mwords/sec]
   Debug_Time(0):    0.761 # [msec]
   Debug_Time(1):    0.469 # [msec]
   Debug_Time(2):    0.293 # [msec]
-
   Version      : 1.7
   Ways         : 32
   Words        : 2
   Feedback     : 1
   WordBits     : 32
   IndexBits    : 32
   Sort Order   : 0
   Sign Compare : 0
   Max Size     : 268435455
   Debug Enable : 1
   size         : 50000
   average_time :    0.579 # [msec]
   throughput   :   86.310 # [mwords/sec]
   Debug_Time(0):    0.857 # [msec]
   Debug_Time(1):    0.531 # [msec]
   Debug_Time(2):    0.326 # [msec]
-
   Version      : 1.7
   Ways         : 32
   Words        : 2
   Feedback     : 1
   WordBits     : 32
   IndexBits    : 32
   Sort Order   : 0
   Sign Compare : 0
   Max Size     : 268435455
   Debug Enable : 1
   size         : 55000
   average_time :    0.615 # [msec]
   throughput   :   89.403 # [mwords/sec]
   Debug_Time(0):    0.935 # [msec]
   Debug_Time(1):    0.573 # [msec]
   Debug_Time(2):    0.362 # [msec]
-
   Version      : 1.7
   Ways         : 32
   Words        : 2
   Feedback     : 1
   WordBits     : 32
   IndexBits    : 32
   Sort Order   : 0
   Sign Compare : 0
   Max Size     : 268435455
   Debug Enable : 1
   size         : 60000
   average_time :    0.665 # [msec]
   throughput   :   90.284 # [mwords/sec]
   Debug_Time(0):    1.032 # [msec]
   Debug_Time(1):    0.636 # [msec]
   Debug_Time(2):    0.396 # [msec]
-
   Version      : 1.7
   Ways         : 32
   Words        : 2
   Feedback     : 1
   WordBits     : 32
   IndexBits    : 32
   Sort Order   : 0
   Sign Compare : 0
   Max Size     : 268435455
   Debug Enable : 1
   size         : 65000
   average_time :    0.695 # [msec]
   throughput   :   93.568 # [mwords/sec]
   Debug_Time(0):    1.107 # [msec]
   Debug_Time(1):    0.680 # [msec]
   Debug_Time(2):    0.427 # [msec]
-
   Version      : 1.7
   Ways         : 32
   Words        : 2
   Feedback     : 1
   WordBits     : 32
   IndexBits    : 32
   Sort Order   : 0
   Sign Compare : 0
   Max Size     : 268435455
   Debug Enable : 1
   size         : 70000
   average_time :    0.911 # [msec]
   throughput   :   76.869 # [mwords/sec]
   Debug_Time(0):    1.569 # [msec]
   Debug_Time(1):    0.744 # [msec]
   Debug_Time(2):    0.460 # [msec]
   Debug_Time(3):    0.365 # [msec]
-
   Version      : 1.7
   Ways         : 32
   Words        : 2
   Feedback     : 1
   WordBits     : 32
   IndexBits    : 32
   Sort Order   : 0
   Sign Compare : 0
   Max Size     : 268435455
   Debug Enable : 1
   size         : 75000
   average_time :    0.953 # [msec]
   throughput   :   78.667 # [mwords/sec]
   Debug_Time(0):    1.664 # [msec]
   Debug_Time(1):    0.788 # [msec]
   Debug_Time(2):    0.486 # [msec]
   Debug_Time(3):    0.390 # [msec]
-
   Version      : 1.7
   Ways         : 32
   Words        : 2
   Feedback     : 1
   WordBits     : 32
   IndexBits    : 32
   Sort Order   : 0
   Sign Compare : 0
   Max Size     : 268435455
   Debug Enable : 1
   size         : 80000
   average_time :    1.047 # [msec]
   throughput   :   76.373 # [mwords/sec]
   Debug_Time(0):    1.779 # [msec]
   Debug_Time(1):    0.851 # [msec]
   Debug_Time(2):    0.513 # [msec]
   Debug_Time(3):    0.416 # [msec]
-
   Version      : 1.7
   Ways         : 32
   Words        : 2
   Feedback     : 1
   WordBits     : 32
   IndexBits    : 32
   Sort Order   : 0
   Sign Compare : 0
   Max Size     : 268435455
   Debug Enable : 1
   size         : 85000
   average_time :    1.073 # [msec]
   throughput   :   79.222 # [mwords/sec]
   Debug_Time(0):    1.889 # [msec]
   Debug_Time(1):    0.899 # [msec]
   Debug_Time(2):    0.547 # [msec]
   Debug_Time(3):    0.442 # [msec]
-
   Version      : 1.7
   Ways         : 32
   Words        : 2
   Feedback     : 1
   WordBits     : 32
   IndexBits    : 32
   Sort Order   : 0
   Sign Compare : 0
   Max Size     : 268435455
   Debug Enable : 1
   size         : 90000
   average_time :    1.129 # [msec]
   throughput   :   79.736 # [mwords/sec]
   Debug_Time(0):    2.000 # [msec]
   Debug_Time(1):    0.952 # [msec]
   Debug_Time(2):    0.583 # [msec]
   Debug_Time(3):    0.465 # [msec]
-
   Version      : 1.7
   Ways         : 32
   Words        : 2
   Feedback     : 1
   WordBits     : 32
   IndexBits    : 32
   Sort Order   : 0
   Sign Compare : 0
   Max Size     : 268435455
   Debug Enable : 1
   size         : 95000
   average_time :    1.195 # [msec]
   throughput   :   79.509 # [mwords/sec]
   Debug_Time(0):    2.121 # [msec]
   Debug_Time(1):    1.010 # [msec]
   Debug_Time(2):    0.619 # [msec]
   Debug_Time(3):    0.492 # [msec]
-
   Version      : 1.7
   Ways         : 32
   Words        : 2
   Feedback     : 1
   WordBits     : 32
   IndexBits    : 32
   Sort Order   : 0
   Sign Compare : 0
   Max Size     : 268435455
   Debug Enable : 1
   size         : 100000
   average_time :    1.277 # [msec]
   throughput   :   78.300 # [mwords/sec]
   Debug_Time(0):    2.254 # [msec]
   Debug_Time(1):    1.097 # [msec]
   Debug_Time(2):    0.640 # [msec]
   Debug_Time(3):    0.517 # [msec]
-
   Version      : 1.7
   Ways         : 32
   Words        : 2
   Feedback     : 1
   WordBits     : 32
   IndexBits    : 32
   Sort Order   : 0
   Sign Compare : 0
   Max Size     : 268435455
   Debug Enable : 1
   size         : 105000
   average_time :    1.372 # [msec]
   throughput   :   76.538 # [mwords/sec]
   Debug_Time(0):    2.485 # [msec]
   Debug_Time(1):    1.265 # [msec]
   Debug_Time(2):    0.676 # [msec]
   Debug_Time(3):    0.544 # [msec]
-
   Version      : 1.7
   Ways         : 32
   Words        : 2
   Feedback     : 1
   WordBits     : 32
   IndexBits    : 32
   Sort Order   : 0
   Sign Compare : 0
   Max Size     : 268435455
   Debug Enable : 1
   size         : 110000
   average_time :    1.469 # [msec]
   throughput   :   74.868 # [mwords/sec]
   Debug_Time(0):    2.746 # [msec]
   Debug_Time(1):    1.459 # [msec]
   Debug_Time(2):    0.718 # [msec]
   Debug_Time(3):    0.570 # [msec]
-
   Version      : 1.7
   Ways         : 32
   Words        : 2
   Feedback     : 1
   WordBits     : 32
   IndexBits    : 32
   Sort Order   : 0
   Sign Compare : 0
   Max Size     : 268435455
   Debug Enable : 1
   size         : 115000
   average_time :    1.583 # [msec]
   throughput   :   72.647 # [mwords/sec]
   Debug_Time(0):    2.979 # [msec]
   Debug_Time(1):    1.615 # [msec]
   Debug_Time(2):    0.765 # [msec]
   Debug_Time(3):    0.600 # [msec]
-
   Version      : 1.7
   Ways         : 32
   Words        : 2
   Feedback     : 1
   WordBits     : 32
   IndexBits    : 32
   Sort Order   : 0
   Sign Compare : 0
   Max Size     : 268435455
   Debug Enable : 1
   size         : 120000
   average_time :    1.777 # [msec]
   throughput   :   67.525 # [mwords/sec]
   Debug_Time(0):    3.363 # [msec]
   Debug_Time(1):    1.941 # [msec]
   Debug_Time(2):    0.793 # [msec]
   Debug_Time(3):    0.629 # [msec]
-
   Version      : 1.7
   Ways         : 32
   Words        : 2
   Feedback     : 1
   WordBits     : 32
   IndexBits    : 32
   Sort Order   : 0
   Sign Compare : 0
   Max Size     : 268435455
   Debug Enable : 1
   size         : 125000
   average_time :    1.802 # [msec]
   throughput   :   69.373 # [mwords/sec]
   Debug_Time(0):    3.519 # [msec]
   Debug_Time(1):    2.041 # [msec]
   Debug_Time(2):    0.815 # [msec]
   Debug_Time(3):    0.663 # [msec]
-
   Version      : 1.7
   Ways         : 32
   Words        : 2
   Feedback     : 1
   WordBits     : 32
   IndexBits    : 32
   Sort Order   : 0
   Sign Compare : 0
   Max Size     : 268435455
   Debug Enable : 1
   size         : 130000
   average_time :    1.900 # [msec]
   throughput   :   68.424 # [mwords/sec]
   Debug_Time(0):    3.748 # [msec]
   Debug_Time(1):    2.204 # [msec]
   Debug_Time(2):    0.849 # [msec]
   Debug_Time(3):    0.695 # [msec]
-
   Version      : 1.7
   Ways         : 32
   Words        : 2
   Feedback     : 1
   WordBits     : 32
   IndexBits    : 32
   Sort Order   : 0
   Sign Compare : 0
   Max Size     : 268435455
   Debug Enable : 1
   size         : 135000
   average_time :    1.989 # [msec]
   throughput   :   67.861 # [mwords/sec]
   Debug_Time(0):    3.951 # [msec]
   Debug_Time(1):    2.350 # [msec]
   Debug_Time(2):    0.871 # [msec]
   Debug_Time(3):    0.730 # [msec]
-
   Version      : 1.7
   Ways         : 32
   Words        : 2
   Feedback     : 1
   WordBits     : 32
   IndexBits    : 32
   Sort Order   : 0
   Sign Compare : 0
   Max Size     : 268435455
   Debug Enable : 1
   size         : 140000
   average_time :    2.087 # [msec]
   throughput   :   67.068 # [mwords/sec]
   Debug_Time(0):    4.202 # [msec]
   Debug_Time(1):    2.534 # [msec]
   Debug_Time(2):    0.906 # [msec]
   Debug_Time(3):    0.762 # [msec]
-
   Version      : 1.7
   Ways         : 32
   Words        : 2
   Feedback     : 1
   WordBits     : 32
   IndexBits    : 32
   Sort Order   : 0
   Sign Compare : 0
   Max Size     : 268435455
   Debug Enable : 1
   size         : 145000
   average_time :    2.161 # [msec]
   throughput   :   67.090 # [mwords/sec]
   Debug_Time(0):    4.520 # [msec]
   Debug_Time(1):    2.791 # [msec]
   Debug_Time(2):    0.938 # [msec]
   Debug_Time(3):    0.791 # [msec]
-
   Version      : 1.7
   Ways         : 32
   Words        : 2
   Feedback     : 1
   WordBits     : 32
   IndexBits    : 32
   Sort Order   : 0
   Sign Compare : 0
   Max Size     : 268435455
   Debug Enable : 1
   size         : 150000
   average_time :    2.245 # [msec]
   throughput   :   66.803 # [mwords/sec]
   Debug_Time(0):    4.567 # [msec]
   Debug_Time(1):    2.773 # [msec]
   Debug_Time(2):    0.972 # [msec]
   Debug_Time(3):    0.822 # [msec]
-
   Version      : 1.7
   Ways         : 32
   Words        : 2
   Feedback     : 1
   WordBits     : 32
   IndexBits    : 32
   Sort Order   : 0
   Sign Compare : 0
   Max Size     : 268435455
   Debug Enable : 1
   size         : 155000
   average_time :    2.339 # [msec]
   throughput   :   66.274 # [mwords/sec]
   Debug_Time(0):    4.755 # [msec]
   Debug_Time(1):    2.912 # [msec]
   Debug_Time(2):    0.992 # [msec]
   Debug_Time(3):    0.851 # [msec]
-
   Version      : 1.7
   Ways         : 32
   Words        : 2
   Feedback     : 1
   WordBits     : 32
   IndexBits    : 32
   Sort Order   : 0
   Sign Compare : 0
   Max Size     : 268435455
   Debug Enable : 1
   size         : 160000
   average_time :    2.487 # [msec]
   throughput   :   64.337 # [mwords/sec]
   Debug_Time(0):    4.995 # [msec]
   Debug_Time(1):    3.084 # [msec]
   Debug_Time(2):    1.030 # [msec]
   Debug_Time(3):    0.881 # [msec]
-
   Version      : 1.7
   Ways         : 32
   Words        : 2
   Feedback     : 1
   WordBits     : 32
   IndexBits    : 32
   Sort Order   : 0
   Sign Compare : 0
   Max Size     : 268435455
   Debug Enable : 1
   size         : 165000
   average_time :    2.562 # [msec]
   throughput   :   64.399 # [mwords/sec]
   Debug_Time(0):    5.158 # [msec]
   Debug_Time(1):    3.186 # [msec]
   Debug_Time(2):    1.062 # [msec]
   Debug_Time(3):    0.909 # [msec]
-
   Version      : 1.7
   Ways         : 32
   Words        : 2
   Feedback     : 1
   WordBits     : 32
   IndexBits    : 32
   Sort Order   : 0
   Sign Compare : 0
   Max Size     : 268435455
   Debug Enable : 1
   size         : 170000
   average_time :    2.602 # [msec]
   throughput   :   65.337 # [mwords/sec]
   Debug_Time(0):    5.285 # [msec]
   Debug_Time(1):    3.250 # [msec]
   Debug_Time(2):    1.099 # [msec]
   Debug_Time(3):    0.936 # [msec]
-
   Version      : 1.7
   Ways         : 32
   Words        : 2
   Feedback     : 1
   WordBits     : 32
   IndexBits    : 32
   Sort Order   : 0
   Sign Compare : 0
   Max Size     : 268435455
   Debug Enable : 1
   size         : 175000
   average_time :    2.699 # [msec]
   throughput   :   64.832 # [mwords/sec]
   Debug_Time(0):    5.452 # [msec]
   Debug_Time(1):    3.364 # [msec]
   Debug_Time(2):    1.125 # [msec]
   Debug_Time(3):    0.963 # [msec]
-
   Version      : 1.7
   Ways         : 32
   Words        : 2
   Feedback     : 1
   WordBits     : 32
   IndexBits    : 32
   Sort Order   : 0
   Sign Compare : 0
   Max Size     : 268435455
   Debug Enable : 1
   size         : 180000
   average_time :    2.770 # [msec]
   throughput   :   64.986 # [mwords/sec]
   Debug_Time(0):    5.639 # [msec]
   Debug_Time(1):    3.476 # [msec]
   Debug_Time(2):    1.171 # [msec]
   Debug_Time(3):    0.992 # [msec]
-
   Version      : 1.7
   Ways         : 32
   Words        : 2
   Feedback     : 1
   WordBits     : 32
   IndexBits    : 32
   Sort Order   : 0
   Sign Compare : 0
   Max Size     : 268435455
   Debug Enable : 1
   size         : 185000
   average_time :    2.872 # [msec]
   throughput   :   64.422 # [mwords/sec]
   Debug_Time(0):    5.826 # [msec]
   Debug_Time(1):    3.601 # [msec]
   Debug_Time(2):    1.206 # [msec]
   Debug_Time(3):    1.019 # [msec]
-
   Version      : 1.7
   Ways         : 32
   Words        : 2
   Feedback     : 1
   WordBits     : 32
   IndexBits    : 32
   Sort Order   : 0
   Sign Compare : 0
   Max Size     : 268435455
   Debug Enable : 1
   size         : 190000
   average_time :    2.940 # [msec]
   throughput   :   64.629 # [mwords/sec]
   Debug_Time(0):    5.967 # [msec]
   Debug_Time(1):    3.698 # [msec]
   Debug_Time(2):    1.223 # [msec]
   Debug_Time(3):    1.047 # [msec]
-
   Version      : 1.7
   Ways         : 32
   Words        : 2
   Feedback     : 1
   WordBits     : 32
   IndexBits    : 32
   Sort Order   : 0
   Sign Compare : 0
   Max Size     : 268435455
   Debug Enable : 1
   size         : 195000
   average_time :    3.028 # [msec]
   throughput   :   64.398 # [mwords/sec]
   Debug_Time(0):    6.133 # [msec]
   Debug_Time(1):    3.796 # [msec]
   Debug_Time(2):    1.266 # [msec]
   Debug_Time(3):    1.070 # [msec]
-
   Version      : 1.7
   Ways         : 32
   Words        : 2
   Feedback     : 1
   WordBits     : 32
   IndexBits    : 32
   Sort Order   : 0
   Sign Compare : 0
   Max Size     : 268435455
   Debug Enable : 1
   size         : 200000
   average_time :    3.108 # [msec]
   throughput   :   64.344 # [mwords/sec]
   Debug_Time(0):    6.271 # [msec]
   Debug_Time(1):    3.874 # [msec]
   Debug_Time(2):    1.292 # [msec]
   Debug_Time(3):    1.105 # [msec]
-
   Version      : 1.7
   Ways         : 32
   Words        : 2
   Feedback     : 1
   WordBits     : 32
   IndexBits    : 32
   Sort Order   : 0
   Sign Compare : 0
   Max Size     : 268435455
   Debug Enable : 1
   size         : 205000
   average_time :    3.175 # [msec]
   throughput   :   64.569 # [mwords/sec]
   Debug_Time(0):    6.444 # [msec]
   Debug_Time(1):    3.996 # [msec]
   Debug_Time(2):    1.315 # [msec]
   Debug_Time(3):    1.133 # [msec]
-
   Version      : 1.7
   Ways         : 32
   Words        : 2
   Feedback     : 1
   WordBits     : 32
   IndexBits    : 32
   Sort Order   : 0
   Sign Compare : 0
   Max Size     : 268435455
   Debug Enable : 1
   size         : 210000
   average_time :    3.242 # [msec]
   throughput   :   64.776 # [mwords/sec]
   Debug_Time(0):    6.552 # [msec]
   Debug_Time(1):    4.048 # [msec]
   Debug_Time(2):    1.342 # [msec]
   Debug_Time(3):    1.162 # [msec]
-
   Version      : 1.7
   Ways         : 32
   Words        : 2
   Feedback     : 1
   WordBits     : 32
   IndexBits    : 32
   Sort Order   : 0
   Sign Compare : 0
   Max Size     : 268435455
   Debug Enable : 1
   size         : 215000
   average_time :    3.311 # [msec]
   throughput   :   64.936 # [mwords/sec]
   Debug_Time(0):    6.710 # [msec]
   Debug_Time(1):    4.151 # [msec]
   Debug_Time(2):    1.371 # [msec]
   Debug_Time(3):    1.187 # [msec]
-
   Version      : 1.7
   Ways         : 32
   Words        : 2
   Feedback     : 1
   WordBits     : 32
   IndexBits    : 32
   Sort Order   : 0
   Sign Compare : 0
   Max Size     : 268435455
   Debug Enable : 1
   size         : 220000
   average_time :    3.403 # [msec]
   throughput   :   64.649 # [mwords/sec]
   Debug_Time(0):    6.874 # [msec]
   Debug_Time(1):    4.284 # [msec]
   Debug_Time(2):    1.403 # [msec]
   Debug_Time(3):    1.187 # [msec]
-
   Version      : 1.7
   Ways         : 32
   Words        : 2
   Feedback     : 1
   WordBits     : 32
   IndexBits    : 32
   Sort Order   : 0
   Sign Compare : 0
   Max Size     : 268435455
   Debug Enable : 1
   size         : 225000
   average_time :    3.481 # [msec]
   throughput   :   64.639 # [mwords/sec]
   Debug_Time(0):    6.925 # [msec]
   Debug_Time(1):    4.264 # [msec]
   Debug_Time(2):    1.435 # [msec]
   Debug_Time(3):    1.225 # [msec]
-
   Version      : 1.7
   Ways         : 32
   Words        : 2
   Feedback     : 1
   WordBits     : 32
   IndexBits    : 32
   Sort Order   : 0
   Sign Compare : 0
   Max Size     : 268435455
   Debug Enable : 1
   size         : 230000
   average_time :    3.530 # [msec]
   throughput   :   65.152 # [mwords/sec]
   Debug_Time(0):    7.079 # [msec]
   Debug_Time(1):    4.381 # [msec]
   Debug_Time(2):    1.463 # [msec]
   Debug_Time(3):    1.235 # [msec]
-
   Version      : 1.7
   Ways         : 32
   Words        : 2
   Feedback     : 1
   WordBits     : 32
   IndexBits    : 32
   Sort Order   : 0
   Sign Compare : 0
   Max Size     : 268435455
   Debug Enable : 1
   size         : 235000
   average_time :    3.599 # [msec]
   throughput   :   65.299 # [mwords/sec]
   Debug_Time(0):    7.289 # [msec]
   Debug_Time(1):    4.508 # [msec]
   Debug_Time(2):    1.515 # [msec]
   Debug_Time(3):    1.266 # [msec]
-
   Version      : 1.7
   Ways         : 32
   Words        : 2
   Feedback     : 1
   WordBits     : 32
   IndexBits    : 32
   Sort Order   : 0
   Sign Compare : 0
   Max Size     : 268435455
   Debug Enable : 1
   size         : 240000
   average_time :    3.692 # [msec]
   throughput   :   65.006 # [mwords/sec]
   Debug_Time(0):    7.437 # [msec]
   Debug_Time(1):    4.572 # [msec]
   Debug_Time(2):    1.561 # [msec]
   Debug_Time(3):    1.304 # [msec]
-
   Version      : 1.7
   Ways         : 32
   Words        : 2
   Feedback     : 1
   WordBits     : 32
   IndexBits    : 32
   Sort Order   : 0
   Sign Compare : 0
   Max Size     : 268435455
   Debug Enable : 1
   size         : 245000
   average_time :    3.746 # [msec]
   throughput   :   65.401 # [mwords/sec]
   Debug_Time(0):    7.536 # [msec]
   Debug_Time(1):    4.638 # [msec]
   Debug_Time(2):    1.573 # [msec]
   Debug_Time(3):    1.324 # [msec]
-
   Version      : 1.7
   Ways         : 32
   Words        : 2
   Feedback     : 1
   WordBits     : 32
   IndexBits    : 32
   Sort Order   : 0
   Sign Compare : 0
   Max Size     : 268435455
   Debug Enable : 1
   size         : 250000
   average_time :    3.860 # [msec]
   throughput   :   64.761 # [mwords/sec]
   Debug_Time(0):    7.709 # [msec]
   Debug_Time(1):    4.746 # [msec]
   Debug_Time(2):    1.606 # [msec]
   Debug_Time(3):    1.357 # [msec]
-
   Version      : 1.7
   Ways         : 32
   Words        : 2
   Feedback     : 1
   WordBits     : 32
   IndexBits    : 32
   Sort Order   : 0
   Sign Compare : 0
   Max Size     : 268435455
   Debug Enable : 1
   size         : 255000
   average_time :    3.889 # [msec]
   throughput   :   65.576 # [mwords/sec]
   Debug_Time(0):    7.918 # [msec]
   Debug_Time(1):    4.843 # [msec]
   Debug_Time(2):    1.646 # [msec]
   Debug_Time(3):    1.429 # [msec]
-
   Version      : 1.7
   Ways         : 32
   Words        : 2
   Feedback     : 1
   WordBits     : 32
   IndexBits    : 32
   Sort Order   : 0
   Sign Compare : 0
   Max Size     : 268435455
   Debug Enable : 1
   size         : 260000
   average_time :    3.969 # [msec]
   throughput   :   65.515 # [mwords/sec]
   Debug_Time(0):    8.150 # [msec]
   Debug_Time(1):    5.021 # [msec]
   Debug_Time(2):    1.677 # [msec]
   Debug_Time(3):    1.452 # [msec]
-
   Version      : 1.7
   Ways         : 32
   Words        : 2
   Feedback     : 1
   WordBits     : 32
   IndexBits    : 32
   Sort Order   : 0
   Sign Compare : 0
   Max Size     : 268435455
   Debug Enable : 1
   size         : 265000
   average_time :    4.043 # [msec]
   throughput   :   65.543 # [mwords/sec]
   Debug_Time(0):    8.175 # [msec]
   Debug_Time(1):    5.016 # [msec]
   Debug_Time(2):    1.694 # [msec]
   Debug_Time(3):    1.465 # [msec]
-
   Version      : 1.7
   Ways         : 32
   Words        : 2
   Feedback     : 1
   WordBits     : 32
   IndexBits    : 32
   Sort Order   : 0
   Sign Compare : 0
   Max Size     : 268435455
   Debug Enable : 1
   size         : 270000
   average_time :    4.119 # [msec]
   throughput   :   65.545 # [mwords/sec]
   Debug_Time(0):    8.488 # [msec]
   Debug_Time(1):    5.253 # [msec]
   Debug_Time(2):    1.723 # [msec]
   Debug_Time(3):    1.511 # [msec]
-
   Version      : 1.7
   Ways         : 32
   Words        : 2
   Feedback     : 1
   WordBits     : 32
   IndexBits    : 32
   Sort Order   : 0
   Sign Compare : 0
   Max Size     : 268435455
   Debug Enable : 1
   size         : 275000
   average_time :    4.184 # [msec]
   throughput   :   65.734 # [mwords/sec]
   Debug_Time(0):    8.609 # [msec]
   Debug_Time(1):    5.310 # [msec]
   Debug_Time(2):    1.758 # [msec]
   Debug_Time(3):    1.541 # [msec]
-
   Version      : 1.7
   Ways         : 32
   Words        : 2
   Feedback     : 1
   WordBits     : 32
   IndexBits    : 32
   Sort Order   : 0
   Sign Compare : 0
   Max Size     : 268435455
   Debug Enable : 1
   size         : 280000
   average_time :    4.233 # [msec]
   throughput   :   66.152 # [mwords/sec]
   Debug_Time(0):    8.511 # [msec]
   Debug_Time(1):    5.164 # [msec]
   Debug_Time(2):    1.782 # [msec]
   Debug_Time(3):    1.565 # [msec]
-
   Version      : 1.7
   Ways         : 32
   Words        : 2
   Feedback     : 1
   WordBits     : 32
   IndexBits    : 32
   Sort Order   : 0
   Sign Compare : 0
   Max Size     : 268435455
   Debug Enable : 1
   size         : 285000
   average_time :    4.323 # [msec]
   throughput   :   65.928 # [mwords/sec]
   Debug_Time(0):    8.703 # [msec]
   Debug_Time(1):    5.296 # [msec]
   Debug_Time(2):    1.811 # [msec]
   Debug_Time(3):    1.595 # [msec]
-
   Version      : 1.7
   Ways         : 32
   Words        : 2
   Feedback     : 1
   WordBits     : 32
   IndexBits    : 32
   Sort Order   : 0
   Sign Compare : 0
   Max Size     : 268435455
   Debug Enable : 1
   size         : 290000
   average_time :    4.394 # [msec]
   throughput   :   65.999 # [mwords/sec]
   Debug_Time(0):    8.854 # [msec]
   Debug_Time(1):    5.375 # [msec]
   Debug_Time(2):    1.856 # [msec]
   Debug_Time(3):    1.624 # [msec]
-
   Version      : 1.7
   Ways         : 32
   Words        : 2
   Feedback     : 1
   WordBits     : 32
   IndexBits    : 32
   Sort Order   : 0
   Sign Compare : 0
   Max Size     : 268435455
   Debug Enable : 1
   size         : 295000
   average_time :    4.468 # [msec]
   throughput   :   66.018 # [mwords/sec]
   Debug_Time(0):    9.014 # [msec]
   Debug_Time(1):    5.489 # [msec]
   Debug_Time(2):    1.872 # [msec]
   Debug_Time(3):    1.653 # [msec]
-
   Version      : 1.7
   Ways         : 32
   Words        : 2
   Feedback     : 1
   WordBits     : 32
   IndexBits    : 32
   Sort Order   : 0
   Sign Compare : 0
   Max Size     : 268435455
   Debug Enable : 1
   size         : 300000
   average_time :    4.531 # [msec]
   throughput   :   66.216 # [mwords/sec]
   Debug_Time(0):    9.120 # [msec]
   Debug_Time(1):    5.516 # [msec]
   Debug_Time(2):    1.922 # [msec]
   Debug_Time(3):    1.682 # [msec]
-
   Version      : 1.7
   Ways         : 32
   Words        : 2
   Feedback     : 1
   WordBits     : 32
   IndexBits    : 32
   Sort Order   : 0
   Sign Compare : 0
   Max Size     : 268435455
   Debug Enable : 1
   size         : 305000
   average_time :    4.610 # [msec]
   throughput   :   66.156 # [mwords/sec]
   Debug_Time(0):    9.281 # [msec]
   Debug_Time(1):    5.614 # [msec]
   Debug_Time(2):    1.956 # [msec]
   Debug_Time(3):    1.710 # [msec]
-
   Version      : 1.7
   Ways         : 32
   Words        : 2
   Feedback     : 1
   WordBits     : 32
   IndexBits    : 32
   Sort Order   : 0
   Sign Compare : 0
   Max Size     : 268435455
   Debug Enable : 1
   size         : 310000
   average_time :    4.661 # [msec]
   throughput   :   66.515 # [mwords/sec]
   Debug_Time(0):    9.476 # [msec]
   Debug_Time(1):    5.708 # [msec]
   Debug_Time(2):    2.000 # [msec]
   Debug_Time(3):    1.768 # [msec]
-
   Version      : 1.7
   Ways         : 32
   Words        : 2
   Feedback     : 1
   WordBits     : 32
   IndexBits    : 32
   Sort Order   : 0
   Sign Compare : 0
   Max Size     : 268435455
   Debug Enable : 1
   size         : 315000
   average_time :    4.735 # [msec]
   throughput   :   66.525 # [mwords/sec]
   Debug_Time(0):    9.679 # [msec]
   Debug_Time(1):    5.847 # [msec]
   Debug_Time(2):    2.030 # [msec]
   Debug_Time(3):    1.802 # [msec]
-
   Version      : 1.7
   Ways         : 32
   Words        : 2
   Feedback     : 1
   WordBits     : 32
   IndexBits    : 32
   Sort Order   : 0
   Sign Compare : 0
   Max Size     : 268435455
   Debug Enable : 1
   size         : 320000
   average_time :    4.804 # [msec]
   throughput   :   66.611 # [mwords/sec]
   Debug_Time(0):    9.832 # [msec]
   Debug_Time(1):    5.953 # [msec]
   Debug_Time(2):    2.056 # [msec]
   Debug_Time(3):    1.823 # [msec]
-
   Version      : 1.7
   Ways         : 32
   Words        : 2
   Feedback     : 1
   WordBits     : 32
   IndexBits    : 32
   Sort Order   : 0
   Sign Compare : 0
   Max Size     : 268435455
   Debug Enable : 1
   size         : 325000
   average_time :    4.852 # [msec]
   throughput   :   66.976 # [mwords/sec]
   Debug_Time(0):    9.861 # [msec]
   Debug_Time(1):    5.943 # [msec]
   Debug_Time(2):    2.074 # [msec]
   Debug_Time(3):    1.843 # [msec]
-
   Version      : 1.7
   Ways         : 32
   Words        : 2
   Feedback     : 1
   WordBits     : 32
   IndexBits    : 32
   Sort Order   : 0
   Sign Compare : 0
   Max Size     : 268435455
   Debug Enable : 1
   size         : 330000
   average_time :    4.937 # [msec]
   throughput   :   66.839 # [mwords/sec]
   Debug_Time(0):    9.925 # [msec]
   Debug_Time(1):    5.948 # [msec]
   Debug_Time(2):    2.112 # [msec]
   Debug_Time(3):    1.864 # [msec]
-
   Version      : 1.7
   Ways         : 32
   Words        : 2
   Feedback     : 1
   WordBits     : 32
   IndexBits    : 32
   Sort Order   : 0
   Sign Compare : 0
   Max Size     : 268435455
   Debug Enable : 1
   size         : 335000
   average_time :    4.991 # [msec]
   throughput   :   67.126 # [mwords/sec]
   Debug_Time(0):   10.064 # [msec]
   Debug_Time(1):    6.044 # [msec]
   Debug_Time(2):    2.128 # [msec]
   Debug_Time(3):    1.893 # [msec]
-
   Version      : 1.7
   Ways         : 32
   Words        : 2
   Feedback     : 1
   WordBits     : 32
   IndexBits    : 32
   Sort Order   : 0
   Sign Compare : 0
   Max Size     : 268435455
   Debug Enable : 1
   size         : 340000
   average_time :    5.058 # [msec]
   throughput   :   67.214 # [mwords/sec]
   Debug_Time(0):   10.117 # [msec]
   Debug_Time(1):    6.045 # [msec]
   Debug_Time(2):    2.158 # [msec]
   Debug_Time(3):    1.914 # [msec]
-
   Version      : 1.7
   Ways         : 32
   Words        : 2
   Feedback     : 1
   WordBits     : 32
   IndexBits    : 32
   Sort Order   : 0
   Sign Compare : 0
   Max Size     : 268435455
   Debug Enable : 1
   size         : 345000
   average_time :    5.139 # [msec]
   throughput   :   67.128 # [mwords/sec]
   Debug_Time(0):   10.468 # [msec]
   Debug_Time(1):    6.305 # [msec]
   Debug_Time(2):    2.194 # [msec]
   Debug_Time(3):    1.969 # [msec]
-
   Version      : 1.7
   Ways         : 32
   Words        : 2
   Feedback     : 1
   WordBits     : 32
   IndexBits    : 32
   Sort Order   : 0
   Sign Compare : 0
   Max Size     : 268435455
   Debug Enable : 1
   size         : 350000
   average_time :    5.191 # [msec]
   throughput   :   67.423 # [mwords/sec]
   Debug_Time(0):   10.449 # [msec]
   Debug_Time(1):    6.253 # [msec]
   Debug_Time(2):    2.225 # [msec]
   Debug_Time(3):    1.972 # [msec]
-
   Version      : 1.7
   Ways         : 32
   Words        : 2
   Feedback     : 1
   WordBits     : 32
   IndexBits    : 32
   Sort Order   : 0
   Sign Compare : 0
   Max Size     : 268435455
   Debug Enable : 1
   size         : 355000
   average_time :    5.265 # [msec]
   throughput   :   67.427 # [mwords/sec]
   Debug_Time(0):   10.666 # [msec]
   Debug_Time(1):    6.386 # [msec]
   Debug_Time(2):    2.269 # [msec]
   Debug_Time(3):    2.011 # [msec]
-
   Version      : 1.7
   Ways         : 32
   Words        : 2
   Feedback     : 1
   WordBits     : 32
   IndexBits    : 32
   Sort Order   : 0
   Sign Compare : 0
   Max Size     : 268435455
   Debug Enable : 1
   size         : 360000
   average_time :    5.329 # [msec]
   throughput   :   67.549 # [mwords/sec]
   Debug_Time(0):   10.879 # [msec]
   Debug_Time(1):    6.544 # [msec]
   Debug_Time(2):    2.300 # [msec]
   Debug_Time(3):    2.035 # [msec]
-
   Version      : 1.7
   Ways         : 32
   Words        : 2
   Feedback     : 1
   WordBits     : 32
   IndexBits    : 32
   Sort Order   : 0
   Sign Compare : 0
   Max Size     : 268435455
   Debug Enable : 1
   size         : 365000
   average_time :    5.392 # [msec]
   throughput   :   67.698 # [mwords/sec]
   Debug_Time(0):   11.072 # [msec]
   Debug_Time(1):    6.672 # [msec]
   Debug_Time(2):    2.323 # [msec]
   Debug_Time(3):    2.077 # [msec]
-
   Version      : 1.7
   Ways         : 32
   Words        : 2
   Feedback     : 1
   WordBits     : 32
   IndexBits    : 32
   Sort Order   : 0
   Sign Compare : 0
   Max Size     : 268435455
   Debug Enable : 1
   size         : 370000
   average_time :    5.477 # [msec]
   throughput   :   67.559 # [mwords/sec]
   Debug_Time(0):   11.254 # [msec]
   Debug_Time(1):    6.777 # [msec]
   Debug_Time(2):    2.391 # [msec]
   Debug_Time(3):    2.086 # [msec]
-
   Version      : 1.7
   Ways         : 32
   Words        : 2
   Feedback     : 1
   WordBits     : 32
   IndexBits    : 32
   Sort Order   : 0
   Sign Compare : 0
   Max Size     : 268435455
   Debug Enable : 1
   size         : 375000
   average_time :    5.535 # [msec]
   throughput   :   67.750 # [mwords/sec]
   Debug_Time(0):   11.622 # [msec]
   Debug_Time(1):    7.088 # [msec]
   Debug_Time(2):    2.402 # [msec]
   Debug_Time(3):    2.133 # [msec]
-
   Version      : 1.7
   Ways         : 32
   Words        : 2
   Feedback     : 1
   WordBits     : 32
   IndexBits    : 32
   Sort Order   : 0
   Sign Compare : 0
   Max Size     : 268435455
   Debug Enable : 1
   size         : 380000
   average_time :    5.592 # [msec]
   throughput   :   67.949 # [mwords/sec]
   Debug_Time(0):   11.607 # [msec]
   Debug_Time(1):    7.022 # [msec]
   Debug_Time(2):    2.431 # [msec]
   Debug_Time(3):    2.154 # [msec]
-
   Version      : 1.7
   Ways         : 32
   Words        : 2
   Feedback     : 1
   WordBits     : 32
   IndexBits    : 32
   Sort Order   : 0
   Sign Compare : 0
   Max Size     : 268435455
   Debug Enable : 1
   size         : 385000
   average_time :    5.674 # [msec]
   throughput   :   67.850 # [mwords/sec]
   Debug_Time(0):   11.578 # [msec]
   Debug_Time(1):    6.923 # [msec]
   Debug_Time(2):    2.465 # [msec]
   Debug_Time(3):    2.190 # [msec]
-
   Version      : 1.7
   Ways         : 32
   Words        : 2
   Feedback     : 1
   WordBits     : 32
   IndexBits    : 32
   Sort Order   : 0
   Sign Compare : 0
   Max Size     : 268435455
   Debug Enable : 1
   size         : 390000
   average_time :    5.737 # [msec]
   throughput   :   67.984 # [mwords/sec]
   Debug_Time(0):   11.921 # [msec]
   Debug_Time(1):    7.169 # [msec]
   Debug_Time(2):    2.485 # [msec]
   Debug_Time(3):    2.267 # [msec]
-
   Version      : 1.7
   Ways         : 32
   Words        : 2
   Feedback     : 1
   WordBits     : 32
   IndexBits    : 32
   Sort Order   : 0
   Sign Compare : 0
   Max Size     : 268435455
   Debug Enable : 1
   size         : 395000
   average_time :    5.812 # [msec]
   throughput   :   67.961 # [mwords/sec]
   Debug_Time(0):   12.007 # [msec]
   Debug_Time(1):    7.211 # [msec]
   Debug_Time(2):    2.522 # [msec]
   Debug_Time(3):    2.275 # [msec]
-
   Version      : 1.7
   Ways         : 32
   Words        : 2
   Feedback     : 1
   WordBits     : 32
   IndexBits    : 32
   Sort Order   : 0
   Sign Compare : 0
   Max Size     : 268435455
   Debug Enable : 1
   size         : 400000
   average_time :    5.867 # [msec]
   throughput   :   68.175 # [mwords/sec]
   Debug_Time(0):   12.250 # [msec]
   Debug_Time(1):    7.445 # [msec]
   Debug_Time(2):    2.544 # [msec]
   Debug_Time(3):    2.261 # [msec]
-
   Version      : 1.7
   Ways         : 32
   Words        : 2
   Feedback     : 1
   WordBits     : 32
   IndexBits    : 32
   Sort Order   : 0
   Sign Compare : 0
   Max Size     : 268435455
   Debug Enable : 1
   size         : 405000
   average_time :    5.925 # [msec]
   throughput   :   68.356 # [mwords/sec]
   Debug_Time(0):   12.208 # [msec]
   Debug_Time(1):    7.339 # [msec]
   Debug_Time(2):    2.577 # [msec]
   Debug_Time(3):    2.291 # [msec]
-
   Version      : 1.7
   Ways         : 32
   Words        : 2
   Feedback     : 1
   WordBits     : 32
   IndexBits    : 32
   Sort Order   : 0
   Sign Compare : 0
   Max Size     : 268435455
   Debug Enable : 1
   size         : 410000
   average_time :    6.001 # [msec]
   throughput   :   68.319 # [mwords/sec]
   Debug_Time(0):   12.546 # [msec]
   Debug_Time(1):    7.614 # [msec]
   Debug_Time(2):    2.609 # [msec]
   Debug_Time(3):    2.323 # [msec]
-
   Version      : 1.7
   Ways         : 32
   Words        : 2
   Feedback     : 1
   WordBits     : 32
   IndexBits    : 32
   Sort Order   : 0
   Sign Compare : 0
   Max Size     : 268435455
   Debug Enable : 1
   size         : 415000
   average_time :    6.076 # [msec]
   throughput   :   68.302 # [mwords/sec]
   Debug_Time(0):   12.623 # [msec]
   Debug_Time(1):    7.644 # [msec]
   Debug_Time(2):    2.638 # [msec]
   Debug_Time(3):    2.340 # [msec]
-
   Version      : 1.7
   Ways         : 32
   Words        : 2
   Feedback     : 1
   WordBits     : 32
   IndexBits    : 32
   Sort Order   : 0
   Sign Compare : 0
   Max Size     : 268435455
   Debug Enable : 1
   size         : 420000
   average_time :    6.143 # [msec]
   throughput   :   68.367 # [mwords/sec]
   Debug_Time(0):   12.821 # [msec]
   Debug_Time(1):    7.764 # [msec]
   Debug_Time(2):    2.666 # [msec]
   Debug_Time(3):    2.392 # [msec]
-
   Version      : 1.7
   Ways         : 32
   Words        : 2
   Feedback     : 1
   WordBits     : 32
   IndexBits    : 32
   Sort Order   : 0
   Sign Compare : 0
   Max Size     : 268435455
   Debug Enable : 1
   size         : 425000
   average_time :    6.204 # [msec]
   throughput   :   68.504 # [mwords/sec]
   Debug_Time(0):   13.001 # [msec]
   Debug_Time(1):    7.895 # [msec]
   Debug_Time(2):    2.701 # [msec]
   Debug_Time(3):    2.405 # [msec]
-
   Version      : 1.7
   Ways         : 32
   Words        : 2
   Feedback     : 1
   WordBits     : 32
   IndexBits    : 32
   Sort Order   : 0
   Sign Compare : 0
   Max Size     : 268435455
   Debug Enable : 1
   size         : 430000
   average_time :    6.244 # [msec]
   throughput   :   68.871 # [mwords/sec]
   Debug_Time(0):   13.042 # [msec]
   Debug_Time(1):    7.858 # [msec]
   Debug_Time(2):    2.733 # [msec]
   Debug_Time(3):    2.450 # [msec]
-
   Version      : 1.7
   Ways         : 32
   Words        : 2
   Feedback     : 1
   WordBits     : 32
   IndexBits    : 32
   Sort Order   : 0
   Sign Compare : 0
   Max Size     : 268435455
   Debug Enable : 1
   size         : 435000
   average_time :    6.336 # [msec]
   throughput   :   68.656 # [mwords/sec]
   Debug_Time(0):   13.300 # [msec]
   Debug_Time(1):    7.990 # [msec]
   Debug_Time(2):    2.774 # [msec]
   Debug_Time(3):    2.537 # [msec]
-
   Version      : 1.7
   Ways         : 32
   Words        : 2
   Feedback     : 1
   WordBits     : 32
   IndexBits    : 32
   Sort Order   : 0
   Sign Compare : 0
   Max Size     : 268435455
   Debug Enable : 1
   size         : 440000
   average_time :    6.399 # [msec]
   throughput   :   68.759 # [mwords/sec]
   Debug_Time(0):   13.401 # [msec]
   Debug_Time(1):    8.078 # [msec]
   Debug_Time(2):    2.811 # [msec]
   Debug_Time(3):    2.513 # [msec]
-
   Version      : 1.7
   Ways         : 32
   Words        : 2
   Feedback     : 1
   WordBits     : 32
   IndexBits    : 32
   Sort Order   : 0
   Sign Compare : 0
   Max Size     : 268435455
   Debug Enable : 1
   size         : 445000
   average_time :    6.462 # [msec]
   throughput   :   68.864 # [mwords/sec]
   Debug_Time(0):   13.497 # [msec]
   Debug_Time(1):    8.108 # [msec]
   Debug_Time(2):    2.842 # [msec]
   Debug_Time(3):    2.548 # [msec]
-
   Version      : 1.7
   Ways         : 32
   Words        : 2
   Feedback     : 1
   WordBits     : 32
   IndexBits    : 32
   Sort Order   : 0
   Sign Compare : 0
   Max Size     : 268435455
   Debug Enable : 1
   size         : 450000
   average_time :    6.549 # [msec]
   throughput   :   68.716 # [mwords/sec]
   Debug_Time(0):   13.600 # [msec]
   Debug_Time(1):    8.094 # [msec]
   Debug_Time(2):    2.883 # [msec]
   Debug_Time(3):    2.623 # [msec]
-
   Version      : 1.7
   Ways         : 32
   Words        : 2
   Feedback     : 1
   WordBits     : 32
   IndexBits    : 32
   Sort Order   : 0
   Sign Compare : 0
   Max Size     : 268435455
   Debug Enable : 1
   size         : 455000
   average_time :    6.610 # [msec]
   throughput   :   68.837 # [mwords/sec]
   Debug_Time(0):   13.882 # [msec]
   Debug_Time(1):    8.385 # [msec]
   Debug_Time(2):    2.910 # [msec]
   Debug_Time(3):    2.587 # [msec]
-
   Version      : 1.7
   Ways         : 32
   Words        : 2
   Feedback     : 1
   WordBits     : 32
   IndexBits    : 32
   Sort Order   : 0
   Sign Compare : 0
   Max Size     : 268435455
   Debug Enable : 1
   size         : 460000
   average_time :    6.674 # [msec]
   throughput   :   68.929 # [mwords/sec]
   Debug_Time(0):   14.021 # [msec]
   Debug_Time(1):    8.474 # [msec]
   Debug_Time(2):    2.928 # [msec]
   Debug_Time(3):    2.619 # [msec]
-
   Version      : 1.7
   Ways         : 32
   Words        : 2
   Feedback     : 1
   WordBits     : 32
   IndexBits    : 32
   Sort Order   : 0
   Sign Compare : 0
   Max Size     : 268435455
   Debug Enable : 1
   size         : 465000
   average_time :    6.742 # [msec]
   throughput   :   68.967 # [mwords/sec]
   Debug_Time(0):   14.026 # [msec]
   Debug_Time(1):    8.424 # [msec]
   Debug_Time(2):    2.955 # [msec]
   Debug_Time(3):    2.647 # [msec]
-
   Version      : 1.7
   Ways         : 32
   Words        : 2
   Feedback     : 1
   WordBits     : 32
   IndexBits    : 32
   Sort Order   : 0
   Sign Compare : 0
   Max Size     : 268435455
   Debug Enable : 1
   size         : 470000
   average_time :    6.786 # [msec]
   throughput   :   69.257 # [mwords/sec]
   Debug_Time(0):   14.225 # [msec]
   Debug_Time(1):    8.569 # [msec]
   Debug_Time(2):    2.987 # [msec]
   Debug_Time(3):    2.670 # [msec]
-
   Version      : 1.7
   Ways         : 32
   Words        : 2
   Feedback     : 1
   WordBits     : 32
   IndexBits    : 32
   Sort Order   : 0
   Sign Compare : 0
   Max Size     : 268435455
   Debug Enable : 1
   size         : 475000
   average_time :    6.867 # [msec]
   throughput   :   69.170 # [mwords/sec]
   Debug_Time(0):   14.475 # [msec]
   Debug_Time(1):    8.707 # [msec]
   Debug_Time(2):    3.013 # [msec]
   Debug_Time(3):    2.755 # [msec]
-
   Version      : 1.7
   Ways         : 32
   Words        : 2
   Feedback     : 1
   WordBits     : 32
   IndexBits    : 32
   Sort Order   : 0
   Sign Compare : 0
   Max Size     : 268435455
   Debug Enable : 1
   size         : 480000
   average_time :    6.915 # [msec]
   throughput   :   69.413 # [mwords/sec]
   Debug_Time(0):   13.890 # [msec]
   Debug_Time(1):    8.119 # [msec]
   Debug_Time(2):    3.043 # [msec]
   Debug_Time(3):    2.727 # [msec]
-
   Version      : 1.7
   Ways         : 32
   Words        : 2
   Feedback     : 1
   WordBits     : 32
   IndexBits    : 32
   Sort Order   : 0
   Sign Compare : 0
   Max Size     : 268435455
   Debug Enable : 1
   size         : 485000
   average_time :    7.014 # [msec]
   throughput   :   69.145 # [mwords/sec]
   Debug_Time(0):   14.682 # [msec]
   Debug_Time(1):    8.822 # [msec]
   Debug_Time(2):    3.081 # [msec]
   Debug_Time(3):    2.780 # [msec]
-
   Version      : 1.7
   Ways         : 32
   Words        : 2
   Feedback     : 1
   WordBits     : 32
   IndexBits    : 32
   Sort Order   : 0
   Sign Compare : 0
   Max Size     : 268435455
   Debug Enable : 1
   size         : 490000
   average_time :    7.086 # [msec]
   throughput   :   69.151 # [mwords/sec]
   Debug_Time(0):   14.915 # [msec]
   Debug_Time(1):    8.967 # [msec]
   Debug_Time(2):    3.110 # [msec]
   Debug_Time(3):    2.837 # [msec]
-
   Version      : 1.7
   Ways         : 32
   Words        : 2
   Feedback     : 1
   WordBits     : 32
   IndexBits    : 32
   Sort Order   : 0
   Sign Compare : 0
   Max Size     : 268435455
   Debug Enable : 1
   size         : 495000
   average_time :    7.160 # [msec]
   throughput   :   69.131 # [mwords/sec]
   Debug_Time(0):   14.991 # [msec]
   Debug_Time(1):    8.996 # [msec]
   Debug_Time(2):    3.160 # [msec]
   Debug_Time(3):    2.835 # [msec]
-
   Version      : 1.7
   Ways         : 32
   Words        : 2
   Feedback     : 1
   WordBits     : 32
   IndexBits    : 32
   Sort Order   : 0
   Sign Compare : 0
   Max Size     : 268435455
   Debug Enable : 1
   size         : 500000
   average_time :    7.225 # [msec]
   throughput   :   69.205 # [mwords/sec]
   Debug_Time(0):   15.165 # [msec]
   Debug_Time(1):    9.116 # [msec]
   Debug_Time(2):    3.188 # [msec]
   Debug_Time(3):    2.861 # [msec]
-
   Version      : 1.7
   Ways         : 32
   Words        : 2
   Feedback     : 1
   WordBits     : 32
   IndexBits    : 32
   Sort Order   : 0
   Sign Compare : 0
   Max Size     : 268435455
   Debug Enable : 1
   size         : 505000
   average_time :    7.289 # [msec]
   throughput   :   69.279 # [mwords/sec]
   Debug_Time(0):   15.330 # [msec]
   Debug_Time(1):    9.222 # [msec]
   Debug_Time(2):    3.222 # [msec]
   Debug_Time(3):    2.887 # [msec]
-
   Version      : 1.7
   Ways         : 32
   Words        : 2
   Feedback     : 1
   WordBits     : 32
   IndexBits    : 32
   Sort Order   : 0
   Sign Compare : 0
   Max Size     : 268435455
   Debug Enable : 1
   size         : 510000
   average_time :    7.326 # [msec]
   throughput   :   69.611 # [mwords/sec]
   Debug_Time(0):   15.340 # [msec]
   Debug_Time(1):    9.163 # [msec]
   Debug_Time(2):    3.255 # [msec]
   Debug_Time(3):    2.921 # [msec]
-
   Version      : 1.7
   Ways         : 32
   Words        : 2
   Feedback     : 1
   WordBits     : 32
   IndexBits    : 32
   Sort Order   : 0
   Sign Compare : 0
   Max Size     : 268435455
   Debug Enable : 1
   size         : 515000
   average_time :    7.415 # [msec]
   throughput   :   69.457 # [mwords/sec]
   Debug_Time(0):   15.568 # [msec]
   Debug_Time(1):    9.350 # [msec]
   Debug_Time(2):    3.280 # [msec]
   Debug_Time(3):    2.938 # [msec]
-
   Version      : 1.7
   Ways         : 32
   Words        : 2
   Feedback     : 1
   WordBits     : 32
   IndexBits    : 32
   Sort Order   : 0
   Sign Compare : 0
   Max Size     : 268435455
   Debug Enable : 1
   size         : 520000
   average_time :    7.496 # [msec]
   throughput   :   69.367 # [mwords/sec]
   Debug_Time(0):   15.854 # [msec]
   Debug_Time(1):    9.518 # [msec]
   Debug_Time(2):    3.324 # [msec]
   Debug_Time(3):    3.012 # [msec]
-
   Version      : 1.7
   Ways         : 32
   Words        : 2
   Feedback     : 1
   WordBits     : 32
   IndexBits    : 32
   Sort Order   : 0
   Sign Compare : 0
   Max Size     : 268435455
   Debug Enable : 1
   size         : 525000
   average_time :    7.540 # [msec]
   throughput   :   69.631 # [mwords/sec]
   Debug_Time(0):   15.786 # [msec]
   Debug_Time(1):    9.416 # [msec]
   Debug_Time(2):    3.350 # [msec]
   Debug_Time(3):    3.020 # [msec]
-
   Version      : 1.7
   Ways         : 32
   Words        : 2
   Feedback     : 1
   WordBits     : 32
   IndexBits    : 32
   Sort Order   : 0
   Sign Compare : 0
   Max Size     : 268435455
   Debug Enable : 1
   size         : 530000
   average_time :    7.595 # [msec]
   throughput   :   69.787 # [mwords/sec]
   Debug_Time(0):   16.017 # [msec]
   Debug_Time(1):    9.597 # [msec]
   Debug_Time(2):    3.380 # [msec]
   Debug_Time(3):    3.041 # [msec]
-
   Version      : 1.7
   Ways         : 32
   Words        : 2
   Feedback     : 1
   WordBits     : 32
   IndexBits    : 32
   Sort Order   : 0
   Sign Compare : 0
   Max Size     : 268435455
   Debug Enable : 1
   size         : 535000
   average_time :    7.672 # [msec]
   throughput   :   69.737 # [mwords/sec]
   Debug_Time(0):   16.206 # [msec]
   Debug_Time(1):    9.740 # [msec]
   Debug_Time(2):    3.396 # [msec]
   Debug_Time(3):    3.070 # [msec]
-
   Version      : 1.7
   Ways         : 32
   Words        : 2
   Feedback     : 1
   WordBits     : 32
   IndexBits    : 32
   Sort Order   : 0
   Sign Compare : 0
   Max Size     : 268435455
   Debug Enable : 1
   size         : 540000
   average_time :    7.725 # [msec]
   throughput   :   69.903 # [mwords/sec]
   Debug_Time(0):   16.099 # [msec]
   Debug_Time(1):    9.569 # [msec]
   Debug_Time(2):    3.434 # [msec]
   Debug_Time(3):    3.096 # [msec]
-
   Version      : 1.7
   Ways         : 32
   Words        : 2
   Feedback     : 1
   WordBits     : 32
   IndexBits    : 32
   Sort Order   : 0
   Sign Compare : 0
   Max Size     : 268435455
   Debug Enable : 1
   size         : 545000
   average_time :    7.801 # [msec]
   throughput   :   69.860 # [mwords/sec]
   Debug_Time(0):   16.320 # [msec]
   Debug_Time(1):    9.750 # [msec]
   Debug_Time(2):    3.455 # [msec]
   Debug_Time(3):    3.115 # [msec]
-
   Version      : 1.7
   Ways         : 32
   Words        : 2
   Feedback     : 1
   WordBits     : 32
   IndexBits    : 32
   Sort Order   : 0
   Sign Compare : 0
   Max Size     : 268435455
   Debug Enable : 1
   size         : 550000
   average_time :    7.859 # [msec]
   throughput   :   69.988 # [mwords/sec]
   Debug_Time(0):   16.421 # [msec]
   Debug_Time(1):    9.775 # [msec]
   Debug_Time(2):    3.488 # [msec]
   Debug_Time(3):    3.158 # [msec]
-
   Version      : 1.7
   Ways         : 32
   Words        : 2
   Feedback     : 1
   WordBits     : 32
   IndexBits    : 32
   Sort Order   : 0
   Sign Compare : 0
   Max Size     : 268435455
   Debug Enable : 1
   size         : 555000
   average_time :    7.971 # [msec]
   throughput   :   69.627 # [mwords/sec]
   Debug_Time(0):   16.770 # [msec]
   Debug_Time(1):   10.048 # [msec]
   Debug_Time(2):    3.542 # [msec]
   Debug_Time(3):    3.181 # [msec]
-
   Version      : 1.7
   Ways         : 32
   Words        : 2
   Feedback     : 1
   WordBits     : 32
   IndexBits    : 32
   Sort Order   : 0
   Sign Compare : 0
   Max Size     : 268435455
   Debug Enable : 1
   size         : 560000
   average_time :    8.016 # [msec]
   throughput   :   69.861 # [mwords/sec]
   Debug_Time(0):   16.892 # [msec]
   Debug_Time(1):   10.101 # [msec]
   Debug_Time(2):    3.573 # [msec]
   Debug_Time(3):    3.219 # [msec]
-
   Version      : 1.7
   Ways         : 32
   Words        : 2
   Feedback     : 1
   WordBits     : 32
   IndexBits    : 32
   Sort Order   : 0
   Sign Compare : 0
   Max Size     : 268435455
   Debug Enable : 1
   size         : 565000
   average_time :    8.086 # [msec]
   throughput   :   69.875 # [mwords/sec]
   Debug_Time(0):   17.064 # [msec]
   Debug_Time(1):   10.217 # [msec]
   Debug_Time(2):    3.614 # [msec]
   Debug_Time(3):    3.233 # [msec]
-
   Version      : 1.7
   Ways         : 32
   Words        : 2
   Feedback     : 1
   WordBits     : 32
   IndexBits    : 32
   Sort Order   : 0
   Sign Compare : 0
   Max Size     : 268435455
   Debug Enable : 1
   size         : 570000
   average_time :    8.151 # [msec]
   throughput   :   69.930 # [mwords/sec]
   Debug_Time(0):   17.315 # [msec]
   Debug_Time(1):   10.364 # [msec]
   Debug_Time(2):    3.636 # [msec]
   Debug_Time(3):    3.315 # [msec]
-
   Version      : 1.7
   Ways         : 32
   Words        : 2
   Feedback     : 1
   WordBits     : 32
   IndexBits    : 32
   Sort Order   : 0
   Sign Compare : 0
   Max Size     : 268435455
   Debug Enable : 1
   size         : 575000
   average_time :    8.187 # [msec]
   throughput   :   70.230 # [mwords/sec]
   Debug_Time(0):   17.077 # [msec]
   Debug_Time(1):   10.113 # [msec]
   Debug_Time(2):    3.661 # [msec]
   Debug_Time(3):    3.304 # [msec]
-
   Version      : 1.7
   Ways         : 32
   Words        : 2
   Feedback     : 1
   WordBits     : 32
   IndexBits    : 32
   Sort Order   : 0
   Sign Compare : 0
   Max Size     : 268435455
   Debug Enable : 1
   size         : 580000
   average_time :    8.293 # [msec]
   throughput   :   69.940 # [mwords/sec]
   Debug_Time(0):   17.463 # [msec]
   Debug_Time(1):   10.441 # [msec]
   Debug_Time(2):    3.685 # [msec]
   Debug_Time(3):    3.337 # [msec]
-
   Version      : 1.7
   Ways         : 32
   Words        : 2
   Feedback     : 1
   WordBits     : 32
   IndexBits    : 32
   Sort Order   : 0
   Sign Compare : 0
   Max Size     : 268435455
   Debug Enable : 1
   size         : 585000
   average_time :    8.352 # [msec]
   throughput   :   70.047 # [mwords/sec]
   Debug_Time(0):   17.649 # [msec]
   Debug_Time(1):   10.538 # [msec]
   Debug_Time(2):    3.735 # [msec]
   Debug_Time(3):    3.375 # [msec]
-
   Version      : 1.7
   Ways         : 32
   Words        : 2
   Feedback     : 1
   WordBits     : 32
   IndexBits    : 32
   Sort Order   : 0
   Sign Compare : 0
   Max Size     : 268435455
   Debug Enable : 1
   size         : 590000
   average_time :    8.405 # [msec]
   throughput   :   70.199 # [mwords/sec]
   Debug_Time(0):   17.651 # [msec]
   Debug_Time(1):   10.500 # [msec]
   Debug_Time(2):    3.755 # [msec]
   Debug_Time(3):    3.396 # [msec]
-
   Version      : 1.7
   Ways         : 32
   Words        : 2
   Feedback     : 1
   WordBits     : 32
   IndexBits    : 32
   Sort Order   : 0
   Sign Compare : 0
   Max Size     : 268435455
   Debug Enable : 1
   size         : 595000
   average_time :    8.477 # [msec]
   throughput   :   70.187 # [mwords/sec]
   Debug_Time(0):   17.986 # [msec]
   Debug_Time(1):   10.752 # [msec]
   Debug_Time(2):    3.778 # [msec]
   Debug_Time(3):    3.456 # [msec]
-
   Version      : 1.7
   Ways         : 32
   Words        : 2
   Feedback     : 1
   WordBits     : 32
   IndexBits    : 32
   Sort Order   : 0
   Sign Compare : 0
   Max Size     : 268435455
   Debug Enable : 1
   size         : 600000
   average_time :    8.530 # [msec]
   throughput   :   70.342 # [mwords/sec]
   Debug_Time(0):   18.006 # [msec]
   Debug_Time(1):   10.738 # [msec]
   Debug_Time(2):    3.815 # [msec]
   Debug_Time(3):    3.453 # [msec]
-
   Version      : 1.7
   Ways         : 32
   Words        : 2
   Feedback     : 1
   WordBits     : 32
   IndexBits    : 32
   Sort Order   : 0
   Sign Compare : 0
   Max Size     : 268435455
   Debug Enable : 1
   size         : 605000
   average_time :    8.570 # [msec]
   throughput   :   70.597 # [mwords/sec]
   Debug_Time(0):   17.975 # [msec]
   Debug_Time(1):   10.654 # [msec]
   Debug_Time(2):    3.834 # [msec]
   Debug_Time(3):    3.487 # [msec]
-
   Version      : 1.7
   Ways         : 32
   Words        : 2
   Feedback     : 1
   WordBits     : 32
   IndexBits    : 32
   Sort Order   : 0
   Sign Compare : 0
   Max Size     : 268435455
   Debug Enable : 1
   size         : 610000
   average_time :    8.657 # [msec]
   throughput   :   70.460 # [mwords/sec]
   Debug_Time(0):   18.209 # [msec]
   Debug_Time(1):   10.820 # [msec]
   Debug_Time(2):    3.874 # [msec]
   Debug_Time(3):    3.515 # [msec]
-
   Version      : 1.7
   Ways         : 32
   Words        : 2
   Feedback     : 1
   WordBits     : 32
   IndexBits    : 32
   Sort Order   : 0
   Sign Compare : 0
   Max Size     : 268435455
   Debug Enable : 1
   size         : 615000
   average_time :    8.732 # [msec]
   throughput   :   70.432 # [mwords/sec]
   Debug_Time(0):   18.482 # [msec]
   Debug_Time(1):   11.046 # [msec]
   Debug_Time(2):    3.902 # [msec]
   Debug_Time(3):    3.533 # [msec]
-
   Version      : 1.7
   Ways         : 32
   Words        : 2
   Feedback     : 1
   WordBits     : 32
   IndexBits    : 32
   Sort Order   : 0
   Sign Compare : 0
   Max Size     : 268435455
   Debug Enable : 1
   size         : 620000
   average_time :    8.787 # [msec]
   throughput   :   70.559 # [mwords/sec]
   Debug_Time(0):   18.500 # [msec]
   Debug_Time(1):   11.014 # [msec]
   Debug_Time(2):    3.943 # [msec]
   Debug_Time(3):    3.543 # [msec]
-
   Version      : 1.7
   Ways         : 32
   Words        : 2
   Feedback     : 1
   WordBits     : 32
   IndexBits    : 32
   Sort Order   : 0
   Sign Compare : 0
   Max Size     : 268435455
   Debug Enable : 1
   size         : 625000
   average_time :    8.887 # [msec]
   throughput   :   70.330 # [mwords/sec]
   Debug_Time(0):   18.881 # [msec]
   Debug_Time(1):   11.302 # [msec]
   Debug_Time(2):    3.994 # [msec]
   Debug_Time(3):    3.585 # [msec]
-
   Version      : 1.7
   Ways         : 32
   Words        : 2
   Feedback     : 1
   WordBits     : 32
   IndexBits    : 32
   Sort Order   : 0
   Sign Compare : 0
   Max Size     : 268435455
   Debug Enable : 1
   size         : 630000
   average_time :    8.944 # [msec]
   throughput   :   70.441 # [mwords/sec]
   Debug_Time(0):   18.936 # [msec]
   Debug_Time(1):   11.279 # [msec]
   Debug_Time(2):    4.031 # [msec]
   Debug_Time(3):    3.625 # [msec]
-
   Version      : 1.7
   Ways         : 32
   Words        : 2
   Feedback     : 1
   WordBits     : 32
   IndexBits    : 32
   Sort Order   : 0
   Sign Compare : 0
   Max Size     : 268435455
   Debug Enable : 1
   size         : 635000
   average_time :    8.986 # [msec]
   throughput   :   70.668 # [mwords/sec]
   Debug_Time(0):   19.094 # [msec]
   Debug_Time(1):   11.379 # [msec]
   Debug_Time(2):    4.048 # [msec]
   Debug_Time(3):    3.667 # [msec]
-
   Version      : 1.7
   Ways         : 32
   Words        : 2
   Feedback     : 1
   WordBits     : 32
   IndexBits    : 32
   Sort Order   : 0
   Sign Compare : 0
   Max Size     : 268435455
   Debug Enable : 1
   size         : 640000
   average_time :    9.070 # [msec]
   throughput   :   70.559 # [mwords/sec]
   Debug_Time(0):   19.291 # [msec]
   Debug_Time(1):   11.460 # [msec]
   Debug_Time(2):    4.096 # [msec]
   Debug_Time(3):    3.735 # [msec]
-
   Version      : 1.7
   Ways         : 32
   Words        : 2
   Feedback     : 1
   WordBits     : 32
   IndexBits    : 32
   Sort Order   : 0
   Sign Compare : 0
   Max Size     : 268435455
   Debug Enable : 1
   size         : 645000
   average_time :    9.147 # [msec]
   throughput   :   70.516 # [mwords/sec]
   Debug_Time(0):   19.375 # [msec]
   Debug_Time(1):   11.568 # [msec]
   Debug_Time(2):    4.105 # [msec]
   Debug_Time(3):    3.702 # [msec]
-
   Version      : 1.7
   Ways         : 32
   Words        : 2
   Feedback     : 1
   WordBits     : 32
   IndexBits    : 32
   Sort Order   : 0
   Sign Compare : 0
   Max Size     : 268435455
   Debug Enable : 1
   size         : 650000
   average_time :    9.220 # [msec]
   throughput   :   70.499 # [mwords/sec]
   Debug_Time(0):   19.518 # [msec]
   Debug_Time(1):   11.641 # [msec]
   Debug_Time(2):    4.130 # [msec]
   Debug_Time(3):    3.746 # [msec]
-
   Version      : 1.7
   Ways         : 32
   Words        : 2
   Feedback     : 1
   WordBits     : 32
   IndexBits    : 32
   Sort Order   : 0
   Sign Compare : 0
   Max Size     : 268435455
   Debug Enable : 1
   size         : 655000
   average_time :    9.261 # [msec]
   throughput   :   70.726 # [mwords/sec]
   Debug_Time(0):   19.602 # [msec]
   Debug_Time(1):   11.675 # [msec]
   Debug_Time(2):    4.166 # [msec]
   Debug_Time(3):    3.762 # [msec]
-
   Version      : 1.7
   Ways         : 32
   Words        : 2
   Feedback     : 1
   WordBits     : 32
   IndexBits    : 32
   Sort Order   : 0
   Sign Compare : 0
   Max Size     : 268435455
   Debug Enable : 1
   size         : 660000
   average_time :    9.339 # [msec]
   throughput   :   70.671 # [mwords/sec]
   Debug_Time(0):   19.562 # [msec]
   Debug_Time(1):   11.574 # [msec]
   Debug_Time(2):    4.201 # [msec]
   Debug_Time(3):    3.787 # [msec]
-
   Version      : 1.7
   Ways         : 32
   Words        : 2
   Feedback     : 1
   WordBits     : 32
   IndexBits    : 32
   Sort Order   : 0
   Sign Compare : 0
   Max Size     : 268435455
   Debug Enable : 1
   size         : 665000
   average_time :    9.394 # [msec]
   throughput   :   70.793 # [mwords/sec]
   Debug_Time(0):   19.866 # [msec]
   Debug_Time(1):   11.832 # [msec]
   Debug_Time(2):    4.218 # [msec]
   Debug_Time(3):    3.816 # [msec]
-
   Version      : 1.7
   Ways         : 32
   Words        : 2
   Feedback     : 1
   WordBits     : 32
   IndexBits    : 32
   Sort Order   : 0
   Sign Compare : 0
   Max Size     : 268435455
   Debug Enable : 1
   size         : 670000
   average_time :    9.478 # [msec]
   throughput   :   70.688 # [mwords/sec]
   Debug_Time(0):   20.010 # [msec]
   Debug_Time(1):   11.955 # [msec]
   Debug_Time(2):    4.254 # [msec]
   Debug_Time(3):    3.801 # [msec]
-
   Version      : 1.7
   Ways         : 32
   Words        : 2
   Feedback     : 1
   WordBits     : 32
   IndexBits    : 32
   Sort Order   : 0
   Sign Compare : 0
   Max Size     : 268435455
   Debug Enable : 1
   size         : 675000
   average_time :    9.530 # [msec]
   throughput   :   70.831 # [mwords/sec]
   Debug_Time(0):   20.072 # [msec]
   Debug_Time(1):   12.008 # [msec]
   Debug_Time(2):    4.284 # [msec]
   Debug_Time(3):    3.780 # [msec]
-
   Version      : 1.7
   Ways         : 32
   Words        : 2
   Feedback     : 1
   WordBits     : 32
   IndexBits    : 32
   Sort Order   : 0
   Sign Compare : 0
   Max Size     : 268435455
   Debug Enable : 1
   size         : 680000
   average_time :    9.604 # [msec]
   throughput   :   70.805 # [mwords/sec]
   Debug_Time(0):   20.157 # [msec]
   Debug_Time(1):   12.083 # [msec]
   Debug_Time(2):    4.307 # [msec]
   Debug_Time(3):    3.767 # [msec]
-
   Version      : 1.7
   Ways         : 32
   Words        : 2
   Feedback     : 1
   WordBits     : 32
   IndexBits    : 32
   Sort Order   : 0
   Sign Compare : 0
   Max Size     : 268435455
   Debug Enable : 1
   size         : 685000
   average_time :    9.689 # [msec]
   throughput   :   70.702 # [mwords/sec]
   Debug_Time(0):   20.400 # [msec]
   Debug_Time(1):   12.214 # [msec]
   Debug_Time(2):    4.357 # [msec]
   Debug_Time(3):    3.828 # [msec]
-
   Version      : 1.7
   Ways         : 32
   Words        : 2
   Feedback     : 1
   WordBits     : 32
   IndexBits    : 32
   Sort Order   : 0
   Sign Compare : 0
   Max Size     : 268435455
   Debug Enable : 1
   size         : 690000
   average_time :    9.744 # [msec]
   throughput   :   70.810 # [mwords/sec]
   Debug_Time(0):   20.780 # [msec]
   Debug_Time(1):   12.436 # [msec]
   Debug_Time(2):    4.394 # [msec]
   Debug_Time(3):    3.949 # [msec]
-
   Version      : 1.7
   Ways         : 32
   Words        : 2
   Feedback     : 1
   WordBits     : 32
   IndexBits    : 32
   Sort Order   : 0
   Sign Compare : 0
   Max Size     : 268435455
   Debug Enable : 1
   size         : 695000
   average_time :    9.798 # [msec]
   throughput   :   70.933 # [mwords/sec]
   Debug_Time(0):   20.849 # [msec]
   Debug_Time(1):   12.469 # [msec]
   Debug_Time(2):    4.407 # [msec]
   Debug_Time(3):    3.973 # [msec]
-
   Version      : 1.7
   Ways         : 32
   Words        : 2
   Feedback     : 1
   WordBits     : 32
   IndexBits    : 32
   Sort Order   : 0
   Sign Compare : 0
   Max Size     : 268435455
   Debug Enable : 1
   size         : 700000
   average_time :    9.882 # [msec]
   throughput   :   70.834 # [mwords/sec]
   Debug_Time(0):   20.886 # [msec]
   Debug_Time(1):   12.496 # [msec]
   Debug_Time(2):    4.454 # [msec]
   Debug_Time(3):    3.935 # [msec]
-
   Version      : 1.7
   Ways         : 32
   Words        : 2
   Feedback     : 1
   WordBits     : 32
   IndexBits    : 32
   Sort Order   : 0
   Sign Compare : 0
   Max Size     : 268435455
   Debug Enable : 1
   size         : 705000
   average_time :    9.901 # [msec]
   throughput   :   71.203 # [mwords/sec]
   Debug_Time(0):   21.367 # [msec]
   Debug_Time(1):   12.833 # [msec]
   Debug_Time(2):    4.491 # [msec]
   Debug_Time(3):    4.043 # [msec]
-
   Version      : 1.7
   Ways         : 32
   Words        : 2
   Feedback     : 1
   WordBits     : 32
   IndexBits    : 32
   Sort Order   : 0
   Sign Compare : 0
   Max Size     : 268435455
   Debug Enable : 1
   size         : 710000
   average_time :   10.026 # [msec]
   throughput   :   70.818 # [mwords/sec]
   Debug_Time(0):   21.508 # [msec]
   Debug_Time(1):   12.902 # [msec]
   Debug_Time(2):    4.535 # [msec]
   Debug_Time(3):    4.071 # [msec]
-
   Version      : 1.7
   Ways         : 32
   Words        : 2
   Feedback     : 1
   WordBits     : 32
   IndexBits    : 32
   Sort Order   : 0
   Sign Compare : 0
   Max Size     : 268435455
   Debug Enable : 1
   size         : 715000
   average_time :   10.118 # [msec]
   throughput   :   70.667 # [mwords/sec]
   Debug_Time(0):   21.658 # [msec]
   Debug_Time(1):   12.999 # [msec]
   Debug_Time(2):    4.557 # [msec]
   Debug_Time(3):    4.103 # [msec]
-
   Version      : 1.7
   Ways         : 32
   Words        : 2
   Feedback     : 1
   WordBits     : 32
   IndexBits    : 32
   Sort Order   : 0
   Sign Compare : 0
   Max Size     : 268435455
   Debug Enable : 1
   size         : 720000
   average_time :   10.137 # [msec]
   throughput   :   71.028 # [mwords/sec]
   Debug_Time(0):   21.772 # [msec]
   Debug_Time(1):   13.052 # [msec]
   Debug_Time(2):    4.589 # [msec]
   Debug_Time(3):    4.132 # [msec]
-
   Version      : 1.7
   Ways         : 32
   Words        : 2
   Feedback     : 1
   WordBits     : 32
   IndexBits    : 32
   Sort Order   : 0
   Sign Compare : 0
   Max Size     : 268435455
   Debug Enable : 1
   size         : 725000
   average_time :   10.209 # [msec]
   throughput   :   71.014 # [mwords/sec]
   Debug_Time(0):   21.847 # [msec]
   Debug_Time(1):   13.092 # [msec]
   Debug_Time(2):    4.594 # [msec]
   Debug_Time(3):    4.161 # [msec]
-
   Version      : 1.7
   Ways         : 32
   Words        : 2
   Feedback     : 1
   WordBits     : 32
   IndexBits    : 32
   Sort Order   : 0
   Sign Compare : 0
   Max Size     : 268435455
   Debug Enable : 1
   size         : 730000
   average_time :   10.262 # [msec]
   throughput   :   71.139 # [mwords/sec]
   Debug_Time(0):   21.911 # [msec]
   Debug_Time(1):   13.094 # [msec]
   Debug_Time(2):    4.632 # [msec]
   Debug_Time(3):    4.185 # [msec]
-
   Version      : 1.7
   Ways         : 32
   Words        : 2
   Feedback     : 1
   WordBits     : 32
   IndexBits    : 32
   Sort Order   : 0
   Sign Compare : 0
   Max Size     : 268435455
   Debug Enable : 1
   size         : 735000
   average_time :   10.348 # [msec]
   throughput   :   71.026 # [mwords/sec]
   Debug_Time(0):   22.214 # [msec]
   Debug_Time(1):   13.334 # [msec]
   Debug_Time(2):    4.657 # [msec]
   Debug_Time(3):    4.224 # [msec]
-
   Version      : 1.7
   Ways         : 32
   Words        : 2
   Feedback     : 1
   WordBits     : 32
   IndexBits    : 32
   Sort Order   : 0
   Sign Compare : 0
   Max Size     : 268435455
   Debug Enable : 1
   size         : 740000
   average_time :   10.377 # [msec]
   throughput   :   71.312 # [mwords/sec]
   Debug_Time(0):   22.060 # [msec]
   Debug_Time(1):   13.124 # [msec]
   Debug_Time(2):    4.692 # [msec]
   Debug_Time(3):    4.244 # [msec]
-
   Version      : 1.7
   Ways         : 32
   Words        : 2
   Feedback     : 1
   WordBits     : 32
   IndexBits    : 32
   Sort Order   : 0
   Sign Compare : 0
   Max Size     : 268435455
   Debug Enable : 1
   size         : 745000
   average_time :   10.443 # [msec]
   throughput   :   71.338 # [mwords/sec]
   Debug_Time(0):   22.108 # [msec]
   Debug_Time(1):   13.107 # [msec]
   Debug_Time(2):    4.728 # [msec]
   Debug_Time(3):    4.274 # [msec]
-
   Version      : 1.7
   Ways         : 32
   Words        : 2
   Feedback     : 1
   WordBits     : 32
   IndexBits    : 32
   Sort Order   : 0
   Sign Compare : 0
   Max Size     : 268435455
   Debug Enable : 1
   size         : 750000
   average_time :   10.574 # [msec]
   throughput   :   70.930 # [mwords/sec]
   Debug_Time(0):   22.349 # [msec]
   Debug_Time(1):   13.269 # [msec]
   Debug_Time(2):    4.778 # [msec]
   Debug_Time(3):    4.303 # [msec]
-
   Version      : 1.7
   Ways         : 32
   Words        : 2
   Feedback     : 1
   WordBits     : 32
   IndexBits    : 32
   Sort Order   : 0
   Sign Compare : 0
   Max Size     : 268435455
   Debug Enable : 1
   size         : 755000
   average_time :   10.593 # [msec]
   throughput   :   71.273 # [mwords/sec]
   Debug_Time(0):   22.452 # [msec]
   Debug_Time(1):   13.302 # [msec]
   Debug_Time(2):    4.819 # [msec]
   Debug_Time(3):    4.331 # [msec]
-
   Version      : 1.7
   Ways         : 32
   Words        : 2
   Feedback     : 1
   WordBits     : 32
   IndexBits    : 32
   Sort Order   : 0
   Sign Compare : 0
   Max Size     : 268435455
   Debug Enable : 1
   size         : 760000
   average_time :   10.675 # [msec]
   throughput   :   71.197 # [mwords/sec]
   Debug_Time(0):   22.757 # [msec]
   Debug_Time(1):   13.566 # [msec]
   Debug_Time(2):    4.831 # [msec]
   Debug_Time(3):    4.360 # [msec]
-
   Version      : 1.7
   Ways         : 32
   Words        : 2
   Feedback     : 1
   WordBits     : 32
   IndexBits    : 32
   Sort Order   : 0
   Sign Compare : 0
   Max Size     : 268435455
   Debug Enable : 1
   size         : 765000
   average_time :   10.726 # [msec]
   throughput   :   71.322 # [mwords/sec]
   Debug_Time(0):   22.869 # [msec]
   Debug_Time(1):   13.613 # [msec]
   Debug_Time(2):    4.868 # [msec]
   Debug_Time(3):    4.388 # [msec]
-
   Version      : 1.7
   Ways         : 32
   Words        : 2
   Feedback     : 1
   WordBits     : 32
   IndexBits    : 32
   Sort Order   : 0
   Sign Compare : 0
   Max Size     : 268435455
   Debug Enable : 1
   size         : 770000
   average_time :   10.809 # [msec]
   throughput   :   71.235 # [mwords/sec]
   Debug_Time(0):   22.837 # [msec]
   Debug_Time(1):   13.534 # [msec]
   Debug_Time(2):    4.884 # [msec]
   Debug_Time(3):    4.419 # [msec]
-
   Version      : 1.7
   Ways         : 32
   Words        : 2
   Feedback     : 1
   WordBits     : 32
   IndexBits    : 32
   Sort Order   : 0
   Sign Compare : 0
   Max Size     : 268435455
   Debug Enable : 1
   size         : 775000
   average_time :   10.889 # [msec]
   throughput   :   71.175 # [mwords/sec]
   Debug_Time(0):   23.010 # [msec]
   Debug_Time(1):   13.637 # [msec]
   Debug_Time(2):    4.925 # [msec]
   Debug_Time(3):    4.448 # [msec]
-
   Version      : 1.7
   Ways         : 32
   Words        : 2
   Feedback     : 1
   WordBits     : 32
   IndexBits    : 32
   Sort Order   : 0
   Sign Compare : 0
   Max Size     : 268435455
   Debug Enable : 1
   size         : 780000
   average_time :   10.965 # [msec]
   throughput   :   71.138 # [mwords/sec]
   Debug_Time(0):   23.260 # [msec]
   Debug_Time(1):   13.809 # [msec]
   Debug_Time(2):    4.976 # [msec]
   Debug_Time(3):    4.475 # [msec]
-
   Version      : 1.7
   Ways         : 32
   Words        : 2
   Feedback     : 1
   WordBits     : 32
   IndexBits    : 32
   Sort Order   : 0
   Sign Compare : 0
   Max Size     : 268435455
   Debug Enable : 1
   size         : 785000
   average_time :   10.994 # [msec]
   throughput   :   71.402 # [mwords/sec]
   Debug_Time(0):   23.394 # [msec]
   Debug_Time(1):   13.909 # [msec]
   Debug_Time(2):    4.979 # [msec]
   Debug_Time(3):    4.507 # [msec]
-
   Version      : 1.7
   Ways         : 32
   Words        : 2
   Feedback     : 1
   WordBits     : 32
   IndexBits    : 32
   Sort Order   : 0
   Sign Compare : 0
   Max Size     : 268435455
   Debug Enable : 1
   size         : 790000
   average_time :   11.057 # [msec]
   throughput   :   71.446 # [mwords/sec]
   Debug_Time(0):   23.559 # [msec]
   Debug_Time(1):   14.005 # [msec]
   Debug_Time(2):    5.017 # [msec]
   Debug_Time(3):    4.537 # [msec]
-
   Version      : 1.7
   Ways         : 32
   Words        : 2
   Feedback     : 1
   WordBits     : 32
   IndexBits    : 32
   Sort Order   : 0
   Sign Compare : 0
   Max Size     : 268435455
   Debug Enable : 1
   size         : 795000
   average_time :   11.165 # [msec]
   throughput   :   71.203 # [mwords/sec]
   Debug_Time(0):   23.743 # [msec]
   Debug_Time(1):   14.136 # [msec]
   Debug_Time(2):    5.039 # [msec]
   Debug_Time(3):    4.567 # [msec]
-
   Version      : 1.7
   Ways         : 32
   Words        : 2
   Feedback     : 1
   WordBits     : 32
   IndexBits    : 32
   Sort Order   : 0
   Sign Compare : 0
   Max Size     : 268435455
   Debug Enable : 1
   size         : 800000
   average_time :   11.204 # [msec]
   throughput   :   71.406 # [mwords/sec]
   Debug_Time(0):   23.928 # [msec]
   Debug_Time(1):   14.245 # [msec]
   Debug_Time(2):    5.090 # [msec]
   Debug_Time(3):    4.593 # [msec]
-
   Version      : 1.7
   Ways         : 32
   Words        : 2
   Feedback     : 1
   WordBits     : 32
   IndexBits    : 32
   Sort Order   : 0
   Sign Compare : 0
   Max Size     : 268435455
   Debug Enable : 1
   size         : 805000
   average_time :   11.302 # [msec]
   throughput   :   71.226 # [mwords/sec]
   Debug_Time(0):   24.073 # [msec]
   Debug_Time(1):   14.334 # [msec]
   Debug_Time(2):    5.115 # [msec]
   Debug_Time(3):    4.624 # [msec]
-
   Version      : 1.7
   Ways         : 32
   Words        : 2
   Feedback     : 1
   WordBits     : 32
   IndexBits    : 32
   Sort Order   : 0
   Sign Compare : 0
   Max Size     : 268435455
   Debug Enable : 1
   size         : 810000
   average_time :   11.363 # [msec]
   throughput   :   71.283 # [mwords/sec]
   Debug_Time(0):   24.207 # [msec]
   Debug_Time(1):   14.405 # [msec]
   Debug_Time(2):    5.151 # [msec]
   Debug_Time(3):    4.651 # [msec]
-
   Version      : 1.7
   Ways         : 32
   Words        : 2
   Feedback     : 1
   WordBits     : 32
   IndexBits    : 32
   Sort Order   : 0
   Sign Compare : 0
   Max Size     : 268435455
   Debug Enable : 1
   size         : 815000
   average_time :   11.397 # [msec]
   throughput   :   71.513 # [mwords/sec]
   Debug_Time(0):   24.345 # [msec]
   Debug_Time(1):   14.491 # [msec]
   Debug_Time(2):    5.169 # [msec]
   Debug_Time(3):    4.685 # [msec]
-
   Version      : 1.7
   Ways         : 32
   Words        : 2
   Feedback     : 1
   WordBits     : 32
   IndexBits    : 32
   Sort Order   : 0
   Sign Compare : 0
   Max Size     : 268435455
   Debug Enable : 1
   size         : 820000
   average_time :   11.457 # [msec]
   throughput   :   71.571 # [mwords/sec]
   Debug_Time(0):   24.454 # [msec]
   Debug_Time(1):   14.531 # [msec]
   Debug_Time(2):    5.213 # [msec]
   Debug_Time(3):    4.710 # [msec]
-
   Version      : 1.7
   Ways         : 32
   Words        : 2
   Feedback     : 1
   WordBits     : 32
   IndexBits    : 32
   Sort Order   : 0
   Sign Compare : 0
   Max Size     : 268435455
   Debug Enable : 1
   size         : 825000
   average_time :   11.537 # [msec]
   throughput   :   71.512 # [mwords/sec]
   Debug_Time(0):   24.631 # [msec]
   Debug_Time(1):   14.662 # [msec]
   Debug_Time(2):    5.230 # [msec]
   Debug_Time(3):    4.739 # [msec]
-
   Version      : 1.7
   Ways         : 32
   Words        : 2
   Feedback     : 1
   WordBits     : 32
   IndexBits    : 32
   Sort Order   : 0
   Sign Compare : 0
   Max Size     : 268435455
   Debug Enable : 1
   size         : 830000
   average_time :   11.608 # [msec]
   throughput   :   71.499 # [mwords/sec]
   Debug_Time(0):   24.816 # [msec]
   Debug_Time(1):   14.751 # [msec]
   Debug_Time(2):    5.295 # [msec]
   Debug_Time(3):    4.769 # [msec]
-
   Version      : 1.7
   Ways         : 32
   Words        : 2
   Feedback     : 1
   WordBits     : 32
   IndexBits    : 32
   Sort Order   : 0
   Sign Compare : 0
   Max Size     : 268435455
   Debug Enable : 1
   size         : 835000
   average_time :   11.675 # [msec]
   throughput   :   71.521 # [mwords/sec]
   Debug_Time(0):   24.948 # [msec]
   Debug_Time(1):   14.837 # [msec]
   Debug_Time(2):    5.310 # [msec]
   Debug_Time(3):    4.801 # [msec]
-
   Version      : 1.7
   Ways         : 32
   Words        : 2
   Feedback     : 1
   WordBits     : 32
   IndexBits    : 32
   Sort Order   : 0
   Sign Compare : 0
   Max Size     : 268435455
   Debug Enable : 1
   size         : 840000
   average_time :   11.792 # [msec]
   throughput   :   71.233 # [mwords/sec]
   Debug_Time(0):   25.110 # [msec]
   Debug_Time(1):   14.926 # [msec]
   Debug_Time(2):    5.359 # [msec]
   Debug_Time(3):    4.824 # [msec]
-
   Version      : 1.7
   Ways         : 32
   Words        : 2
   Feedback     : 1
   WordBits     : 32
   IndexBits    : 32
   Sort Order   : 0
   Sign Compare : 0
   Max Size     : 268435455
   Debug Enable : 1
   size         : 845000
   average_time :   11.768 # [msec]
   throughput   :   71.802 # [mwords/sec]
   Debug_Time(0):   25.246 # [msec]
   Debug_Time(1):   15.012 # [msec]
   Debug_Time(2):    5.376 # [msec]
   Debug_Time(3):    4.858 # [msec]
-
   Version      : 1.7
   Ways         : 32
   Words        : 2
   Feedback     : 1
   WordBits     : 32
   IndexBits    : 32
   Sort Order   : 0
   Sign Compare : 0
   Max Size     : 268435455
   Debug Enable : 1
   size         : 850000
   average_time :   11.861 # [msec]
   throughput   :   71.663 # [mwords/sec]
   Debug_Time(0):   25.385 # [msec]
   Debug_Time(1):   15.111 # [msec]
   Debug_Time(2):    5.390 # [msec]
   Debug_Time(3):    4.885 # [msec]
-
   Version      : 1.7
   Ways         : 32
   Words        : 2
   Feedback     : 1
   WordBits     : 32
   IndexBits    : 32
   Sort Order   : 0
   Sign Compare : 0
   Max Size     : 268435455
   Debug Enable : 1
   size         : 855000
   average_time :   11.951 # [msec]
   throughput   :   71.542 # [mwords/sec]
   Debug_Time(0):   25.561 # [msec]
   Debug_Time(1):   15.200 # [msec]
   Debug_Time(2):    5.441 # [msec]
   Debug_Time(3):    4.920 # [msec]
-
   Version      : 1.7
   Ways         : 32
   Words        : 2
   Feedback     : 1
   WordBits     : 32
   IndexBits    : 32
   Sort Order   : 0
   Sign Compare : 0
   Max Size     : 268435455
   Debug Enable : 1
   size         : 860000
   average_time :   12.015 # [msec]
   throughput   :   71.578 # [mwords/sec]
   Debug_Time(0):   25.634 # [msec]
   Debug_Time(1):   15.238 # [msec]
   Debug_Time(2):    5.450 # [msec]
   Debug_Time(3):    4.946 # [msec]
-
   Version      : 1.7
   Ways         : 32
   Words        : 2
   Feedback     : 1
   WordBits     : 32
   IndexBits    : 32
   Sort Order   : 0
   Sign Compare : 0
   Max Size     : 268435455
   Debug Enable : 1
   size         : 865000
   average_time :   12.087 # [msec]
   throughput   :   71.563 # [mwords/sec]
   Debug_Time(0):   25.833 # [msec]
   Debug_Time(1):   15.369 # [msec]
   Debug_Time(2):    5.486 # [msec]
   Debug_Time(3):    4.978 # [msec]
-
   Version      : 1.7
   Ways         : 32
   Words        : 2
   Feedback     : 1
   WordBits     : 32
   IndexBits    : 32
   Sort Order   : 0
   Sign Compare : 0
   Max Size     : 268435455
   Debug Enable : 1
   size         : 870000
   average_time :   12.158 # [msec]
   throughput   :   71.560 # [mwords/sec]
   Debug_Time(0):   25.968 # [msec]
   Debug_Time(1):   15.439 # [msec]
   Debug_Time(2):    5.525 # [msec]
   Debug_Time(3):    5.003 # [msec]
-
   Version      : 1.7
   Ways         : 32
   Words        : 2
   Feedback     : 1
   WordBits     : 32
   IndexBits    : 32
   Sort Order   : 0
   Sign Compare : 0
   Max Size     : 268435455
   Debug Enable : 1
   size         : 875000
   average_time :   12.211 # [msec]
   throughput   :   71.658 # [mwords/sec]
   Debug_Time(0):   26.082 # [msec]
   Debug_Time(1):   15.506 # [msec]
   Debug_Time(2):    5.540 # [msec]
   Debug_Time(3):    5.036 # [msec]
-
   Version      : 1.7
   Ways         : 32
   Words        : 2
   Feedback     : 1
   WordBits     : 32
   IndexBits    : 32
   Sort Order   : 0
   Sign Compare : 0
   Max Size     : 268435455
   Debug Enable : 1
   size         : 880000
   average_time :   12.273 # [msec]
   throughput   :   71.704 # [mwords/sec]
   Debug_Time(0):   26.223 # [msec]
   Debug_Time(1):   15.578 # [msec]
   Debug_Time(2):    5.582 # [msec]
   Debug_Time(3):    5.063 # [msec]
-
   Version      : 1.7
   Ways         : 32
   Words        : 2
   Feedback     : 1
   WordBits     : 32
   IndexBits    : 32
   Sort Order   : 0
   Sign Compare : 0
   Max Size     : 268435455
   Debug Enable : 1
   size         : 885000
   average_time :   12.364 # [msec]
   throughput   :   71.581 # [mwords/sec]
   Debug_Time(0):   26.433 # [msec]
   Debug_Time(1):   15.705 # [msec]
   Debug_Time(2):    5.635 # [msec]
   Debug_Time(3):    5.093 # [msec]
-
   Version      : 1.7
   Ways         : 32
   Words        : 2
   Feedback     : 1
   WordBits     : 32
   IndexBits    : 32
   Sort Order   : 0
   Sign Compare : 0
   Max Size     : 268435455
   Debug Enable : 1
   size         : 890000
   average_time :   12.402 # [msec]
   throughput   :   71.761 # [mwords/sec]
   Debug_Time(0):   26.535 # [msec]
   Debug_Time(1):   15.754 # [msec]
   Debug_Time(2):    5.660 # [msec]
   Debug_Time(3):    5.120 # [msec]
-
   Version      : 1.7
   Ways         : 32
   Words        : 2
   Feedback     : 1
   WordBits     : 32
   IndexBits    : 32
   Sort Order   : 0
   Sign Compare : 0
   Max Size     : 268435455
   Debug Enable : 1
   size         : 895000
   average_time :   12.479 # [msec]
   throughput   :   71.719 # [mwords/sec]
   Debug_Time(0):   26.733 # [msec]
   Debug_Time(1):   15.880 # [msec]
   Debug_Time(2):    5.699 # [msec]
   Debug_Time(3):    5.154 # [msec]
-
   Version      : 1.7
   Ways         : 32
   Words        : 2
   Feedback     : 1
   WordBits     : 32
   IndexBits    : 32
   Sort Order   : 0
   Sign Compare : 0
   Max Size     : 268435455
   Debug Enable : 1
   size         : 900000
   average_time :   12.575 # [msec]
   throughput   :   71.569 # [mwords/sec]
   Debug_Time(0):   26.840 # [msec]
   Debug_Time(1):   15.919 # [msec]
   Debug_Time(2):    5.740 # [msec]
   Debug_Time(3):    5.180 # [msec]
-
   Version      : 1.7
   Ways         : 32
   Words        : 2
   Feedback     : 1
   WordBits     : 32
   IndexBits    : 32
   Sort Order   : 0
   Sign Compare : 0
   Max Size     : 268435455
   Debug Enable : 1
   size         : 905000
   average_time :   12.623 # [msec]
   throughput   :   71.693 # [mwords/sec]
   Debug_Time(0):   27.035 # [msec]
   Debug_Time(1):   16.077 # [msec]
   Debug_Time(2):    5.752 # [msec]
   Debug_Time(3):    5.207 # [msec]
-
   Version      : 1.7
   Ways         : 32
   Words        : 2
   Feedback     : 1
   WordBits     : 32
   IndexBits    : 32
   Sort Order   : 0
   Sign Compare : 0
   Max Size     : 268435455
   Debug Enable : 1
   size         : 910000
   average_time :   12.692 # [msec]
   throughput   :   71.700 # [mwords/sec]
   Debug_Time(0):   27.142 # [msec]
   Debug_Time(1):   16.110 # [msec]
   Debug_Time(2):    5.793 # [msec]
   Debug_Time(3):    5.239 # [msec]
-
   Version      : 1.7
   Ways         : 32
   Words        : 2
   Feedback     : 1
   WordBits     : 32
   IndexBits    : 32
   Sort Order   : 0
   Sign Compare : 0
   Max Size     : 268435455
   Debug Enable : 1
   size         : 915000
   average_time :   12.726 # [msec]
   throughput   :   71.900 # [mwords/sec]
   Debug_Time(0):   27.238 # [msec]
   Debug_Time(1):   16.145 # [msec]
   Debug_Time(2):    5.825 # [msec]
   Debug_Time(3):    5.268 # [msec]
-
   Version      : 1.7
   Ways         : 32
   Words        : 2
   Feedback     : 1
   WordBits     : 32
   IndexBits    : 32
   Sort Order   : 0
   Sign Compare : 0
   Max Size     : 268435455
   Debug Enable : 1
   size         : 920000
   average_time :   12.825 # [msec]
   throughput   :   71.736 # [mwords/sec]
   Debug_Time(0):   27.445 # [msec]
   Debug_Time(1):   16.293 # [msec]
   Debug_Time(2):    5.853 # [msec]
   Debug_Time(3):    5.299 # [msec]
-
   Version      : 1.7
   Ways         : 32
   Words        : 2
   Feedback     : 1
   WordBits     : 32
   IndexBits    : 32
   Sort Order   : 0
   Sign Compare : 0
   Max Size     : 268435455
   Debug Enable : 1
   size         : 925000
   average_time :   12.885 # [msec]
   throughput   :   71.788 # [mwords/sec]
   Debug_Time(0):   27.580 # [msec]
   Debug_Time(1):   16.395 # [msec]
   Debug_Time(2):    5.858 # [msec]
   Debug_Time(3):    5.327 # [msec]
-
   Version      : 1.7
   Ways         : 32
   Words        : 2
   Feedback     : 1
   WordBits     : 32
   IndexBits    : 32
   Sort Order   : 0
   Sign Compare : 0
   Max Size     : 268435455
   Debug Enable : 1
   size         : 930000
   average_time :   12.937 # [msec]
   throughput   :   71.888 # [mwords/sec]
   Debug_Time(0):   27.723 # [msec]
   Debug_Time(1):   16.471 # [msec]
   Debug_Time(2):    5.892 # [msec]
   Debug_Time(3):    5.360 # [msec]
-
   Version      : 1.7
   Ways         : 32
   Words        : 2
   Feedback     : 1
   WordBits     : 32
   IndexBits    : 32
   Sort Order   : 0
   Sign Compare : 0
   Max Size     : 268435455
   Debug Enable : 1
   size         : 935000
   average_time :   13.002 # [msec]
   throughput   :   71.910 # [mwords/sec]
   Debug_Time(0):   27.807 # [msec]
   Debug_Time(1):   16.508 # [msec]
   Debug_Time(2):    5.925 # [msec]
   Debug_Time(3):    5.373 # [msec]
-
   Version      : 1.7
   Ways         : 32
   Words        : 2
   Feedback     : 1
   WordBits     : 32
   IndexBits    : 32
   Sort Order   : 0
   Sign Compare : 0
   Max Size     : 268435455
   Debug Enable : 1
   size         : 940000
   average_time :   13.062 # [msec]
   throughput   :   71.963 # [mwords/sec]
   Debug_Time(0):   28.000 # [msec]
   Debug_Time(1):   16.636 # [msec]
   Debug_Time(2):    5.963 # [msec]
   Debug_Time(3):    5.401 # [msec]
-
   Version      : 1.7
   Ways         : 32
   Words        : 2
   Feedback     : 1
   WordBits     : 32
   IndexBits    : 32
   Sort Order   : 0
   Sign Compare : 0
   Max Size     : 268435455
   Debug Enable : 1
   size         : 945000
   average_time :   13.117 # [msec]
   throughput   :   72.042 # [mwords/sec]
   Debug_Time(0):   28.088 # [msec]
   Debug_Time(1):   16.717 # [msec]
   Debug_Time(2):    5.985 # [msec]
   Debug_Time(3):    5.386 # [msec]
-
   Version      : 1.7
   Ways         : 32
   Words        : 2
   Feedback     : 1
   WordBits     : 32
   IndexBits    : 32
   Sort Order   : 0
   Sign Compare : 0
   Max Size     : 268435455
   Debug Enable : 1
   size         : 950000
   average_time :   13.182 # [msec]
   throughput   :   72.068 # [mwords/sec]
   Debug_Time(0):   28.261 # [msec]
   Debug_Time(1):   16.814 # [msec]
   Debug_Time(2):    6.030 # [msec]
   Debug_Time(3):    5.416 # [msec]
-
   Version      : 1.7
   Ways         : 32
   Words        : 2
   Feedback     : 1
   WordBits     : 32
   IndexBits    : 32
   Sort Order   : 0
   Sign Compare : 0
   Max Size     : 268435455
   Debug Enable : 1
   size         : 955000
   average_time :   13.255 # [msec]
   throughput   :   72.047 # [mwords/sec]
   Debug_Time(0):   28.335 # [msec]
   Debug_Time(1):   16.841 # [msec]
   Debug_Time(2):    6.052 # [msec]
   Debug_Time(3):    5.442 # [msec]
-
   Version      : 1.7
   Ways         : 32
   Words        : 2
   Feedback     : 1
   WordBits     : 32
   IndexBits    : 32
   Sort Order   : 0
   Sign Compare : 0
   Max Size     : 268435455
   Debug Enable : 1
   size         : 960000
   average_time :   13.334 # [msec]
   throughput   :   71.996 # [mwords/sec]
   Debug_Time(0):   28.553 # [msec]
   Debug_Time(1):   17.002 # [msec]
   Debug_Time(2):    6.115 # [msec]
   Debug_Time(3):    5.437 # [msec]
-
   Version      : 1.7
   Ways         : 32
   Words        : 2
   Feedback     : 1
   WordBits     : 32
   IndexBits    : 32
   Sort Order   : 0
   Sign Compare : 0
   Max Size     : 268435455
   Debug Enable : 1
   size         : 965000
   average_time :   13.393 # [msec]
   throughput   :   72.050 # [mwords/sec]
   Debug_Time(0):   28.678 # [msec]
   Debug_Time(1):   17.090 # [msec]
   Debug_Time(2):    6.143 # [msec]
   Debug_Time(3):    5.445 # [msec]
-
   Version      : 1.7
   Ways         : 32
   Words        : 2
   Feedback     : 1
   WordBits     : 32
   IndexBits    : 32
   Sort Order   : 0
   Sign Compare : 0
   Max Size     : 268435455
   Debug Enable : 1
   size         : 970000
   average_time :   13.468 # [msec]
   throughput   :   72.025 # [mwords/sec]
   Debug_Time(0):   28.778 # [msec]
   Debug_Time(1):   17.125 # [msec]
   Debug_Time(2):    6.170 # [msec]
   Debug_Time(3):    5.483 # [msec]
-
   Version      : 1.7
   Ways         : 32
   Words        : 2
   Feedback     : 1
   WordBits     : 32
   IndexBits    : 32
   Sort Order   : 0
   Sign Compare : 0
   Max Size     : 268435455
   Debug Enable : 1
   size         : 975000
   average_time :   13.555 # [msec]
   throughput   :   71.927 # [mwords/sec]
   Debug_Time(0):   29.001 # [msec]
   Debug_Time(1):   17.258 # [msec]
   Debug_Time(2):    6.205 # [msec]
   Debug_Time(3):    5.538 # [msec]
-
   Version      : 1.7
   Ways         : 32
   Words        : 2
   Feedback     : 1
   WordBits     : 32
   IndexBits    : 32
   Sort Order   : 0
   Sign Compare : 0
   Max Size     : 268435455
   Debug Enable : 1
   size         : 980000
   average_time :   13.613 # [msec]
   throughput   :   71.990 # [mwords/sec]
   Debug_Time(0):   29.166 # [msec]
   Debug_Time(1):   17.327 # [msec]
   Debug_Time(2):    6.238 # [msec]
   Debug_Time(3):    5.602 # [msec]
-
   Version      : 1.7
   Ways         : 32
   Words        : 2
   Feedback     : 1
   WordBits     : 32
   IndexBits    : 32
   Sort Order   : 0
   Sign Compare : 0
   Max Size     : 268435455
   Debug Enable : 1
   size         : 985000
   average_time :   13.656 # [msec]
   throughput   :   72.127 # [mwords/sec]
   Debug_Time(0):   29.189 # [msec]
   Debug_Time(1):   17.345 # [msec]
   Debug_Time(2):    6.261 # [msec]
   Debug_Time(3):    5.583 # [msec]
-
   Version      : 1.7
   Ways         : 32
   Words        : 2
   Feedback     : 1
   WordBits     : 32
   IndexBits    : 32
   Sort Order   : 0
   Sign Compare : 0
   Max Size     : 268435455
   Debug Enable : 1
   size         : 990000
   average_time :   13.751 # [msec]
   throughput   :   71.993 # [mwords/sec]
   Debug_Time(0):   29.411 # [msec]
   Debug_Time(1):   17.478 # [msec]
   Debug_Time(2):    6.284 # [msec]
   Debug_Time(3):    5.649 # [msec]
-
   Version      : 1.7
   Ways         : 32
   Words        : 2
   Feedback     : 1
   WordBits     : 32
   IndexBits    : 32
   Sort Order   : 0
   Sign Compare : 0
   Max Size     : 268435455
   Debug Enable : 1
   size         : 995000
   average_time :   13.810 # [msec]
   throughput   :   72.050 # [mwords/sec]
   Debug_Time(0):   29.578 # [msec]
   Debug_Time(1):   17.593 # [msec]
   Debug_Time(2):    6.311 # [msec]
   Debug_Time(3):    5.674 # [msec]
-
   Version      : 1.7
   Ways         : 32
   Words        : 2
   Feedback     : 1
   WordBits     : 32
   IndexBits    : 32
   Sort Order   : 0
   Sign Compare : 0
   Max Size     : 268435455
   Debug Enable : 1
   size         : 1000000
   average_time :   13.868 # [msec]
   throughput   :   72.108 # [mwords/sec]
   Debug_Time(0):   29.706 # [msec]
   Debug_Time(1):   17.604 # [msec]
   Debug_Time(2):    6.362 # [msec]
   Debug_Time(3):    5.740 # [msec]
