---
-
   Version      : 1.7
   Ways         : 32
   Words        : 1
   Feedback     : 2
   WordBits     : 32
   IndexBits    : 32
   Sort Order   : 0
   Sign Compare : 0
   Max Size     : 268435455
   Debug Enable : 1
   size         : 5000
   average_time :    0.578 # [msec]
   throughput   :    8.651 # [mwords/sec]
   Debug_Time(0):    0.987 # [msec]
   Debug_Time(1):    0.987 # [msec]
-
   Version      : 1.7
   Ways         : 32
   Words        : 1
   Feedback     : 2
   WordBits     : 32
   IndexBits    : 32
   Sort Order   : 0
   Sign Compare : 0
   Max Size     : 268435455
   Debug Enable : 1
   size         : 10000
   average_time :    0.581 # [msec]
   throughput   :   17.211 # [mwords/sec]
   Debug_Time(0):    0.986 # [msec]
   Debug_Time(1):    0.986 # [msec]
-
   Version      : 1.7
   Ways         : 32
   Words        : 1
   Feedback     : 2
   WordBits     : 32
   IndexBits    : 32
   Sort Order   : 0
   Sign Compare : 0
   Max Size     : 268435455
   Debug Enable : 1
   size         : 15000
   average_time :    0.575 # [msec]
   throughput   :   26.068 # [mwords/sec]
   Debug_Time(0):    0.986 # [msec]
   Debug_Time(1):    0.986 # [msec]
-
   Version      : 1.7
   Ways         : 32
   Words        : 1
   Feedback     : 2
   WordBits     : 32
   IndexBits    : 32
   Sort Order   : 0
   Sign Compare : 0
   Max Size     : 268435455
   Debug Enable : 1
   size         : 20000
   average_time :    0.578 # [msec]
   throughput   :   34.614 # [mwords/sec]
   Debug_Time(0):    0.986 # [msec]
   Debug_Time(1):    0.986 # [msec]
-
   Version      : 1.7
   Ways         : 32
   Words        : 1
   Feedback     : 2
   WordBits     : 32
   IndexBits    : 32
   Sort Order   : 0
   Sign Compare : 0
   Max Size     : 268435455
   Debug Enable : 1
   size         : 25000
   average_time :    0.578 # [msec]
   throughput   :   43.262 # [mwords/sec]
   Debug_Time(0):    0.985 # [msec]
   Debug_Time(1):    0.985 # [msec]
-
   Version      : 1.7
   Ways         : 32
   Words        : 1
   Feedback     : 2
   WordBits     : 32
   IndexBits    : 32
   Sort Order   : 0
   Sign Compare : 0
   Max Size     : 268435455
   Debug Enable : 1
   size         : 30000
   average_time :    0.577 # [msec]
   throughput   :   51.963 # [mwords/sec]
   Debug_Time(0):    0.985 # [msec]
   Debug_Time(1):    0.985 # [msec]
-
   Version      : 1.7
   Ways         : 32
   Words        : 1
   Feedback     : 2
   WordBits     : 32
   IndexBits    : 32
   Sort Order   : 0
   Sign Compare : 0
   Max Size     : 268435455
   Debug Enable : 1
   size         : 35000
   average_time :    1.121 # [msec]
   throughput   :   31.225 # [mwords/sec]
   Debug_Time(0):    2.324 # [msec]
   Debug_Time(1):    1.968 # [msec]
   Debug_Time(2):    0.356 # [msec]
-
   Version      : 1.7
   Ways         : 32
   Words        : 1
   Feedback     : 2
   WordBits     : 32
   IndexBits    : 32
   Sort Order   : 0
   Sign Compare : 0
   Max Size     : 268435455
   Debug Enable : 1
   size         : 40000
   average_time :    1.148 # [msec]
   throughput   :   34.846 # [mwords/sec]
   Debug_Time(0):    2.374 # [msec]
   Debug_Time(1):    1.967 # [msec]
   Debug_Time(2):    0.406 # [msec]
-
   Version      : 1.7
   Ways         : 32
   Words        : 1
   Feedback     : 2
   WordBits     : 32
   IndexBits    : 32
   Sort Order   : 0
   Sign Compare : 0
   Max Size     : 268435455
   Debug Enable : 1
   size         : 45000
   average_time :    1.161 # [msec]
   throughput   :   38.747 # [mwords/sec]
   Debug_Time(0):    2.426 # [msec]
   Debug_Time(1):    1.969 # [msec]
   Debug_Time(2):    0.457 # [msec]
-
   Version      : 1.7
   Ways         : 32
   Words        : 1
   Feedback     : 2
   WordBits     : 32
   IndexBits    : 32
   Sort Order   : 0
   Sign Compare : 0
   Max Size     : 268435455
   Debug Enable : 1
   size         : 50000
   average_time :    1.189 # [msec]
   throughput   :   42.062 # [mwords/sec]
   Debug_Time(0):    2.476 # [msec]
   Debug_Time(1):    1.969 # [msec]
   Debug_Time(2):    0.507 # [msec]
-
   Version      : 1.7
   Ways         : 32
   Words        : 1
   Feedback     : 2
   WordBits     : 32
   IndexBits    : 32
   Sort Order   : 0
   Sign Compare : 0
   Max Size     : 268435455
   Debug Enable : 1
   size         : 55000
   average_time :    1.205 # [msec]
   throughput   :   45.625 # [mwords/sec]
   Debug_Time(0):    2.525 # [msec]
   Debug_Time(1):    1.968 # [msec]
   Debug_Time(2):    0.557 # [msec]
-
   Version      : 1.7
   Ways         : 32
   Words        : 1
   Feedback     : 2
   WordBits     : 32
   IndexBits    : 32
   Sort Order   : 0
   Sign Compare : 0
   Max Size     : 268435455
   Debug Enable : 1
   size         : 60000
   average_time :    1.229 # [msec]
   throughput   :   48.836 # [mwords/sec]
   Debug_Time(0):    2.573 # [msec]
   Debug_Time(1):    1.968 # [msec]
   Debug_Time(2):    0.606 # [msec]
-
   Version      : 1.7
   Ways         : 32
   Words        : 1
   Feedback     : 2
   WordBits     : 32
   IndexBits    : 32
   Sort Order   : 0
   Sign Compare : 0
   Max Size     : 268435455
   Debug Enable : 1
   size         : 65000
   average_time :    1.258 # [msec]
   throughput   :   51.654 # [mwords/sec]
   Debug_Time(0):    2.625 # [msec]
   Debug_Time(1):    1.970 # [msec]
   Debug_Time(2):    0.656 # [msec]
-
   Version      : 1.7
   Ways         : 32
   Words        : 1
   Feedback     : 2
   WordBits     : 32
   IndexBits    : 32
   Sort Order   : 0
   Sign Compare : 0
   Max Size     : 268435455
   Debug Enable : 1
   size         : 70000
   average_time :    1.671 # [msec]
   throughput   :   41.883 # [mwords/sec]
   Debug_Time(0):    3.661 # [msec]
   Debug_Time(1):    2.952 # [msec]
   Debug_Time(2):    0.709 # [msec]
-
   Version      : 1.7
   Ways         : 32
   Words        : 1
   Feedback     : 2
   WordBits     : 32
   IndexBits    : 32
   Sort Order   : 0
   Sign Compare : 0
   Max Size     : 268435455
   Debug Enable : 1
   size         : 75000
   average_time :    1.698 # [msec]
   throughput   :   44.174 # [mwords/sec]
   Debug_Time(0):    3.712 # [msec]
   Debug_Time(1):    2.951 # [msec]
   Debug_Time(2):    0.761 # [msec]
-
   Version      : 1.7
   Ways         : 32
   Words        : 1
   Feedback     : 2
   WordBits     : 32
   IndexBits    : 32
   Sort Order   : 0
   Sign Compare : 0
   Max Size     : 268435455
   Debug Enable : 1
   size         : 80000
   average_time :    1.720 # [msec]
   throughput   :   46.522 # [mwords/sec]
   Debug_Time(0):    3.761 # [msec]
   Debug_Time(1):    2.951 # [msec]
   Debug_Time(2):    0.811 # [msec]
-
   Version      : 1.7
   Ways         : 32
   Words        : 1
   Feedback     : 2
   WordBits     : 32
   IndexBits    : 32
   Sort Order   : 0
   Sign Compare : 0
   Max Size     : 268435455
   Debug Enable : 1
   size         : 85000
   average_time :    1.753 # [msec]
   throughput   :   48.477 # [mwords/sec]
   Debug_Time(0):    3.832 # [msec]
   Debug_Time(1):    2.970 # [msec]
   Debug_Time(2):    0.862 # [msec]
-
   Version      : 1.7
   Ways         : 32
   Words        : 1
   Feedback     : 2
   WordBits     : 32
   IndexBits    : 32
   Sort Order   : 0
   Sign Compare : 0
   Max Size     : 268435455
   Debug Enable : 1
   size         : 90000
   average_time :    1.814 # [msec]
   throughput   :   49.625 # [mwords/sec]
   Debug_Time(0):    3.995 # [msec]
   Debug_Time(1):    3.084 # [msec]
   Debug_Time(2):    0.911 # [msec]
-
   Version      : 1.7
   Ways         : 32
   Words        : 1
   Feedback     : 2
   WordBits     : 32
   IndexBits    : 32
   Sort Order   : 0
   Sign Compare : 0
   Max Size     : 268435455
   Debug Enable : 1
   size         : 95000
   average_time :    1.953 # [msec]
   throughput   :   48.648 # [mwords/sec]
   Debug_Time(0):    4.347 # [msec]
   Debug_Time(1):    3.386 # [msec]
   Debug_Time(2):    0.961 # [msec]
-
   Version      : 1.7
   Ways         : 32
   Words        : 1
   Feedback     : 2
   WordBits     : 32
   IndexBits    : 32
   Sort Order   : 0
   Sign Compare : 0
   Max Size     : 268435455
   Debug Enable : 1
   size         : 100000
   average_time :    2.345 # [msec]
   throughput   :   42.642 # [mwords/sec]
   Debug_Time(0):    5.404 # [msec]
   Debug_Time(1):    4.391 # [msec]
   Debug_Time(2):    1.013 # [msec]
-
   Version      : 1.7
   Ways         : 32
   Words        : 1
   Feedback     : 2
   WordBits     : 32
   IndexBits    : 32
   Sort Order   : 0
   Sign Compare : 0
   Max Size     : 268435455
   Debug Enable : 1
   size         : 105000
   average_time :    2.425 # [msec]
   throughput   :   43.307 # [mwords/sec]
   Debug_Time(0):    5.576 # [msec]
   Debug_Time(1):    4.514 # [msec]
   Debug_Time(2):    1.063 # [msec]
-
   Version      : 1.7
   Ways         : 32
   Words        : 1
   Feedback     : 2
   WordBits     : 32
   IndexBits    : 32
   Sort Order   : 0
   Sign Compare : 0
   Max Size     : 268435455
   Debug Enable : 1
   size         : 110000
   average_time :    2.500 # [msec]
   throughput   :   44.000 # [mwords/sec]
   Debug_Time(0):    5.742 # [msec]
   Debug_Time(1):    4.630 # [msec]
   Debug_Time(2):    1.113 # [msec]
-
   Version      : 1.7
   Ways         : 32
   Words        : 1
   Feedback     : 2
   WordBits     : 32
   IndexBits    : 32
   Sort Order   : 0
   Sign Compare : 0
   Max Size     : 268435455
   Debug Enable : 1
   size         : 115000
   average_time :    2.636 # [msec]
   throughput   :   43.621 # [mwords/sec]
   Debug_Time(0):    6.004 # [msec]
   Debug_Time(1):    4.840 # [msec]
   Debug_Time(2):    1.164 # [msec]
-
   Version      : 1.7
   Ways         : 32
   Words        : 1
   Feedback     : 2
   WordBits     : 32
   IndexBits    : 32
   Sort Order   : 0
   Sign Compare : 0
   Max Size     : 268435455
   Debug Enable : 1
   size         : 120000
   average_time :    2.616 # [msec]
   throughput   :   45.870 # [mwords/sec]
   Debug_Time(0):    6.086 # [msec]
   Debug_Time(1):    4.872 # [msec]
   Debug_Time(2):    1.215 # [msec]
-
   Version      : 1.7
   Ways         : 32
   Words        : 1
   Feedback     : 2
   WordBits     : 32
   IndexBits    : 32
   Sort Order   : 0
   Sign Compare : 0
   Max Size     : 268435455
   Debug Enable : 1
   size         : 125000
   average_time :    2.667 # [msec]
   throughput   :   46.861 # [mwords/sec]
   Debug_Time(0):    6.205 # [msec]
   Debug_Time(1):    4.940 # [msec]
   Debug_Time(2):    1.265 # [msec]
-
   Version      : 1.7
   Ways         : 32
   Words        : 1
   Feedback     : 2
   WordBits     : 32
   IndexBits    : 32
   Sort Order   : 0
   Sign Compare : 0
   Max Size     : 268435455
   Debug Enable : 1
   size         : 130000
   average_time :    2.720 # [msec]
   throughput   :   47.800 # [mwords/sec]
   Debug_Time(0):    6.355 # [msec]
   Debug_Time(1):    5.040 # [msec]
   Debug_Time(2):    1.315 # [msec]
-
   Version      : 1.7
   Ways         : 32
   Words        : 1
   Feedback     : 2
   WordBits     : 32
   IndexBits    : 32
   Sort Order   : 0
   Sign Compare : 0
   Max Size     : 268435455
   Debug Enable : 1
   size         : 135000
   average_time :    3.248 # [msec]
   throughput   :   41.566 # [mwords/sec]
   Debug_Time(0):    7.551 # [msec]
   Debug_Time(1):    6.183 # [msec]
   Debug_Time(2):    1.367 # [msec]
-
   Version      : 1.7
   Ways         : 32
   Words        : 1
   Feedback     : 2
   WordBits     : 32
   IndexBits    : 32
   Sort Order   : 0
   Sign Compare : 0
   Max Size     : 268435455
   Debug Enable : 1
   size         : 140000
   average_time :    3.251 # [msec]
   throughput   :   43.059 # [mwords/sec]
   Debug_Time(0):    7.638 # [msec]
   Debug_Time(1):    6.222 # [msec]
   Debug_Time(2):    1.416 # [msec]
-
   Version      : 1.7
   Ways         : 32
   Words        : 1
   Feedback     : 2
   WordBits     : 32
   IndexBits    : 32
   Sort Order   : 0
   Sign Compare : 0
   Max Size     : 268435455
   Debug Enable : 1
   size         : 145000
   average_time :    3.309 # [msec]
   throughput   :   43.818 # [mwords/sec]
   Debug_Time(0):    7.724 # [msec]
   Debug_Time(1):    6.258 # [msec]
   Debug_Time(2):    1.466 # [msec]
-
   Version      : 1.7
   Ways         : 32
   Words        : 1
   Feedback     : 2
   WordBits     : 32
   IndexBits    : 32
   Sort Order   : 0
   Sign Compare : 0
   Max Size     : 268435455
   Debug Enable : 1
   size         : 150000
   average_time :    3.359 # [msec]
   throughput   :   44.662 # [mwords/sec]
   Debug_Time(0):    7.855 # [msec]
   Debug_Time(1):    6.340 # [msec]
   Debug_Time(2):    1.516 # [msec]
-
   Version      : 1.7
   Ways         : 32
   Words        : 1
   Feedback     : 2
   WordBits     : 32
   IndexBits    : 32
   Sort Order   : 0
   Sign Compare : 0
   Max Size     : 268435455
   Debug Enable : 1
   size         : 155000
   average_time :    3.404 # [msec]
   throughput   :   45.533 # [mwords/sec]
   Debug_Time(0):    7.971 # [msec]
   Debug_Time(1):    6.405 # [msec]
   Debug_Time(2):    1.566 # [msec]
-
   Version      : 1.7
   Ways         : 32
   Words        : 1
   Feedback     : 2
   WordBits     : 32
   IndexBits    : 32
   Sort Order   : 0
   Sign Compare : 0
   Max Size     : 268435455
   Debug Enable : 1
   size         : 160000
   average_time :    3.452 # [msec]
   throughput   :   46.348 # [mwords/sec]
   Debug_Time(0):    8.072 # [msec]
   Debug_Time(1):    6.456 # [msec]
   Debug_Time(2):    1.616 # [msec]
-
   Version      : 1.7
   Ways         : 32
   Words        : 1
   Feedback     : 2
   WordBits     : 32
   IndexBits    : 32
   Sort Order   : 0
   Sign Compare : 0
   Max Size     : 268435455
   Debug Enable : 1
   size         : 165000
   average_time :    3.917 # [msec]
   throughput   :   42.125 # [mwords/sec]
   Debug_Time(0):    9.202 # [msec]
   Debug_Time(1):    7.531 # [msec]
   Debug_Time(2):    1.671 # [msec]
-
   Version      : 1.7
   Ways         : 32
   Words        : 1
   Feedback     : 2
   WordBits     : 32
   IndexBits    : 32
   Sort Order   : 0
   Sign Compare : 0
   Max Size     : 268435455
   Debug Enable : 1
   size         : 170000
   average_time :    3.965 # [msec]
   throughput   :   42.872 # [mwords/sec]
   Debug_Time(0):    9.163 # [msec]
   Debug_Time(1):    7.442 # [msec]
   Debug_Time(2):    1.720 # [msec]
-
   Version      : 1.7
   Ways         : 32
   Words        : 1
   Feedback     : 2
   WordBits     : 32
   IndexBits    : 32
   Sort Order   : 0
   Sign Compare : 0
   Max Size     : 268435455
   Debug Enable : 1
   size         : 175000
   average_time :    4.019 # [msec]
   throughput   :   43.540 # [mwords/sec]
   Debug_Time(0):    9.261 # [msec]
   Debug_Time(1):    7.490 # [msec]
   Debug_Time(2):    1.771 # [msec]
-
   Version      : 1.7
   Ways         : 32
   Words        : 1
   Feedback     : 2
   WordBits     : 32
   IndexBits    : 32
   Sort Order   : 0
   Sign Compare : 0
   Max Size     : 268435455
   Debug Enable : 1
   size         : 180000
   average_time :    4.073 # [msec]
   throughput   :   44.193 # [mwords/sec]
   Debug_Time(0):    9.428 # [msec]
   Debug_Time(1):    7.609 # [msec]
   Debug_Time(2):    1.819 # [msec]
-
   Version      : 1.7
   Ways         : 32
   Words        : 1
   Feedback     : 2
   WordBits     : 32
   IndexBits    : 32
   Sort Order   : 0
   Sign Compare : 0
   Max Size     : 268435455
   Debug Enable : 1
   size         : 185000
   average_time :    4.117 # [msec]
   throughput   :   44.932 # [mwords/sec]
   Debug_Time(0):    9.513 # [msec]
   Debug_Time(1):    7.644 # [msec]
   Debug_Time(2):    1.869 # [msec]
-
   Version      : 1.7
   Ways         : 32
   Words        : 1
   Feedback     : 2
   WordBits     : 32
   IndexBits    : 32
   Sort Order   : 0
   Sign Compare : 0
   Max Size     : 268435455
   Debug Enable : 1
   size         : 190000
   average_time :    4.148 # [msec]
   throughput   :   45.810 # [mwords/sec]
   Debug_Time(0):    9.601 # [msec]
   Debug_Time(1):    7.682 # [msec]
   Debug_Time(2):    1.919 # [msec]
-
   Version      : 1.7
   Ways         : 32
   Words        : 1
   Feedback     : 2
   WordBits     : 32
   IndexBits    : 32
   Sort Order   : 0
   Sign Compare : 0
   Max Size     : 268435455
   Debug Enable : 1
   size         : 195000
   average_time :    4.196 # [msec]
   throughput   :   46.473 # [mwords/sec]
   Debug_Time(0):    9.655 # [msec]
   Debug_Time(1):    7.686 # [msec]
   Debug_Time(2):    1.969 # [msec]
-
   Version      : 1.7
   Ways         : 32
   Words        : 1
   Feedback     : 2
   WordBits     : 32
   IndexBits    : 32
   Sort Order   : 0
   Sign Compare : 0
   Max Size     : 268435455
   Debug Enable : 1
   size         : 200000
   average_time :    4.634 # [msec]
   throughput   :   43.158 # [mwords/sec]
   Debug_Time(0):   10.667 # [msec]
   Debug_Time(1):    8.645 # [msec]
   Debug_Time(2):    2.022 # [msec]
-
   Version      : 1.7
   Ways         : 32
   Words        : 1
   Feedback     : 2
   WordBits     : 32
   IndexBits    : 32
   Sort Order   : 0
   Sign Compare : 0
   Max Size     : 268435455
   Debug Enable : 1
   size         : 205000
   average_time :    4.675 # [msec]
   throughput   :   43.850 # [mwords/sec]
   Debug_Time(0):   10.782 # [msec]
   Debug_Time(1):    8.708 # [msec]
   Debug_Time(2):    2.073 # [msec]
-
   Version      : 1.7
   Ways         : 32
   Words        : 1
   Feedback     : 2
   WordBits     : 32
   IndexBits    : 32
   Sort Order   : 0
   Sign Compare : 0
   Max Size     : 268435455
   Debug Enable : 1
   size         : 210000
   average_time :    4.713 # [msec]
   throughput   :   44.561 # [mwords/sec]
   Debug_Time(0):   10.879 # [msec]
   Debug_Time(1):    8.757 # [msec]
   Debug_Time(2):    2.123 # [msec]
-
   Version      : 1.7
   Ways         : 32
   Words        : 1
   Feedback     : 2
   WordBits     : 32
   IndexBits    : 32
   Sort Order   : 0
   Sign Compare : 0
   Max Size     : 268435455
   Debug Enable : 1
   size         : 215000
   average_time :    4.764 # [msec]
   throughput   :   45.133 # [mwords/sec]
   Debug_Time(0):   10.964 # [msec]
   Debug_Time(1):    8.791 # [msec]
   Debug_Time(2):    2.174 # [msec]
-
   Version      : 1.7
   Ways         : 32
   Words        : 1
   Feedback     : 2
   WordBits     : 32
   IndexBits    : 32
   Sort Order   : 0
   Sign Compare : 0
   Max Size     : 268435455
   Debug Enable : 1
   size         : 220000
   average_time :    4.789 # [msec]
   throughput   :   45.940 # [mwords/sec]
   Debug_Time(0):   11.177 # [msec]
   Debug_Time(1):    8.951 # [msec]
   Debug_Time(2):    2.226 # [msec]
-
   Version      : 1.7
   Ways         : 32
   Words        : 1
   Feedback     : 2
   WordBits     : 32
   IndexBits    : 32
   Sort Order   : 0
   Sign Compare : 0
   Max Size     : 268435455
   Debug Enable : 1
   size         : 225000
   average_time :    4.832 # [msec]
   throughput   :   46.563 # [mwords/sec]
   Debug_Time(0):   11.227 # [msec]
   Debug_Time(1):    8.955 # [msec]
   Debug_Time(2):    2.272 # [msec]
-
   Version      : 1.7
   Ways         : 32
   Words        : 1
   Feedback     : 2
   WordBits     : 32
   IndexBits    : 32
   Sort Order   : 0
   Sign Compare : 0
   Max Size     : 268435455
   Debug Enable : 1
   size         : 230000
   average_time :    4.870 # [msec]
   throughput   :   47.228 # [mwords/sec]
   Debug_Time(0):   11.391 # [msec]
   Debug_Time(1):    9.067 # [msec]
   Debug_Time(2):    2.323 # [msec]
-
   Version      : 1.7
   Ways         : 32
   Words        : 1
   Feedback     : 2
   WordBits     : 32
   IndexBits    : 32
   Sort Order   : 0
   Sign Compare : 0
   Max Size     : 268435455
   Debug Enable : 1
   size         : 235000
   average_time :    5.296 # [msec]
   throughput   :   44.373 # [mwords/sec]
   Debug_Time(0):   12.615 # [msec]
   Debug_Time(1):   10.241 # [msec]
   Debug_Time(2):    2.374 # [msec]
-
   Version      : 1.7
   Ways         : 32
   Words        : 1
   Feedback     : 2
   WordBits     : 32
   IndexBits    : 32
   Sort Order   : 0
   Sign Compare : 0
   Max Size     : 268435455
   Debug Enable : 1
   size         : 240000
   average_time :    5.362 # [msec]
   throughput   :   44.762 # [mwords/sec]
   Debug_Time(0):   12.729 # [msec]
   Debug_Time(1):   10.300 # [msec]
   Debug_Time(2):    2.429 # [msec]
-
   Version      : 1.7
   Ways         : 32
   Words        : 1
   Feedback     : 2
   WordBits     : 32
   IndexBits    : 32
   Sort Order   : 0
   Sign Compare : 0
   Max Size     : 268435455
   Debug Enable : 1
   size         : 245000
   average_time :    5.385 # [msec]
   throughput   :   45.494 # [mwords/sec]
   Debug_Time(0):   12.860 # [msec]
   Debug_Time(1):   10.381 # [msec]
   Debug_Time(2):    2.479 # [msec]
-
   Version      : 1.7
   Ways         : 32
   Words        : 1
   Feedback     : 2
   WordBits     : 32
   IndexBits    : 32
   Sort Order   : 0
   Sign Compare : 0
   Max Size     : 268435455
   Debug Enable : 1
   size         : 250000
   average_time :    5.421 # [msec]
   throughput   :   46.114 # [mwords/sec]
   Debug_Time(0):   12.922 # [msec]
   Debug_Time(1):   10.396 # [msec]
   Debug_Time(2):    2.526 # [msec]
-
   Version      : 1.7
   Ways         : 32
   Words        : 1
   Feedback     : 2
   WordBits     : 32
   IndexBits    : 32
   Sort Order   : 0
   Sign Compare : 0
   Max Size     : 268435455
   Debug Enable : 1
   size         : 255000
   average_time :    5.467 # [msec]
   throughput   :   46.641 # [mwords/sec]
   Debug_Time(0):   13.048 # [msec]
   Debug_Time(1):   10.473 # [msec]
   Debug_Time(2):    2.576 # [msec]
-
   Version      : 1.7
   Ways         : 32
   Words        : 1
   Feedback     : 2
   WordBits     : 32
   IndexBits    : 32
   Sort Order   : 0
   Sign Compare : 0
   Max Size     : 268435455
   Debug Enable : 1
   size         : 260000
   average_time :    5.499 # [msec]
   throughput   :   47.281 # [mwords/sec]
   Debug_Time(0):   13.031 # [msec]
   Debug_Time(1):   10.406 # [msec]
   Debug_Time(2):    2.625 # [msec]
-
   Version      : 1.7
   Ways         : 32
   Words        : 1
   Feedback     : 2
   WordBits     : 32
   IndexBits    : 32
   Sort Order   : 0
   Sign Compare : 0
   Max Size     : 268435455
   Debug Enable : 1
   size         : 265000
   average_time :    5.925 # [msec]
   throughput   :   44.723 # [mwords/sec]
   Debug_Time(0):   14.192 # [msec]
   Debug_Time(1):   11.514 # [msec]
   Debug_Time(2):    2.678 # [msec]
-
   Version      : 1.7
   Ways         : 32
   Words        : 1
   Feedback     : 2
   WordBits     : 32
   IndexBits    : 32
   Sort Order   : 0
   Sign Compare : 0
   Max Size     : 268435455
   Debug Enable : 1
   size         : 270000
   average_time :    5.965 # [msec]
   throughput   :   45.266 # [mwords/sec]
   Debug_Time(0):   14.236 # [msec]
   Debug_Time(1):   11.510 # [msec]
   Debug_Time(2):    2.726 # [msec]
-
   Version      : 1.7
   Ways         : 32
   Words        : 1
   Feedback     : 2
   WordBits     : 32
   IndexBits    : 32
   Sort Order   : 0
   Sign Compare : 0
   Max Size     : 268435455
   Debug Enable : 1
   size         : 275000
   average_time :    5.999 # [msec]
   throughput   :   45.841 # [mwords/sec]
   Debug_Time(0):   14.429 # [msec]
   Debug_Time(1):   11.652 # [msec]
   Debug_Time(2):    2.777 # [msec]
-
   Version      : 1.7
   Ways         : 32
   Words        : 1
   Feedback     : 2
   WordBits     : 32
   IndexBits    : 32
   Sort Order   : 0
   Sign Compare : 0
   Max Size     : 268435455
   Debug Enable : 1
   size         : 280000
   average_time :    6.045 # [msec]
   throughput   :   46.322 # [mwords/sec]
   Debug_Time(0):   14.533 # [msec]
   Debug_Time(1):   11.706 # [msec]
   Debug_Time(2):    2.827 # [msec]
-
   Version      : 1.7
   Ways         : 32
   Words        : 1
   Feedback     : 2
   WordBits     : 32
   IndexBits    : 32
   Sort Order   : 0
   Sign Compare : 0
   Max Size     : 268435455
   Debug Enable : 1
   size         : 285000
   average_time :    6.079 # [msec]
   throughput   :   46.881 # [mwords/sec]
   Debug_Time(0):   14.547 # [msec]
   Debug_Time(1):   11.669 # [msec]
   Debug_Time(2):    2.877 # [msec]
-
   Version      : 1.7
   Ways         : 32
   Words        : 1
   Feedback     : 2
   WordBits     : 32
   IndexBits    : 32
   Sort Order   : 0
   Sign Compare : 0
   Max Size     : 268435455
   Debug Enable : 1
   size         : 290000
   average_time :    6.105 # [msec]
   throughput   :   47.501 # [mwords/sec]
   Debug_Time(0):   14.701 # [msec]
   Debug_Time(1):   11.773 # [msec]
   Debug_Time(2):    2.928 # [msec]
-
   Version      : 1.7
   Ways         : 32
   Words        : 1
   Feedback     : 2
   WordBits     : 32
   IndexBits    : 32
   Sort Order   : 0
   Sign Compare : 0
   Max Size     : 268435455
   Debug Enable : 1
   size         : 295000
   average_time :    6.161 # [msec]
   throughput   :   47.879 # [mwords/sec]
   Debug_Time(0):   14.579 # [msec]
   Debug_Time(1):   11.598 # [msec]
   Debug_Time(2):    2.981 # [msec]
-
   Version      : 1.7
   Ways         : 32
   Words        : 1
   Feedback     : 2
   WordBits     : 32
   IndexBits    : 32
   Sort Order   : 0
   Sign Compare : 0
   Max Size     : 268435455
   Debug Enable : 1
   size         : 300000
   average_time :    6.578 # [msec]
   throughput   :   45.610 # [mwords/sec]
   Debug_Time(0):   15.708 # [msec]
   Debug_Time(1):   12.677 # [msec]
   Debug_Time(2):    3.031 # [msec]
-
   Version      : 1.7
   Ways         : 32
   Words        : 1
   Feedback     : 2
   WordBits     : 32
   IndexBits    : 32
   Sort Order   : 0
   Sign Compare : 0
   Max Size     : 268435455
   Debug Enable : 1
   size         : 305000
   average_time :    6.628 # [msec]
   throughput   :   46.020 # [mwords/sec]
   Debug_Time(0):   15.926 # [msec]
   Debug_Time(1):   12.846 # [msec]
   Debug_Time(2):    3.081 # [msec]
-
   Version      : 1.7
   Ways         : 32
   Words        : 1
   Feedback     : 2
   WordBits     : 32
   IndexBits    : 32
   Sort Order   : 0
   Sign Compare : 0
   Max Size     : 268435455
   Debug Enable : 1
   size         : 310000
   average_time :    6.658 # [msec]
   throughput   :   46.563 # [mwords/sec]
   Debug_Time(0):   16.008 # [msec]
   Debug_Time(1):   12.878 # [msec]
   Debug_Time(2):    3.130 # [msec]
-
   Version      : 1.7
   Ways         : 32
   Words        : 1
   Feedback     : 2
   WordBits     : 32
   IndexBits    : 32
   Sort Order   : 0
   Sign Compare : 0
   Max Size     : 268435455
   Debug Enable : 1
   size         : 315000
   average_time :    6.695 # [msec]
   throughput   :   47.047 # [mwords/sec]
   Debug_Time(0):   15.906 # [msec]
   Debug_Time(1):   12.727 # [msec]
   Debug_Time(2):    3.179 # [msec]
-
   Version      : 1.7
   Ways         : 32
   Words        : 1
   Feedback     : 2
   WordBits     : 32
   IndexBits    : 32
   Sort Order   : 0
   Sign Compare : 0
   Max Size     : 268435455
   Debug Enable : 1
   size         : 320000
   average_time :    6.727 # [msec]
   throughput   :   47.569 # [mwords/sec]
   Debug_Time(0):   16.154 # [msec]
   Debug_Time(1):   12.925 # [msec]
   Debug_Time(2):    3.229 # [msec]
-
   Version      : 1.7
   Ways         : 32
   Words        : 1
   Feedback     : 2
   WordBits     : 32
   IndexBits    : 32
   Sort Order   : 0
   Sign Compare : 0
   Max Size     : 268435455
   Debug Enable : 1
   size         : 325000
   average_time :    6.777 # [msec]
   throughput   :   47.956 # [mwords/sec]
   Debug_Time(0):   16.272 # [msec]
   Debug_Time(1):   12.992 # [msec]
   Debug_Time(2):    3.280 # [msec]
-
   Version      : 1.7
   Ways         : 32
   Words        : 1
   Feedback     : 2
   WordBits     : 32
   IndexBits    : 32
   Sort Order   : 0
   Sign Compare : 0
   Max Size     : 268435455
   Debug Enable : 1
   size         : 330000
   average_time :    7.201 # [msec]
   throughput   :   45.829 # [mwords/sec]
   Debug_Time(0):   17.371 # [msec]
   Debug_Time(1):   14.038 # [msec]
   Debug_Time(2):    3.333 # [msec]
-
   Version      : 1.7
   Ways         : 32
   Words        : 1
   Feedback     : 2
   WordBits     : 32
   IndexBits    : 32
   Sort Order   : 0
   Sign Compare : 0
   Max Size     : 268435455
   Debug Enable : 1
   size         : 335000
   average_time :    7.227 # [msec]
   throughput   :   46.356 # [mwords/sec]
   Debug_Time(0):   17.365 # [msec]
   Debug_Time(1):   13.982 # [msec]
   Debug_Time(2):    3.384 # [msec]
-
   Version      : 1.7
   Ways         : 32
   Words        : 1
   Feedback     : 2
   WordBits     : 32
   IndexBits    : 32
   Sort Order   : 0
   Sign Compare : 0
   Max Size     : 268435455
   Debug Enable : 1
   size         : 340000
   average_time :    7.279 # [msec]
   throughput   :   46.713 # [mwords/sec]
   Debug_Time(0):   17.545 # [msec]
   Debug_Time(1):   14.112 # [msec]
   Debug_Time(2):    3.434 # [msec]
-
   Version      : 1.7
   Ways         : 32
   Words        : 1
   Feedback     : 2
   WordBits     : 32
   IndexBits    : 32
   Sort Order   : 0
   Sign Compare : 0
   Max Size     : 268435455
   Debug Enable : 1
   size         : 345000
   average_time :    7.306 # [msec]
   throughput   :   47.221 # [mwords/sec]
   Debug_Time(0):   17.510 # [msec]
   Debug_Time(1):   14.026 # [msec]
   Debug_Time(2):    3.484 # [msec]
-
   Version      : 1.7
   Ways         : 32
   Words        : 1
   Feedback     : 2
   WordBits     : 32
   IndexBits    : 32
   Sort Order   : 0
   Sign Compare : 0
   Max Size     : 268435455
   Debug Enable : 1
   size         : 350000
   average_time :    7.350 # [msec]
   throughput   :   47.621 # [mwords/sec]
   Debug_Time(0):   17.673 # [msec]
   Debug_Time(1):   14.141 # [msec]
   Debug_Time(2):    3.532 # [msec]
-
   Version      : 1.7
   Ways         : 32
   Words        : 1
   Feedback     : 2
   WordBits     : 32
   IndexBits    : 32
   Sort Order   : 0
   Sign Compare : 0
   Max Size     : 268435455
   Debug Enable : 1
   size         : 355000
   average_time :    7.409 # [msec]
   throughput   :   47.916 # [mwords/sec]
   Debug_Time(0):   17.804 # [msec]
   Debug_Time(1):   14.222 # [msec]
   Debug_Time(2):    3.582 # [msec]
-
   Version      : 1.7
   Ways         : 32
   Words        : 1
   Feedback     : 2
   WordBits     : 32
   IndexBits    : 32
   Sort Order   : 0
   Sign Compare : 0
   Max Size     : 268435455
   Debug Enable : 1
   size         : 360000
   average_time :    7.419 # [msec]
   throughput   :   48.523 # [mwords/sec]
   Debug_Time(0):   17.752 # [msec]
   Debug_Time(1):   14.120 # [msec]
   Debug_Time(2):    3.632 # [msec]
-
   Version      : 1.7
   Ways         : 32
   Words        : 1
   Feedback     : 2
   WordBits     : 32
   IndexBits    : 32
   Sort Order   : 0
   Sign Compare : 0
   Max Size     : 268435455
   Debug Enable : 1
   size         : 365000
   average_time :    7.843 # [msec]
   throughput   :   46.540 # [mwords/sec]
   Debug_Time(0):   18.762 # [msec]
   Debug_Time(1):   15.077 # [msec]
   Debug_Time(2):    3.685 # [msec]
-
   Version      : 1.7
   Ways         : 32
   Words        : 1
   Feedback     : 2
   WordBits     : 32
   IndexBits    : 32
   Sort Order   : 0
   Sign Compare : 0
   Max Size     : 268435455
   Debug Enable : 1
   size         : 370000
   average_time :    7.875 # [msec]
   throughput   :   46.983 # [mwords/sec]
   Debug_Time(0):   19.013 # [msec]
   Debug_Time(1):   15.277 # [msec]
   Debug_Time(2):    3.736 # [msec]
-
   Version      : 1.7
   Ways         : 32
   Words        : 1
   Feedback     : 2
   WordBits     : 32
   IndexBits    : 32
   Sort Order   : 0
   Sign Compare : 0
   Max Size     : 268435455
   Debug Enable : 1
   size         : 375000
   average_time :    7.913 # [msec]
   throughput   :   47.390 # [mwords/sec]
   Debug_Time(0):   19.091 # [msec]
   Debug_Time(1):   15.305 # [msec]
   Debug_Time(2):    3.786 # [msec]
-
   Version      : 1.7
   Ways         : 32
   Words        : 1
   Feedback     : 2
   WordBits     : 32
   IndexBits    : 32
   Sort Order   : 0
   Sign Compare : 0
   Max Size     : 268435455
   Debug Enable : 1
   size         : 380000
   average_time :    7.977 # [msec]
   throughput   :   47.639 # [mwords/sec]
   Debug_Time(0):   19.281 # [msec]
   Debug_Time(1):   15.445 # [msec]
   Debug_Time(2):    3.836 # [msec]
-
   Version      : 1.7
   Ways         : 32
   Words        : 1
   Feedback     : 2
   WordBits     : 32
   IndexBits    : 32
   Sort Order   : 0
   Sign Compare : 0
   Max Size     : 268435455
   Debug Enable : 1
   size         : 385000
   average_time :    7.970 # [msec]
   throughput   :   48.307 # [mwords/sec]
   Debug_Time(0):   18.836 # [msec]
   Debug_Time(1):   14.949 # [msec]
   Debug_Time(2):    3.887 # [msec]
-
   Version      : 1.7
   Ways         : 32
   Words        : 1
   Feedback     : 2
   WordBits     : 32
   IndexBits    : 32
   Sort Order   : 0
   Sign Compare : 0
   Max Size     : 268435455
   Debug Enable : 1
   size         : 390000
   average_time :    8.045 # [msec]
   throughput   :   48.477 # [mwords/sec]
   Debug_Time(0):   19.472 # [msec]
   Debug_Time(1):   15.536 # [msec]
   Debug_Time(2):    3.936 # [msec]
-
   Version      : 1.7
   Ways         : 32
   Words        : 1
   Feedback     : 2
   WordBits     : 32
   IndexBits    : 32
   Sort Order   : 0
   Sign Compare : 0
   Max Size     : 268435455
   Debug Enable : 1
   size         : 395000
   average_time :    8.475 # [msec]
   throughput   :   46.606 # [mwords/sec]
   Debug_Time(0):   20.528 # [msec]
   Debug_Time(1):   16.540 # [msec]
   Debug_Time(2):    3.988 # [msec]
-
   Version      : 1.7
   Ways         : 32
   Words        : 1
   Feedback     : 2
   WordBits     : 32
   IndexBits    : 32
   Sort Order   : 0
   Sign Compare : 0
   Max Size     : 268435455
   Debug Enable : 1
   size         : 400000
   average_time :    8.487 # [msec]
   throughput   :   47.133 # [mwords/sec]
   Debug_Time(0):   20.529 # [msec]
   Debug_Time(1):   16.493 # [msec]
   Debug_Time(2):    4.037 # [msec]
-
   Version      : 1.7
   Ways         : 32
   Words        : 1
   Feedback     : 2
   WordBits     : 32
   IndexBits    : 32
   Sort Order   : 0
   Sign Compare : 0
   Max Size     : 268435455
   Debug Enable : 1
   size         : 405000
   average_time :    8.529 # [msec]
   throughput   :   47.484 # [mwords/sec]
   Debug_Time(0):   20.409 # [msec]
   Debug_Time(1):   16.321 # [msec]
   Debug_Time(2):    4.088 # [msec]
-
   Version      : 1.7
   Ways         : 32
   Words        : 1
   Feedback     : 2
   WordBits     : 32
   IndexBits    : 32
   Sort Order   : 0
   Sign Compare : 0
   Max Size     : 268435455
   Debug Enable : 1
   size         : 410000
   average_time :    8.569 # [msec]
   throughput   :   47.847 # [mwords/sec]
   Debug_Time(0):   20.774 # [msec]
   Debug_Time(1):   16.636 # [msec]
   Debug_Time(2):    4.138 # [msec]
-
   Version      : 1.7
   Ways         : 32
   Words        : 1
   Feedback     : 2
   WordBits     : 32
   IndexBits    : 32
   Sort Order   : 0
   Sign Compare : 0
   Max Size     : 268435455
   Debug Enable : 1
   size         : 415000
   average_time :    8.583 # [msec]
   throughput   :   48.349 # [mwords/sec]
   Debug_Time(0):   20.488 # [msec]
   Debug_Time(1):   16.300 # [msec]
   Debug_Time(2):    4.188 # [msec]
-
   Version      : 1.7
   Ways         : 32
   Words        : 1
   Feedback     : 2
   WordBits     : 32
   IndexBits    : 32
   Sort Order   : 0
   Sign Compare : 0
   Max Size     : 268435455
   Debug Enable : 1
   size         : 420000
   average_time :    8.630 # [msec]
   throughput   :   48.665 # [mwords/sec]
   Debug_Time(0):   20.730 # [msec]
   Debug_Time(1):   16.491 # [msec]
   Debug_Time(2):    4.238 # [msec]
-
   Version      : 1.7
   Ways         : 32
   Words        : 1
   Feedback     : 2
   WordBits     : 32
   IndexBits    : 32
   Sort Order   : 0
   Sign Compare : 0
   Max Size     : 268435455
   Debug Enable : 1
   size         : 425000
   average_time :    8.679 # [msec]
   throughput   :   48.971 # [mwords/sec]
   Debug_Time(0):   21.012 # [msec]
   Debug_Time(1):   16.723 # [msec]
   Debug_Time(2):    4.289 # [msec]
-
   Version      : 1.7
   Ways         : 32
   Words        : 1
   Feedback     : 2
   WordBits     : 32
   IndexBits    : 32
   Sort Order   : 0
   Sign Compare : 0
   Max Size     : 268435455
   Debug Enable : 1
   size         : 430000
   average_time :    9.096 # [msec]
   throughput   :   47.273 # [mwords/sec]
   Debug_Time(0):   21.966 # [msec]
   Debug_Time(1):   17.625 # [msec]
   Debug_Time(2):    4.341 # [msec]
-
   Version      : 1.7
   Ways         : 32
   Words        : 1
   Feedback     : 2
   WordBits     : 32
   IndexBits    : 32
   Sort Order   : 0
   Sign Compare : 0
   Max Size     : 268435455
   Debug Enable : 1
   size         : 435000
   average_time :    9.168 # [msec]
   throughput   :   47.448 # [mwords/sec]
   Debug_Time(0):   22.120 # [msec]
   Debug_Time(1):   17.729 # [msec]
   Debug_Time(2):    4.391 # [msec]
-
   Version      : 1.7
   Ways         : 32
   Words        : 1
   Feedback     : 2
   WordBits     : 32
   IndexBits    : 32
   Sort Order   : 0
   Sign Compare : 0
   Max Size     : 268435455
   Debug Enable : 1
   size         : 440000
   average_time :    9.184 # [msec]
   throughput   :   47.912 # [mwords/sec]
   Debug_Time(0):   22.290 # [msec]
   Debug_Time(1):   17.851 # [msec]
   Debug_Time(2):    4.439 # [msec]
-
   Version      : 1.7
   Ways         : 32
   Words        : 1
   Feedback     : 2
   WordBits     : 32
   IndexBits    : 32
   Sort Order   : 0
   Sign Compare : 0
   Max Size     : 268435455
   Debug Enable : 1
   size         : 445000
   average_time :    9.201 # [msec]
   throughput   :   48.362 # [mwords/sec]
   Debug_Time(0):   22.240 # [msec]
   Debug_Time(1):   17.751 # [msec]
   Debug_Time(2):    4.489 # [msec]
-
   Version      : 1.7
   Ways         : 32
   Words        : 1
   Feedback     : 2
   WordBits     : 32
   IndexBits    : 32
   Sort Order   : 0
   Sign Compare : 0
   Max Size     : 268435455
   Debug Enable : 1
   size         : 450000
   average_time :    9.257 # [msec]
   throughput   :   48.612 # [mwords/sec]
   Debug_Time(0):   22.535 # [msec]
   Debug_Time(1):   17.996 # [msec]
   Debug_Time(2):    4.540 # [msec]
-
   Version      : 1.7
   Ways         : 32
   Words        : 1
   Feedback     : 2
   WordBits     : 32
   IndexBits    : 32
   Sort Order   : 0
   Sign Compare : 0
   Max Size     : 268435455
   Debug Enable : 1
   size         : 455000
   average_time :    9.294 # [msec]
   throughput   :   48.958 # [mwords/sec]
   Debug_Time(0):   22.493 # [msec]
   Debug_Time(1):   17.902 # [msec]
   Debug_Time(2):    4.591 # [msec]
-
   Version      : 1.7
   Ways         : 32
   Words        : 1
   Feedback     : 2
   WordBits     : 32
   IndexBits    : 32
   Sort Order   : 0
   Sign Compare : 0
   Max Size     : 268435455
   Debug Enable : 1
   size         : 460000
   average_time :    9.707 # [msec]
   throughput   :   47.387 # [mwords/sec]
   Debug_Time(0):   23.488 # [msec]
   Debug_Time(1):   18.845 # [msec]
   Debug_Time(2):    4.643 # [msec]
-
   Version      : 1.7
   Ways         : 32
   Words        : 1
   Feedback     : 2
   WordBits     : 32
   IndexBits    : 32
   Sort Order   : 0
   Sign Compare : 0
   Max Size     : 268435455
   Debug Enable : 1
   size         : 465000
   average_time :    9.757 # [msec]
   throughput   :   47.658 # [mwords/sec]
   Debug_Time(0):   23.776 # [msec]
   Debug_Time(1):   19.082 # [msec]
   Debug_Time(2):    4.694 # [msec]
-
   Version      : 1.7
   Ways         : 32
   Words        : 1
   Feedback     : 2
   WordBits     : 32
   IndexBits    : 32
   Sort Order   : 0
   Sign Compare : 0
   Max Size     : 268435455
   Debug Enable : 1
   size         : 470000
   average_time :    9.797 # [msec]
   throughput   :   47.973 # [mwords/sec]
   Debug_Time(0):   23.769 # [msec]
   Debug_Time(1):   19.025 # [msec]
   Debug_Time(2):    4.744 # [msec]
-
   Version      : 1.7
   Ways         : 32
   Words        : 1
   Feedback     : 2
   WordBits     : 32
   IndexBits    : 32
   Sort Order   : 0
   Sign Compare : 0
   Max Size     : 268435455
   Debug Enable : 1
   size         : 475000
   average_time :    9.830 # [msec]
   throughput   :   48.323 # [mwords/sec]
   Debug_Time(0):   23.862 # [msec]
   Debug_Time(1):   19.069 # [msec]
   Debug_Time(2):    4.794 # [msec]
-
   Version      : 1.7
   Ways         : 32
   Words        : 1
   Feedback     : 2
   WordBits     : 32
   IndexBits    : 32
   Sort Order   : 0
   Sign Compare : 0
   Max Size     : 268435455
   Debug Enable : 1
   size         : 480000
   average_time :    9.835 # [msec]
   throughput   :   48.806 # [mwords/sec]
   Debug_Time(0):   23.677 # [msec]
   Debug_Time(1):   18.835 # [msec]
   Debug_Time(2):    4.843 # [msec]
-
   Version      : 1.7
   Ways         : 32
   Words        : 1
   Feedback     : 2
   WordBits     : 32
   IndexBits    : 32
   Sort Order   : 0
   Sign Compare : 0
   Max Size     : 268435455
   Debug Enable : 1
   size         : 485000
   average_time :    9.899 # [msec]
   throughput   :   48.996 # [mwords/sec]
   Debug_Time(0):   23.944 # [msec]
   Debug_Time(1):   19.052 # [msec]
   Debug_Time(2):    4.892 # [msec]
-
   Version      : 1.7
   Ways         : 32
   Words        : 1
   Feedback     : 2
   WordBits     : 32
   IndexBits    : 32
   Sort Order   : 0
   Sign Compare : 0
   Max Size     : 268435455
   Debug Enable : 1
   size         : 490000
   average_time :    9.958 # [msec]
   throughput   :   49.206 # [mwords/sec]
   Debug_Time(0):   24.291 # [msec]
   Debug_Time(1):   19.349 # [msec]
   Debug_Time(2):    4.942 # [msec]
-
   Version      : 1.7
   Ways         : 32
   Words        : 1
   Feedback     : 2
   WordBits     : 32
   IndexBits    : 32
   Sort Order   : 0
   Sign Compare : 0
   Max Size     : 268435455
   Debug Enable : 1
   size         : 495000
   average_time :   10.364 # [msec]
   throughput   :   47.760 # [mwords/sec]
   Debug_Time(0):   25.025 # [msec]
   Debug_Time(1):   20.030 # [msec]
   Debug_Time(2):    4.996 # [msec]
-
   Version      : 1.7
   Ways         : 32
   Words        : 1
   Feedback     : 2
   WordBits     : 32
   IndexBits    : 32
   Sort Order   : 0
   Sign Compare : 0
   Max Size     : 268435455
   Debug Enable : 1
   size         : 500000
   average_time :   10.417 # [msec]
   throughput   :   47.998 # [mwords/sec]
   Debug_Time(0):   25.109 # [msec]
   Debug_Time(1):   20.064 # [msec]
   Debug_Time(2):    5.046 # [msec]
-
   Version      : 1.7
   Ways         : 32
   Words        : 1
   Feedback     : 2
   WordBits     : 32
   IndexBits    : 32
   Sort Order   : 0
   Sign Compare : 0
   Max Size     : 268435455
   Debug Enable : 1
   size         : 505000
   average_time :   10.450 # [msec]
   throughput   :   48.326 # [mwords/sec]
   Debug_Time(0):   25.157 # [msec]
   Debug_Time(1):   20.061 # [msec]
   Debug_Time(2):    5.097 # [msec]
-
   Version      : 1.7
   Ways         : 32
   Words        : 1
   Feedback     : 2
   WordBits     : 32
   IndexBits    : 32
   Sort Order   : 0
   Sign Compare : 0
   Max Size     : 268435455
   Debug Enable : 1
   size         : 510000
   average_time :   10.513 # [msec]
   throughput   :   48.512 # [mwords/sec]
   Debug_Time(0):   25.249 # [msec]
   Debug_Time(1):   20.102 # [msec]
   Debug_Time(2):    5.146 # [msec]
-
   Version      : 1.7
   Ways         : 32
   Words        : 1
   Feedback     : 2
   WordBits     : 32
   IndexBits    : 32
   Sort Order   : 0
   Sign Compare : 0
   Max Size     : 268435455
   Debug Enable : 1
   size         : 515000
   average_time :   10.540 # [msec]
   throughput   :   48.859 # [mwords/sec]
   Debug_Time(0):   25.326 # [msec]
   Debug_Time(1):   20.130 # [msec]
   Debug_Time(2):    5.197 # [msec]
-
   Version      : 1.7
   Ways         : 32
   Words        : 1
   Feedback     : 2
   WordBits     : 32
   IndexBits    : 32
   Sort Order   : 0
   Sign Compare : 0
   Max Size     : 268435455
   Debug Enable : 1
   size         : 520000
   average_time :   10.574 # [msec]
   throughput   :   49.177 # [mwords/sec]
   Debug_Time(0):   25.430 # [msec]
   Debug_Time(1):   20.185 # [msec]
   Debug_Time(2):    5.246 # [msec]
-
   Version      : 1.7
   Ways         : 32
   Words        : 1
   Feedback     : 2
   WordBits     : 32
   IndexBits    : 32
   Sort Order   : 0
   Sign Compare : 0
   Max Size     : 268435455
   Debug Enable : 1
   size         : 525000
   average_time :   10.601 # [msec]
   throughput   :   49.523 # [mwords/sec]
   Debug_Time(0):   25.562 # [msec]
   Debug_Time(1):   20.264 # [msec]
   Debug_Time(2):    5.298 # [msec]
-
   Version      : 1.7
   Ways         : 32
   Words        : 1
   Feedback     : 2
   WordBits     : 32
   IndexBits    : 32
   Sort Order   : 0
   Sign Compare : 0
   Max Size     : 268435455
   Debug Enable : 1
   size         : 530000
   average_time :   10.991 # [msec]
   throughput   :   48.223 # [mwords/sec]
   Debug_Time(0):   26.598 # [msec]
   Debug_Time(1):   21.251 # [msec]
   Debug_Time(2):    5.347 # [msec]
-
   Version      : 1.7
   Ways         : 32
   Words        : 1
   Feedback     : 2
   WordBits     : 32
   IndexBits    : 32
   Sort Order   : 0
   Sign Compare : 0
   Max Size     : 268435455
   Debug Enable : 1
   size         : 535000
   average_time :   11.056 # [msec]
   throughput   :   48.388 # [mwords/sec]
   Debug_Time(0):   26.743 # [msec]
   Debug_Time(1):   21.345 # [msec]
   Debug_Time(2):    5.398 # [msec]
-
   Version      : 1.7
   Ways         : 32
   Words        : 1
   Feedback     : 2
   WordBits     : 32
   IndexBits    : 32
   Sort Order   : 0
   Sign Compare : 0
   Max Size     : 268435455
   Debug Enable : 1
   size         : 540000
   average_time :   11.076 # [msec]
   throughput   :   48.754 # [mwords/sec]
   Debug_Time(0):   26.840 # [msec]
   Debug_Time(1):   21.393 # [msec]
   Debug_Time(2):    5.448 # [msec]
-
   Version      : 1.7
   Ways         : 32
   Words        : 1
   Feedback     : 2
   WordBits     : 32
   IndexBits    : 32
   Sort Order   : 0
   Sign Compare : 0
   Max Size     : 268435455
   Debug Enable : 1
   size         : 545000
   average_time :   11.056 # [msec]
   throughput   :   49.297 # [mwords/sec]
   Debug_Time(0):   26.910 # [msec]
   Debug_Time(1):   21.411 # [msec]
   Debug_Time(2):    5.499 # [msec]
-
   Version      : 1.7
   Ways         : 32
   Words        : 1
   Feedback     : 2
   WordBits     : 32
   IndexBits    : 32
   Sort Order   : 0
   Sign Compare : 0
   Max Size     : 268435455
   Debug Enable : 1
   size         : 550000
   average_time :   11.144 # [msec]
   throughput   :   49.352 # [mwords/sec]
   Debug_Time(0):   27.011 # [msec]
   Debug_Time(1):   21.462 # [msec]
   Debug_Time(2):    5.549 # [msec]
-
   Version      : 1.7
   Ways         : 32
   Words        : 1
   Feedback     : 2
   WordBits     : 32
   IndexBits    : 32
   Sort Order   : 0
   Sign Compare : 0
   Max Size     : 268435455
   Debug Enable : 1
   size         : 555000
   average_time :   11.179 # [msec]
   throughput   :   49.644 # [mwords/sec]
   Debug_Time(0):   27.135 # [msec]
   Debug_Time(1):   21.535 # [msec]
   Debug_Time(2):    5.600 # [msec]
-
   Version      : 1.7
   Ways         : 32
   Words        : 1
   Feedback     : 2
   WordBits     : 32
   IndexBits    : 32
   Sort Order   : 0
   Sign Compare : 0
   Max Size     : 268435455
   Debug Enable : 1
   size         : 560000
   average_time :   11.629 # [msec]
   throughput   :   48.155 # [mwords/sec]
   Debug_Time(0):   28.152 # [msec]
   Debug_Time(1):   22.501 # [msec]
   Debug_Time(2):    5.651 # [msec]
-
   Version      : 1.7
   Ways         : 32
   Words        : 1
   Feedback     : 2
   WordBits     : 32
   IndexBits    : 32
   Sort Order   : 0
   Sign Compare : 0
   Max Size     : 268435455
   Debug Enable : 1
   size         : 565000
   average_time :   11.654 # [msec]
   throughput   :   48.483 # [mwords/sec]
   Debug_Time(0):   28.220 # [msec]
   Debug_Time(1):   22.519 # [msec]
   Debug_Time(2):    5.701 # [msec]
-
   Version      : 1.7
   Ways         : 32
   Words        : 1
   Feedback     : 2
   WordBits     : 32
   IndexBits    : 32
   Sort Order   : 0
   Sign Compare : 0
   Max Size     : 268435455
   Debug Enable : 1
   size         : 570000
   average_time :   11.703 # [msec]
   throughput   :   48.705 # [mwords/sec]
   Debug_Time(0):   28.355 # [msec]
   Debug_Time(1):   22.605 # [msec]
   Debug_Time(2):    5.750 # [msec]
-
   Version      : 1.7
   Ways         : 32
   Words        : 1
   Feedback     : 2
   WordBits     : 32
   IndexBits    : 32
   Sort Order   : 0
   Sign Compare : 0
   Max Size     : 268435455
   Debug Enable : 1
   size         : 575000
   average_time :   11.742 # [msec]
   throughput   :   48.970 # [mwords/sec]
   Debug_Time(0):   28.398 # [msec]
   Debug_Time(1):   22.596 # [msec]
   Debug_Time(2):    5.801 # [msec]
-
   Version      : 1.7
   Ways         : 32
   Words        : 1
   Feedback     : 2
   WordBits     : 32
   IndexBits    : 32
   Sort Order   : 0
   Sign Compare : 0
   Max Size     : 268435455
   Debug Enable : 1
   size         : 580000
   average_time :   11.777 # [msec]
   throughput   :   49.248 # [mwords/sec]
   Debug_Time(0):   28.507 # [msec]
   Debug_Time(1):   22.656 # [msec]
   Debug_Time(2):    5.851 # [msec]
-
   Version      : 1.7
   Ways         : 32
   Words        : 1
   Feedback     : 2
   WordBits     : 32
   IndexBits    : 32
   Sort Order   : 0
   Sign Compare : 0
   Max Size     : 268435455
   Debug Enable : 1
   size         : 585000
   average_time :   11.822 # [msec]
   throughput   :   49.484 # [mwords/sec]
   Debug_Time(0):   28.582 # [msec]
   Debug_Time(1):   22.681 # [msec]
   Debug_Time(2):    5.901 # [msec]
-
   Version      : 1.7
   Ways         : 32
   Words        : 1
   Feedback     : 2
   WordBits     : 32
   IndexBits    : 32
   Sort Order   : 0
   Sign Compare : 0
   Max Size     : 268435455
   Debug Enable : 1
   size         : 590000
   average_time :   11.858 # [msec]
   throughput   :   49.754 # [mwords/sec]
   Debug_Time(0):   28.740 # [msec]
   Debug_Time(1):   22.786 # [msec]
   Debug_Time(2):    5.954 # [msec]
-
   Version      : 1.7
   Ways         : 32
   Words        : 1
   Feedback     : 2
   WordBits     : 32
   IndexBits    : 32
   Sort Order   : 0
   Sign Compare : 0
   Max Size     : 268435455
   Debug Enable : 1
   size         : 595000
   average_time :   12.271 # [msec]
   throughput   :   48.488 # [mwords/sec]
   Debug_Time(0):   29.744 # [msec]
   Debug_Time(1):   23.740 # [msec]
   Debug_Time(2):    6.005 # [msec]
-
   Version      : 1.7
   Ways         : 32
   Words        : 1
   Feedback     : 2
   WordBits     : 32
   IndexBits    : 32
   Sort Order   : 0
   Sign Compare : 0
   Max Size     : 268435455
   Debug Enable : 1
   size         : 600000
   average_time :   12.320 # [msec]
   throughput   :   48.702 # [mwords/sec]
   Debug_Time(0):   29.841 # [msec]
   Debug_Time(1):   23.787 # [msec]
   Debug_Time(2):    6.054 # [msec]
-
   Version      : 1.7
   Ways         : 32
   Words        : 1
   Feedback     : 2
   WordBits     : 32
   IndexBits    : 32
   Sort Order   : 0
   Sign Compare : 0
   Max Size     : 268435455
   Debug Enable : 1
   size         : 605000
   average_time :   12.347 # [msec]
   throughput   :   49.001 # [mwords/sec]
   Debug_Time(0):   29.931 # [msec]
   Debug_Time(1):   23.828 # [msec]
   Debug_Time(2):    6.103 # [msec]
-
   Version      : 1.7
   Ways         : 32
   Words        : 1
   Feedback     : 2
   WordBits     : 32
   IndexBits    : 32
   Sort Order   : 0
   Sign Compare : 0
   Max Size     : 268435455
   Debug Enable : 1
   size         : 610000
   average_time :   12.378 # [msec]
   throughput   :   49.283 # [mwords/sec]
   Debug_Time(0):   30.058 # [msec]
   Debug_Time(1):   23.906 # [msec]
   Debug_Time(2):    6.153 # [msec]
-
   Version      : 1.7
   Ways         : 32
   Words        : 1
   Feedback     : 2
   WordBits     : 32
   IndexBits    : 32
   Sort Order   : 0
   Sign Compare : 0
   Max Size     : 268435455
   Debug Enable : 1
   size         : 615000
   average_time :   12.410 # [msec]
   throughput   :   49.558 # [mwords/sec]
   Debug_Time(0):   30.128 # [msec]
   Debug_Time(1):   23.925 # [msec]
   Debug_Time(2):    6.203 # [msec]
-
   Version      : 1.7
   Ways         : 32
   Words        : 1
   Feedback     : 2
   WordBits     : 32
   IndexBits    : 32
   Sort Order   : 0
   Sign Compare : 0
   Max Size     : 268435455
   Debug Enable : 1
   size         : 620000
   average_time :   12.440 # [msec]
   throughput   :   49.841 # [mwords/sec]
   Debug_Time(0):   30.226 # [msec]
   Debug_Time(1):   23.973 # [msec]
   Debug_Time(2):    6.253 # [msec]
-
   Version      : 1.7
   Ways         : 32
   Words        : 1
   Feedback     : 2
   WordBits     : 32
   IndexBits    : 32
   Sort Order   : 0
   Sign Compare : 0
   Max Size     : 268435455
   Debug Enable : 1
   size         : 625000
   average_time :   12.854 # [msec]
   throughput   :   48.622 # [mwords/sec]
   Debug_Time(0):   31.254 # [msec]
   Debug_Time(1):   24.947 # [msec]
   Debug_Time(2):    6.307 # [msec]
-
   Version      : 1.7
   Ways         : 32
   Words        : 1
   Feedback     : 2
   WordBits     : 32
   IndexBits    : 32
   Sort Order   : 0
   Sign Compare : 0
   Max Size     : 268435455
   Debug Enable : 1
   size         : 630000
   average_time :   12.896 # [msec]
   throughput   :   48.852 # [mwords/sec]
   Debug_Time(0):   31.319 # [msec]
   Debug_Time(1):   24.963 # [msec]
   Debug_Time(2):    6.356 # [msec]
-
   Version      : 1.7
   Ways         : 32
   Words        : 1
   Feedback     : 2
   WordBits     : 32
   IndexBits    : 32
   Sort Order   : 0
   Sign Compare : 0
   Max Size     : 268435455
   Debug Enable : 1
   size         : 635000
   average_time :   12.904 # [msec]
   throughput   :   49.210 # [mwords/sec]
   Debug_Time(0):   31.458 # [msec]
   Debug_Time(1):   25.050 # [msec]
   Debug_Time(2):    6.408 # [msec]
-
   Version      : 1.7
   Ways         : 32
   Words        : 1
   Feedback     : 2
   WordBits     : 32
   IndexBits    : 32
   Sort Order   : 0
   Sign Compare : 0
   Max Size     : 268435455
   Debug Enable : 1
   size         : 640000
   average_time :   12.960 # [msec]
   throughput   :   49.384 # [mwords/sec]
   Debug_Time(0):   31.519 # [msec]
   Debug_Time(1):   25.061 # [msec]
   Debug_Time(2):    6.457 # [msec]
-
   Version      : 1.7
   Ways         : 32
   Words        : 1
   Feedback     : 2
   WordBits     : 32
   IndexBits    : 32
   Sort Order   : 0
   Sign Compare : 0
   Max Size     : 268435455
   Debug Enable : 1
   size         : 645000
   average_time :   13.001 # [msec]
   throughput   :   49.613 # [mwords/sec]
   Debug_Time(0):   31.568 # [msec]
   Debug_Time(1):   25.061 # [msec]
   Debug_Time(2):    6.507 # [msec]
-
   Version      : 1.7
   Ways         : 32
   Words        : 1
   Feedback     : 2
   WordBits     : 32
   IndexBits    : 32
   Sort Order   : 0
   Sign Compare : 0
   Max Size     : 268435455
   Debug Enable : 1
   size         : 650000
   average_time :   13.055 # [msec]
   throughput   :   49.791 # [mwords/sec]
   Debug_Time(0):   31.708 # [msec]
   Debug_Time(1):   25.152 # [msec]
   Debug_Time(2):    6.556 # [msec]
-
   Version      : 1.7
   Ways         : 32
   Words        : 1
   Feedback     : 2
   WordBits     : 32
   IndexBits    : 32
   Sort Order   : 0
   Sign Compare : 0
   Max Size     : 268435455
   Debug Enable : 1
   size         : 655000
   average_time :   13.080 # [msec]
   throughput   :   50.076 # [mwords/sec]
   Debug_Time(0):   31.813 # [msec]
   Debug_Time(1):   25.208 # [msec]
   Debug_Time(2):    6.605 # [msec]
-
   Version      : 1.7
   Ways         : 32
   Words        : 1
   Feedback     : 2
   WordBits     : 32
   IndexBits    : 32
   Sort Order   : 0
   Sign Compare : 0
   Max Size     : 268435455
   Debug Enable : 1
   size         : 660000
   average_time :   13.490 # [msec]
   throughput   :   48.924 # [mwords/sec]
   Debug_Time(0):   33.043 # [msec]
   Debug_Time(1):   26.385 # [msec]
   Debug_Time(2):    6.658 # [msec]
-
   Version      : 1.7
   Ways         : 32
   Words        : 1
   Feedback     : 2
   WordBits     : 32
   IndexBits    : 32
   Sort Order   : 0
   Sign Compare : 0
   Max Size     : 268435455
   Debug Enable : 1
   size         : 665000
   average_time :   13.576 # [msec]
   throughput   :   48.984 # [mwords/sec]
   Debug_Time(0):   33.188 # [msec]
   Debug_Time(1):   26.479 # [msec]
   Debug_Time(2):    6.709 # [msec]
-
   Version      : 1.7
   Ways         : 32
   Words        : 1
   Feedback     : 2
   WordBits     : 32
   IndexBits    : 32
   Sort Order   : 0
   Sign Compare : 0
   Max Size     : 268435455
   Debug Enable : 1
   size         : 670000
   average_time :   13.586 # [msec]
   throughput   :   49.314 # [mwords/sec]
   Debug_Time(0):   33.106 # [msec]
   Debug_Time(1):   26.348 # [msec]
   Debug_Time(2):    6.758 # [msec]
-
   Version      : 1.7
   Ways         : 32
   Words        : 1
   Feedback     : 2
   WordBits     : 32
   IndexBits    : 32
   Sort Order   : 0
   Sign Compare : 0
   Max Size     : 268435455
   Debug Enable : 1
   size         : 675000
   average_time :   13.650 # [msec]
   throughput   :   49.450 # [mwords/sec]
   Debug_Time(0):   33.346 # [msec]
   Debug_Time(1):   26.537 # [msec]
   Debug_Time(2):    6.809 # [msec]
-
   Version      : 1.7
   Ways         : 32
   Words        : 1
   Feedback     : 2
   WordBits     : 32
   IndexBits    : 32
   Sort Order   : 0
   Sign Compare : 0
   Max Size     : 268435455
   Debug Enable : 1
   size         : 680000
   average_time :   13.679 # [msec]
   throughput   :   49.713 # [mwords/sec]
   Debug_Time(0):   33.467 # [msec]
   Debug_Time(1):   26.608 # [msec]
   Debug_Time(2):    6.859 # [msec]
-
   Version      : 1.7
   Ways         : 32
   Words        : 1
   Feedback     : 2
   WordBits     : 32
   IndexBits    : 32
   Sort Order   : 0
   Sign Compare : 0
   Max Size     : 268435455
   Debug Enable : 1
   size         : 685000
   average_time :   13.702 # [msec]
   throughput   :   49.994 # [mwords/sec]
   Debug_Time(0):   33.402 # [msec]
   Debug_Time(1):   26.492 # [msec]
   Debug_Time(2):    6.910 # [msec]
-
   Version      : 1.7
   Ways         : 32
   Words        : 1
   Feedback     : 2
   WordBits     : 32
   IndexBits    : 32
   Sort Order   : 0
   Sign Compare : 0
   Max Size     : 268435455
   Debug Enable : 1
   size         : 690000
   average_time :   14.165 # [msec]
   throughput   :   48.712 # [mwords/sec]
   Debug_Time(0):   34.925 # [msec]
   Debug_Time(1):   27.964 # [msec]
   Debug_Time(2):    6.961 # [msec]
-
   Version      : 1.7
   Ways         : 32
   Words        : 1
   Feedback     : 2
   WordBits     : 32
   IndexBits    : 32
   Sort Order   : 0
   Sign Compare : 0
   Max Size     : 268435455
   Debug Enable : 1
   size         : 695000
   average_time :   14.195 # [msec]
   throughput   :   48.959 # [mwords/sec]
   Debug_Time(0):   35.011 # [msec]
   Debug_Time(1):   27.999 # [msec]
   Debug_Time(2):    7.012 # [msec]
-
   Version      : 1.7
   Ways         : 32
   Words        : 1
   Feedback     : 2
   WordBits     : 32
   IndexBits    : 32
   Sort Order   : 0
   Sign Compare : 0
   Max Size     : 268435455
   Debug Enable : 1
   size         : 700000
   average_time :   14.234 # [msec]
   throughput   :   49.180 # [mwords/sec]
   Debug_Time(0):   34.842 # [msec]
   Debug_Time(1):   27.781 # [msec]
   Debug_Time(2):    7.061 # [msec]
-
   Version      : 1.7
   Ways         : 32
   Words        : 1
   Feedback     : 2
   WordBits     : 32
   IndexBits    : 32
   Sort Order   : 0
   Sign Compare : 0
   Max Size     : 268435455
   Debug Enable : 1
   size         : 705000
   average_time :   14.264 # [msec]
   throughput   :   49.426 # [mwords/sec]
   Debug_Time(0):   34.915 # [msec]
   Debug_Time(1):   27.800 # [msec]
   Debug_Time(2):    7.115 # [msec]
-
   Version      : 1.7
   Ways         : 32
   Words        : 1
   Feedback     : 2
   WordBits     : 32
   IndexBits    : 32
   Sort Order   : 0
   Sign Compare : 0
   Max Size     : 268435455
   Debug Enable : 1
   size         : 710000
   average_time :   14.301 # [msec]
   throughput   :   49.647 # [mwords/sec]
   Debug_Time(0):   35.159 # [msec]
   Debug_Time(1):   27.998 # [msec]
   Debug_Time(2):    7.161 # [msec]
-
   Version      : 1.7
   Ways         : 32
   Words        : 1
   Feedback     : 2
   WordBits     : 32
   IndexBits    : 32
   Sort Order   : 0
   Sign Compare : 0
   Max Size     : 268435455
   Debug Enable : 1
   size         : 715000
   average_time :   14.338 # [msec]
   throughput   :   49.867 # [mwords/sec]
   Debug_Time(0):   34.891 # [msec]
   Debug_Time(1):   27.678 # [msec]
   Debug_Time(2):    7.213 # [msec]
-
   Version      : 1.7
   Ways         : 32
   Words        : 1
   Feedback     : 2
   WordBits     : 32
   IndexBits    : 32
   Sort Order   : 0
   Sign Compare : 0
   Max Size     : 268435455
   Debug Enable : 1
   size         : 720000
   average_time :   14.350 # [msec]
   throughput   :   50.175 # [mwords/sec]
   Debug_Time(0):   34.869 # [msec]
   Debug_Time(1):   27.607 # [msec]
   Debug_Time(2):    7.262 # [msec]
-
   Version      : 1.7
   Ways         : 32
   Words        : 1
   Feedback     : 2
   WordBits     : 32
   IndexBits    : 32
   Sort Order   : 0
   Sign Compare : 0
   Max Size     : 268435455
   Debug Enable : 1
   size         : 725000
   average_time :   14.751 # [msec]
   throughput   :   49.149 # [mwords/sec]
   Debug_Time(0):   35.750 # [msec]
   Debug_Time(1):   28.434 # [msec]
   Debug_Time(2):    7.316 # [msec]
-
   Version      : 1.7
   Ways         : 32
   Words        : 1
   Feedback     : 2
   WordBits     : 32
   IndexBits    : 32
   Sort Order   : 0
   Sign Compare : 0
   Max Size     : 268435455
   Debug Enable : 1
   size         : 730000
   average_time :   14.812 # [msec]
   throughput   :   49.285 # [mwords/sec]
   Debug_Time(0):   35.880 # [msec]
   Debug_Time(1):   28.515 # [msec]
   Debug_Time(2):    7.364 # [msec]
-
   Version      : 1.7
   Ways         : 32
   Words        : 1
   Feedback     : 2
   WordBits     : 32
   IndexBits    : 32
   Sort Order   : 0
   Sign Compare : 0
   Max Size     : 268435455
   Debug Enable : 1
   size         : 735000
   average_time :   14.854 # [msec]
   throughput   :   49.480 # [mwords/sec]
   Debug_Time(0):   36.047 # [msec]
   Debug_Time(1):   28.633 # [msec]
   Debug_Time(2):    7.414 # [msec]
-
   Version      : 1.7
   Ways         : 32
   Words        : 1
   Feedback     : 2
   WordBits     : 32
   IndexBits    : 32
   Sort Order   : 0
   Sign Compare : 0
   Max Size     : 268435455
   Debug Enable : 1
   size         : 740000
   average_time :   14.878 # [msec]
   throughput   :   49.739 # [mwords/sec]
   Debug_Time(0):   36.229 # [msec]
   Debug_Time(1):   28.766 # [msec]
   Debug_Time(2):    7.463 # [msec]
-
   Version      : 1.7
   Ways         : 32
   Words        : 1
   Feedback     : 2
   WordBits     : 32
   IndexBits    : 32
   Sort Order   : 0
   Sign Compare : 0
   Max Size     : 268435455
   Debug Enable : 1
   size         : 745000
   average_time :   14.918 # [msec]
   throughput   :   49.940 # [mwords/sec]
   Debug_Time(0):   36.110 # [msec]
   Debug_Time(1):   28.596 # [msec]
   Debug_Time(2):    7.514 # [msec]
-
   Version      : 1.7
   Ways         : 32
   Words        : 1
   Feedback     : 2
   WordBits     : 32
   IndexBits    : 32
   Sort Order   : 0
   Sign Compare : 0
   Max Size     : 268435455
   Debug Enable : 1
   size         : 750000
   average_time :   14.943 # [msec]
   throughput   :   50.191 # [mwords/sec]
   Debug_Time(0):   36.246 # [msec]
   Debug_Time(1):   28.683 # [msec]
   Debug_Time(2):    7.564 # [msec]
-
   Version      : 1.7
   Ways         : 32
   Words        : 1
   Feedback     : 2
   WordBits     : 32
   IndexBits    : 32
   Sort Order   : 0
   Sign Compare : 0
   Max Size     : 268435455
   Debug Enable : 1
   size         : 755000
   average_time :   15.389 # [msec]
   throughput   :   49.060 # [mwords/sec]
   Debug_Time(0):   37.316 # [msec]
   Debug_Time(1):   29.699 # [msec]
   Debug_Time(2):    7.617 # [msec]
-
   Version      : 1.7
   Ways         : 32
   Words        : 1
   Feedback     : 2
   WordBits     : 32
   IndexBits    : 32
   Sort Order   : 0
   Sign Compare : 0
   Max Size     : 268435455
   Debug Enable : 1
   size         : 760000
   average_time :   15.424 # [msec]
   throughput   :   49.274 # [mwords/sec]
   Debug_Time(0):   37.333 # [msec]
   Debug_Time(1):   29.666 # [msec]
   Debug_Time(2):    7.667 # [msec]
-
   Version      : 1.7
   Ways         : 32
   Words        : 1
   Feedback     : 2
   WordBits     : 32
   IndexBits    : 32
   Sort Order   : 0
   Sign Compare : 0
   Max Size     : 268435455
   Debug Enable : 1
   size         : 765000
   average_time :   15.435 # [msec]
   throughput   :   49.563 # [mwords/sec]
   Debug_Time(0):   37.338 # [msec]
   Debug_Time(1):   29.620 # [msec]
   Debug_Time(2):    7.718 # [msec]
-
   Version      : 1.7
   Ways         : 32
   Words        : 1
   Feedback     : 2
   WordBits     : 32
   IndexBits    : 32
   Sort Order   : 0
   Sign Compare : 0
   Max Size     : 268435455
   Debug Enable : 1
   size         : 770000
   average_time :   15.494 # [msec]
   throughput   :   49.697 # [mwords/sec]
   Debug_Time(0):   37.650 # [msec]
   Debug_Time(1):   29.883 # [msec]
   Debug_Time(2):    7.767 # [msec]
-
   Version      : 1.7
   Ways         : 32
   Words        : 1
   Feedback     : 2
   WordBits     : 32
   IndexBits    : 32
   Sort Order   : 0
   Sign Compare : 0
   Max Size     : 268435455
   Debug Enable : 1
   size         : 775000
   average_time :   15.546 # [msec]
   throughput   :   49.851 # [mwords/sec]
   Debug_Time(0):   37.637 # [msec]
   Debug_Time(1):   29.820 # [msec]
   Debug_Time(2):    7.817 # [msec]
-
   Version      : 1.7
   Ways         : 32
   Words        : 1
   Feedback     : 2
   WordBits     : 32
   IndexBits    : 32
   Sort Order   : 0
   Sign Compare : 0
   Max Size     : 268435455
   Debug Enable : 1
   size         : 780000
   average_time :   15.574 # [msec]
   throughput   :   50.083 # [mwords/sec]
   Debug_Time(0):   37.910 # [msec]
   Debug_Time(1):   30.044 # [msec]
   Debug_Time(2):    7.866 # [msec]
-
   Version      : 1.7
   Ways         : 32
   Words        : 1
   Feedback     : 2
   WordBits     : 32
   IndexBits    : 32
   Sort Order   : 0
   Sign Compare : 0
   Max Size     : 268435455
   Debug Enable : 1
   size         : 785000
   average_time :   15.620 # [msec]
   throughput   :   50.257 # [mwords/sec]
   Debug_Time(0):   37.975 # [msec]
   Debug_Time(1):   30.059 # [msec]
   Debug_Time(2):    7.916 # [msec]
-
   Version      : 1.7
   Ways         : 32
   Words        : 1
   Feedback     : 2
   WordBits     : 32
   IndexBits    : 32
   Sort Order   : 0
   Sign Compare : 0
   Max Size     : 268435455
   Debug Enable : 1
   size         : 790000
   average_time :   16.020 # [msec]
   throughput   :   49.312 # [mwords/sec]
   Debug_Time(0):   39.311 # [msec]
   Debug_Time(1):   31.343 # [msec]
   Debug_Time(2):    7.969 # [msec]
-
   Version      : 1.7
   Ways         : 32
   Words        : 1
   Feedback     : 2
   WordBits     : 32
   IndexBits    : 32
   Sort Order   : 0
   Sign Compare : 0
   Max Size     : 268435455
   Debug Enable : 1
   size         : 795000
   average_time :   16.114 # [msec]
   throughput   :   49.334 # [mwords/sec]
   Debug_Time(0):   39.175 # [msec]
   Debug_Time(1):   31.156 # [msec]
   Debug_Time(2):    8.019 # [msec]
-
   Version      : 1.7
   Ways         : 32
   Words        : 1
   Feedback     : 2
   WordBits     : 32
   IndexBits    : 32
   Sort Order   : 0
   Sign Compare : 0
   Max Size     : 268435455
   Debug Enable : 1
   size         : 800000
   average_time :   16.110 # [msec]
   throughput   :   49.658 # [mwords/sec]
   Debug_Time(0):   39.433 # [msec]
   Debug_Time(1):   31.363 # [msec]
   Debug_Time(2):    8.069 # [msec]
-
   Version      : 1.7
   Ways         : 32
   Words        : 1
   Feedback     : 2
   WordBits     : 32
   IndexBits    : 32
   Sort Order   : 0
   Sign Compare : 0
   Max Size     : 268435455
   Debug Enable : 1
   size         : 805000
   average_time :   16.128 # [msec]
   throughput   :   49.914 # [mwords/sec]
   Debug_Time(0):   39.476 # [msec]
   Debug_Time(1):   31.356 # [msec]
   Debug_Time(2):    8.120 # [msec]
-
   Version      : 1.7
   Ways         : 32
   Words        : 1
   Feedback     : 2
   WordBits     : 32
   IndexBits    : 32
   Sort Order   : 0
   Sign Compare : 0
   Max Size     : 268435455
   Debug Enable : 1
   size         : 810000
   average_time :   16.194 # [msec]
   throughput   :   50.018 # [mwords/sec]
   Debug_Time(0):   39.632 # [msec]
   Debug_Time(1):   31.462 # [msec]
   Debug_Time(2):    8.170 # [msec]
-
   Version      : 1.7
   Ways         : 32
   Words        : 1
   Feedback     : 2
   WordBits     : 32
   IndexBits    : 32
   Sort Order   : 0
   Sign Compare : 0
   Max Size     : 268435455
   Debug Enable : 1
   size         : 815000
   average_time :   16.227 # [msec]
   throughput   :   50.223 # [mwords/sec]
   Debug_Time(0):   39.699 # [msec]
   Debug_Time(1):   31.479 # [msec]
   Debug_Time(2):    8.220 # [msec]
-
   Version      : 1.7
   Ways         : 32
   Words        : 1
   Feedback     : 2
   WordBits     : 32
   IndexBits    : 32
   Sort Order   : 0
   Sign Compare : 0
   Max Size     : 268435455
   Debug Enable : 1
   size         : 820000
   average_time :   16.260 # [msec]
   throughput   :   50.432 # [mwords/sec]
   Debug_Time(0):   39.775 # [msec]
   Debug_Time(1):   31.504 # [msec]
   Debug_Time(2):    8.271 # [msec]
-
   Version      : 1.7
   Ways         : 32
   Words        : 1
   Feedback     : 2
   WordBits     : 32
   IndexBits    : 32
   Sort Order   : 0
   Sign Compare : 0
   Max Size     : 268435455
   Debug Enable : 1
   size         : 825000
   average_time :   16.663 # [msec]
   throughput   :   49.510 # [mwords/sec]
   Debug_Time(0):   40.925 # [msec]
   Debug_Time(1):   32.603 # [msec]
   Debug_Time(2):    8.321 # [msec]
-
   Version      : 1.7
   Ways         : 32
   Words        : 1
   Feedback     : 2
   WordBits     : 32
   IndexBits    : 32
   Sort Order   : 0
   Sign Compare : 0
   Max Size     : 268435455
   Debug Enable : 1
   size         : 830000
   average_time :   16.702 # [msec]
   throughput   :   49.696 # [mwords/sec]
   Debug_Time(0):   40.922 # [msec]
   Debug_Time(1):   32.551 # [msec]
   Debug_Time(2):    8.371 # [msec]
-
   Version      : 1.7
   Ways         : 32
   Words        : 1
   Feedback     : 2
   WordBits     : 32
   IndexBits    : 32
   Sort Order   : 0
   Sign Compare : 0
   Max Size     : 268435455
   Debug Enable : 1
   size         : 835000
   average_time :   16.728 # [msec]
   throughput   :   49.915 # [mwords/sec]
   Debug_Time(0):   41.099 # [msec]
   Debug_Time(1):   32.677 # [msec]
   Debug_Time(2):    8.422 # [msec]
-
   Version      : 1.7
   Ways         : 32
   Words        : 1
   Feedback     : 2
   WordBits     : 32
   IndexBits    : 32
   Sort Order   : 0
   Sign Compare : 0
   Max Size     : 268435455
   Debug Enable : 1
   size         : 840000
   average_time :   16.788 # [msec]
   throughput   :   50.035 # [mwords/sec]
   Debug_Time(0):   41.107 # [msec]
   Debug_Time(1):   32.635 # [msec]
   Debug_Time(2):    8.473 # [msec]
-
   Version      : 1.7
   Ways         : 32
   Words        : 1
   Feedback     : 2
   WordBits     : 32
   IndexBits    : 32
   Sort Order   : 0
   Sign Compare : 0
   Max Size     : 268435455
   Debug Enable : 1
   size         : 845000
   average_time :   16.819 # [msec]
   throughput   :   50.242 # [mwords/sec]
   Debug_Time(0):   41.179 # [msec]
   Debug_Time(1):   32.656 # [msec]
   Debug_Time(2):    8.523 # [msec]
-
   Version      : 1.7
   Ways         : 32
   Words        : 1
   Feedback     : 2
   WordBits     : 32
   IndexBits    : 32
   Sort Order   : 0
   Sign Compare : 0
   Max Size     : 268435455
   Debug Enable : 1
   size         : 850000
   average_time :   16.855 # [msec]
   throughput   :   50.431 # [mwords/sec]
   Debug_Time(0):   41.412 # [msec]
   Debug_Time(1):   32.839 # [msec]
   Debug_Time(2):    8.572 # [msec]
-
   Version      : 1.7
   Ways         : 32
   Words        : 1
   Feedback     : 2
   WordBits     : 32
   IndexBits    : 32
   Sort Order   : 0
   Sign Compare : 0
   Max Size     : 268435455
   Debug Enable : 1
   size         : 855000
   average_time :   17.283 # [msec]
   throughput   :   49.471 # [mwords/sec]
   Debug_Time(0):   42.385 # [msec]
   Debug_Time(1):   33.759 # [msec]
   Debug_Time(2):    8.626 # [msec]
-
   Version      : 1.7
   Ways         : 32
   Words        : 1
   Feedback     : 2
   WordBits     : 32
   IndexBits    : 32
   Sort Order   : 0
   Sign Compare : 0
   Max Size     : 268435455
   Debug Enable : 1
   size         : 860000
   average_time :   17.313 # [msec]
   throughput   :   49.672 # [mwords/sec]
   Debug_Time(0):   42.530 # [msec]
   Debug_Time(1):   33.855 # [msec]
   Debug_Time(2):    8.674 # [msec]
-
   Version      : 1.7
   Ways         : 32
   Words        : 1
   Feedback     : 2
   WordBits     : 32
   IndexBits    : 32
   Sort Order   : 0
   Sign Compare : 0
   Max Size     : 268435455
   Debug Enable : 1
   size         : 865000
   average_time :   17.329 # [msec]
   throughput   :   49.915 # [mwords/sec]
   Debug_Time(0):   42.604 # [msec]
   Debug_Time(1):   33.880 # [msec]
   Debug_Time(2):    8.724 # [msec]
-
   Version      : 1.7
   Ways         : 32
   Words        : 1
   Feedback     : 2
   WordBits     : 32
   IndexBits    : 32
   Sort Order   : 0
   Sign Compare : 0
   Max Size     : 268435455
   Debug Enable : 1
   size         : 870000
   average_time :   17.392 # [msec]
   throughput   :   50.022 # [mwords/sec]
   Debug_Time(0):   42.726 # [msec]
   Debug_Time(1):   33.952 # [msec]
   Debug_Time(2):    8.774 # [msec]
-
   Version      : 1.7
   Ways         : 32
   Words        : 1
   Feedback     : 2
   WordBits     : 32
   IndexBits    : 32
   Sort Order   : 0
   Sign Compare : 0
   Max Size     : 268435455
   Debug Enable : 1
   size         : 875000
   average_time :   17.444 # [msec]
   throughput   :   50.160 # [mwords/sec]
   Debug_Time(0):   42.797 # [msec]
   Debug_Time(1):   33.972 # [msec]
   Debug_Time(2):    8.824 # [msec]
-
   Version      : 1.7
   Ways         : 32
   Words        : 1
   Feedback     : 2
   WordBits     : 32
   IndexBits    : 32
   Sort Order   : 0
   Sign Compare : 0
   Max Size     : 268435455
   Debug Enable : 1
   size         : 880000
   average_time :   17.460 # [msec]
   throughput   :   50.400 # [mwords/sec]
   Debug_Time(0):   42.797 # [msec]
   Debug_Time(1):   33.922 # [msec]
   Debug_Time(2):    8.874 # [msec]
-
   Version      : 1.7
   Ways         : 32
   Words        : 1
   Feedback     : 2
   WordBits     : 32
   IndexBits    : 32
   Sort Order   : 0
   Sign Compare : 0
   Max Size     : 268435455
   Debug Enable : 1
   size         : 885000
   average_time :   17.523 # [msec]
   throughput   :   50.505 # [mwords/sec]
   Debug_Time(0):   42.934 # [msec]
   Debug_Time(1):   34.006 # [msec]
   Debug_Time(2):    8.928 # [msec]
-
   Version      : 1.7
   Ways         : 32
   Words        : 1
   Feedback     : 2
   WordBits     : 32
   IndexBits    : 32
   Sort Order   : 0
   Sign Compare : 0
   Max Size     : 268435455
   Debug Enable : 1
   size         : 890000
   average_time :   17.923 # [msec]
   throughput   :   49.656 # [mwords/sec]
   Debug_Time(0):   44.033 # [msec]
   Debug_Time(1):   35.056 # [msec]
   Debug_Time(2):    8.978 # [msec]
-
   Version      : 1.7
   Ways         : 32
   Words        : 1
   Feedback     : 2
   WordBits     : 32
   IndexBits    : 32
   Sort Order   : 0
   Sign Compare : 0
   Max Size     : 268435455
   Debug Enable : 1
   size         : 895000
   average_time :   17.973 # [msec]
   throughput   :   49.798 # [mwords/sec]
   Debug_Time(0):   44.100 # [msec]
   Debug_Time(1):   35.072 # [msec]
   Debug_Time(2):    9.028 # [msec]
-
   Version      : 1.7
   Ways         : 32
   Words        : 1
   Feedback     : 2
   WordBits     : 32
   IndexBits    : 32
   Sort Order   : 0
   Sign Compare : 0
   Max Size     : 268435455
   Debug Enable : 1
   size         : 900000
   average_time :   18.008 # [msec]
   throughput   :   49.978 # [mwords/sec]
   Debug_Time(0):   44.182 # [msec]
   Debug_Time(1):   35.105 # [msec]
   Debug_Time(2):    9.077 # [msec]
-
   Version      : 1.7
   Ways         : 32
   Words        : 1
   Feedback     : 2
   WordBits     : 32
   IndexBits    : 32
   Sort Order   : 0
   Sign Compare : 0
   Max Size     : 268435455
   Debug Enable : 1
   size         : 905000
   average_time :   18.027 # [msec]
   throughput   :   50.203 # [mwords/sec]
   Debug_Time(0):   44.158 # [msec]
   Debug_Time(1):   35.031 # [msec]
   Debug_Time(2):    9.127 # [msec]
-
   Version      : 1.7
   Ways         : 32
   Words        : 1
   Feedback     : 2
   WordBits     : 32
   IndexBits    : 32
   Sort Order   : 0
   Sign Compare : 0
   Max Size     : 268435455
   Debug Enable : 1
   size         : 910000
   average_time :   18.055 # [msec]
   throughput   :   50.402 # [mwords/sec]
   Debug_Time(0):   44.121 # [msec]
   Debug_Time(1):   34.945 # [msec]
   Debug_Time(2):    9.176 # [msec]
-
   Version      : 1.7
   Ways         : 32
   Words        : 1
   Feedback     : 2
   WordBits     : 32
   IndexBits    : 32
   Sort Order   : 0
   Sign Compare : 0
   Max Size     : 268435455
   Debug Enable : 1
   size         : 915000
   average_time :   18.105 # [msec]
   throughput   :   50.539 # [mwords/sec]
   Debug_Time(0):   44.508 # [msec]
   Debug_Time(1):   35.281 # [msec]
   Debug_Time(2):    9.227 # [msec]
-
   Version      : 1.7
   Ways         : 32
   Words        : 1
   Feedback     : 2
   WordBits     : 32
   IndexBits    : 32
   Sort Order   : 0
   Sign Compare : 0
   Max Size     : 268435455
   Debug Enable : 1
   size         : 920000
   average_time :   18.510 # [msec]
   throughput   :   49.702 # [mwords/sec]
   Debug_Time(0):   45.461 # [msec]
   Debug_Time(1):   36.182 # [msec]
   Debug_Time(2):    9.279 # [msec]
-
   Version      : 1.7
   Ways         : 32
   Words        : 1
   Feedback     : 2
   WordBits     : 32
   IndexBits    : 32
   Sort Order   : 0
   Sign Compare : 0
   Max Size     : 268435455
   Debug Enable : 1
   size         : 925000
   average_time :   18.553 # [msec]
   throughput   :   49.856 # [mwords/sec]
   Debug_Time(0):   45.533 # [msec]
   Debug_Time(1):   36.203 # [msec]
   Debug_Time(2):    9.330 # [msec]
-
   Version      : 1.7
   Ways         : 32
   Words        : 1
   Feedback     : 2
   WordBits     : 32
   IndexBits    : 32
   Sort Order   : 0
   Sign Compare : 0
   Max Size     : 268435455
   Debug Enable : 1
   size         : 930000
   average_time :   18.593 # [msec]
   throughput   :   50.019 # [mwords/sec]
   Debug_Time(0):   45.659 # [msec]
   Debug_Time(1):   36.279 # [msec]
   Debug_Time(2):    9.380 # [msec]
-
   Version      : 1.7
   Ways         : 32
   Words        : 1
   Feedback     : 2
   WordBits     : 32
   IndexBits    : 32
   Sort Order   : 0
   Sign Compare : 0
   Max Size     : 268435455
   Debug Enable : 1
   size         : 935000
   average_time :   18.628 # [msec]
   throughput   :   50.194 # [mwords/sec]
   Debug_Time(0):   45.758 # [msec]
   Debug_Time(1):   36.327 # [msec]
   Debug_Time(2):    9.431 # [msec]
-
   Version      : 1.7
   Ways         : 32
   Words        : 1
   Feedback     : 2
   WordBits     : 32
   IndexBits    : 32
   Sort Order   : 0
   Sign Compare : 0
   Max Size     : 268435455
   Debug Enable : 1
   size         : 940000
   average_time :   18.668 # [msec]
   throughput   :   50.355 # [mwords/sec]
   Debug_Time(0):   45.857 # [msec]
   Debug_Time(1):   36.376 # [msec]
   Debug_Time(2):    9.480 # [msec]
-
   Version      : 1.7
   Ways         : 32
   Words        : 1
   Feedback     : 2
   WordBits     : 32
   IndexBits    : 32
   Sort Order   : 0
   Sign Compare : 0
   Max Size     : 268435455
   Debug Enable : 1
   size         : 945000
   average_time :   18.711 # [msec]
   throughput   :   50.505 # [mwords/sec]
   Debug_Time(0):   46.032 # [msec]
   Debug_Time(1):   36.501 # [msec]
   Debug_Time(2):    9.531 # [msec]
-
   Version      : 1.7
   Ways         : 32
   Words        : 1
   Feedback     : 2
   WordBits     : 32
   IndexBits    : 32
   Sort Order   : 0
   Sign Compare : 0
   Max Size     : 268435455
   Debug Enable : 1
   size         : 950000
   average_time :   18.718 # [msec]
   throughput   :   50.753 # [mwords/sec]
   Debug_Time(0):   45.825 # [msec]
   Debug_Time(1):   36.247 # [msec]
   Debug_Time(2):    9.579 # [msec]
-
   Version      : 1.7
   Ways         : 32
   Words        : 1
   Feedback     : 2
   WordBits     : 32
   IndexBits    : 32
   Sort Order   : 0
   Sign Compare : 0
   Max Size     : 268435455
   Debug Enable : 1
   size         : 955000
   average_time :   19.163 # [msec]
   throughput   :   49.835 # [mwords/sec]
   Debug_Time(0):   47.066 # [msec]
   Debug_Time(1):   37.435 # [msec]
   Debug_Time(2):    9.631 # [msec]
-
   Version      : 1.7
   Ways         : 32
   Words        : 1
   Feedback     : 2
   WordBits     : 32
   IndexBits    : 32
   Sort Order   : 0
   Sign Compare : 0
   Max Size     : 268435455
   Debug Enable : 1
   size         : 960000
   average_time :   19.209 # [msec]
   throughput   :   49.977 # [mwords/sec]
   Debug_Time(0):   47.363 # [msec]
   Debug_Time(1):   37.681 # [msec]
   Debug_Time(2):    9.681 # [msec]
-
   Version      : 1.7
   Ways         : 32
   Words        : 1
   Feedback     : 2
   WordBits     : 32
   IndexBits    : 32
   Sort Order   : 0
   Sign Compare : 0
   Max Size     : 268435455
   Debug Enable : 1
   size         : 965000
   average_time :   19.239 # [msec]
   throughput   :   50.158 # [mwords/sec]
   Debug_Time(0):   47.436 # [msec]
   Debug_Time(1):   37.704 # [msec]
   Debug_Time(2):    9.732 # [msec]
-
   Version      : 1.7
   Ways         : 32
   Words        : 1
   Feedback     : 2
   WordBits     : 32
   IndexBits    : 32
   Sort Order   : 0
   Sign Compare : 0
   Max Size     : 268435455
   Debug Enable : 1
   size         : 970000
   average_time :   19.283 # [msec]
   throughput   :   50.303 # [mwords/sec]
   Debug_Time(0):   47.569 # [msec]
   Debug_Time(1):   37.785 # [msec]
   Debug_Time(2):    9.784 # [msec]
-
   Version      : 1.7
   Ways         : 32
   Words        : 1
   Feedback     : 2
   WordBits     : 32
   IndexBits    : 32
   Sort Order   : 0
   Sign Compare : 0
   Max Size     : 268435455
   Debug Enable : 1
   size         : 975000
   average_time :   19.302 # [msec]
   throughput   :   50.513 # [mwords/sec]
   Debug_Time(0):   47.425 # [msec]
   Debug_Time(1):   37.592 # [msec]
   Debug_Time(2):    9.833 # [msec]
-
   Version      : 1.7
   Ways         : 32
   Words        : 1
   Feedback     : 2
   WordBits     : 32
   IndexBits    : 32
   Sort Order   : 0
   Sign Compare : 0
   Max Size     : 268435455
   Debug Enable : 1
   size         : 980000
   average_time :   19.369 # [msec]
   throughput   :   50.596 # [mwords/sec]
   Debug_Time(0):   47.693 # [msec]
   Debug_Time(1):   37.811 # [msec]
   Debug_Time(2):    9.883 # [msec]
-
   Version      : 1.7
   Ways         : 32
   Words        : 1
   Feedback     : 2
   WordBits     : 32
   IndexBits    : 32
   Sort Order   : 0
   Sign Compare : 0
   Max Size     : 268435455
   Debug Enable : 1
   size         : 985000
   average_time :   19.800 # [msec]
   throughput   :   49.749 # [mwords/sec]
   Debug_Time(0):   48.931 # [msec]
   Debug_Time(1):   38.995 # [msec]
   Debug_Time(2):    9.936 # [msec]
-
   Version      : 1.7
   Ways         : 32
   Words        : 1
   Feedback     : 2
   WordBits     : 32
   IndexBits    : 32
   Sort Order   : 0
   Sign Compare : 0
   Max Size     : 268435455
   Debug Enable : 1
   size         : 990000
   average_time :   19.823 # [msec]
   throughput   :   49.943 # [mwords/sec]
   Debug_Time(0):   48.422 # [msec]
   Debug_Time(1):   38.438 # [msec]
   Debug_Time(2):    9.984 # [msec]
-
   Version      : 1.7
   Ways         : 32
   Words        : 1
   Feedback     : 2
   WordBits     : 32
   IndexBits    : 32
   Sort Order   : 0
   Sign Compare : 0
   Max Size     : 268435455
   Debug Enable : 1
   size         : 995000
   average_time :   19.900 # [msec]
   throughput   :   49.999 # [mwords/sec]
   Debug_Time(0):   49.103 # [msec]
   Debug_Time(1):   39.069 # [msec]
   Debug_Time(2):   10.034 # [msec]
-
   Version      : 1.7
   Ways         : 32
   Words        : 1
   Feedback     : 2
   WordBits     : 32
   IndexBits    : 32
   Sort Order   : 0
   Sign Compare : 0
   Max Size     : 268435455
   Debug Enable : 1
   size         : 1000000
   average_time :   19.922 # [msec]
   throughput   :   50.195 # [mwords/sec]
   Debug_Time(0):   49.118 # [msec]
   Debug_Time(1):   39.034 # [msec]
   Debug_Time(2):   10.084 # [msec]
