---
-
   Version      : 1.7
   Ways         : 32
   Words        : 2
   Feedback     : 0
   WordBits     : 32
   IndexBits    : 32
   Sort Order   : 0
   Sign Compare : 0
   Max Size     : 268435455
   Debug Enable : 1
   size         : 5000
   average_time :    0.237 # [msec]
   throughput   :   21.096 # [mwords/sec]
   Debug_Time(0):    0.132 # [msec]
   Debug_Time(1):    0.031 # [msec]
   Debug_Time(2):    0.066 # [msec]
   Debug_Time(3):    0.035 # [msec]
-
   Version      : 1.7
   Ways         : 32
   Words        : 2
   Feedback     : 0
   WordBits     : 32
   IndexBits    : 32
   Sort Order   : 0
   Sign Compare : 0
   Max Size     : 268435455
   Debug Enable : 1
   size         : 10000
   average_time :    0.293 # [msec]
   throughput   :   34.078 # [mwords/sec]
   Debug_Time(0):    0.248 # [msec]
   Debug_Time(1):    0.058 # [msec]
   Debug_Time(2):    0.125 # [msec]
   Debug_Time(3):    0.065 # [msec]
-
   Version      : 1.7
   Ways         : 32
   Words        : 2
   Feedback     : 0
   WordBits     : 32
   IndexBits    : 32
   Sort Order   : 0
   Sign Compare : 0
   Max Size     : 268435455
   Debug Enable : 1
   size         : 15000
   average_time :    0.361 # [msec]
   throughput   :   41.495 # [mwords/sec]
   Debug_Time(0):    0.361 # [msec]
   Debug_Time(1):    0.085 # [msec]
   Debug_Time(2):    0.177 # [msec]
   Debug_Time(3):    0.099 # [msec]
-
   Version      : 1.7
   Ways         : 32
   Words        : 2
   Feedback     : 0
   WordBits     : 32
   IndexBits    : 32
   Sort Order   : 0
   Sign Compare : 0
   Max Size     : 268435455
   Debug Enable : 1
   size         : 20000
   average_time :    0.403 # [msec]
   throughput   :   49.672 # [mwords/sec]
   Debug_Time(0):    0.477 # [msec]
   Debug_Time(1):    0.113 # [msec]
   Debug_Time(2):    0.237 # [msec]
   Debug_Time(3):    0.128 # [msec]
-
   Version      : 1.7
   Ways         : 32
   Words        : 2
   Feedback     : 0
   WordBits     : 32
   IndexBits    : 32
   Sort Order   : 0
   Sign Compare : 0
   Max Size     : 268435455
   Debug Enable : 1
   size         : 25000
   average_time :    0.453 # [msec]
   throughput   :   55.243 # [mwords/sec]
   Debug_Time(0):    0.595 # [msec]
   Debug_Time(1):    0.139 # [msec]
   Debug_Time(2):    0.293 # [msec]
   Debug_Time(3):    0.162 # [msec]
-
   Version      : 1.7
   Ways         : 32
   Words        : 2
   Feedback     : 0
   WordBits     : 32
   IndexBits    : 32
   Sort Order   : 0
   Sign Compare : 0
   Max Size     : 268435455
   Debug Enable : 1
   size         : 30000
   average_time :    0.506 # [msec]
   throughput   :   59.311 # [mwords/sec]
   Debug_Time(0):    0.712 # [msec]
   Debug_Time(1):    0.167 # [msec]
   Debug_Time(2):    0.350 # [msec]
   Debug_Time(3):    0.196 # [msec]
-
   Version      : 1.7
   Ways         : 32
   Words        : 2
   Feedback     : 0
   WordBits     : 32
   IndexBits    : 32
   Sort Order   : 0
   Sign Compare : 0
   Max Size     : 268435455
   Debug Enable : 1
   size         : 35000
   average_time :    0.565 # [msec]
   throughput   :   61.897 # [mwords/sec]
   Debug_Time(0):    0.833 # [msec]
   Debug_Time(1):    0.194 # [msec]
   Debug_Time(2):    0.408 # [msec]
   Debug_Time(3):    0.231 # [msec]
-
   Version      : 1.7
   Ways         : 32
   Words        : 2
   Feedback     : 0
   WordBits     : 32
   IndexBits    : 32
   Sort Order   : 0
   Sign Compare : 0
   Max Size     : 268435455
   Debug Enable : 1
   size         : 40000
   average_time :    0.611 # [msec]
   throughput   :   65.421 # [mwords/sec]
   Debug_Time(0):    0.943 # [msec]
   Debug_Time(1):    0.221 # [msec]
   Debug_Time(2):    0.461 # [msec]
   Debug_Time(3):    0.261 # [msec]
-
   Version      : 1.7
   Ways         : 32
   Words        : 2
   Feedback     : 0
   WordBits     : 32
   IndexBits    : 32
   Sort Order   : 0
   Sign Compare : 0
   Max Size     : 268435455
   Debug Enable : 1
   size         : 45000
   average_time :    0.675 # [msec]
   throughput   :   66.710 # [mwords/sec]
   Debug_Time(0):    1.062 # [msec]
   Debug_Time(1):    0.248 # [msec]
   Debug_Time(2):    0.520 # [msec]
   Debug_Time(3):    0.293 # [msec]
-
   Version      : 1.7
   Ways         : 32
   Words        : 2
   Feedback     : 0
   WordBits     : 32
   IndexBits    : 32
   Sort Order   : 0
   Sign Compare : 0
   Max Size     : 268435455
   Debug Enable : 1
   size         : 50000
   average_time :    0.763 # [msec]
   throughput   :   65.501 # [mwords/sec]
   Debug_Time(0):    1.177 # [msec]
   Debug_Time(1):    0.276 # [msec]
   Debug_Time(2):    0.575 # [msec]
   Debug_Time(3):    0.327 # [msec]
-
   Version      : 1.7
   Ways         : 32
   Words        : 2
   Feedback     : 0
   WordBits     : 32
   IndexBits    : 32
   Sort Order   : 0
   Sign Compare : 0
   Max Size     : 268435455
   Debug Enable : 1
   size         : 55000
   average_time :    0.783 # [msec]
   throughput   :   70.244 # [mwords/sec]
   Debug_Time(0):    1.297 # [msec]
   Debug_Time(1):    0.303 # [msec]
   Debug_Time(2):    0.633 # [msec]
   Debug_Time(3):    0.361 # [msec]
-
   Version      : 1.7
   Ways         : 32
   Words        : 2
   Feedback     : 0
   WordBits     : 32
   IndexBits    : 32
   Sort Order   : 0
   Sign Compare : 0
   Max Size     : 268435455
   Debug Enable : 1
   size         : 60000
   average_time :    0.841 # [msec]
   throughput   :   71.342 # [mwords/sec]
   Debug_Time(0):    1.417 # [msec]
   Debug_Time(1):    0.330 # [msec]
   Debug_Time(2):    0.692 # [msec]
   Debug_Time(3):    0.396 # [msec]
-
   Version      : 1.7
   Ways         : 32
   Words        : 2
   Feedback     : 0
   WordBits     : 32
   IndexBits    : 32
   Sort Order   : 0
   Sign Compare : 0
   Max Size     : 268435455
   Debug Enable : 1
   size         : 65000
   average_time :    0.920 # [msec]
   throughput   :   70.642 # [mwords/sec]
   Debug_Time(0):    1.535 # [msec]
   Debug_Time(1):    0.359 # [msec]
   Debug_Time(2):    0.749 # [msec]
   Debug_Time(3):    0.427 # [msec]
-
   Version      : 1.7
   Ways         : 32
   Words        : 2
   Feedback     : 0
   WordBits     : 32
   IndexBits    : 32
   Sort Order   : 0
   Sign Compare : 0
   Max Size     : 268435455
   Debug Enable : 1
   size         : 70000
   average_time :    1.154 # [msec]
   throughput   :   60.668 # [mwords/sec]
   Debug_Time(0):    2.055 # [msec]
   Debug_Time(1):    0.430 # [msec]
   Debug_Time(2):    0.802 # [msec]
   Debug_Time(3):    0.460 # [msec]
   Debug_Time(4):    0.364 # [msec]
-
   Version      : 1.7
   Ways         : 32
   Words        : 2
   Feedback     : 0
   WordBits     : 32
   IndexBits    : 32
   Sort Order   : 0
   Sign Compare : 0
   Max Size     : 268435455
   Debug Enable : 1
   size         : 75000
   average_time :    1.238 # [msec]
   throughput   :   60.563 # [mwords/sec]
   Debug_Time(0):    2.234 # [msec]
   Debug_Time(1):    0.492 # [msec]
   Debug_Time(2):    0.867 # [msec]
   Debug_Time(3):    0.485 # [msec]
   Debug_Time(4):    0.389 # [msec]
-
   Version      : 1.7
   Ways         : 32
   Words        : 2
   Feedback     : 0
   WordBits     : 32
   IndexBits    : 32
   Sort Order   : 0
   Sign Compare : 0
   Max Size     : 268435455
   Debug Enable : 1
   size         : 80000
   average_time :    1.326 # [msec]
   throughput   :   60.345 # [mwords/sec]
   Debug_Time(0):    2.432 # [msec]
   Debug_Time(1):    0.583 # [msec]
   Debug_Time(2):    0.923 # [msec]
   Debug_Time(3):    0.511 # [msec]
   Debug_Time(4):    0.415 # [msec]
-
   Version      : 1.7
   Ways         : 32
   Words        : 2
   Feedback     : 0
   WordBits     : 32
   IndexBits    : 32
   Sort Order   : 0
   Sign Compare : 0
   Max Size     : 268435455
   Debug Enable : 1
   size         : 85000
   average_time :    1.288 # [msec]
   throughput   :   65.979 # [mwords/sec]
   Debug_Time(0):    2.411 # [msec]
   Debug_Time(1):    0.469 # [msec]
   Debug_Time(2):    0.954 # [msec]
   Debug_Time(3):    0.547 # [msec]
   Debug_Time(4):    0.440 # [msec]
-
   Version      : 1.7
   Ways         : 32
   Words        : 2
   Feedback     : 0
   WordBits     : 32
   IndexBits    : 32
   Sort Order   : 0
   Sign Compare : 0
   Max Size     : 268435455
   Debug Enable : 1
   size         : 90000
   average_time :    1.555 # [msec]
   throughput   :   57.876 # [mwords/sec]
   Debug_Time(0):    2.969 # [msec]
   Debug_Time(1):    0.874 # [msec]
   Debug_Time(2):    1.046 # [msec]
   Debug_Time(3):    0.583 # [msec]
   Debug_Time(4):    0.466 # [msec]
-
   Version      : 1.7
   Ways         : 32
   Words        : 2
   Feedback     : 0
   WordBits     : 32
   IndexBits    : 32
   Sort Order   : 0
   Sign Compare : 0
   Max Size     : 268435455
   Debug Enable : 1
   size         : 95000
   average_time :    1.708 # [msec]
   throughput   :   55.608 # [mwords/sec]
   Debug_Time(0):    3.261 # [msec]
   Debug_Time(1):    1.057 # [msec]
   Debug_Time(2):    1.094 # [msec]
   Debug_Time(3):    0.619 # [msec]
   Debug_Time(4):    0.491 # [msec]
-
   Version      : 1.7
   Ways         : 32
   Words        : 2
   Feedback     : 0
   WordBits     : 32
   IndexBits    : 32
   Sort Order   : 0
   Sign Compare : 0
   Max Size     : 268435455
   Debug Enable : 1
   size         : 100000
   average_time :    1.840 # [msec]
   throughput   :   54.352 # [mwords/sec]
   Debug_Time(0):    3.622 # [msec]
   Debug_Time(1):    1.307 # [msec]
   Debug_Time(2):    1.154 # [msec]
   Debug_Time(3):    0.642 # [msec]
   Debug_Time(4):    0.519 # [msec]
-
   Version      : 1.7
   Ways         : 32
   Words        : 2
   Feedback     : 0
   WordBits     : 32
   IndexBits    : 32
   Sort Order   : 0
   Sign Compare : 0
   Max Size     : 268435455
   Debug Enable : 1
   size         : 105000
   average_time :    1.980 # [msec]
   throughput   :   53.030 # [mwords/sec]
   Debug_Time(0):    3.932 # [msec]
   Debug_Time(1):    1.505 # [msec]
   Debug_Time(2):    1.202 # [msec]
   Debug_Time(3):    0.674 # [msec]
   Debug_Time(4):    0.550 # [msec]
-
   Version      : 1.7
   Ways         : 32
   Words        : 2
   Feedback     : 0
   WordBits     : 32
   IndexBits    : 32
   Sort Order   : 0
   Sign Compare : 0
   Max Size     : 268435455
   Debug Enable : 1
   size         : 110000
   average_time :    2.090 # [msec]
   throughput   :   52.642 # [mwords/sec]
   Debug_Time(0):    4.201 # [msec]
   Debug_Time(1):    1.631 # [msec]
   Debug_Time(2):    1.273 # [msec]
   Debug_Time(3):    0.718 # [msec]
   Debug_Time(4):    0.578 # [msec]
-
   Version      : 1.7
   Ways         : 32
   Words        : 2
   Feedback     : 0
   WordBits     : 32
   IndexBits    : 32
   Sort Order   : 0
   Sign Compare : 0
   Max Size     : 268435455
   Debug Enable : 1
   size         : 115000
   average_time :    2.220 # [msec]
   throughput   :   51.810 # [mwords/sec]
   Debug_Time(0):    4.506 # [msec]
   Debug_Time(1):    1.808 # [msec]
   Debug_Time(2):    1.324 # [msec]
   Debug_Time(3):    0.766 # [msec]
   Debug_Time(4):    0.608 # [msec]
-
   Version      : 1.7
   Ways         : 32
   Words        : 2
   Feedback     : 0
   WordBits     : 32
   IndexBits    : 32
   Sort Order   : 0
   Sign Compare : 0
   Max Size     : 268435455
   Debug Enable : 1
   size         : 120000
   average_time :    2.377 # [msec]
   throughput   :   50.481 # [mwords/sec]
   Debug_Time(0):    4.862 # [msec]
   Debug_Time(1):    2.051 # [msec]
   Debug_Time(2):    1.376 # [msec]
   Debug_Time(3):    0.793 # [msec]
   Debug_Time(4):    0.643 # [msec]
-
   Version      : 1.7
   Ways         : 32
   Words        : 2
   Feedback     : 0
   WordBits     : 32
   IndexBits    : 32
   Sort Order   : 0
   Sign Compare : 0
   Max Size     : 268435455
   Debug Enable : 1
   size         : 125000
   average_time :    2.477 # [msec]
   throughput   :   50.472 # [mwords/sec]
   Debug_Time(0):    5.094 # [msec]
   Debug_Time(1):    2.169 # [msec]
   Debug_Time(2):    1.437 # [msec]
   Debug_Time(3):    0.814 # [msec]
   Debug_Time(4):    0.675 # [msec]
-
   Version      : 1.7
   Ways         : 32
   Words        : 2
   Feedback     : 0
   WordBits     : 32
   IndexBits    : 32
   Sort Order   : 0
   Sign Compare : 0
   Max Size     : 268435455
   Debug Enable : 1
   size         : 130000
   average_time :    2.591 # [msec]
   throughput   :   50.173 # [mwords/sec]
   Debug_Time(0):    5.362 # [msec]
   Debug_Time(1):    2.314 # [msec]
   Debug_Time(2):    1.491 # [msec]
   Debug_Time(3):    0.850 # [msec]
   Debug_Time(4):    0.706 # [msec]
-
   Version      : 1.7
   Ways         : 32
   Words        : 2
   Feedback     : 0
   WordBits     : 32
   IndexBits    : 32
   Sort Order   : 0
   Sign Compare : 0
   Max Size     : 268435455
   Debug Enable : 1
   size         : 135000
   average_time :    2.715 # [msec]
   throughput   :   49.730 # [mwords/sec]
   Debug_Time(0):    5.613 # [msec]
   Debug_Time(1):    2.454 # [msec]
   Debug_Time(2):    1.551 # [msec]
   Debug_Time(3):    0.870 # [msec]
   Debug_Time(4):    0.737 # [msec]
-
   Version      : 1.7
   Ways         : 32
   Words        : 2
   Feedback     : 0
   WordBits     : 32
   IndexBits    : 32
   Sort Order   : 0
   Sign Compare : 0
   Max Size     : 268435455
   Debug Enable : 1
   size         : 140000
   average_time :    2.842 # [msec]
   throughput   :   49.262 # [mwords/sec]
   Debug_Time(0):    5.855 # [msec]
   Debug_Time(1):    2.576 # [msec]
   Debug_Time(2):    1.609 # [msec]
   Debug_Time(3):    0.906 # [msec]
   Debug_Time(4):    0.765 # [msec]
-
   Version      : 1.7
   Ways         : 32
   Words        : 2
   Feedback     : 0
   WordBits     : 32
   IndexBits    : 32
   Sort Order   : 0
   Sign Compare : 0
   Max Size     : 268435455
   Debug Enable : 1
   size         : 145000
   average_time :    2.989 # [msec]
   throughput   :   48.511 # [mwords/sec]
   Debug_Time(0):    6.153 # [msec]
   Debug_Time(1):    2.760 # [msec]
   Debug_Time(2):    1.660 # [msec]
   Debug_Time(3):    0.937 # [msec]
   Debug_Time(4):    0.796 # [msec]
-
   Version      : 1.7
   Ways         : 32
   Words        : 2
   Feedback     : 0
   WordBits     : 32
   IndexBits    : 32
   Sort Order   : 0
   Sign Compare : 0
   Max Size     : 268435455
   Debug Enable : 1
   size         : 150000
   average_time :    3.083 # [msec]
   throughput   :   48.650 # [mwords/sec]
   Debug_Time(0):    6.373 # [msec]
   Debug_Time(1):    2.879 # [msec]
   Debug_Time(2):    1.714 # [msec]
   Debug_Time(3):    0.971 # [msec]
   Debug_Time(4):    0.809 # [msec]
-
   Version      : 1.7
   Ways         : 32
   Words        : 2
   Feedback     : 0
   WordBits     : 32
   IndexBits    : 32
   Sort Order   : 0
   Sign Compare : 0
   Max Size     : 268435455
   Debug Enable : 1
   size         : 155000
   average_time :    3.167 # [msec]
   throughput   :   48.936 # [mwords/sec]
   Debug_Time(0):    6.564 # [msec]
   Debug_Time(1):    2.990 # [msec]
   Debug_Time(2):    1.750 # [msec]
   Debug_Time(3):    0.992 # [msec]
   Debug_Time(4):    0.833 # [msec]
-
   Version      : 1.7
   Ways         : 32
   Words        : 2
   Feedback     : 0
   WordBits     : 32
   IndexBits    : 32
   Sort Order   : 0
   Sign Compare : 0
   Max Size     : 268435455
   Debug Enable : 1
   size         : 160000
   average_time :    3.291 # [msec]
   throughput   :   48.624 # [mwords/sec]
   Debug_Time(0):    6.751 # [msec]
   Debug_Time(1):    3.071 # [msec]
   Debug_Time(2):    1.796 # [msec]
   Debug_Time(3):    1.028 # [msec]
   Debug_Time(4):    0.857 # [msec]
-
   Version      : 1.7
   Ways         : 32
   Words        : 2
   Feedback     : 0
   WordBits     : 32
   IndexBits    : 32
   Sort Order   : 0
   Sign Compare : 0
   Max Size     : 268435455
   Debug Enable : 1
   size         : 165000
   average_time :    3.404 # [msec]
   throughput   :   48.472 # [mwords/sec]
   Debug_Time(0):    6.986 # [msec]
   Debug_Time(1):    3.194 # [msec]
   Debug_Time(2):    1.845 # [msec]
   Debug_Time(3):    1.063 # [msec]
   Debug_Time(4):    0.885 # [msec]
-
   Version      : 1.7
   Ways         : 32
   Words        : 2
   Feedback     : 0
   WordBits     : 32
   IndexBits    : 32
   Sort Order   : 0
   Sign Compare : 0
   Max Size     : 268435455
   Debug Enable : 1
   size         : 170000
   average_time :    3.515 # [msec]
   throughput   :   48.359 # [mwords/sec]
   Debug_Time(0):    7.237 # [msec]
   Debug_Time(1):    3.302 # [msec]
   Debug_Time(2):    1.922 # [msec]
   Debug_Time(3):    1.098 # [msec]
   Debug_Time(4):    0.915 # [msec]
-
   Version      : 1.7
   Ways         : 32
   Words        : 2
   Feedback     : 0
   WordBits     : 32
   IndexBits    : 32
   Sort Order   : 0
   Sign Compare : 0
   Max Size     : 268435455
   Debug Enable : 1
   size         : 175000
   average_time :    3.636 # [msec]
   throughput   :   48.126 # [mwords/sec]
   Debug_Time(0):    7.444 # [msec]
   Debug_Time(1):    3.391 # [msec]
   Debug_Time(2):    1.979 # [msec]
   Debug_Time(3):    1.128 # [msec]
   Debug_Time(4):    0.946 # [msec]
-
   Version      : 1.7
   Ways         : 32
   Words        : 2
   Feedback     : 0
   WordBits     : 32
   IndexBits    : 32
   Sort Order   : 0
   Sign Compare : 0
   Max Size     : 268435455
   Debug Enable : 1
   size         : 180000
   average_time :    3.724 # [msec]
   throughput   :   48.335 # [mwords/sec]
   Debug_Time(0):    7.770 # [msec]
   Debug_Time(1):    3.497 # [msec]
   Debug_Time(2):    2.103 # [msec]
   Debug_Time(3):    1.172 # [msec]
   Debug_Time(4):    0.997 # [msec]
-
   Version      : 1.7
   Ways         : 32
   Words        : 2
   Feedback     : 0
   WordBits     : 32
   IndexBits    : 32
   Sort Order   : 0
   Sign Compare : 0
   Max Size     : 268435455
   Debug Enable : 1
   size         : 185000
   average_time :    3.838 # [msec]
   throughput   :   48.206 # [mwords/sec]
   Debug_Time(0):    8.063 # [msec]
   Debug_Time(1):    3.687 # [msec]
   Debug_Time(2):    2.147 # [msec]
   Debug_Time(3):    1.207 # [msec]
   Debug_Time(4):    1.022 # [msec]
-
   Version      : 1.7
   Ways         : 32
   Words        : 2
   Feedback     : 0
   WordBits     : 32
   IndexBits    : 32
   Sort Order   : 0
   Sign Compare : 0
   Max Size     : 268435455
   Debug Enable : 1
   size         : 190000
   average_time :    3.934 # [msec]
   throughput   :   48.293 # [mwords/sec]
   Debug_Time(0):    8.219 # [msec]
   Debug_Time(1):    3.740 # [msec]
   Debug_Time(2):    2.203 # [msec]
   Debug_Time(3):    1.224 # [msec]
   Debug_Time(4):    1.052 # [msec]
-
   Version      : 1.7
   Ways         : 32
   Words        : 2
   Feedback     : 0
   WordBits     : 32
   IndexBits    : 32
   Sort Order   : 0
   Sign Compare : 0
   Max Size     : 268435455
   Debug Enable : 1
   size         : 195000
   average_time :    4.036 # [msec]
   throughput   :   48.319 # [mwords/sec]
   Debug_Time(0):    8.438 # [msec]
   Debug_Time(1):    3.829 # [msec]
   Debug_Time(2):    2.263 # [msec]
   Debug_Time(3):    1.267 # [msec]
   Debug_Time(4):    1.080 # [msec]
-
   Version      : 1.7
   Ways         : 32
   Words        : 2
   Feedback     : 0
   WordBits     : 32
   IndexBits    : 32
   Sort Order   : 0
   Sign Compare : 0
   Max Size     : 268435455
   Debug Enable : 1
   size         : 200000
   average_time :    4.129 # [msec]
   throughput   :   48.434 # [mwords/sec]
   Debug_Time(0):    8.430 # [msec]
   Debug_Time(1):    3.722 # [msec]
   Debug_Time(2):    2.305 # [msec]
   Debug_Time(3):    1.293 # [msec]
   Debug_Time(4):    1.110 # [msec]
-
   Version      : 1.7
   Ways         : 32
   Words        : 2
   Feedback     : 0
   WordBits     : 32
   IndexBits    : 32
   Sort Order   : 0
   Sign Compare : 0
   Max Size     : 268435455
   Debug Enable : 1
   size         : 205000
   average_time :    4.241 # [msec]
   throughput   :   48.342 # [mwords/sec]
   Debug_Time(0):    8.653 # [msec]
   Debug_Time(1):    3.815 # [msec]
   Debug_Time(2):    2.384 # [msec]
   Debug_Time(3):    1.314 # [msec]
   Debug_Time(4):    1.140 # [msec]
-
   Version      : 1.7
   Ways         : 32
   Words        : 2
   Feedback     : 0
   WordBits     : 32
   IndexBits    : 32
   Sort Order   : 0
   Sign Compare : 0
   Max Size     : 268435455
   Debug Enable : 1
   size         : 210000
   average_time :    4.342 # [msec]
   throughput   :   48.366 # [mwords/sec]
   Debug_Time(0):    8.870 # [msec]
   Debug_Time(1):    3.930 # [msec]
   Debug_Time(2):    2.427 # [msec]
   Debug_Time(3):    1.346 # [msec]
   Debug_Time(4):    1.167 # [msec]
-
   Version      : 1.7
   Ways         : 32
   Words        : 2
   Feedback     : 0
   WordBits     : 32
   IndexBits    : 32
   Sort Order   : 0
   Sign Compare : 0
   Max Size     : 268435455
   Debug Enable : 1
   size         : 215000
   average_time :    4.444 # [msec]
   throughput   :   48.376 # [mwords/sec]
   Debug_Time(0):    9.071 # [msec]
   Debug_Time(1):    4.033 # [msec]
   Debug_Time(2):    2.486 # [msec]
   Debug_Time(3):    1.373 # [msec]
   Debug_Time(4):    1.179 # [msec]
-
   Version      : 1.7
   Ways         : 32
   Words        : 2
   Feedback     : 0
   WordBits     : 32
   IndexBits    : 32
   Sort Order   : 0
   Sign Compare : 0
   Max Size     : 268435455
   Debug Enable : 1
   size         : 220000
   average_time :    4.542 # [msec]
   throughput   :   48.432 # [mwords/sec]
   Debug_Time(0):    9.346 # [msec]
   Debug_Time(1):    4.201 # [msec]
   Debug_Time(2):    2.529 # [msec]
   Debug_Time(3):    1.408 # [msec]
   Debug_Time(4):    1.208 # [msec]
-
   Version      : 1.7
   Ways         : 32
   Words        : 2
   Feedback     : 0
   WordBits     : 32
   IndexBits    : 32
   Sort Order   : 0
   Sign Compare : 0
   Max Size     : 268435455
   Debug Enable : 1
   size         : 225000
   average_time :    4.623 # [msec]
   throughput   :   48.666 # [mwords/sec]
   Debug_Time(0):    9.490 # [msec]
   Debug_Time(1):    4.214 # [msec]
   Debug_Time(2):    2.571 # [msec]
   Debug_Time(3):    1.435 # [msec]
   Debug_Time(4):    1.269 # [msec]
-
   Version      : 1.7
   Ways         : 32
   Words        : 2
   Feedback     : 0
   WordBits     : 32
   IndexBits    : 32
   Sort Order   : 0
   Sign Compare : 0
   Max Size     : 268435455
   Debug Enable : 1
   size         : 230000
   average_time :    4.713 # [msec]
   throughput   :   48.805 # [mwords/sec]
   Debug_Time(0):    9.696 # [msec]
   Debug_Time(1):    4.336 # [msec]
   Debug_Time(2):    2.597 # [msec]
   Debug_Time(3):    1.463 # [msec]
   Debug_Time(4):    1.300 # [msec]
-
   Version      : 1.7
   Ways         : 32
   Words        : 2
   Feedback     : 0
   WordBits     : 32
   IndexBits    : 32
   Sort Order   : 0
   Sign Compare : 0
   Max Size     : 268435455
   Debug Enable : 1
   size         : 235000
   average_time :    4.819 # [msec]
   throughput   :   48.765 # [mwords/sec]
   Debug_Time(0):    9.698 # [msec]
   Debug_Time(1):    4.243 # [msec]
   Debug_Time(2):    2.623 # [msec]
   Debug_Time(3):    1.516 # [msec]
   Debug_Time(4):    1.316 # [msec]
-
   Version      : 1.7
   Ways         : 32
   Words        : 2
   Feedback     : 0
   WordBits     : 32
   IndexBits    : 32
   Sort Order   : 0
   Sign Compare : 0
   Max Size     : 268435455
   Debug Enable : 1
   size         : 240000
   average_time :    4.922 # [msec]
   throughput   :   48.757 # [mwords/sec]
   Debug_Time(0):    9.924 # [msec]
   Debug_Time(1):    4.346 # [msec]
   Debug_Time(2):    2.678 # [msec]
   Debug_Time(3):    1.559 # [msec]
   Debug_Time(4):    1.341 # [msec]
-
   Version      : 1.7
   Ways         : 32
   Words        : 2
   Feedback     : 0
   WordBits     : 32
   IndexBits    : 32
   Sort Order   : 0
   Sign Compare : 0
   Max Size     : 268435455
   Debug Enable : 1
   size         : 245000
   average_time :    5.002 # [msec]
   throughput   :   48.983 # [mwords/sec]
   Debug_Time(0):   10.161 # [msec]
   Debug_Time(1):    4.480 # [msec]
   Debug_Time(2):    2.738 # [msec]
   Debug_Time(3):    1.573 # [msec]
   Debug_Time(4):    1.371 # [msec]
-
   Version      : 1.7
   Ways         : 32
   Words        : 2
   Feedback     : 0
   WordBits     : 32
   IndexBits    : 32
   Sort Order   : 0
   Sign Compare : 0
   Max Size     : 268435455
   Debug Enable : 1
   size         : 250000
   average_time :    5.102 # [msec]
   throughput   :   49.003 # [mwords/sec]
   Debug_Time(0):   10.353 # [msec]
   Debug_Time(1):    4.566 # [msec]
   Debug_Time(2):    2.791 # [msec]
   Debug_Time(3):    1.606 # [msec]
   Debug_Time(4):    1.389 # [msec]
-
   Version      : 1.7
   Ways         : 32
   Words        : 2
   Feedback     : 0
   WordBits     : 32
   IndexBits    : 32
   Sort Order   : 0
   Sign Compare : 0
   Max Size     : 268435455
   Debug Enable : 1
   size         : 255000
   average_time :    5.189 # [msec]
   throughput   :   49.140 # [mwords/sec]
   Debug_Time(0):   10.572 # [msec]
   Debug_Time(1):    4.666 # [msec]
   Debug_Time(2):    2.840 # [msec]
   Debug_Time(3):    1.645 # [msec]
   Debug_Time(4):    1.421 # [msec]
-
   Version      : 1.7
   Ways         : 32
   Words        : 2
   Feedback     : 0
   WordBits     : 32
   IndexBits    : 32
   Sort Order   : 0
   Sign Compare : 0
   Max Size     : 268435455
   Debug Enable : 1
   size         : 260000
   average_time :    5.295 # [msec]
   throughput   :   49.100 # [mwords/sec]
   Debug_Time(0):   10.704 # [msec]
   Debug_Time(1):    4.680 # [msec]
   Debug_Time(2):    2.899 # [msec]
   Debug_Time(3):    1.673 # [msec]
   Debug_Time(4):    1.452 # [msec]
-
   Version      : 1.7
   Ways         : 32
   Words        : 2
   Feedback     : 0
   WordBits     : 32
   IndexBits    : 32
   Sort Order   : 0
   Sign Compare : 0
   Max Size     : 268435455
   Debug Enable : 1
   size         : 265000
   average_time :    5.389 # [msec]
   throughput   :   49.178 # [mwords/sec]
   Debug_Time(0):   11.158 # [msec]
   Debug_Time(1):    5.027 # [msec]
   Debug_Time(2):    2.954 # [msec]
   Debug_Time(3):    1.694 # [msec]
   Debug_Time(4):    1.484 # [msec]
-
   Version      : 1.7
   Ways         : 32
   Words        : 2
   Feedback     : 0
   WordBits     : 32
   IndexBits    : 32
   Sort Order   : 0
   Sign Compare : 0
   Max Size     : 268435455
   Debug Enable : 1
   size         : 270000
   average_time :    5.477 # [msec]
   throughput   :   49.301 # [mwords/sec]
   Debug_Time(0):   11.377 # [msec]
   Debug_Time(1):    5.128 # [msec]
   Debug_Time(2):    3.013 # [msec]
   Debug_Time(3):    1.723 # [msec]
   Debug_Time(4):    1.513 # [msec]
-
   Version      : 1.7
   Ways         : 32
   Words        : 2
   Feedback     : 0
   WordBits     : 32
   IndexBits    : 32
   Sort Order   : 0
   Sign Compare : 0
   Max Size     : 268435455
   Debug Enable : 1
   size         : 275000
   average_time :    5.574 # [msec]
   throughput   :   49.339 # [mwords/sec]
   Debug_Time(0):   11.637 # [msec]
   Debug_Time(1):    5.222 # [msec]
   Debug_Time(2):    3.067 # [msec]
   Debug_Time(3):    1.755 # [msec]
   Debug_Time(4):    1.593 # [msec]
-
   Version      : 1.7
   Ways         : 32
   Words        : 2
   Feedback     : 0
   WordBits     : 32
   IndexBits    : 32
   Sort Order   : 0
   Sign Compare : 0
   Max Size     : 268435455
   Debug Enable : 1
   size         : 280000
   average_time :    5.657 # [msec]
   throughput   :   49.497 # [mwords/sec]
   Debug_Time(0):   11.797 # [msec]
   Debug_Time(1):    5.331 # [msec]
   Debug_Time(2):    3.120 # [msec]
   Debug_Time(3):    1.779 # [msec]
   Debug_Time(4):    1.567 # [msec]
-
   Version      : 1.7
   Ways         : 32
   Words        : 2
   Feedback     : 0
   WordBits     : 32
   IndexBits    : 32
   Sort Order   : 0
   Sign Compare : 0
   Max Size     : 268435455
   Debug Enable : 1
   size         : 285000
   average_time :    5.757 # [msec]
   throughput   :   49.505 # [mwords/sec]
   Debug_Time(0):   11.962 # [msec]
   Debug_Time(1):    5.366 # [msec]
   Debug_Time(2):    3.182 # [msec]
   Debug_Time(3):    1.808 # [msec]
   Debug_Time(4):    1.605 # [msec]
-
   Version      : 1.7
   Ways         : 32
   Words        : 2
   Feedback     : 0
   WordBits     : 32
   IndexBits    : 32
   Sort Order   : 0
   Sign Compare : 0
   Max Size     : 268435455
   Debug Enable : 1
   size         : 290000
   average_time :    5.862 # [msec]
   throughput   :   49.471 # [mwords/sec]
   Debug_Time(0):   12.254 # [msec]
   Debug_Time(1):    5.545 # [msec]
   Debug_Time(2):    3.232 # [msec]
   Debug_Time(3):    1.854 # [msec]
   Debug_Time(4):    1.624 # [msec]
-
   Version      : 1.7
   Ways         : 32
   Words        : 2
   Feedback     : 0
   WordBits     : 32
   IndexBits    : 32
   Sort Order   : 0
   Sign Compare : 0
   Max Size     : 268435455
   Debug Enable : 1
   size         : 295000
   average_time :    5.945 # [msec]
   throughput   :   49.620 # [mwords/sec]
   Debug_Time(0):   12.493 # [msec]
   Debug_Time(1):    5.662 # [msec]
   Debug_Time(2):    3.290 # [msec]
   Debug_Time(3):    1.871 # [msec]
   Debug_Time(4):    1.668 # [msec]
-
   Version      : 1.7
   Ways         : 32
   Words        : 2
   Feedback     : 0
   WordBits     : 32
   IndexBits    : 32
   Sort Order   : 0
   Sign Compare : 0
   Max Size     : 268435455
   Debug Enable : 1
   size         : 300000
   average_time :    6.047 # [msec]
   throughput   :   49.614 # [mwords/sec]
   Debug_Time(0):   12.723 # [msec]
   Debug_Time(1):    5.781 # [msec]
   Debug_Time(2):    3.342 # [msec]
   Debug_Time(3):    1.919 # [msec]
   Debug_Time(4):    1.680 # [msec]
-
   Version      : 1.7
   Ways         : 32
   Words        : 2
   Feedback     : 0
   WordBits     : 32
   IndexBits    : 32
   Sort Order   : 0
   Sign Compare : 0
   Max Size     : 268435455
   Debug Enable : 1
   size         : 305000
   average_time :    6.126 # [msec]
   throughput   :   49.791 # [mwords/sec]
   Debug_Time(0):   12.874 # [msec]
   Debug_Time(1):    5.742 # [msec]
   Debug_Time(2):    3.458 # [msec]
   Debug_Time(3):    1.954 # [msec]
   Debug_Time(4):    1.720 # [msec]
-
   Version      : 1.7
   Ways         : 32
   Words        : 2
   Feedback     : 0
   WordBits     : 32
   IndexBits    : 32
   Sort Order   : 0
   Sign Compare : 0
   Max Size     : 268435455
   Debug Enable : 1
   size         : 310000
   average_time :    6.237 # [msec]
   throughput   :   49.705 # [mwords/sec]
   Debug_Time(0):   12.984 # [msec]
   Debug_Time(1):    5.777 # [msec]
   Debug_Time(2):    3.456 # [msec]
   Debug_Time(3):    2.001 # [msec]
   Debug_Time(4):    1.750 # [msec]
-
   Version      : 1.7
   Ways         : 32
   Words        : 2
   Feedback     : 0
   WordBits     : 32
   IndexBits    : 32
   Sort Order   : 0
   Sign Compare : 0
   Max Size     : 268435455
   Debug Enable : 1
   size         : 315000
   average_time :    6.328 # [msec]
   throughput   :   49.782 # [mwords/sec]
   Debug_Time(0):   13.306 # [msec]
   Debug_Time(1):    5.994 # [msec]
   Debug_Time(2):    3.517 # [msec]
   Debug_Time(3):    2.025 # [msec]
   Debug_Time(4):    1.770 # [msec]
-
   Version      : 1.7
   Ways         : 32
   Words        : 2
   Feedback     : 0
   WordBits     : 32
   IndexBits    : 32
   Sort Order   : 0
   Sign Compare : 0
   Max Size     : 268435455
   Debug Enable : 1
   size         : 320000
   average_time :    6.413 # [msec]
   throughput   :   49.901 # [mwords/sec]
   Debug_Time(0):   13.325 # [msec]
   Debug_Time(1):    5.896 # [msec]
   Debug_Time(2):    3.574 # [msec]
   Debug_Time(3):    2.056 # [msec]
   Debug_Time(4):    1.800 # [msec]
-
   Version      : 1.7
   Ways         : 32
   Words        : 2
   Feedback     : 0
   WordBits     : 32
   IndexBits    : 32
   Sort Order   : 0
   Sign Compare : 0
   Max Size     : 268435455
   Debug Enable : 1
   size         : 325000
   average_time :    6.499 # [msec]
   throughput   :   50.010 # [mwords/sec]
   Debug_Time(0):   13.741 # [msec]
   Debug_Time(1):    6.201 # [msec]
   Debug_Time(2):    3.623 # [msec]
   Debug_Time(3):    2.070 # [msec]
   Debug_Time(4):    1.847 # [msec]
-
   Version      : 1.7
   Ways         : 32
   Words        : 2
   Feedback     : 0
   WordBits     : 32
   IndexBits    : 32
   Sort Order   : 0
   Sign Compare : 0
   Max Size     : 268435455
   Debug Enable : 1
   size         : 330000
   average_time :    6.607 # [msec]
   throughput   :   49.949 # [mwords/sec]
   Debug_Time(0):   13.816 # [msec]
   Debug_Time(1):    6.169 # [msec]
   Debug_Time(2):    3.680 # [msec]
   Debug_Time(3):    2.112 # [msec]
   Debug_Time(4):    1.855 # [msec]
-
   Version      : 1.7
   Ways         : 32
   Words        : 2
   Feedback     : 0
   WordBits     : 32
   IndexBits    : 32
   Sort Order   : 0
   Sign Compare : 0
   Max Size     : 268435455
   Debug Enable : 1
   size         : 335000
   average_time :    6.698 # [msec]
   throughput   :   50.013 # [mwords/sec]
   Debug_Time(0):   13.904 # [msec]
   Debug_Time(1):    6.150 # [msec]
   Debug_Time(2):    3.730 # [msec]
   Debug_Time(3):    2.128 # [msec]
   Debug_Time(4):    1.896 # [msec]
-
   Version      : 1.7
   Ways         : 32
   Words        : 2
   Feedback     : 0
   WordBits     : 32
   IndexBits    : 32
   Sort Order   : 0
   Sign Compare : 0
   Max Size     : 268435455
   Debug Enable : 1
   size         : 340000
   average_time :    6.798 # [msec]
   throughput   :   50.018 # [mwords/sec]
   Debug_Time(0):   14.241 # [msec]
   Debug_Time(1):    6.370 # [msec]
   Debug_Time(2):    3.793 # [msec]
   Debug_Time(3):    2.157 # [msec]
   Debug_Time(4):    1.921 # [msec]
-
   Version      : 1.7
   Ways         : 32
   Words        : 2
   Feedback     : 0
   WordBits     : 32
   IndexBits    : 32
   Sort Order   : 0
   Sign Compare : 0
   Max Size     : 268435455
   Debug Enable : 1
   size         : 345000
   average_time :    6.855 # [msec]
   throughput   :   50.328 # [mwords/sec]
   Debug_Time(0):   14.432 # [msec]
   Debug_Time(1):    6.424 # [msec]
   Debug_Time(2):    3.859 # [msec]
   Debug_Time(3):    2.195 # [msec]
   Debug_Time(4):    1.955 # [msec]
-
   Version      : 1.7
   Ways         : 32
   Words        : 2
   Feedback     : 0
   WordBits     : 32
   IndexBits    : 32
   Sort Order   : 0
   Sign Compare : 0
   Max Size     : 268435455
   Debug Enable : 1
   size         : 350000
   average_time :    6.968 # [msec]
   throughput   :   50.230 # [mwords/sec]
   Debug_Time(0):   14.476 # [msec]
   Debug_Time(1):    6.381 # [msec]
   Debug_Time(2):    3.901 # [msec]
   Debug_Time(3):    2.225 # [msec]
   Debug_Time(4):    1.970 # [msec]
-
   Version      : 1.7
   Ways         : 32
   Words        : 2
   Feedback     : 0
   WordBits     : 32
   IndexBits    : 32
   Sort Order   : 0
   Sign Compare : 0
   Max Size     : 268435455
   Debug Enable : 1
   size         : 355000
   average_time :    7.063 # [msec]
   throughput   :   50.260 # [mwords/sec]
   Debug_Time(0):   14.936 # [msec]
   Debug_Time(1):    6.700 # [msec]
   Debug_Time(2):    3.949 # [msec]
   Debug_Time(3):    2.267 # [msec]
   Debug_Time(4):    2.020 # [msec]
-
   Version      : 1.7
   Ways         : 32
   Words        : 2
   Feedback     : 0
   WordBits     : 32
   IndexBits    : 32
   Sort Order   : 0
   Sign Compare : 0
   Max Size     : 268435455
   Debug Enable : 1
   size         : 360000
   average_time :    7.165 # [msec]
   throughput   :   50.242 # [mwords/sec]
   Debug_Time(0):   15.123 # [msec]
   Debug_Time(1):    6.770 # [msec]
   Debug_Time(2):    4.009 # [msec]
   Debug_Time(3):    2.304 # [msec]
   Debug_Time(4):    2.040 # [msec]
-
   Version      : 1.7
   Ways         : 32
   Words        : 2
   Feedback     : 0
   WordBits     : 32
   IndexBits    : 32
   Sort Order   : 0
   Sign Compare : 0
   Max Size     : 268435455
   Debug Enable : 1
   size         : 365000
   average_time :    7.231 # [msec]
   throughput   :   50.476 # [mwords/sec]
   Debug_Time(0):   15.210 # [msec]
   Debug_Time(1):    6.741 # [msec]
   Debug_Time(2):    4.071 # [msec]
   Debug_Time(3):    2.323 # [msec]
   Debug_Time(4):    2.075 # [msec]
-
   Version      : 1.7
   Ways         : 32
   Words        : 2
   Feedback     : 0
   WordBits     : 32
   IndexBits    : 32
   Sort Order   : 0
   Sign Compare : 0
   Max Size     : 268435455
   Debug Enable : 1
   size         : 370000
   average_time :    7.343 # [msec]
   throughput   :   50.385 # [mwords/sec]
   Debug_Time(0):   15.531 # [msec]
   Debug_Time(1):    6.913 # [msec]
   Debug_Time(2):    4.125 # [msec]
   Debug_Time(3):    2.395 # [msec]
   Debug_Time(4):    2.097 # [msec]
-
   Version      : 1.7
   Ways         : 32
   Words        : 2
   Feedback     : 0
   WordBits     : 32
   IndexBits    : 32
   Sort Order   : 0
   Sign Compare : 0
   Max Size     : 268435455
   Debug Enable : 1
   size         : 375000
   average_time :    7.449 # [msec]
   throughput   :   50.341 # [mwords/sec]
   Debug_Time(0):   15.640 # [msec]
   Debug_Time(1):    6.935 # [msec]
   Debug_Time(2):    4.178 # [msec]
   Debug_Time(3):    2.400 # [msec]
   Debug_Time(4):    2.127 # [msec]
-
   Version      : 1.7
   Ways         : 32
   Words        : 2
   Feedback     : 0
   WordBits     : 32
   IndexBits    : 32
   Sort Order   : 0
   Sign Compare : 0
   Max Size     : 268435455
   Debug Enable : 1
   size         : 380000
   average_time :    7.515 # [msec]
   throughput   :   50.563 # [mwords/sec]
   Debug_Time(0):   15.585 # [msec]
   Debug_Time(1):    6.769 # [msec]
   Debug_Time(2):    4.229 # [msec]
   Debug_Time(3):    2.432 # [msec]
   Debug_Time(4):    2.155 # [msec]
-
   Version      : 1.7
   Ways         : 32
   Words        : 2
   Feedback     : 0
   WordBits     : 32
   IndexBits    : 32
   Sort Order   : 0
   Sign Compare : 0
   Max Size     : 268435455
   Debug Enable : 1
   size         : 385000
   average_time :    7.629 # [msec]
   throughput   :   50.463 # [mwords/sec]
   Debug_Time(0):   16.079 # [msec]
   Debug_Time(1):    7.135 # [msec]
   Debug_Time(2):    4.291 # [msec]
   Debug_Time(3):    2.465 # [msec]
   Debug_Time(4):    2.188 # [msec]
-
   Version      : 1.7
   Ways         : 32
   Words        : 2
   Feedback     : 0
   WordBits     : 32
   IndexBits    : 32
   Sort Order   : 0
   Sign Compare : 0
   Max Size     : 268435455
   Debug Enable : 1
   size         : 390000
   average_time :    7.705 # [msec]
   throughput   :   50.618 # [mwords/sec]
   Debug_Time(0):   16.272 # [msec]
   Debug_Time(1):    7.231 # [msec]
   Debug_Time(2):    4.345 # [msec]
   Debug_Time(3):    2.485 # [msec]
   Debug_Time(4):    2.211 # [msec]
-
   Version      : 1.7
   Ways         : 32
   Words        : 2
   Feedback     : 0
   WordBits     : 32
   IndexBits    : 32
   Sort Order   : 0
   Sign Compare : 0
   Max Size     : 268435455
   Debug Enable : 1
   size         : 395000
   average_time :    7.804 # [msec]
   throughput   :   50.614 # [mwords/sec]
   Debug_Time(0):   16.441 # [msec]
   Debug_Time(1):    7.260 # [msec]
   Debug_Time(2):    4.398 # [msec]
   Debug_Time(3):    2.521 # [msec]
   Debug_Time(4):    2.262 # [msec]
-
   Version      : 1.7
   Ways         : 32
   Words        : 2
   Feedback     : 0
   WordBits     : 32
   IndexBits    : 32
   Sort Order   : 0
   Sign Compare : 0
   Max Size     : 268435455
   Debug Enable : 1
   size         : 400000
   average_time :    7.891 # [msec]
   throughput   :   50.690 # [mwords/sec]
   Debug_Time(0):   16.666 # [msec]
   Debug_Time(1):    7.388 # [msec]
   Debug_Time(2):    4.456 # [msec]
   Debug_Time(3):    2.544 # [msec]
   Debug_Time(4):    2.278 # [msec]
-
   Version      : 1.7
   Ways         : 32
   Words        : 2
   Feedback     : 0
   WordBits     : 32
   IndexBits    : 32
   Sort Order   : 0
   Sign Compare : 0
   Max Size     : 268435455
   Debug Enable : 1
   size         : 405000
   average_time :    7.996 # [msec]
   throughput   :   50.650 # [mwords/sec]
   Debug_Time(0):   16.897 # [msec]
   Debug_Time(1):    7.501 # [msec]
   Debug_Time(2):    4.515 # [msec]
   Debug_Time(3):    2.575 # [msec]
   Debug_Time(4):    2.305 # [msec]
-
   Version      : 1.7
   Ways         : 32
   Words        : 2
   Feedback     : 0
   WordBits     : 32
   IndexBits    : 32
   Sort Order   : 0
   Sign Compare : 0
   Max Size     : 268435455
   Debug Enable : 1
   size         : 410000
   average_time :    8.075 # [msec]
   throughput   :   50.777 # [mwords/sec]
   Debug_Time(0):   17.073 # [msec]
   Debug_Time(1):    7.556 # [msec]
   Debug_Time(2):    4.573 # [msec]
   Debug_Time(3):    2.609 # [msec]
   Debug_Time(4):    2.335 # [msec]
-
   Version      : 1.7
   Ways         : 32
   Words        : 2
   Feedback     : 0
   WordBits     : 32
   IndexBits    : 32
   Sort Order   : 0
   Sign Compare : 0
   Max Size     : 268435455
   Debug Enable : 1
   size         : 415000
   average_time :    8.165 # [msec]
   throughput   :   50.826 # [mwords/sec]
   Debug_Time(0):   17.297 # [msec]
   Debug_Time(1):    7.678 # [msec]
   Debug_Time(2):    4.621 # [msec]
   Debug_Time(3):    2.639 # [msec]
   Debug_Time(4):    2.360 # [msec]
-
   Version      : 1.7
   Ways         : 32
   Words        : 2
   Feedback     : 0
   WordBits     : 32
   IndexBits    : 32
   Sort Order   : 0
   Sign Compare : 0
   Max Size     : 268435455
   Debug Enable : 1
   size         : 420000
   average_time :    8.278 # [msec]
   throughput   :   50.735 # [mwords/sec]
   Debug_Time(0):   17.440 # [msec]
   Debug_Time(1):    7.700 # [msec]
   Debug_Time(2):    4.684 # [msec]
   Debug_Time(3):    2.667 # [msec]
   Debug_Time(4):    2.389 # [msec]
-
   Version      : 1.7
   Ways         : 32
   Words        : 2
   Feedback     : 0
   WordBits     : 32
   IndexBits    : 32
   Sort Order   : 0
   Sign Compare : 0
   Max Size     : 268435455
   Debug Enable : 1
   size         : 425000
   average_time :    8.375 # [msec]
   throughput   :   50.748 # [mwords/sec]
   Debug_Time(0):   17.705 # [msec]
   Debug_Time(1):    7.848 # [msec]
   Debug_Time(2):    4.729 # [msec]
   Debug_Time(3):    2.695 # [msec]
   Debug_Time(4):    2.433 # [msec]
-
   Version      : 1.7
   Ways         : 32
   Words        : 2
   Feedback     : 0
   WordBits     : 32
   IndexBits    : 32
   Sort Order   : 0
   Sign Compare : 0
   Max Size     : 268435455
   Debug Enable : 1
   size         : 430000
   average_time :    8.441 # [msec]
   throughput   :   50.939 # [mwords/sec]
   Debug_Time(0):   17.875 # [msec]
   Debug_Time(1):    7.910 # [msec]
   Debug_Time(2):    4.791 # [msec]
   Debug_Time(3):    2.733 # [msec]
   Debug_Time(4):    2.441 # [msec]
-
   Version      : 1.7
   Ways         : 32
   Words        : 2
   Feedback     : 0
   WordBits     : 32
   IndexBits    : 32
   Sort Order   : 0
   Sign Compare : 0
   Max Size     : 268435455
   Debug Enable : 1
   size         : 435000
   average_time :    8.530 # [msec]
   throughput   :   50.996 # [mwords/sec]
   Debug_Time(0):   18.047 # [msec]
   Debug_Time(1):    7.949 # [msec]
   Debug_Time(2):    4.842 # [msec]
   Debug_Time(3):    2.775 # [msec]
   Debug_Time(4):    2.482 # [msec]
-
   Version      : 1.7
   Ways         : 32
   Words        : 2
   Feedback     : 0
   WordBits     : 32
   IndexBits    : 32
   Sort Order   : 0
   Sign Compare : 0
   Max Size     : 268435455
   Debug Enable : 1
   size         : 440000
   average_time :    8.635 # [msec]
   throughput   :   50.954 # [mwords/sec]
   Debug_Time(0):   18.249 # [msec]
   Debug_Time(1):    8.040 # [msec]
   Debug_Time(2):    4.904 # [msec]
   Debug_Time(3):    2.798 # [msec]
   Debug_Time(4):    2.507 # [msec]
-
   Version      : 1.7
   Ways         : 32
   Words        : 2
   Feedback     : 0
   WordBits     : 32
   IndexBits    : 32
   Sort Order   : 0
   Sign Compare : 0
   Max Size     : 268435455
   Debug Enable : 1
   size         : 445000
   average_time :    8.738 # [msec]
   throughput   :   50.927 # [mwords/sec]
   Debug_Time(0):   18.488 # [msec]
   Debug_Time(1):    8.157 # [msec]
   Debug_Time(2):    4.952 # [msec]
   Debug_Time(3):    2.842 # [msec]
   Debug_Time(4):    2.536 # [msec]
-
   Version      : 1.7
   Ways         : 32
   Words        : 2
   Feedback     : 0
   WordBits     : 32
   IndexBits    : 32
   Sort Order   : 0
   Sign Compare : 0
   Max Size     : 268435455
   Debug Enable : 1
   size         : 450000
   average_time :    8.833 # [msec]
   throughput   :   50.947 # [mwords/sec]
   Debug_Time(0):   18.651 # [msec]
   Debug_Time(1):    8.199 # [msec]
   Debug_Time(2):    5.012 # [msec]
   Debug_Time(3):    2.882 # [msec]
   Debug_Time(4):    2.558 # [msec]
-
   Version      : 1.7
   Ways         : 32
   Words        : 2
   Feedback     : 0
   WordBits     : 32
   IndexBits    : 32
   Sort Order   : 0
   Sign Compare : 0
   Max Size     : 268435455
   Debug Enable : 1
   size         : 455000
   average_time :    8.899 # [msec]
   throughput   :   51.128 # [mwords/sec]
   Debug_Time(0):   18.845 # [msec]
   Debug_Time(1):    8.268 # [msec]
   Debug_Time(2):    5.064 # [msec]
   Debug_Time(3):    2.910 # [msec]
   Debug_Time(4):    2.603 # [msec]
-
   Version      : 1.7
   Ways         : 32
   Words        : 2
   Feedback     : 0
   WordBits     : 32
   IndexBits    : 32
   Sort Order   : 0
   Sign Compare : 0
   Max Size     : 268435455
   Debug Enable : 1
   size         : 460000
   average_time :    8.976 # [msec]
   throughput   :   51.247 # [mwords/sec]
   Debug_Time(0):   18.999 # [msec]
   Debug_Time(1):    8.311 # [msec]
   Debug_Time(2):    5.123 # [msec]
   Debug_Time(3):    2.932 # [msec]
   Debug_Time(4):    2.633 # [msec]
-
   Version      : 1.7
   Ways         : 32
   Words        : 2
   Feedback     : 0
   WordBits     : 32
   IndexBits    : 32
   Sort Order   : 0
   Sign Compare : 0
   Max Size     : 268435455
   Debug Enable : 1
   size         : 465000
   average_time :    9.094 # [msec]
   throughput   :   51.134 # [mwords/sec]
   Debug_Time(0):   19.201 # [msec]
   Debug_Time(1):    8.375 # [msec]
   Debug_Time(2):    5.181 # [msec]
   Debug_Time(3):    2.956 # [msec]
   Debug_Time(4):    2.689 # [msec]
-
   Version      : 1.7
   Ways         : 32
   Words        : 2
   Feedback     : 0
   WordBits     : 32
   IndexBits    : 32
   Sort Order   : 0
   Sign Compare : 0
   Max Size     : 268435455
   Debug Enable : 1
   size         : 470000
   average_time :    9.180 # [msec]
   throughput   :   51.196 # [mwords/sec]
   Debug_Time(0):   19.507 # [msec]
   Debug_Time(1):    8.602 # [msec]
   Debug_Time(2):    5.232 # [msec]
   Debug_Time(3):    2.985 # [msec]
   Debug_Time(4):    2.688 # [msec]
-
   Version      : 1.7
   Ways         : 32
   Words        : 2
   Feedback     : 0
   WordBits     : 32
   IndexBits    : 32
   Sort Order   : 0
   Sign Compare : 0
   Max Size     : 268435455
   Debug Enable : 1
   size         : 475000
   average_time :    9.268 # [msec]
   throughput   :   51.250 # [mwords/sec]
   Debug_Time(0):   19.630 # [msec]
   Debug_Time(1):    8.617 # [msec]
   Debug_Time(2):    5.293 # [msec]
   Debug_Time(3):    3.013 # [msec]
   Debug_Time(4):    2.707 # [msec]
-
   Version      : 1.7
   Ways         : 32
   Words        : 2
   Feedback     : 0
   WordBits     : 32
   IndexBits    : 32
   Sort Order   : 0
   Sign Compare : 0
   Max Size     : 268435455
   Debug Enable : 1
   size         : 480000
   average_time :    9.366 # [msec]
   throughput   :   51.247 # [mwords/sec]
   Debug_Time(0):   19.838 # [msec]
   Debug_Time(1):    8.777 # [msec]
   Debug_Time(2):    5.339 # [msec]
   Debug_Time(3):    3.048 # [msec]
   Debug_Time(4):    2.675 # [msec]
-
   Version      : 1.7
   Ways         : 32
   Words        : 2
   Feedback     : 0
   WordBits     : 32
   IndexBits    : 32
   Sort Order   : 0
   Sign Compare : 0
   Max Size     : 268435455
   Debug Enable : 1
   size         : 485000
   average_time :    9.441 # [msec]
   throughput   :   51.372 # [mwords/sec]
   Debug_Time(0):   20.004 # [msec]
   Debug_Time(1):    8.774 # [msec]
   Debug_Time(2):    5.403 # [msec]
   Debug_Time(3):    3.081 # [msec]
   Debug_Time(4):    2.746 # [msec]
-
   Version      : 1.7
   Ways         : 32
   Words        : 2
   Feedback     : 0
   WordBits     : 32
   IndexBits    : 32
   Sort Order   : 0
   Sign Compare : 0
   Max Size     : 268435455
   Debug Enable : 1
   size         : 490000
   average_time :    9.550 # [msec]
   throughput   :   51.307 # [mwords/sec]
   Debug_Time(0):   20.205 # [msec]
   Debug_Time(1):    8.883 # [msec]
   Debug_Time(2):    5.477 # [msec]
   Debug_Time(3):    3.111 # [msec]
   Debug_Time(4):    2.733 # [msec]
-
   Version      : 1.7
   Ways         : 32
   Words        : 2
   Feedback     : 0
   WordBits     : 32
   IndexBits    : 32
   Sort Order   : 0
   Sign Compare : 0
   Max Size     : 268435455
   Debug Enable : 1
   size         : 495000
   average_time :    9.652 # [msec]
   throughput   :   51.285 # [mwords/sec]
   Debug_Time(0):   20.451 # [msec]
   Debug_Time(1):    8.974 # [msec]
   Debug_Time(2):    5.554 # [msec]
   Debug_Time(3):    3.164 # [msec]
   Debug_Time(4):    2.759 # [msec]
-
   Version      : 1.7
   Ways         : 32
   Words        : 2
   Feedback     : 0
   WordBits     : 32
   IndexBits    : 32
   Sort Order   : 0
   Sign Compare : 0
   Max Size     : 268435455
   Debug Enable : 1
   size         : 500000
   average_time :    9.755 # [msec]
   throughput   :   51.254 # [mwords/sec]
   Debug_Time(0):   20.780 # [msec]
   Debug_Time(1):    9.037 # [msec]
   Debug_Time(2):    5.704 # [msec]
   Debug_Time(3):    3.194 # [msec]
   Debug_Time(4):    2.845 # [msec]
-
   Version      : 1.7
   Ways         : 32
   Words        : 2
   Feedback     : 0
   WordBits     : 32
   IndexBits    : 32
   Sort Order   : 0
   Sign Compare : 0
   Max Size     : 268435455
   Debug Enable : 1
   size         : 505000
   average_time :    9.858 # [msec]
   throughput   :   51.227 # [mwords/sec]
   Debug_Time(0):   20.844 # [msec]
   Debug_Time(1):    9.137 # [msec]
   Debug_Time(2):    5.666 # [msec]
   Debug_Time(3):    3.222 # [msec]
   Debug_Time(4):    2.819 # [msec]
-
   Version      : 1.7
   Ways         : 32
   Words        : 2
   Feedback     : 0
   WordBits     : 32
   IndexBits    : 32
   Sort Order   : 0
   Sign Compare : 0
   Max Size     : 268435455
   Debug Enable : 1
   size         : 510000
   average_time :    9.961 # [msec]
   throughput   :   51.198 # [mwords/sec]
   Debug_Time(0):   21.269 # [msec]
   Debug_Time(1):    9.402 # [msec]
   Debug_Time(2):    5.703 # [msec]
   Debug_Time(3):    3.257 # [msec]
   Debug_Time(4):    2.907 # [msec]
-
   Version      : 1.7
   Ways         : 32
   Words        : 2
   Feedback     : 0
   WordBits     : 32
   IndexBits    : 32
   Sort Order   : 0
   Sign Compare : 0
   Max Size     : 268435455
   Debug Enable : 1
   size         : 515000
   average_time :   10.038 # [msec]
   throughput   :   51.303 # [mwords/sec]
   Debug_Time(0):   21.518 # [msec]
   Debug_Time(1):    9.525 # [msec]
   Debug_Time(2):    5.783 # [msec]
   Debug_Time(3):    3.281 # [msec]
   Debug_Time(4):    2.930 # [msec]
-
   Version      : 1.7
   Ways         : 32
   Words        : 2
   Feedback     : 0
   WordBits     : 32
   IndexBits    : 32
   Sort Order   : 0
   Sign Compare : 0
   Max Size     : 268435455
   Debug Enable : 1
   size         : 520000
   average_time :   10.121 # [msec]
   throughput   :   51.377 # [mwords/sec]
   Debug_Time(0):   21.715 # [msec]
   Debug_Time(1):    9.588 # [msec]
   Debug_Time(2):    5.843 # [msec]
   Debug_Time(3):    3.326 # [msec]
   Debug_Time(4):    2.958 # [msec]
-
   Version      : 1.7
   Ways         : 32
   Words        : 2
   Feedback     : 0
   WordBits     : 32
   IndexBits    : 32
   Sort Order   : 0
   Sign Compare : 0
   Max Size     : 268435455
   Debug Enable : 1
   size         : 525000
   average_time :   10.214 # [msec]
   throughput   :   51.398 # [mwords/sec]
   Debug_Time(0):   21.830 # [msec]
   Debug_Time(1):    9.559 # [msec]
   Debug_Time(2):    5.931 # [msec]
   Debug_Time(3):    3.351 # [msec]
   Debug_Time(4):    2.988 # [msec]
-
   Version      : 1.7
   Ways         : 32
   Words        : 2
   Feedback     : 0
   WordBits     : 32
   IndexBits    : 32
   Sort Order   : 0
   Sign Compare : 0
   Max Size     : 268435455
   Debug Enable : 1
   size         : 530000
   average_time :   10.300 # [msec]
   throughput   :   51.454 # [mwords/sec]
   Debug_Time(0):   21.891 # [msec]
   Debug_Time(1):    9.508 # [msec]
   Debug_Time(2):    5.990 # [msec]
   Debug_Time(3):    3.376 # [msec]
   Debug_Time(4):    3.016 # [msec]
-
   Version      : 1.7
   Ways         : 32
   Words        : 2
   Feedback     : 0
   WordBits     : 32
   IndexBits    : 32
   Sort Order   : 0
   Sign Compare : 0
   Max Size     : 268435455
   Debug Enable : 1
   size         : 535000
   average_time :   10.360 # [msec]
   throughput   :   51.642 # [mwords/sec]
   Debug_Time(0):   21.993 # [msec]
   Debug_Time(1):    9.503 # [msec]
   Debug_Time(2):    6.048 # [msec]
   Debug_Time(3):    3.398 # [msec]
   Debug_Time(4):    3.044 # [msec]
-
   Version      : 1.7
   Ways         : 32
   Words        : 2
   Feedback     : 0
   WordBits     : 32
   IndexBits    : 32
   Sort Order   : 0
   Sign Compare : 0
   Max Size     : 268435455
   Debug Enable : 1
   size         : 540000
   average_time :   10.500 # [msec]
   throughput   :   51.431 # [mwords/sec]
   Debug_Time(0):   22.298 # [msec]
   Debug_Time(1):    9.676 # [msec]
   Debug_Time(2):    6.115 # [msec]
   Debug_Time(3):    3.435 # [msec]
   Debug_Time(4):    3.072 # [msec]
-
   Version      : 1.7
   Ways         : 32
   Words        : 2
   Feedback     : 0
   WordBits     : 32
   IndexBits    : 32
   Sort Order   : 0
   Sign Compare : 0
   Max Size     : 268435455
   Debug Enable : 1
   size         : 545000
   average_time :   10.562 # [msec]
   throughput   :   51.598 # [mwords/sec]
   Debug_Time(0):   22.578 # [msec]
   Debug_Time(1):    9.866 # [msec]
   Debug_Time(2):    6.155 # [msec]
   Debug_Time(3):    3.457 # [msec]
   Debug_Time(4):    3.099 # [msec]
-
   Version      : 1.7
   Ways         : 32
   Words        : 2
   Feedback     : 0
   WordBits     : 32
   IndexBits    : 32
   Sort Order   : 0
   Sign Compare : 0
   Max Size     : 268435455
   Debug Enable : 1
   size         : 550000
   average_time :   10.672 # [msec]
   throughput   :   51.536 # [mwords/sec]
   Debug_Time(0):   22.663 # [msec]
   Debug_Time(1):    9.830 # [msec]
   Debug_Time(2):    6.216 # [msec]
   Debug_Time(3):    3.489 # [msec]
   Debug_Time(4):    3.129 # [msec]
-
   Version      : 1.7
   Ways         : 32
   Words        : 2
   Feedback     : 0
   WordBits     : 32
   IndexBits    : 32
   Sort Order   : 0
   Sign Compare : 0
   Max Size     : 268435455
   Debug Enable : 1
   size         : 555000
   average_time :   10.792 # [msec]
   throughput   :   51.425 # [mwords/sec]
   Debug_Time(0):   22.969 # [msec]
   Debug_Time(1):    9.998 # [msec]
   Debug_Time(2):    6.271 # [msec]
   Debug_Time(3):    3.543 # [msec]
   Debug_Time(4):    3.157 # [msec]
-
   Version      : 1.7
   Ways         : 32
   Words        : 2
   Feedback     : 0
   WordBits     : 32
   IndexBits    : 32
   Sort Order   : 0
   Sign Compare : 0
   Max Size     : 268435455
   Debug Enable : 1
   size         : 560000
   average_time :   10.884 # [msec]
   throughput   :   51.452 # [mwords/sec]
   Debug_Time(0):   23.188 # [msec]
   Debug_Time(1):   10.094 # [msec]
   Debug_Time(2):    6.334 # [msec]
   Debug_Time(3):    3.572 # [msec]
   Debug_Time(4):    3.188 # [msec]
-
   Version      : 1.7
   Ways         : 32
   Words        : 2
   Feedback     : 0
   WordBits     : 32
   IndexBits    : 32
   Sort Order   : 0
   Sign Compare : 0
   Max Size     : 268435455
   Debug Enable : 1
   size         : 565000
   average_time :   10.985 # [msec]
   throughput   :   51.435 # [mwords/sec]
   Debug_Time(0):   23.394 # [msec]
   Debug_Time(1):   10.173 # [msec]
   Debug_Time(2):    6.387 # [msec]
   Debug_Time(3):    3.618 # [msec]
   Debug_Time(4):    3.217 # [msec]
-
   Version      : 1.7
   Ways         : 32
   Words        : 2
   Feedback     : 0
   WordBits     : 32
   IndexBits    : 32
   Sort Order   : 0
   Sign Compare : 0
   Max Size     : 268435455
   Debug Enable : 1
   size         : 570000
   average_time :   11.070 # [msec]
   throughput   :   51.490 # [mwords/sec]
   Debug_Time(0):   23.611 # [msec]
   Debug_Time(1):   10.294 # [msec]
   Debug_Time(2):    6.434 # [msec]
   Debug_Time(3):    3.639 # [msec]
   Debug_Time(4):    3.244 # [msec]
-
   Version      : 1.7
   Ways         : 32
   Words        : 2
   Feedback     : 0
   WordBits     : 32
   IndexBits    : 32
   Sort Order   : 0
   Sign Compare : 0
   Max Size     : 268435455
   Debug Enable : 1
   size         : 575000
   average_time :   11.154 # [msec]
   throughput   :   51.550 # [mwords/sec]
   Debug_Time(0):   23.793 # [msec]
   Debug_Time(1):   10.357 # [msec]
   Debug_Time(2):    6.499 # [msec]
   Debug_Time(3):    3.663 # [msec]
   Debug_Time(4):    3.273 # [msec]
-
   Version      : 1.7
   Ways         : 32
   Words        : 2
   Feedback     : 0
   WordBits     : 32
   IndexBits    : 32
   Sort Order   : 0
   Sign Compare : 0
   Max Size     : 268435455
   Debug Enable : 1
   size         : 580000
   average_time :   11.248 # [msec]
   throughput   :   51.566 # [mwords/sec]
   Debug_Time(0):   23.986 # [msec]
   Debug_Time(1):   10.452 # [msec]
   Debug_Time(2):    6.539 # [msec]
   Debug_Time(3):    3.692 # [msec]
   Debug_Time(4):    3.303 # [msec]
-
   Version      : 1.7
   Ways         : 32
   Words        : 2
   Feedback     : 0
   WordBits     : 32
   IndexBits    : 32
   Sort Order   : 0
   Sign Compare : 0
   Max Size     : 268435455
   Debug Enable : 1
   size         : 585000
   average_time :   11.333 # [msec]
   throughput   :   51.619 # [mwords/sec]
   Debug_Time(0):   24.235 # [msec]
   Debug_Time(1):   10.559 # [msec]
   Debug_Time(2):    6.607 # [msec]
   Debug_Time(3):    3.738 # [msec]
   Debug_Time(4):    3.331 # [msec]
-
   Version      : 1.7
   Ways         : 32
   Words        : 2
   Feedback     : 0
   WordBits     : 32
   IndexBits    : 32
   Sort Order   : 0
   Sign Compare : 0
   Max Size     : 268435455
   Debug Enable : 1
   size         : 590000
   average_time :   11.432 # [msec]
   throughput   :   51.610 # [mwords/sec]
   Debug_Time(0):   24.447 # [msec]
   Debug_Time(1):   10.675 # [msec]
   Debug_Time(2):    6.660 # [msec]
   Debug_Time(3):    3.748 # [msec]
   Debug_Time(4):    3.364 # [msec]
-
   Version      : 1.7
   Ways         : 32
   Words        : 2
   Feedback     : 0
   WordBits     : 32
   IndexBits    : 32
   Sort Order   : 0
   Sign Compare : 0
   Max Size     : 268435455
   Debug Enable : 1
   size         : 595000
   average_time :   11.500 # [msec]
   throughput   :   51.737 # [mwords/sec]
   Debug_Time(0):   24.619 # [msec]
   Debug_Time(1):   10.727 # [msec]
   Debug_Time(2):    6.716 # [msec]
   Debug_Time(3):    3.781 # [msec]
   Debug_Time(4):    3.395 # [msec]
-
   Version      : 1.7
   Ways         : 32
   Words        : 2
   Feedback     : 0
   WordBits     : 32
   IndexBits    : 32
   Sort Order   : 0
   Sign Compare : 0
   Max Size     : 268435455
   Debug Enable : 1
   size         : 600000
   average_time :   11.601 # [msec]
   throughput   :   51.722 # [mwords/sec]
   Debug_Time(0):   24.820 # [msec]
   Debug_Time(1):   10.801 # [msec]
   Debug_Time(2):    6.777 # [msec]
   Debug_Time(3):    3.820 # [msec]
   Debug_Time(4):    3.422 # [msec]
-
   Version      : 1.7
   Ways         : 32
   Words        : 2
   Feedback     : 0
   WordBits     : 32
   IndexBits    : 32
   Sort Order   : 0
   Sign Compare : 0
   Max Size     : 268435455
   Debug Enable : 1
   size         : 605000
   average_time :   11.687 # [msec]
   throughput   :   51.768 # [mwords/sec]
   Debug_Time(0):   25.009 # [msec]
   Debug_Time(1):   10.886 # [msec]
   Debug_Time(2):    6.841 # [msec]
   Debug_Time(3):    3.831 # [msec]
   Debug_Time(4):    3.451 # [msec]
-
   Version      : 1.7
   Ways         : 32
   Words        : 2
   Feedback     : 0
   WordBits     : 32
   IndexBits    : 32
   Sort Order   : 0
   Sign Compare : 0
   Max Size     : 268435455
   Debug Enable : 1
   size         : 610000
   average_time :   11.770 # [msec]
   throughput   :   51.825 # [mwords/sec]
   Debug_Time(0):   25.230 # [msec]
   Debug_Time(1):   10.981 # [msec]
   Debug_Time(2):    6.898 # [msec]
   Debug_Time(3):    3.872 # [msec]
   Debug_Time(4):    3.479 # [msec]
-
   Version      : 1.7
   Ways         : 32
   Words        : 2
   Feedback     : 0
   WordBits     : 32
   IndexBits    : 32
   Sort Order   : 0
   Sign Compare : 0
   Max Size     : 268435455
   Debug Enable : 1
   size         : 615000
   average_time :   11.881 # [msec]
   throughput   :   51.764 # [mwords/sec]
   Debug_Time(0):   25.439 # [msec]
   Debug_Time(1):   11.069 # [msec]
   Debug_Time(2):    6.950 # [msec]
   Debug_Time(3):    3.910 # [msec]
   Debug_Time(4):    3.510 # [msec]
-
   Version      : 1.7
   Ways         : 32
   Words        : 2
   Feedback     : 0
   WordBits     : 32
   IndexBits    : 32
   Sort Order   : 0
   Sign Compare : 0
   Max Size     : 268435455
   Debug Enable : 1
   size         : 620000
   average_time :   11.965 # [msec]
   throughput   :   51.819 # [mwords/sec]
   Debug_Time(0):   25.663 # [msec]
   Debug_Time(1):   11.165 # [msec]
   Debug_Time(2):    7.015 # [msec]
   Debug_Time(3):    3.946 # [msec]
   Debug_Time(4):    3.538 # [msec]
-
   Version      : 1.7
   Ways         : 32
   Words        : 2
   Feedback     : 0
   WordBits     : 32
   IndexBits    : 32
   Sort Order   : 0
   Sign Compare : 0
   Max Size     : 268435455
   Debug Enable : 1
   size         : 625000
   average_time :   12.073 # [msec]
   throughput   :   51.766 # [mwords/sec]
   Debug_Time(0):   25.892 # [msec]
   Debug_Time(1):   11.269 # [msec]
   Debug_Time(2):    7.063 # [msec]
   Debug_Time(3):    3.993 # [msec]
   Debug_Time(4):    3.567 # [msec]
-
   Version      : 1.7
   Ways         : 32
   Words        : 2
   Feedback     : 0
   WordBits     : 32
   IndexBits    : 32
   Sort Order   : 0
   Sign Compare : 0
   Max Size     : 268435455
   Debug Enable : 1
   size         : 630000
   average_time :   12.153 # [msec]
   throughput   :   51.837 # [mwords/sec]
   Debug_Time(0):   26.076 # [msec]
   Debug_Time(1):   11.328 # [msec]
   Debug_Time(2):    7.119 # [msec]
   Debug_Time(3):    4.034 # [msec]
   Debug_Time(4):    3.596 # [msec]
-
   Version      : 1.7
   Ways         : 32
   Words        : 2
   Feedback     : 0
   WordBits     : 32
   IndexBits    : 32
   Sort Order   : 0
   Sign Compare : 0
   Max Size     : 268435455
   Debug Enable : 1
   size         : 635000
   average_time :   12.287 # [msec]
   throughput   :   51.682 # [mwords/sec]
   Debug_Time(0):   26.261 # [msec]
   Debug_Time(1):   11.416 # [msec]
   Debug_Time(2):    7.176 # [msec]
   Debug_Time(3):    4.043 # [msec]
   Debug_Time(4):    3.626 # [msec]
-
   Version      : 1.7
   Ways         : 32
   Words        : 2
   Feedback     : 0
   WordBits     : 32
   IndexBits    : 32
   Sort Order   : 0
   Sign Compare : 0
   Max Size     : 268435455
   Debug Enable : 1
   size         : 640000
   average_time :   12.339 # [msec]
   throughput   :   51.870 # [mwords/sec]
   Debug_Time(0):   26.502 # [msec]
   Debug_Time(1):   11.508 # [msec]
   Debug_Time(2):    7.240 # [msec]
   Debug_Time(3):    4.100 # [msec]
   Debug_Time(4):    3.655 # [msec]
-
   Version      : 1.7
   Ways         : 32
   Words        : 2
   Feedback     : 0
   WordBits     : 32
   IndexBits    : 32
   Sort Order   : 0
   Sign Compare : 0
   Max Size     : 268435455
   Debug Enable : 1
   size         : 645000
   average_time :   12.454 # [msec]
   throughput   :   51.790 # [mwords/sec]
   Debug_Time(0):   26.687 # [msec]
   Debug_Time(1):   11.602 # [msec]
   Debug_Time(2):    7.285 # [msec]
   Debug_Time(3):    4.116 # [msec]
   Debug_Time(4):    3.684 # [msec]
-
   Version      : 1.7
   Ways         : 32
   Words        : 2
   Feedback     : 0
   WordBits     : 32
   IndexBits    : 32
   Sort Order   : 0
   Sign Compare : 0
   Max Size     : 268435455
   Debug Enable : 1
   size         : 650000
   average_time :   12.545 # [msec]
   throughput   :   51.814 # [mwords/sec]
   Debug_Time(0):   26.868 # [msec]
   Debug_Time(1):   11.684 # [msec]
   Debug_Time(2):    7.342 # [msec]
   Debug_Time(3):    4.131 # [msec]
   Debug_Time(4):    3.711 # [msec]
-
   Version      : 1.7
   Ways         : 32
   Words        : 2
   Feedback     : 0
   WordBits     : 32
   IndexBits    : 32
   Sort Order   : 0
   Sign Compare : 0
   Max Size     : 268435455
   Debug Enable : 1
   size         : 655000
   average_time :   12.624 # [msec]
   throughput   :   51.884 # [mwords/sec]
   Debug_Time(0):   27.089 # [msec]
   Debug_Time(1):   11.783 # [msec]
   Debug_Time(2):    7.398 # [msec]
   Debug_Time(3):    4.165 # [msec]
   Debug_Time(4):    3.743 # [msec]
-
   Version      : 1.7
   Ways         : 32
   Words        : 2
   Feedback     : 0
   WordBits     : 32
   IndexBits    : 32
   Sort Order   : 0
   Sign Compare : 0
   Max Size     : 268435455
   Debug Enable : 1
   size         : 660000
   average_time :   12.704 # [msec]
   throughput   :   51.952 # [mwords/sec]
   Debug_Time(0):   27.313 # [msec]
   Debug_Time(1):   11.886 # [msec]
   Debug_Time(2):    7.449 # [msec]
   Debug_Time(3):    4.201 # [msec]
   Debug_Time(4):    3.777 # [msec]
-
   Version      : 1.7
   Ways         : 32
   Words        : 2
   Feedback     : 0
   WordBits     : 32
   IndexBits    : 32
   Sort Order   : 0
   Sign Compare : 0
   Max Size     : 268435455
   Debug Enable : 1
   size         : 665000
   average_time :   12.811 # [msec]
   throughput   :   51.908 # [mwords/sec]
   Debug_Time(0):   27.479 # [msec]
   Debug_Time(1):   11.947 # [msec]
   Debug_Time(2):    7.515 # [msec]
   Debug_Time(3):    4.220 # [msec]
   Debug_Time(4):    3.797 # [msec]
-
   Version      : 1.7
   Ways         : 32
   Words        : 2
   Feedback     : 0
   WordBits     : 32
   IndexBits    : 32
   Sort Order   : 0
   Sign Compare : 0
   Max Size     : 268435455
   Debug Enable : 1
   size         : 670000
   average_time :   12.909 # [msec]
   throughput   :   51.903 # [mwords/sec]
   Debug_Time(0):   27.603 # [msec]
   Debug_Time(1):   12.022 # [msec]
   Debug_Time(2):    7.549 # [msec]
   Debug_Time(3):    4.260 # [msec]
   Debug_Time(4):    3.772 # [msec]
-
   Version      : 1.7
   Ways         : 32
   Words        : 2
   Feedback     : 0
   WordBits     : 32
   IndexBits    : 32
   Sort Order   : 0
   Sign Compare : 0
   Max Size     : 268435455
   Debug Enable : 1
   size         : 675000
   average_time :   12.984 # [msec]
   throughput   :   51.988 # [mwords/sec]
   Debug_Time(0):   27.820 # [msec]
   Debug_Time(1):   12.102 # [msec]
   Debug_Time(2):    7.628 # [msec]
   Debug_Time(3):    4.286 # [msec]
   Debug_Time(4):    3.805 # [msec]
-
   Version      : 1.7
   Ways         : 32
   Words        : 2
   Feedback     : 0
   WordBits     : 32
   IndexBits    : 32
   Sort Order   : 0
   Sign Compare : 0
   Max Size     : 268435455
   Debug Enable : 1
   size         : 680000
   average_time :   13.067 # [msec]
   throughput   :   52.041 # [mwords/sec]
   Debug_Time(0):   28.012 # [msec]
   Debug_Time(1):   12.197 # [msec]
   Debug_Time(2):    7.686 # [msec]
   Debug_Time(3):    4.306 # [msec]
   Debug_Time(4):    3.823 # [msec]
-
   Version      : 1.7
   Ways         : 32
   Words        : 2
   Feedback     : 0
   WordBits     : 32
   IndexBits    : 32
   Sort Order   : 0
   Sign Compare : 0
   Max Size     : 268435455
   Debug Enable : 1
   size         : 685000
   average_time :   13.143 # [msec]
   throughput   :   52.118 # [mwords/sec]
   Debug_Time(0):   28.168 # [msec]
   Debug_Time(1):   12.248 # [msec]
   Debug_Time(2):    7.720 # [msec]
   Debug_Time(3):    4.356 # [msec]
   Debug_Time(4):    3.845 # [msec]
-
   Version      : 1.7
   Ways         : 32
   Words        : 2
   Feedback     : 0
   WordBits     : 32
   IndexBits    : 32
   Sort Order   : 0
   Sign Compare : 0
   Max Size     : 268435455
   Debug Enable : 1
   size         : 690000
   average_time :   13.245 # [msec]
   throughput   :   52.095 # [mwords/sec]
   Debug_Time(0):   28.361 # [msec]
   Debug_Time(1):   12.306 # [msec]
   Debug_Time(2):    7.781 # [msec]
   Debug_Time(3):    4.403 # [msec]
   Debug_Time(4):    3.870 # [msec]
-
   Version      : 1.7
   Ways         : 32
   Words        : 2
   Feedback     : 0
   WordBits     : 32
   IndexBits    : 32
   Sort Order   : 0
   Sign Compare : 0
   Max Size     : 268435455
   Debug Enable : 1
   size         : 695000
   average_time :   13.344 # [msec]
   throughput   :   52.083 # [mwords/sec]
   Debug_Time(0):   28.647 # [msec]
   Debug_Time(1):   12.469 # [msec]
   Debug_Time(2):    7.836 # [msec]
   Debug_Time(3):    4.406 # [msec]
   Debug_Time(4):    3.935 # [msec]
-
   Version      : 1.7
   Ways         : 32
   Words        : 2
   Feedback     : 0
   WordBits     : 32
   IndexBits    : 32
   Sort Order   : 0
   Sign Compare : 0
   Max Size     : 268435455
   Debug Enable : 1
   size         : 700000
   average_time :   13.456 # [msec]
   throughput   :   52.021 # [mwords/sec]
   Debug_Time(0):   28.855 # [msec]
   Debug_Time(1):   12.540 # [msec]
   Debug_Time(2):    7.884 # [msec]
   Debug_Time(3):    4.457 # [msec]
   Debug_Time(4):    3.974 # [msec]
-
   Version      : 1.7
   Ways         : 32
   Words        : 2
   Feedback     : 0
   WordBits     : 32
   IndexBits    : 32
   Sort Order   : 0
   Sign Compare : 0
   Max Size     : 268435455
   Debug Enable : 1
   size         : 705000
   average_time :   13.536 # [msec]
   throughput   :   52.083 # [mwords/sec]
   Debug_Time(0):   29.038 # [msec]
   Debug_Time(1):   12.633 # [msec]
   Debug_Time(2):    7.879 # [msec]
   Debug_Time(3):    4.490 # [msec]
   Debug_Time(4):    4.037 # [msec]
-
   Version      : 1.7
   Ways         : 32
   Words        : 2
   Feedback     : 0
   WordBits     : 32
   IndexBits    : 32
   Sort Order   : 0
   Sign Compare : 0
   Max Size     : 268435455
   Debug Enable : 1
   size         : 710000
   average_time :   13.647 # [msec]
   throughput   :   52.027 # [mwords/sec]
   Debug_Time(0):   29.162 # [msec]
   Debug_Time(1):   12.637 # [msec]
   Debug_Time(2):    7.927 # [msec]
   Debug_Time(3):    4.537 # [msec]
   Debug_Time(4):    4.060 # [msec]
-
   Version      : 1.7
   Ways         : 32
   Words        : 2
   Feedback     : 0
   WordBits     : 32
   IndexBits    : 32
   Sort Order   : 0
   Sign Compare : 0
   Max Size     : 268435455
   Debug Enable : 1
   size         : 715000
   average_time :   13.743 # [msec]
   throughput   :   52.025 # [mwords/sec]
   Debug_Time(0):   29.432 # [msec]
   Debug_Time(1):   12.790 # [msec]
   Debug_Time(2):    7.992 # [msec]
   Debug_Time(3):    4.558 # [msec]
   Debug_Time(4):    4.092 # [msec]
-
   Version      : 1.7
   Ways         : 32
   Words        : 2
   Feedback     : 0
   WordBits     : 32
   IndexBits    : 32
   Sort Order   : 0
   Sign Compare : 0
   Max Size     : 268435455
   Debug Enable : 1
   size         : 720000
   average_time :   13.824 # [msec]
   throughput   :   52.082 # [mwords/sec]
   Debug_Time(0):   29.701 # [msec]
   Debug_Time(1):   12.799 # [msec]
   Debug_Time(2):    8.198 # [msec]
   Debug_Time(3):    4.591 # [msec]
   Debug_Time(4):    4.113 # [msec]
-
   Version      : 1.7
   Ways         : 32
   Words        : 2
   Feedback     : 0
   WordBits     : 32
   IndexBits    : 32
   Sort Order   : 0
   Sign Compare : 0
   Max Size     : 268435455
   Debug Enable : 1
   size         : 725000
   average_time :   13.926 # [msec]
   throughput   :   52.062 # [mwords/sec]
   Debug_Time(0):   29.967 # [msec]
   Debug_Time(1):   12.922 # [msec]
   Debug_Time(2):    8.305 # [msec]
   Debug_Time(3):    4.596 # [msec]
   Debug_Time(4):    4.144 # [msec]
-
   Version      : 1.7
   Ways         : 32
   Words        : 2
   Feedback     : 0
   WordBits     : 32
   IndexBits    : 32
   Sort Order   : 0
   Sign Compare : 0
   Max Size     : 268435455
   Debug Enable : 1
   size         : 730000
   average_time :   14.016 # [msec]
   throughput   :   52.082 # [mwords/sec]
   Debug_Time(0):   30.062 # [msec]
   Debug_Time(1):   12.979 # [msec]
   Debug_Time(2):    8.272 # [msec]
   Debug_Time(3):    4.636 # [msec]
   Debug_Time(4):    4.175 # [msec]
-
   Version      : 1.7
   Ways         : 32
   Words        : 2
   Feedback     : 0
   WordBits     : 32
   IndexBits    : 32
   Sort Order   : 0
   Sign Compare : 0
   Max Size     : 268435455
   Debug Enable : 1
   size         : 735000
   average_time :   14.126 # [msec]
   throughput   :   52.031 # [mwords/sec]
   Debug_Time(0):   30.534 # [msec]
   Debug_Time(1):   13.187 # [msec]
   Debug_Time(2):    8.475 # [msec]
   Debug_Time(3):    4.659 # [msec]
   Debug_Time(4):    4.213 # [msec]
-
   Version      : 1.7
   Ways         : 32
   Words        : 2
   Feedback     : 0
   WordBits     : 32
   IndexBits    : 32
   Sort Order   : 0
   Sign Compare : 0
   Max Size     : 268435455
   Debug Enable : 1
   size         : 740000
   average_time :   14.199 # [msec]
   throughput   :   52.118 # [mwords/sec]
   Debug_Time(0):   30.625 # [msec]
   Debug_Time(1):   13.162 # [msec]
   Debug_Time(2):    8.551 # [msec]
   Debug_Time(3):    4.699 # [msec]
   Debug_Time(4):    4.213 # [msec]
-
   Version      : 1.7
   Ways         : 32
   Words        : 2
   Feedback     : 0
   WordBits     : 32
   IndexBits    : 32
   Sort Order   : 0
   Sign Compare : 0
   Max Size     : 268435455
   Debug Enable : 1
   size         : 745000
   average_time :   14.326 # [msec]
   throughput   :   52.002 # [mwords/sec]
   Debug_Time(0):   31.085 # [msec]
   Debug_Time(1):   13.489 # [msec]
   Debug_Time(2):    8.582 # [msec]
   Debug_Time(3):    4.734 # [msec]
   Debug_Time(4):    4.280 # [msec]
-
   Version      : 1.7
   Ways         : 32
   Words        : 2
   Feedback     : 0
   WordBits     : 32
   IndexBits    : 32
   Sort Order   : 0
   Sign Compare : 0
   Max Size     : 268435455
   Debug Enable : 1
   size         : 750000
   average_time :   14.443 # [msec]
   throughput   :   51.928 # [mwords/sec]
   Debug_Time(0):   31.640 # [msec]
   Debug_Time(1):   13.854 # [msec]
   Debug_Time(2):    8.651 # [msec]
   Debug_Time(3):    4.776 # [msec]
   Debug_Time(4):    4.360 # [msec]
-
   Version      : 1.7
   Ways         : 32
   Words        : 2
   Feedback     : 0
   WordBits     : 32
   IndexBits    : 32
   Sort Order   : 0
   Sign Compare : 0
   Max Size     : 268435455
   Debug Enable : 1
   size         : 755000
   average_time :   14.516 # [msec]
   throughput   :   52.012 # [mwords/sec]
   Debug_Time(0):   31.624 # [msec]
   Debug_Time(1):   13.747 # [msec]
   Debug_Time(2):    8.690 # [msec]
   Debug_Time(3):    4.821 # [msec]
   Debug_Time(4):    4.367 # [msec]
-
   Version      : 1.7
   Ways         : 32
   Words        : 2
   Feedback     : 0
   WordBits     : 32
   IndexBits    : 32
   Sort Order   : 0
   Sign Compare : 0
   Max Size     : 268435455
   Debug Enable : 1
   size         : 760000
   average_time :   14.619 # [msec]
   throughput   :   51.988 # [mwords/sec]
   Debug_Time(0):   32.061 # [msec]
   Debug_Time(1):   14.094 # [msec]
   Debug_Time(2):    8.743 # [msec]
   Debug_Time(3):    4.831 # [msec]
   Debug_Time(4):    4.394 # [msec]
-
   Version      : 1.7
   Ways         : 32
   Words        : 2
   Feedback     : 0
   WordBits     : 32
   IndexBits    : 32
   Sort Order   : 0
   Sign Compare : 0
   Max Size     : 268435455
   Debug Enable : 1
   size         : 765000
   average_time :   14.681 # [msec]
   throughput   :   52.110 # [mwords/sec]
   Debug_Time(0):   32.071 # [msec]
   Debug_Time(1):   13.984 # [msec]
   Debug_Time(2):    8.785 # [msec]
   Debug_Time(3):    4.872 # [msec]
   Debug_Time(4):    4.430 # [msec]
-
   Version      : 1.7
   Ways         : 32
   Words        : 2
   Feedback     : 0
   WordBits     : 32
   IndexBits    : 32
   Sort Order   : 0
   Sign Compare : 0
   Max Size     : 268435455
   Debug Enable : 1
   size         : 770000
   average_time :   14.781 # [msec]
   throughput   :   52.092 # [mwords/sec]
   Debug_Time(0):   32.006 # [msec]
   Debug_Time(1):   13.909 # [msec]
   Debug_Time(2):    8.699 # [msec]
   Debug_Time(3):    4.882 # [msec]
   Debug_Time(4):    4.516 # [msec]
-
   Version      : 1.7
   Ways         : 32
   Words        : 2
   Feedback     : 0
   WordBits     : 32
   IndexBits    : 32
   Sort Order   : 0
   Sign Compare : 0
   Max Size     : 268435455
   Debug Enable : 1
   size         : 775000
   average_time :   14.874 # [msec]
   throughput   :   52.106 # [mwords/sec]
   Debug_Time(0):   32.122 # [msec]
   Debug_Time(1):   14.041 # [msec]
   Debug_Time(2):    8.654 # [msec]
   Debug_Time(3):    4.920 # [msec]
   Debug_Time(4):    4.508 # [msec]
-
   Version      : 1.7
   Ways         : 32
   Words        : 2
   Feedback     : 0
   WordBits     : 32
   IndexBits    : 32
   Sort Order   : 0
   Sign Compare : 0
   Max Size     : 268435455
   Debug Enable : 1
   size         : 780000
   average_time :   14.999 # [msec]
   throughput   :   52.004 # [mwords/sec]
   Debug_Time(0):   32.840 # [msec]
   Debug_Time(1):   14.332 # [msec]
   Debug_Time(2):    8.991 # [msec]
   Debug_Time(3):    4.978 # [msec]
   Debug_Time(4):    4.539 # [msec]
-
   Version      : 1.7
   Ways         : 32
   Words        : 2
   Feedback     : 0
   WordBits     : 32
   IndexBits    : 32
   Sort Order   : 0
   Sign Compare : 0
   Max Size     : 268435455
   Debug Enable : 1
   size         : 785000
   average_time :   15.047 # [msec]
   throughput   :   52.170 # [mwords/sec]
   Debug_Time(0):   32.392 # [msec]
   Debug_Time(1):   14.112 # [msec]
   Debug_Time(2):    8.733 # [msec]
   Debug_Time(3):    4.981 # [msec]
   Debug_Time(4):    4.567 # [msec]
-
   Version      : 1.7
   Ways         : 32
   Words        : 2
   Feedback     : 0
   WordBits     : 32
   IndexBits    : 32
   Sort Order   : 0
   Sign Compare : 0
   Max Size     : 268435455
   Debug Enable : 1
   size         : 790000
   average_time :   15.137 # [msec]
   throughput   :   52.190 # [mwords/sec]
   Debug_Time(0):   32.714 # [msec]
   Debug_Time(1):   14.344 # [msec]
   Debug_Time(2):    8.788 # [msec]
   Debug_Time(3):    5.014 # [msec]
   Debug_Time(4):    4.568 # [msec]
-
   Version      : 1.7
   Ways         : 32
   Words        : 2
   Feedback     : 0
   WordBits     : 32
   IndexBits    : 32
   Sort Order   : 0
   Sign Compare : 0
   Max Size     : 268435455
   Debug Enable : 1
   size         : 795000
   average_time :   15.219 # [msec]
   throughput   :   52.238 # [mwords/sec]
   Debug_Time(0):   32.765 # [msec]
   Debug_Time(1):   14.175 # [msec]
   Debug_Time(2):    8.984 # [msec]
   Debug_Time(3):    5.041 # [msec]
   Debug_Time(4):    4.565 # [msec]
-
   Version      : 1.7
   Ways         : 32
   Words        : 2
   Feedback     : 0
   WordBits     : 32
   IndexBits    : 32
   Sort Order   : 0
   Sign Compare : 0
   Max Size     : 268435455
   Debug Enable : 1
   size         : 800000
   average_time :   15.302 # [msec]
   throughput   :   52.282 # [mwords/sec]
   Debug_Time(0):   32.772 # [msec]
   Debug_Time(1):   14.139 # [msec]
   Debug_Time(2):    8.906 # [msec]
   Debug_Time(3):    5.091 # [msec]
   Debug_Time(4):    4.636 # [msec]
-
   Version      : 1.7
   Ways         : 32
   Words        : 2
   Feedback     : 0
   WordBits     : 32
   IndexBits    : 32
   Sort Order   : 0
   Sign Compare : 0
   Max Size     : 268435455
   Debug Enable : 1
   size         : 805000
   average_time :   15.389 # [msec]
   throughput   :   52.311 # [mwords/sec]
   Debug_Time(0):   32.996 # [msec]
   Debug_Time(1):   14.227 # [msec]
   Debug_Time(2):    8.952 # [msec]
   Debug_Time(3):    5.115 # [msec]
   Debug_Time(4):    4.702 # [msec]
-
   Version      : 1.7
   Ways         : 32
   Words        : 2
   Feedback     : 0
   WordBits     : 32
   IndexBits    : 32
   Sort Order   : 0
   Sign Compare : 0
   Max Size     : 268435455
   Debug Enable : 1
   size         : 810000
   average_time :   15.515 # [msec]
   throughput   :   52.209 # [mwords/sec]
   Debug_Time(0):   33.182 # [msec]
   Debug_Time(1):   14.286 # [msec]
   Debug_Time(2):    9.009 # [msec]
   Debug_Time(3):    5.149 # [msec]
   Debug_Time(4):    4.738 # [msec]
-
   Version      : 1.7
   Ways         : 32
   Words        : 2
   Feedback     : 0
   WordBits     : 32
   IndexBits    : 32
   Sort Order   : 0
   Sign Compare : 0
   Max Size     : 268435455
   Debug Enable : 1
   size         : 815000
   average_time :   15.576 # [msec]
   throughput   :   52.323 # [mwords/sec]
   Debug_Time(0):   33.111 # [msec]
   Debug_Time(1):   14.161 # [msec]
   Debug_Time(2):    9.066 # [msec]
   Debug_Time(3):    5.163 # [msec]
   Debug_Time(4):    4.720 # [msec]
-
   Version      : 1.7
   Ways         : 32
   Words        : 2
   Feedback     : 0
   WordBits     : 32
   IndexBits    : 32
   Sort Order   : 0
   Sign Compare : 0
   Max Size     : 268435455
   Debug Enable : 1
   size         : 820000
   average_time :   15.661 # [msec]
   throughput   :   52.359 # [mwords/sec]
   Debug_Time(0):   33.357 # [msec]
   Debug_Time(1):   14.219 # [msec]
   Debug_Time(2):    9.121 # [msec]
   Debug_Time(3):    5.217 # [msec]
   Debug_Time(4):    4.800 # [msec]
-
   Version      : 1.7
   Ways         : 32
   Words        : 2
   Feedback     : 0
   WordBits     : 32
   IndexBits    : 32
   Sort Order   : 0
   Sign Compare : 0
   Max Size     : 268435455
   Debug Enable : 1
   size         : 825000
   average_time :   15.766 # [msec]
   throughput   :   52.329 # [mwords/sec]
   Debug_Time(0):   33.495 # [msec]
   Debug_Time(1):   14.323 # [msec]
   Debug_Time(2):    9.180 # [msec]
   Debug_Time(3):    5.236 # [msec]
   Debug_Time(4):    4.757 # [msec]
-
   Version      : 1.7
   Ways         : 32
   Words        : 2
   Feedback     : 0
   WordBits     : 32
   IndexBits    : 32
   Sort Order   : 0
   Sign Compare : 0
   Max Size     : 268435455
   Debug Enable : 1
   size         : 830000
   average_time :   15.890 # [msec]
   throughput   :   52.233 # [mwords/sec]
   Debug_Time(0):   34.013 # [msec]
   Debug_Time(1):   14.645 # [msec]
   Debug_Time(2):    9.230 # [msec]
   Debug_Time(3):    5.293 # [msec]
   Debug_Time(4):    4.844 # [msec]
-
   Version      : 1.7
   Ways         : 32
   Words        : 2
   Feedback     : 0
   WordBits     : 32
   IndexBits    : 32
   Sort Order   : 0
   Sign Compare : 0
   Max Size     : 268435455
   Debug Enable : 1
   size         : 835000
   average_time :   15.969 # [msec]
   throughput   :   52.288 # [mwords/sec]
   Debug_Time(0):   34.133 # [msec]
   Debug_Time(1):   14.658 # [msec]
   Debug_Time(2):    9.288 # [msec]
   Debug_Time(3):    5.308 # [msec]
   Debug_Time(4):    4.880 # [msec]
-
   Version      : 1.7
   Ways         : 32
   Words        : 2
   Feedback     : 0
   WordBits     : 32
   IndexBits    : 32
   Sort Order   : 0
   Sign Compare : 0
   Max Size     : 268435455
   Debug Enable : 1
   size         : 840000
   average_time :   16.059 # [msec]
   throughput   :   52.307 # [mwords/sec]
   Debug_Time(0):   34.290 # [msec]
   Debug_Time(1):   14.694 # [msec]
   Debug_Time(2):    9.347 # [msec]
   Debug_Time(3):    5.354 # [msec]
   Debug_Time(4):    4.894 # [msec]
-
   Version      : 1.7
   Ways         : 32
   Words        : 2
   Feedback     : 0
   WordBits     : 32
   IndexBits    : 32
   Sort Order   : 0
   Sign Compare : 0
   Max Size     : 268435455
   Debug Enable : 1
   size         : 845000
   average_time :   16.157 # [msec]
   throughput   :   52.299 # [mwords/sec]
   Debug_Time(0):   34.503 # [msec]
   Debug_Time(1):   14.813 # [msec]
   Debug_Time(2):    9.403 # [msec]
   Debug_Time(3):    5.380 # [msec]
   Debug_Time(4):    4.907 # [msec]
-
   Version      : 1.7
   Ways         : 32
   Words        : 2
   Feedback     : 0
   WordBits     : 32
   IndexBits    : 32
   Sort Order   : 0
   Sign Compare : 0
   Max Size     : 268435455
   Debug Enable : 1
   size         : 850000
   average_time :   16.250 # [msec]
   throughput   :   52.309 # [mwords/sec]
   Debug_Time(0):   34.637 # [msec]
   Debug_Time(1):   14.879 # [msec]
   Debug_Time(2):    9.462 # [msec]
   Debug_Time(3):    5.389 # [msec]
   Debug_Time(4):    4.907 # [msec]
-
   Version      : 1.7
   Ways         : 32
   Words        : 2
   Feedback     : 0
   WordBits     : 32
   IndexBits    : 32
   Sort Order   : 0
   Sign Compare : 0
   Max Size     : 268435455
   Debug Enable : 1
   size         : 855000
   average_time :   16.345 # [msec]
   throughput   :   52.311 # [mwords/sec]
   Debug_Time(0):   34.973 # [msec]
   Debug_Time(1):   15.029 # [msec]
   Debug_Time(2):    9.511 # [msec]
   Debug_Time(3):    5.441 # [msec]
   Debug_Time(4):    4.992 # [msec]
-
   Version      : 1.7
   Ways         : 32
   Words        : 2
   Feedback     : 0
   WordBits     : 32
   IndexBits    : 32
   Sort Order   : 0
   Sign Compare : 0
   Max Size     : 268435455
   Debug Enable : 1
   size         : 860000
   average_time :   16.430 # [msec]
   throughput   :   52.345 # [mwords/sec]
   Debug_Time(0):   35.212 # [msec]
   Debug_Time(1):   15.167 # [msec]
   Debug_Time(2):    9.573 # [msec]
   Debug_Time(3):    5.450 # [msec]
   Debug_Time(4):    5.021 # [msec]
-
   Version      : 1.7
   Ways         : 32
   Words        : 2
   Feedback     : 0
   WordBits     : 32
   IndexBits    : 32
   Sort Order   : 0
   Sign Compare : 0
   Max Size     : 268435455
   Debug Enable : 1
   size         : 865000
   average_time :   16.500 # [msec]
   throughput   :   52.425 # [mwords/sec]
   Debug_Time(0):   35.337 # [msec]
   Debug_Time(1):   15.174 # [msec]
   Debug_Time(2):    9.622 # [msec]
   Debug_Time(3):    5.488 # [msec]
   Debug_Time(4):    5.053 # [msec]
-
   Version      : 1.7
   Ways         : 32
   Words        : 2
   Feedback     : 0
   WordBits     : 32
   IndexBits    : 32
   Sort Order   : 0
   Sign Compare : 0
   Max Size     : 268435455
   Debug Enable : 1
   size         : 870000
   average_time :   16.605 # [msec]
   throughput   :   52.394 # [mwords/sec]
   Debug_Time(0):   35.622 # [msec]
   Debug_Time(1):   15.329 # [msec]
   Debug_Time(2):    9.678 # [msec]
   Debug_Time(3):    5.535 # [msec]
   Debug_Time(4):    5.081 # [msec]
-
   Version      : 1.7
   Ways         : 32
   Words        : 2
   Feedback     : 0
   WordBits     : 32
   IndexBits    : 32
   Sort Order   : 0
   Sign Compare : 0
   Max Size     : 268435455
   Debug Enable : 1
   size         : 875000
   average_time :   16.711 # [msec]
   throughput   :   52.360 # [mwords/sec]
   Debug_Time(0):   35.680 # [msec]
   Debug_Time(1):   15.345 # [msec]
   Debug_Time(2):    9.736 # [msec]
   Debug_Time(3):    5.538 # [msec]
   Debug_Time(4):    5.062 # [msec]
-
   Version      : 1.7
   Ways         : 32
   Words        : 2
   Feedback     : 0
   WordBits     : 32
   IndexBits    : 32
   Sort Order   : 0
   Sign Compare : 0
   Max Size     : 268435455
   Debug Enable : 1
   size         : 880000
   average_time :   16.765 # [msec]
   throughput   :   52.490 # [mwords/sec]
   Debug_Time(0):   35.894 # [msec]
   Debug_Time(1):   15.426 # [msec]
   Debug_Time(2):    9.791 # [msec]
   Debug_Time(3):    5.581 # [msec]
   Debug_Time(4):    5.097 # [msec]
-
   Version      : 1.7
   Ways         : 32
   Words        : 2
   Feedback     : 0
   WordBits     : 32
   IndexBits    : 32
   Sort Order   : 0
   Sign Compare : 0
   Max Size     : 268435455
   Debug Enable : 1
   size         : 885000
   average_time :   16.871 # [msec]
   throughput   :   52.458 # [mwords/sec]
   Debug_Time(0):   36.111 # [msec]
   Debug_Time(1):   15.502 # [msec]
   Debug_Time(2):    9.843 # [msec]
   Debug_Time(3):    5.637 # [msec]
   Debug_Time(4):    5.129 # [msec]
-
   Version      : 1.7
   Ways         : 32
   Words        : 2
   Feedback     : 0
   WordBits     : 32
   IndexBits    : 32
   Sort Order   : 0
   Sign Compare : 0
   Max Size     : 268435455
   Debug Enable : 1
   size         : 890000
   average_time :   16.964 # [msec]
   throughput   :   52.463 # [mwords/sec]
   Debug_Time(0):   36.440 # [msec]
   Debug_Time(1):   15.688 # [msec]
   Debug_Time(2):    9.899 # [msec]
   Debug_Time(3):    5.653 # [msec]
   Debug_Time(4):    5.199 # [msec]
-
   Version      : 1.7
   Ways         : 32
   Words        : 2
   Feedback     : 0
   WordBits     : 32
   IndexBits    : 32
   Sort Order   : 0
   Sign Compare : 0
   Max Size     : 268435455
   Debug Enable : 1
   size         : 895000
   average_time :   17.056 # [msec]
   throughput   :   52.475 # [mwords/sec]
   Debug_Time(0):   36.722 # [msec]
   Debug_Time(1):   15.831 # [msec]
   Debug_Time(2):    9.962 # [msec]
   Debug_Time(3):    5.699 # [msec]
   Debug_Time(4):    5.230 # [msec]
-
   Version      : 1.7
   Ways         : 32
   Words        : 2
   Feedback     : 0
   WordBits     : 32
   IndexBits    : 32
   Sort Order   : 0
   Sign Compare : 0
   Max Size     : 268435455
   Debug Enable : 1
   size         : 900000
   average_time :   17.154 # [msec]
   throughput   :   52.465 # [mwords/sec]
   Debug_Time(0):   36.859 # [msec]
   Debug_Time(1):   15.847 # [msec]
   Debug_Time(2):   10.006 # [msec]
   Debug_Time(3):    5.737 # [msec]
   Debug_Time(4):    5.269 # [msec]
-
   Version      : 1.7
   Ways         : 32
   Words        : 2
   Feedback     : 0
   WordBits     : 32
   IndexBits    : 32
   Sort Order   : 0
   Sign Compare : 0
   Max Size     : 268435455
   Debug Enable : 1
   size         : 905000
   average_time :   17.233 # [msec]
   throughput   :   52.516 # [mwords/sec]
   Debug_Time(0):   36.991 # [msec]
   Debug_Time(1):   15.909 # [msec]
   Debug_Time(2):   10.075 # [msec]
   Debug_Time(3):    5.750 # [msec]
   Debug_Time(4):    5.258 # [msec]
-
   Version      : 1.7
   Ways         : 32
   Words        : 2
   Feedback     : 0
   WordBits     : 32
   IndexBits    : 32
   Sort Order   : 0
   Sign Compare : 0
   Max Size     : 268435455
   Debug Enable : 1
   size         : 910000
   average_time :   17.325 # [msec]
   throughput   :   52.526 # [mwords/sec]
   Debug_Time(0):   37.178 # [msec]
   Debug_Time(1):   15.958 # [msec]
   Debug_Time(2):   10.125 # [msec]
   Debug_Time(3):    5.787 # [msec]
   Debug_Time(4):    5.308 # [msec]
-
   Version      : 1.7
   Ways         : 32
   Words        : 2
   Feedback     : 0
   WordBits     : 32
   IndexBits    : 32
   Sort Order   : 0
   Sign Compare : 0
   Max Size     : 268435455
   Debug Enable : 1
   size         : 915000
   average_time :   17.410 # [msec]
   throughput   :   52.557 # [mwords/sec]
   Debug_Time(0):   37.345 # [msec]
   Debug_Time(1):   16.052 # [msec]
   Debug_Time(2):   10.179 # [msec]
   Debug_Time(3):    5.819 # [msec]
   Debug_Time(4):    5.294 # [msec]
-
   Version      : 1.7
   Ways         : 32
   Words        : 2
   Feedback     : 0
   WordBits     : 32
   IndexBits    : 32
   Sort Order   : 0
   Sign Compare : 0
   Max Size     : 268435455
   Debug Enable : 1
   size         : 920000
   average_time :   17.471 # [msec]
   throughput   :   52.659 # [mwords/sec]
   Debug_Time(0):   37.615 # [msec]
   Debug_Time(1):   16.157 # [msec]
   Debug_Time(2):   10.230 # [msec]
   Debug_Time(3):    5.852 # [msec]
   Debug_Time(4):    5.376 # [msec]
-
   Version      : 1.7
   Ways         : 32
   Words        : 2
   Feedback     : 0
   WordBits     : 32
   IndexBits    : 32
   Sort Order   : 0
   Sign Compare : 0
   Max Size     : 268435455
   Debug Enable : 1
   size         : 925000
   average_time :   17.597 # [msec]
   throughput   :   52.566 # [mwords/sec]
   Debug_Time(0):   37.896 # [msec]
   Debug_Time(1):   16.343 # [msec]
   Debug_Time(2):   10.284 # [msec]
   Debug_Time(3):    5.861 # [msec]
   Debug_Time(4):    5.408 # [msec]
-
   Version      : 1.7
   Ways         : 32
   Words        : 2
   Feedback     : 0
   WordBits     : 32
   IndexBits    : 32
   Sort Order   : 0
   Sign Compare : 0
   Max Size     : 268435455
   Debug Enable : 1
   size         : 930000
   average_time :   17.687 # [msec]
   throughput   :   52.580 # [mwords/sec]
   Debug_Time(0):   38.104 # [msec]
   Debug_Time(1):   16.415 # [msec]
   Debug_Time(2):   10.353 # [msec]
   Debug_Time(3):    5.890 # [msec]
   Debug_Time(4):    5.445 # [msec]
-
   Version      : 1.7
   Ways         : 32
   Words        : 2
   Feedback     : 0
   WordBits     : 32
   IndexBits    : 32
   Sort Order   : 0
   Sign Compare : 0
   Max Size     : 268435455
   Debug Enable : 1
   size         : 935000
   average_time :   17.770 # [msec]
   throughput   :   52.615 # [mwords/sec]
   Debug_Time(0):   38.287 # [msec]
   Debug_Time(1):   16.538 # [msec]
   Debug_Time(2):   10.399 # [msec]
   Debug_Time(3):    5.934 # [msec]
   Debug_Time(4):    5.417 # [msec]
-
   Version      : 1.7
   Ways         : 32
   Words        : 2
   Feedback     : 0
   WordBits     : 32
   IndexBits    : 32
   Sort Order   : 0
   Sign Compare : 0
   Max Size     : 268435455
   Debug Enable : 1
   size         : 940000
   average_time :   17.856 # [msec]
   throughput   :   52.644 # [mwords/sec]
   Debug_Time(0):   38.475 # [msec]
   Debug_Time(1):   16.606 # [msec]
   Debug_Time(2):   10.462 # [msec]
   Debug_Time(3):    5.956 # [msec]
   Debug_Time(4):    5.451 # [msec]
-
   Version      : 1.7
   Ways         : 32
   Words        : 2
   Feedback     : 0
   WordBits     : 32
   IndexBits    : 32
   Sort Order   : 0
   Sign Compare : 0
   Max Size     : 268435455
   Debug Enable : 1
   size         : 945000
   average_time :   17.948 # [msec]
   throughput   :   52.653 # [mwords/sec]
   Debug_Time(0):   38.717 # [msec]
   Debug_Time(1):   16.700 # [msec]
   Debug_Time(2):   10.505 # [msec]
   Debug_Time(3):    5.985 # [msec]
   Debug_Time(4):    5.528 # [msec]
-
   Version      : 1.7
   Ways         : 32
   Words        : 2
   Feedback     : 0
   WordBits     : 32
   IndexBits    : 32
   Sort Order   : 0
   Sign Compare : 0
   Max Size     : 268435455
   Debug Enable : 1
   size         : 950000
   average_time :   18.032 # [msec]
   throughput   :   52.684 # [mwords/sec]
   Debug_Time(0):   38.912 # [msec]
   Debug_Time(1):   16.768 # [msec]
   Debug_Time(2):   10.563 # [msec]
   Debug_Time(3):    6.028 # [msec]
   Debug_Time(4):    5.553 # [msec]
-
   Version      : 1.7
   Ways         : 32
   Words        : 2
   Feedback     : 0
   WordBits     : 32
   IndexBits    : 32
   Sort Order   : 0
   Sign Compare : 0
   Max Size     : 268435455
   Debug Enable : 1
   size         : 955000
   average_time :   18.128 # [msec]
   throughput   :   52.680 # [mwords/sec]
   Debug_Time(0):   38.868 # [msec]
   Debug_Time(1):   16.613 # [msec]
   Debug_Time(2):   10.617 # [msec]
   Debug_Time(3):    6.053 # [msec]
   Debug_Time(4):    5.584 # [msec]
-
   Version      : 1.7
   Ways         : 32
   Words        : 2
   Feedback     : 0
   WordBits     : 32
   IndexBits    : 32
   Sort Order   : 0
   Sign Compare : 0
   Max Size     : 268435455
   Debug Enable : 1
   size         : 960000
   average_time :   18.243 # [msec]
   throughput   :   52.623 # [mwords/sec]
   Debug_Time(0):   39.347 # [msec]
   Debug_Time(1):   16.925 # [msec]
   Debug_Time(2):   10.693 # [msec]
   Debug_Time(3):    6.111 # [msec]
   Debug_Time(4):    5.618 # [msec]
-
   Version      : 1.7
   Ways         : 32
   Words        : 2
   Feedback     : 0
   WordBits     : 32
   IndexBits    : 32
   Sort Order   : 0
   Sign Compare : 0
   Max Size     : 268435455
   Debug Enable : 1
   size         : 965000
   average_time :   18.358 # [msec]
   throughput   :   52.564 # [mwords/sec]
   Debug_Time(0):   39.479 # [msec]
   Debug_Time(1):   16.997 # [msec]
   Debug_Time(2):   10.737 # [msec]
   Debug_Time(3):    6.141 # [msec]
   Debug_Time(4):    5.604 # [msec]
-
   Version      : 1.7
   Ways         : 32
   Words        : 2
   Feedback     : 0
   WordBits     : 32
   IndexBits    : 32
   Sort Order   : 0
   Sign Compare : 0
   Max Size     : 268435455
   Debug Enable : 1
   size         : 970000
   average_time :   18.435 # [msec]
   throughput   :   52.618 # [mwords/sec]
   Debug_Time(0):   39.700 # [msec]
   Debug_Time(1):   17.112 # [msec]
   Debug_Time(2):   10.793 # [msec]
   Debug_Time(3):    6.166 # [msec]
   Debug_Time(4):    5.628 # [msec]
-
   Version      : 1.7
   Ways         : 32
   Words        : 2
   Feedback     : 0
   WordBits     : 32
   IndexBits    : 32
   Sort Order   : 0
   Sign Compare : 0
   Max Size     : 268435455
   Debug Enable : 1
   size         : 975000
   average_time :   18.530 # [msec]
   throughput   :   52.617 # [mwords/sec]
   Debug_Time(0):   39.929 # [msec]
   Debug_Time(1):   17.199 # [msec]
   Debug_Time(2):   10.849 # [msec]
   Debug_Time(3):    6.210 # [msec]
   Debug_Time(4):    5.672 # [msec]
-
   Version      : 1.7
   Ways         : 32
   Words        : 2
   Feedback     : 0
   WordBits     : 32
   IndexBits    : 32
   Sort Order   : 0
   Sign Compare : 0
   Max Size     : 268435455
   Debug Enable : 1
   size         : 980000
   average_time :   18.619 # [msec]
   throughput   :   52.636 # [mwords/sec]
   Debug_Time(0):   40.191 # [msec]
   Debug_Time(1):   17.274 # [msec]
   Debug_Time(2):   10.899 # [msec]
   Debug_Time(3):    6.240 # [msec]
   Debug_Time(4):    5.778 # [msec]
-
   Version      : 1.7
   Ways         : 32
   Words        : 2
   Feedback     : 0
   WordBits     : 32
   IndexBits    : 32
   Sort Order   : 0
   Sign Compare : 0
   Max Size     : 268435455
   Debug Enable : 1
   size         : 985000
   average_time :   18.711 # [msec]
   throughput   :   52.643 # [mwords/sec]
   Debug_Time(0):   40.253 # [msec]
   Debug_Time(1):   17.272 # [msec]
   Debug_Time(2):   10.959 # [msec]
   Debug_Time(3):    6.259 # [msec]
   Debug_Time(4):    5.763 # [msec]
-
   Version      : 1.7
   Ways         : 32
   Words        : 2
   Feedback     : 0
   WordBits     : 32
   IndexBits    : 32
   Sort Order   : 0
   Sign Compare : 0
   Max Size     : 268435455
   Debug Enable : 1
   size         : 990000
   average_time :   18.810 # [msec]
   throughput   :   52.631 # [mwords/sec]
   Debug_Time(0):   40.467 # [msec]
   Debug_Time(1):   17.416 # [msec]
   Debug_Time(2):   11.006 # [msec]
   Debug_Time(3):    6.279 # [msec]
   Debug_Time(4):    5.766 # [msec]
-
   Version      : 1.7
   Ways         : 32
   Words        : 2
   Feedback     : 0
   WordBits     : 32
   IndexBits    : 32
   Sort Order   : 0
   Sign Compare : 0
   Max Size     : 268435455
   Debug Enable : 1
   size         : 995000
   average_time :   18.889 # [msec]
   throughput   :   52.676 # [mwords/sec]
   Debug_Time(0):   40.640 # [msec]
   Debug_Time(1):   17.485 # [msec]
   Debug_Time(2):   11.070 # [msec]
   Debug_Time(3):    6.311 # [msec]
   Debug_Time(4):    5.774 # [msec]
-
   Version      : 1.7
   Ways         : 32
   Words        : 2
   Feedback     : 0
   WordBits     : 32
   IndexBits    : 32
   Sort Order   : 0
   Sign Compare : 0
   Max Size     : 268435455
   Debug Enable : 1
   size         : 1000000
   average_time :   18.986 # [msec]
   throughput   :   52.671 # [mwords/sec]
   Debug_Time(0):   40.889 # [msec]
   Debug_Time(1):   17.596 # [msec]
   Debug_Time(2):   11.124 # [msec]
   Debug_Time(3):    6.363 # [msec]
   Debug_Time(4):    5.806 # [msec]
