---
-
   Version      : 1.7
   Ways         : 16
   Words        : 1
   Feedback     : 2
   WordBits     : 32
   IndexBits    : 32
   Sort Order   : 0
   Sign Compare : 0
   Max Size     : 268435455
   Debug Enable : 1
   size         : 5000
   average_time :    0.302 # [msec]
   throughput   :   16.570 # [mwords/sec]
   Debug_Time(0):    0.305 # [msec]
   Debug_Time(1):    0.249 # [msec]
   Debug_Time(2):    0.056 # [msec]
-
   Version      : 1.7
   Ways         : 16
   Words        : 1
   Feedback     : 2
   WordBits     : 32
   IndexBits    : 32
   Sort Order   : 0
   Sign Compare : 0
   Max Size     : 268435455
   Debug Enable : 1
   size         : 10000
   average_time :    0.369 # [msec]
   throughput   :   27.107 # [mwords/sec]
   Debug_Time(0):    0.479 # [msec]
   Debug_Time(1):    0.371 # [msec]
   Debug_Time(2):    0.109 # [msec]
-
   Version      : 1.7
   Ways         : 16
   Words        : 1
   Feedback     : 2
   WordBits     : 32
   IndexBits    : 32
   Sort Order   : 0
   Sign Compare : 0
   Max Size     : 268435455
   Debug Enable : 1
   size         : 15000
   average_time :    0.439 # [msec]
   throughput   :   34.195 # [mwords/sec]
   Debug_Time(0):    0.654 # [msec]
   Debug_Time(1):    0.493 # [msec]
   Debug_Time(2):    0.161 # [msec]
-
   Version      : 1.7
   Ways         : 16
   Words        : 1
   Feedback     : 2
   WordBits     : 32
   IndexBits    : 32
   Sort Order   : 0
   Sign Compare : 0
   Max Size     : 268435455
   Debug Enable : 1
   size         : 20000
   average_time :    0.510 # [msec]
   throughput   :   39.225 # [mwords/sec]
   Debug_Time(0):    0.829 # [msec]
   Debug_Time(1):    0.615 # [msec]
   Debug_Time(2):    0.213 # [msec]
-
   Version      : 1.7
   Ways         : 16
   Words        : 1
   Feedback     : 2
   WordBits     : 32
   IndexBits    : 32
   Sort Order   : 0
   Sign Compare : 0
   Max Size     : 268435455
   Debug Enable : 1
   size         : 25000
   average_time :    0.635 # [msec]
   throughput   :   39.348 # [mwords/sec]
   Debug_Time(0):    1.131 # [msec]
   Debug_Time(1):    0.863 # [msec]
   Debug_Time(2):    0.268 # [msec]
-
   Version      : 1.7
   Ways         : 16
   Words        : 1
   Feedback     : 2
   WordBits     : 32
   IndexBits    : 32
   Sort Order   : 0
   Sign Compare : 0
   Max Size     : 268435455
   Debug Enable : 1
   size         : 30000
   average_time :    0.703 # [msec]
   throughput   :   42.689 # [mwords/sec]
   Debug_Time(0):    1.305 # [msec]
   Debug_Time(1):    0.985 # [msec]
   Debug_Time(2):    0.320 # [msec]
-
   Version      : 1.7
   Ways         : 16
   Words        : 1
   Feedback     : 2
   WordBits     : 32
   IndexBits    : 32
   Sort Order   : 0
   Sign Compare : 0
   Max Size     : 268435455
   Debug Enable : 1
   size         : 35000
   average_time :    0.775 # [msec]
   throughput   :   45.174 # [mwords/sec]
   Debug_Time(0):    1.481 # [msec]
   Debug_Time(1):    1.108 # [msec]
   Debug_Time(2):    0.374 # [msec]
-
   Version      : 1.7
   Ways         : 16
   Words        : 1
   Feedback     : 2
   WordBits     : 32
   IndexBits    : 32
   Sort Order   : 0
   Sign Compare : 0
   Max Size     : 268435455
   Debug Enable : 1
   size         : 40000
   average_time :    0.850 # [msec]
   throughput   :   47.081 # [mwords/sec]
   Debug_Time(0):    1.657 # [msec]
   Debug_Time(1):    1.230 # [msec]
   Debug_Time(2):    0.427 # [msec]
-
   Version      : 1.7
   Ways         : 16
   Words        : 1
   Feedback     : 2
   WordBits     : 32
   IndexBits    : 32
   Sort Order   : 0
   Sign Compare : 0
   Max Size     : 268435455
   Debug Enable : 1
   size         : 45000
   average_time :    0.919 # [msec]
   throughput   :   48.984 # [mwords/sec]
   Debug_Time(0):    1.835 # [msec]
   Debug_Time(1):    1.355 # [msec]
   Debug_Time(2):    0.480 # [msec]
-
   Version      : 1.7
   Ways         : 16
   Words        : 1
   Feedback     : 2
   WordBits     : 32
   IndexBits    : 32
   Sort Order   : 0
   Sign Compare : 0
   Max Size     : 268435455
   Debug Enable : 1
   size         : 50000
   average_time :    1.041 # [msec]
   throughput   :   48.034 # [mwords/sec]
   Debug_Time(0):    2.136 # [msec]
   Debug_Time(1):    1.600 # [msec]
   Debug_Time(2):    0.536 # [msec]
-
   Version      : 1.7
   Ways         : 16
   Words        : 1
   Feedback     : 2
   WordBits     : 32
   IndexBits    : 32
   Sort Order   : 0
   Sign Compare : 0
   Max Size     : 268435455
   Debug Enable : 1
   size         : 55000
   average_time :    1.117 # [msec]
   throughput   :   49.255 # [mwords/sec]
   Debug_Time(0):    2.310 # [msec]
   Debug_Time(1):    1.722 # [msec]
   Debug_Time(2):    0.587 # [msec]
-
   Version      : 1.7
   Ways         : 16
   Words        : 1
   Feedback     : 2
   WordBits     : 32
   IndexBits    : 32
   Sort Order   : 0
   Sign Compare : 0
   Max Size     : 268435455
   Debug Enable : 1
   size         : 60000
   average_time :    1.192 # [msec]
   throughput   :   50.335 # [mwords/sec]
   Debug_Time(0):    2.484 # [msec]
   Debug_Time(1):    1.845 # [msec]
   Debug_Time(2):    0.639 # [msec]
-
   Version      : 1.7
   Ways         : 16
   Words        : 1
   Feedback     : 2
   WordBits     : 32
   IndexBits    : 32
   Sort Order   : 0
   Sign Compare : 0
   Max Size     : 268435455
   Debug Enable : 1
   size         : 65000
   average_time :    1.283 # [msec]
   throughput   :   50.672 # [mwords/sec]
   Debug_Time(0):    2.662 # [msec]
   Debug_Time(1):    1.970 # [msec]
   Debug_Time(2):    0.692 # [msec]
-
   Version      : 1.7
   Ways         : 16
   Words        : 1
   Feedback     : 2
   WordBits     : 32
   IndexBits    : 32
   Sort Order   : 0
   Sign Compare : 0
   Max Size     : 268435455
   Debug Enable : 1
   size         : 70000
   average_time :    1.676 # [msec]
   throughput   :   41.756 # [mwords/sec]
   Debug_Time(0):    3.665 # [msec]
   Debug_Time(1):    2.216 # [msec]
   Debug_Time(2):    0.742 # [msec]
   Debug_Time(3):    0.707 # [msec]
-
   Version      : 1.7
   Ways         : 16
   Words        : 1
   Feedback     : 2
   WordBits     : 32
   IndexBits    : 32
   Sort Order   : 0
   Sign Compare : 0
   Max Size     : 268435455
   Debug Enable : 1
   size         : 75000
   average_time :    1.775 # [msec]
   throughput   :   42.262 # [mwords/sec]
   Debug_Time(0):    3.899 # [msec]
   Debug_Time(1):    2.351 # [msec]
   Debug_Time(2):    0.792 # [msec]
   Debug_Time(3):    0.757 # [msec]
-
   Version      : 1.7
   Ways         : 16
   Words        : 1
   Feedback     : 2
   WordBits     : 32
   IndexBits    : 32
   Sort Order   : 0
   Sign Compare : 0
   Max Size     : 268435455
   Debug Enable : 1
   size         : 80000
   average_time :    1.852 # [msec]
   throughput   :   43.205 # [mwords/sec]
   Debug_Time(0):    4.113 # [msec]
   Debug_Time(1):    2.463 # [msec]
   Debug_Time(2):    0.842 # [msec]
   Debug_Time(3):    0.807 # [msec]
-
   Version      : 1.7
   Ways         : 16
   Words        : 1
   Feedback     : 2
   WordBits     : 32
   IndexBits    : 32
   Sort Order   : 0
   Sign Compare : 0
   Max Size     : 268435455
   Debug Enable : 1
   size         : 85000
   average_time :    1.948 # [msec]
   throughput   :   43.644 # [mwords/sec]
   Debug_Time(0):    4.351 # [msec]
   Debug_Time(1):    2.598 # [msec]
   Debug_Time(2):    0.893 # [msec]
   Debug_Time(3):    0.859 # [msec]
-
   Version      : 1.7
   Ways         : 16
   Words        : 1
   Feedback     : 2
   WordBits     : 32
   IndexBits    : 32
   Sort Order   : 0
   Sign Compare : 0
   Max Size     : 268435455
   Debug Enable : 1
   size         : 90000
   average_time :    2.046 # [msec]
   throughput   :   43.987 # [mwords/sec]
   Debug_Time(0):    4.594 # [msec]
   Debug_Time(1):    2.743 # [msec]
   Debug_Time(2):    0.942 # [msec]
   Debug_Time(3):    0.908 # [msec]
-
   Version      : 1.7
   Ways         : 16
   Words        : 1
   Feedback     : 2
   WordBits     : 32
   IndexBits    : 32
   Sort Order   : 0
   Sign Compare : 0
   Max Size     : 268435455
   Debug Enable : 1
   size         : 95000
   average_time :    2.196 # [msec]
   throughput   :   43.255 # [mwords/sec]
   Debug_Time(0):    4.939 # [msec]
   Debug_Time(1):    2.989 # [msec]
   Debug_Time(2):    0.992 # [msec]
   Debug_Time(3):    0.958 # [msec]
-
   Version      : 1.7
   Ways         : 16
   Words        : 1
   Feedback     : 2
   WordBits     : 32
   IndexBits    : 32
   Sort Order   : 0
   Sign Compare : 0
   Max Size     : 268435455
   Debug Enable : 1
   size         : 100000
   average_time :    2.294 # [msec]
   throughput   :   43.584 # [mwords/sec]
   Debug_Time(0):    5.166 # [msec]
   Debug_Time(1):    3.116 # [msec]
   Debug_Time(2):    1.042 # [msec]
   Debug_Time(3):    1.007 # [msec]
-
   Version      : 1.7
   Ways         : 16
   Words        : 1
   Feedback     : 2
   WordBits     : 32
   IndexBits    : 32
   Sort Order   : 0
   Sign Compare : 0
   Max Size     : 268435455
   Debug Enable : 1
   size         : 105000
   average_time :    2.380 # [msec]
   throughput   :   44.114 # [mwords/sec]
   Debug_Time(0):    5.421 # [msec]
   Debug_Time(1):    3.271 # [msec]
   Debug_Time(2):    1.093 # [msec]
   Debug_Time(3):    1.057 # [msec]
-
   Version      : 1.7
   Ways         : 16
   Words        : 1
   Feedback     : 2
   WordBits     : 32
   IndexBits    : 32
   Sort Order   : 0
   Sign Compare : 0
   Max Size     : 268435455
   Debug Enable : 1
   size         : 110000
   average_time :    2.505 # [msec]
   throughput   :   43.912 # [mwords/sec]
   Debug_Time(0):    5.684 # [msec]
   Debug_Time(1):    3.435 # [msec]
   Debug_Time(2):    1.142 # [msec]
   Debug_Time(3):    1.107 # [msec]
-
   Version      : 1.7
   Ways         : 16
   Words        : 1
   Feedback     : 2
   WordBits     : 32
   IndexBits    : 32
   Sort Order   : 0
   Sign Compare : 0
   Max Size     : 268435455
   Debug Enable : 1
   size         : 115000
   average_time :    2.663 # [msec]
   throughput   :   43.191 # [mwords/sec]
   Debug_Time(0):    6.082 # [msec]
   Debug_Time(1):    3.731 # [msec]
   Debug_Time(2):    1.192 # [msec]
   Debug_Time(3):    1.159 # [msec]
-
   Version      : 1.7
   Ways         : 16
   Words        : 1
   Feedback     : 2
   WordBits     : 32
   IndexBits    : 32
   Sort Order   : 0
   Sign Compare : 0
   Max Size     : 268435455
   Debug Enable : 1
   size         : 120000
   average_time :    2.780 # [msec]
   throughput   :   43.169 # [mwords/sec]
   Debug_Time(0):    6.371 # [msec]
   Debug_Time(1):    3.919 # [msec]
   Debug_Time(2):    1.242 # [msec]
   Debug_Time(3):    1.209 # [msec]
-
   Version      : 1.7
   Ways         : 16
   Words        : 1
   Feedback     : 2
   WordBits     : 32
   IndexBits    : 32
   Sort Order   : 0
   Sign Compare : 0
   Max Size     : 268435455
   Debug Enable : 1
   size         : 125000
   average_time :    2.886 # [msec]
   throughput   :   43.320 # [mwords/sec]
   Debug_Time(0):    6.621 # [msec]
   Debug_Time(1):    4.069 # [msec]
   Debug_Time(2):    1.292 # [msec]
   Debug_Time(3):    1.260 # [msec]
-
   Version      : 1.7
   Ways         : 16
   Words        : 1
   Feedback     : 2
   WordBits     : 32
   IndexBits    : 32
   Sort Order   : 0
   Sign Compare : 0
   Max Size     : 268435455
   Debug Enable : 1
   size         : 130000
   average_time :    3.003 # [msec]
   throughput   :   43.296 # [mwords/sec]
   Debug_Time(0):    6.971 # [msec]
   Debug_Time(1):    4.320 # [msec]
   Debug_Time(2):    1.342 # [msec]
   Debug_Time(3):    1.309 # [msec]
-
   Version      : 1.7
   Ways         : 16
   Words        : 1
   Feedback     : 2
   WordBits     : 32
   IndexBits    : 32
   Sort Order   : 0
   Sign Compare : 0
   Max Size     : 268435455
   Debug Enable : 1
   size         : 135000
   average_time :    3.127 # [msec]
   throughput   :   43.169 # [mwords/sec]
   Debug_Time(0):    7.211 # [msec]
   Debug_Time(1):    4.457 # [msec]
   Debug_Time(2):    1.392 # [msec]
   Debug_Time(3):    1.362 # [msec]
-
   Version      : 1.7
   Ways         : 16
   Words        : 1
   Feedback     : 2
   WordBits     : 32
   IndexBits    : 32
   Sort Order   : 0
   Sign Compare : 0
   Max Size     : 268435455
   Debug Enable : 1
   size         : 140000
   average_time :    3.283 # [msec]
   throughput   :   42.644 # [mwords/sec]
   Debug_Time(0):    7.579 # [msec]
   Debug_Time(1):    4.727 # [msec]
   Debug_Time(2):    1.442 # [msec]
   Debug_Time(3):    1.411 # [msec]
-
   Version      : 1.7
   Ways         : 16
   Words        : 1
   Feedback     : 2
   WordBits     : 32
   IndexBits    : 32
   Sort Order   : 0
   Sign Compare : 0
   Max Size     : 268435455
   Debug Enable : 1
   size         : 145000
   average_time :    3.372 # [msec]
   throughput   :   42.998 # [mwords/sec]
   Debug_Time(0):    7.804 # [msec]
   Debug_Time(1):    4.851 # [msec]
   Debug_Time(2):    1.492 # [msec]
   Debug_Time(3):    1.461 # [msec]
-
   Version      : 1.7
   Ways         : 16
   Words        : 1
   Feedback     : 2
   WordBits     : 32
   IndexBits    : 32
   Sort Order   : 0
   Sign Compare : 0
   Max Size     : 268435455
   Debug Enable : 1
   size         : 150000
   average_time :    3.473 # [msec]
   throughput   :   43.188 # [mwords/sec]
   Debug_Time(0):    8.039 # [msec]
   Debug_Time(1):    4.986 # [msec]
   Debug_Time(2):    1.543 # [msec]
   Debug_Time(3):    1.511 # [msec]
-
   Version      : 1.7
   Ways         : 16
   Words        : 1
   Feedback     : 2
   WordBits     : 32
   IndexBits    : 32
   Sort Order   : 0
   Sign Compare : 0
   Max Size     : 268435455
   Debug Enable : 1
   size         : 155000
   average_time :    3.576 # [msec]
   throughput   :   43.347 # [mwords/sec]
   Debug_Time(0):    8.279 # [msec]
   Debug_Time(1):    5.126 # [msec]
   Debug_Time(2):    1.592 # [msec]
   Debug_Time(3):    1.561 # [msec]
-
   Version      : 1.7
   Ways         : 16
   Words        : 1
   Feedback     : 2
   WordBits     : 32
   IndexBits    : 32
   Sort Order   : 0
   Sign Compare : 0
   Max Size     : 268435455
   Debug Enable : 1
   size         : 160000
   average_time :    3.679 # [msec]
   throughput   :   43.491 # [mwords/sec]
   Debug_Time(0):    8.510 # [msec]
   Debug_Time(1):    5.258 # [msec]
   Debug_Time(2):    1.641 # [msec]
   Debug_Time(3):    1.611 # [msec]
-
   Version      : 1.7
   Ways         : 16
   Words        : 1
   Feedback     : 2
   WordBits     : 32
   IndexBits    : 32
   Sort Order   : 0
   Sign Compare : 0
   Max Size     : 268435455
   Debug Enable : 1
   size         : 165000
   average_time :    3.836 # [msec]
   throughput   :   43.019 # [mwords/sec]
   Debug_Time(0):    8.936 # [msec]
   Debug_Time(1):    5.581 # [msec]
   Debug_Time(2):    1.692 # [msec]
   Debug_Time(3):    1.663 # [msec]
-
   Version      : 1.7
   Ways         : 16
   Words        : 1
   Feedback     : 2
   WordBits     : 32
   IndexBits    : 32
   Sort Order   : 0
   Sign Compare : 0
   Max Size     : 268435455
   Debug Enable : 1
   size         : 170000
   average_time :    3.909 # [msec]
   throughput   :   43.493 # [mwords/sec]
   Debug_Time(0):    9.101 # [msec]
   Debug_Time(1):    5.646 # [msec]
   Debug_Time(2):    1.743 # [msec]
   Debug_Time(3):    1.713 # [msec]
-
   Version      : 1.7
   Ways         : 16
   Words        : 1
   Feedback     : 2
   WordBits     : 32
   IndexBits    : 32
   Sort Order   : 0
   Sign Compare : 0
   Max Size     : 268435455
   Debug Enable : 1
   size         : 175000
   average_time :    4.006 # [msec]
   throughput   :   43.681 # [mwords/sec]
   Debug_Time(0):    9.341 # [msec]
   Debug_Time(1):    5.787 # [msec]
   Debug_Time(2):    1.792 # [msec]
   Debug_Time(3):    1.762 # [msec]
-
   Version      : 1.7
   Ways         : 16
   Words        : 1
   Feedback     : 2
   WordBits     : 32
   IndexBits    : 32
   Sort Order   : 0
   Sign Compare : 0
   Max Size     : 268435455
   Debug Enable : 1
   size         : 180000
   average_time :    4.113 # [msec]
   throughput   :   43.763 # [mwords/sec]
   Debug_Time(0):    9.625 # [msec]
   Debug_Time(1):    5.972 # [msec]
   Debug_Time(2):    1.842 # [msec]
   Debug_Time(3):    1.811 # [msec]
-
   Version      : 1.7
   Ways         : 16
   Words        : 1
   Feedback     : 2
   WordBits     : 32
   IndexBits    : 32
   Sort Order   : 0
   Sign Compare : 0
   Max Size     : 268435455
   Debug Enable : 1
   size         : 185000
   average_time :    4.277 # [msec]
   throughput   :   43.251 # [mwords/sec]
   Debug_Time(0):    9.968 # [msec]
   Debug_Time(1):    6.216 # [msec]
   Debug_Time(2):    1.892 # [msec]
   Debug_Time(3):    1.860 # [msec]
-
   Version      : 1.7
   Ways         : 16
   Words        : 1
   Feedback     : 2
   WordBits     : 32
   IndexBits    : 32
   Sort Order   : 0
   Sign Compare : 0
   Max Size     : 268435455
   Debug Enable : 1
   size         : 190000
   average_time :    4.355 # [msec]
   throughput   :   43.628 # [mwords/sec]
   Debug_Time(0):   10.215 # [msec]
   Debug_Time(1):    6.362 # [msec]
   Debug_Time(2):    1.942 # [msec]
   Debug_Time(3):    1.910 # [msec]
-
   Version      : 1.7
   Ways         : 16
   Words        : 1
   Feedback     : 2
   WordBits     : 32
   IndexBits    : 32
   Sort Order   : 0
   Sign Compare : 0
   Max Size     : 268435455
   Debug Enable : 1
   size         : 195000
   average_time :    4.452 # [msec]
   throughput   :   43.801 # [mwords/sec]
   Debug_Time(0):   10.461 # [msec]
   Debug_Time(1):    6.508 # [msec]
   Debug_Time(2):    1.992 # [msec]
   Debug_Time(3):    1.961 # [msec]
-
   Version      : 1.7
   Ways         : 16
   Words        : 1
   Feedback     : 2
   WordBits     : 32
   IndexBits    : 32
   Sort Order   : 0
   Sign Compare : 0
   Max Size     : 268435455
   Debug Enable : 1
   size         : 200000
   average_time :    4.551 # [msec]
   throughput   :   43.950 # [mwords/sec]
   Debug_Time(0):   10.712 # [msec]
   Debug_Time(1):    6.656 # [msec]
   Debug_Time(2):    2.042 # [msec]
   Debug_Time(3):    2.014 # [msec]
-
   Version      : 1.7
   Ways         : 16
   Words        : 1
   Feedback     : 2
   WordBits     : 32
   IndexBits    : 32
   Sort Order   : 0
   Sign Compare : 0
   Max Size     : 268435455
   Debug Enable : 1
   size         : 205000
   average_time :    4.654 # [msec]
   throughput   :   44.049 # [mwords/sec]
   Debug_Time(0):   10.978 # [msec]
   Debug_Time(1):    6.822 # [msec]
   Debug_Time(2):    2.092 # [msec]
   Debug_Time(3):    2.065 # [msec]
-
   Version      : 1.7
   Ways         : 16
   Words        : 1
   Feedback     : 2
   WordBits     : 32
   IndexBits    : 32
   Sort Order   : 0
   Sign Compare : 0
   Max Size     : 268435455
   Debug Enable : 1
   size         : 210000
   average_time :    4.803 # [msec]
   throughput   :   43.720 # [mwords/sec]
   Debug_Time(0):   11.360 # [msec]
   Debug_Time(1):    7.103 # [msec]
   Debug_Time(2):    2.142 # [msec]
   Debug_Time(3):    2.115 # [msec]
-
   Version      : 1.7
   Ways         : 16
   Words        : 1
   Feedback     : 2
   WordBits     : 32
   IndexBits    : 32
   Sort Order   : 0
   Sign Compare : 0
   Max Size     : 268435455
   Debug Enable : 1
   size         : 215000
   average_time :    4.891 # [msec]
   throughput   :   43.959 # [mwords/sec]
   Debug_Time(0):   11.584 # [msec]
   Debug_Time(1):    7.225 # [msec]
   Debug_Time(2):    2.193 # [msec]
   Debug_Time(3):    2.166 # [msec]
-
   Version      : 1.7
   Ways         : 16
   Words        : 1
   Feedback     : 2
   WordBits     : 32
   IndexBits    : 32
   Sort Order   : 0
   Sign Compare : 0
   Max Size     : 268435455
   Debug Enable : 1
   size         : 220000
   average_time :    4.997 # [msec]
   throughput   :   44.028 # [mwords/sec]
   Debug_Time(0):   11.841 # [msec]
   Debug_Time(1):    7.384 # [msec]
   Debug_Time(2):    2.242 # [msec]
   Debug_Time(3):    2.214 # [msec]
-
   Version      : 1.7
   Ways         : 16
   Words        : 1
   Feedback     : 2
   WordBits     : 32
   IndexBits    : 32
   Sort Order   : 0
   Sign Compare : 0
   Max Size     : 268435455
   Debug Enable : 1
   size         : 225000
   average_time :    5.082 # [msec]
   throughput   :   44.270 # [mwords/sec]
   Debug_Time(0):   11.971 # [msec]
   Debug_Time(1):    7.415 # [msec]
   Debug_Time(2):    2.292 # [msec]
   Debug_Time(3):    2.264 # [msec]
-
   Version      : 1.7
   Ways         : 16
   Words        : 1
   Feedback     : 2
   WordBits     : 32
   IndexBits    : 32
   Sort Order   : 0
   Sign Compare : 0
   Max Size     : 268435455
   Debug Enable : 1
   size         : 230000
   average_time :    5.227 # [msec]
   throughput   :   44.001 # [mwords/sec]
   Debug_Time(0):   12.419 # [msec]
   Debug_Time(1):    7.764 # [msec]
   Debug_Time(2):    2.343 # [msec]
   Debug_Time(3):    2.313 # [msec]
-
   Version      : 1.7
   Ways         : 16
   Words        : 1
   Feedback     : 2
   WordBits     : 32
   IndexBits    : 32
   Sort Order   : 0
   Sign Compare : 0
   Max Size     : 268435455
   Debug Enable : 1
   size         : 235000
   average_time :    5.319 # [msec]
   throughput   :   44.180 # [mwords/sec]
   Debug_Time(0):   12.648 # [msec]
   Debug_Time(1):    7.891 # [msec]
   Debug_Time(2):    2.393 # [msec]
   Debug_Time(3):    2.364 # [msec]
-
   Version      : 1.7
   Ways         : 16
   Words        : 1
   Feedback     : 2
   WordBits     : 32
   IndexBits    : 32
   Sort Order   : 0
   Sign Compare : 0
   Max Size     : 268435455
   Debug Enable : 1
   size         : 240000
   average_time :    5.424 # [msec]
   throughput   :   44.250 # [mwords/sec]
   Debug_Time(0):   12.870 # [msec]
   Debug_Time(1):    8.014 # [msec]
   Debug_Time(2):    2.442 # [msec]
   Debug_Time(3):    2.414 # [msec]
-
   Version      : 1.7
   Ways         : 16
   Words        : 1
   Feedback     : 2
   WordBits     : 32
   IndexBits    : 32
   Sort Order   : 0
   Sign Compare : 0
   Max Size     : 268435455
   Debug Enable : 1
   size         : 245000
   average_time :    5.522 # [msec]
   throughput   :   44.370 # [mwords/sec]
   Debug_Time(0):   13.121 # [msec]
   Debug_Time(1):    8.166 # [msec]
   Debug_Time(2):    2.491 # [msec]
   Debug_Time(3):    2.464 # [msec]
-
   Version      : 1.7
   Ways         : 16
   Words        : 1
   Feedback     : 2
   WordBits     : 32
   IndexBits    : 32
   Sort Order   : 0
   Sign Compare : 0
   Max Size     : 268435455
   Debug Enable : 1
   size         : 250000
   average_time :    5.608 # [msec]
   throughput   :   44.575 # [mwords/sec]
   Debug_Time(0):   13.378 # [msec]
   Debug_Time(1):    8.321 # [msec]
   Debug_Time(2):    2.542 # [msec]
   Debug_Time(3):    2.515 # [msec]
-
   Version      : 1.7
   Ways         : 16
   Words        : 1
   Feedback     : 2
   WordBits     : 32
   IndexBits    : 32
   Sort Order   : 0
   Sign Compare : 0
   Max Size     : 268435455
   Debug Enable : 1
   size         : 255000
   average_time :    5.758 # [msec]
   throughput   :   44.285 # [mwords/sec]
   Debug_Time(0):   13.745 # [msec]
   Debug_Time(1):    8.587 # [msec]
   Debug_Time(2):    2.593 # [msec]
   Debug_Time(3):    2.565 # [msec]
-
   Version      : 1.7
   Ways         : 16
   Words        : 1
   Feedback     : 2
   WordBits     : 32
   IndexBits    : 32
   Sort Order   : 0
   Sign Compare : 0
   Max Size     : 268435455
   Debug Enable : 1
   size         : 260000
   average_time :    5.861 # [msec]
   throughput   :   44.362 # [mwords/sec]
   Debug_Time(0):   13.935 # [msec]
   Debug_Time(1):    8.678 # [msec]
   Debug_Time(2):    2.642 # [msec]
   Debug_Time(3):    2.615 # [msec]
-
   Version      : 1.7
   Ways         : 16
   Words        : 1
   Feedback     : 2
   WordBits     : 32
   IndexBits    : 32
   Sort Order   : 0
   Sign Compare : 0
   Max Size     : 268435455
   Debug Enable : 1
   size         : 265000
   average_time :    5.943 # [msec]
   throughput   :   44.589 # [mwords/sec]
   Debug_Time(0):   14.189 # [msec]
   Debug_Time(1):    8.830 # [msec]
   Debug_Time(2):    2.692 # [msec]
   Debug_Time(3):    2.667 # [msec]
-
   Version      : 1.7
   Ways         : 16
   Words        : 1
   Feedback     : 2
   WordBits     : 32
   IndexBits    : 32
   Sort Order   : 0
   Sign Compare : 0
   Max Size     : 268435455
   Debug Enable : 1
   size         : 270000
   average_time :    6.044 # [msec]
   throughput   :   44.675 # [mwords/sec]
   Debug_Time(0):   14.443 # [msec]
   Debug_Time(1):    8.986 # [msec]
   Debug_Time(2):    2.742 # [msec]
   Debug_Time(3):    2.716 # [msec]
-
   Version      : 1.7
   Ways         : 16
   Words        : 1
   Feedback     : 2
   WordBits     : 32
   IndexBits    : 32
   Sort Order   : 0
   Sign Compare : 0
   Max Size     : 268435455
   Debug Enable : 1
   size         : 275000
   average_time :    6.204 # [msec]
   throughput   :   44.327 # [mwords/sec]
   Debug_Time(0):   14.762 # [msec]
   Debug_Time(1):    9.203 # [msec]
   Debug_Time(2):    2.793 # [msec]
   Debug_Time(3):    2.767 # [msec]
-
   Version      : 1.7
   Ways         : 16
   Words        : 1
   Feedback     : 2
   WordBits     : 32
   IndexBits    : 32
   Sort Order   : 0
   Sign Compare : 0
   Max Size     : 268435455
   Debug Enable : 1
   size         : 280000
   average_time :    6.277 # [msec]
   throughput   :   44.610 # [mwords/sec]
   Debug_Time(0):   14.987 # [msec]
   Debug_Time(1):    9.328 # [msec]
   Debug_Time(2):    2.842 # [msec]
   Debug_Time(3):    2.817 # [msec]
-
   Version      : 1.7
   Ways         : 16
   Words        : 1
   Feedback     : 2
   WordBits     : 32
   IndexBits    : 32
   Sort Order   : 0
   Sign Compare : 0
   Max Size     : 268435455
   Debug Enable : 1
   size         : 285000
   average_time :    6.385 # [msec]
   throughput   :   44.635 # [mwords/sec]
   Debug_Time(0):   15.147 # [msec]
   Debug_Time(1):    9.388 # [msec]
   Debug_Time(2):    2.892 # [msec]
   Debug_Time(3):    2.868 # [msec]
-
   Version      : 1.7
   Ways         : 16
   Words        : 1
   Feedback     : 2
   WordBits     : 32
   IndexBits    : 32
   Sort Order   : 0
   Sign Compare : 0
   Max Size     : 268435455
   Debug Enable : 1
   size         : 290000
   average_time :    6.473 # [msec]
   throughput   :   44.804 # [mwords/sec]
   Debug_Time(0):   15.499 # [msec]
   Debug_Time(1):    9.640 # [msec]
   Debug_Time(2):    2.942 # [msec]
   Debug_Time(3):    2.917 # [msec]
-
   Version      : 1.7
   Ways         : 16
   Words        : 1
   Feedback     : 2
   WordBits     : 32
   IndexBits    : 32
   Sort Order   : 0
   Sign Compare : 0
   Max Size     : 268435455
   Debug Enable : 1
   size         : 295000
   average_time :    6.559 # [msec]
   throughput   :   44.979 # [mwords/sec]
   Debug_Time(0):   15.679 # [msec]
   Debug_Time(1):    9.718 # [msec]
   Debug_Time(2):    2.992 # [msec]
   Debug_Time(3):    2.968 # [msec]
-
   Version      : 1.7
   Ways         : 16
   Words        : 1
   Feedback     : 2
   WordBits     : 32
   IndexBits    : 32
   Sort Order   : 0
   Sign Compare : 0
   Max Size     : 268435455
   Debug Enable : 1
   size         : 300000
   average_time :    6.703 # [msec]
   throughput   :   44.759 # [mwords/sec]
   Debug_Time(0):   16.058 # [msec]
   Debug_Time(1):    9.997 # [msec]
   Debug_Time(2):    3.043 # [msec]
   Debug_Time(3):    3.018 # [msec]
-
   Version      : 1.7
   Ways         : 16
   Words        : 1
   Feedback     : 2
   WordBits     : 32
   IndexBits    : 32
   Sort Order   : 0
   Sign Compare : 0
   Max Size     : 268435455
   Debug Enable : 1
   size         : 305000
   average_time :    6.804 # [msec]
   throughput   :   44.824 # [mwords/sec]
   Debug_Time(0):   16.262 # [msec]
   Debug_Time(1):   10.102 # [msec]
   Debug_Time(2):    3.092 # [msec]
   Debug_Time(3):    3.068 # [msec]
-
   Version      : 1.7
   Ways         : 16
   Words        : 1
   Feedback     : 2
   WordBits     : 32
   IndexBits    : 32
   Sort Order   : 0
   Sign Compare : 0
   Max Size     : 268435455
   Debug Enable : 1
   size         : 310000
   average_time :    6.895 # [msec]
   throughput   :   44.959 # [mwords/sec]
   Debug_Time(0):   16.478 # [msec]
   Debug_Time(1):   10.220 # [msec]
   Debug_Time(2):    3.142 # [msec]
   Debug_Time(3):    3.117 # [msec]
-
   Version      : 1.7
   Ways         : 16
   Words        : 1
   Feedback     : 2
   WordBits     : 32
   IndexBits    : 32
   Sort Order   : 0
   Sign Compare : 0
   Max Size     : 268435455
   Debug Enable : 1
   size         : 315000
   average_time :    6.986 # [msec]
   throughput   :   45.091 # [mwords/sec]
   Debug_Time(0):   16.758 # [msec]
   Debug_Time(1):   10.399 # [msec]
   Debug_Time(2):    3.192 # [msec]
   Debug_Time(3):    3.167 # [msec]
-
   Version      : 1.7
   Ways         : 16
   Words        : 1
   Feedback     : 2
   WordBits     : 32
   IndexBits    : 32
   Sort Order   : 0
   Sign Compare : 0
   Max Size     : 268435455
   Debug Enable : 1
   size         : 320000
   average_time :    7.127 # [msec]
   throughput   :   44.900 # [mwords/sec]
   Debug_Time(0):   17.040 # [msec]
   Debug_Time(1):   10.581 # [msec]
   Debug_Time(2):    3.243 # [msec]
   Debug_Time(3):    3.216 # [msec]
-
   Version      : 1.7
   Ways         : 16
   Words        : 1
   Feedback     : 2
   WordBits     : 32
   IndexBits    : 32
   Sort Order   : 0
   Sign Compare : 0
   Max Size     : 268435455
   Debug Enable : 1
   size         : 325000
   average_time :    7.210 # [msec]
   throughput   :   45.074 # [mwords/sec]
   Debug_Time(0):   17.313 # [msec]
   Debug_Time(1):   10.752 # [msec]
   Debug_Time(2):    3.293 # [msec]
   Debug_Time(3):    3.268 # [msec]
-
   Version      : 1.7
   Ways         : 16
   Words        : 1
   Feedback     : 2
   WordBits     : 32
   IndexBits    : 32
   Sort Order   : 0
   Sign Compare : 0
   Max Size     : 268435455
   Debug Enable : 1
   size         : 330000
   average_time :    7.327 # [msec]
   throughput   :   45.042 # [mwords/sec]
   Debug_Time(0):   17.556 # [msec]
   Debug_Time(1):   10.895 # [msec]
   Debug_Time(2):    3.342 # [msec]
   Debug_Time(3):    3.320 # [msec]
-
   Version      : 1.7
   Ways         : 16
   Words        : 1
   Feedback     : 2
   WordBits     : 32
   IndexBits    : 32
   Sort Order   : 0
   Sign Compare : 0
   Max Size     : 268435455
   Debug Enable : 1
   size         : 335000
   average_time :    7.409 # [msec]
   throughput   :   45.213 # [mwords/sec]
   Debug_Time(0):   17.728 # [msec]
   Debug_Time(1):   10.965 # [msec]
   Debug_Time(2):    3.392 # [msec]
   Debug_Time(3):    3.370 # [msec]
-
   Version      : 1.7
   Ways         : 16
   Words        : 1
   Feedback     : 2
   WordBits     : 32
   IndexBits    : 32
   Sort Order   : 0
   Sign Compare : 0
   Max Size     : 268435455
   Debug Enable : 1
   size         : 340000
   average_time :    7.504 # [msec]
   throughput   :   45.307 # [mwords/sec]
   Debug_Time(0):   18.043 # [msec]
   Debug_Time(1):   11.180 # [msec]
   Debug_Time(2):    3.443 # [msec]
   Debug_Time(3):    3.420 # [msec]
-
   Version      : 1.7
   Ways         : 16
   Words        : 1
   Feedback     : 2
   WordBits     : 32
   IndexBits    : 32
   Sort Order   : 0
   Sign Compare : 0
   Max Size     : 268435455
   Debug Enable : 1
   size         : 345000
   average_time :    7.653 # [msec]
   throughput   :   45.082 # [mwords/sec]
   Debug_Time(0):   18.388 # [msec]
   Debug_Time(1):   11.425 # [msec]
   Debug_Time(2):    3.492 # [msec]
   Debug_Time(3):    3.471 # [msec]
-
   Version      : 1.7
   Ways         : 16
   Words        : 1
   Feedback     : 2
   WordBits     : 32
   IndexBits    : 32
   Sort Order   : 0
   Sign Compare : 0
   Max Size     : 268435455
   Debug Enable : 1
   size         : 350000
   average_time :    7.728 # [msec]
   throughput   :   45.287 # [mwords/sec]
   Debug_Time(0):   18.577 # [msec]
   Debug_Time(1):   11.516 # [msec]
   Debug_Time(2):    3.542 # [msec]
   Debug_Time(3):    3.519 # [msec]
-
   Version      : 1.7
   Ways         : 16
   Words        : 1
   Feedback     : 2
   WordBits     : 32
   IndexBits    : 32
   Sort Order   : 0
   Sign Compare : 0
   Max Size     : 268435455
   Debug Enable : 1
   size         : 355000
   average_time :    7.842 # [msec]
   throughput   :   45.271 # [mwords/sec]
   Debug_Time(0):   18.861 # [msec]
   Debug_Time(1):   11.701 # [msec]
   Debug_Time(2):    3.592 # [msec]
   Debug_Time(3):    3.569 # [msec]
-
   Version      : 1.7
   Ways         : 16
   Words        : 1
   Feedback     : 2
   WordBits     : 32
   IndexBits    : 32
   Sort Order   : 0
   Sign Compare : 0
   Max Size     : 268435455
   Debug Enable : 1
   size         : 360000
   average_time :    7.919 # [msec]
   throughput   :   45.461 # [mwords/sec]
   Debug_Time(0):   19.024 # [msec]
   Debug_Time(1):   11.762 # [msec]
   Debug_Time(2):    3.643 # [msec]
   Debug_Time(3):    3.619 # [msec]
-
   Version      : 1.7
   Ways         : 16
   Words        : 1
   Feedback     : 2
   WordBits     : 32
   IndexBits    : 32
   Sort Order   : 0
   Sign Compare : 0
   Max Size     : 268435455
   Debug Enable : 1
   size         : 365000
   average_time :    8.070 # [msec]
   throughput   :   45.229 # [mwords/sec]
   Debug_Time(0):   19.467 # [msec]
   Debug_Time(1):   12.105 # [msec]
   Debug_Time(2):    3.693 # [msec]
   Debug_Time(3):    3.669 # [msec]
-
   Version      : 1.7
   Ways         : 16
   Words        : 1
   Feedback     : 2
   WordBits     : 32
   IndexBits    : 32
   Sort Order   : 0
   Sign Compare : 0
   Max Size     : 268435455
   Debug Enable : 1
   size         : 370000
   average_time :    8.169 # [msec]
   throughput   :   45.294 # [mwords/sec]
   Debug_Time(0):   19.701 # [msec]
   Debug_Time(1):   12.240 # [msec]
   Debug_Time(2):    3.742 # [msec]
   Debug_Time(3):    3.720 # [msec]
-
   Version      : 1.7
   Ways         : 16
   Words        : 1
   Feedback     : 2
   WordBits     : 32
   IndexBits    : 32
   Sort Order   : 0
   Sign Compare : 0
   Max Size     : 268435455
   Debug Enable : 1
   size         : 375000
   average_time :    8.259 # [msec]
   throughput   :   45.404 # [mwords/sec]
   Debug_Time(0):   19.935 # [msec]
   Debug_Time(1):   12.373 # [msec]
   Debug_Time(2):    3.792 # [msec]
   Debug_Time(3):    3.770 # [msec]
-
   Version      : 1.7
   Ways         : 16
   Words        : 1
   Feedback     : 2
   WordBits     : 32
   IndexBits    : 32
   Sort Order   : 0
   Sign Compare : 0
   Max Size     : 268435455
   Debug Enable : 1
   size         : 380000
   average_time :    8.367 # [msec]
   throughput   :   45.416 # [mwords/sec]
   Debug_Time(0):   20.226 # [msec]
   Debug_Time(1):   12.563 # [msec]
   Debug_Time(2):    3.842 # [msec]
   Debug_Time(3):    3.821 # [msec]
-
   Version      : 1.7
   Ways         : 16
   Words        : 1
   Feedback     : 2
   WordBits     : 32
   IndexBits    : 32
   Sort Order   : 0
   Sign Compare : 0
   Max Size     : 268435455
   Debug Enable : 1
   size         : 385000
   average_time :    8.441 # [msec]
   throughput   :   45.612 # [mwords/sec]
   Debug_Time(0):   20.388 # [msec]
   Debug_Time(1):   12.624 # [msec]
   Debug_Time(2):    3.893 # [msec]
   Debug_Time(3):    3.871 # [msec]
-
   Version      : 1.7
   Ways         : 16
   Words        : 1
   Feedback     : 2
   WordBits     : 32
   IndexBits    : 32
   Sort Order   : 0
   Sign Compare : 0
   Max Size     : 268435455
   Debug Enable : 1
   size         : 390000
   average_time :    8.614 # [msec]
   throughput   :   45.275 # [mwords/sec]
   Debug_Time(0):   20.692 # [msec]
   Debug_Time(1):   12.830 # [msec]
   Debug_Time(2):    3.942 # [msec]
   Debug_Time(3):    3.920 # [msec]
-
   Version      : 1.7
   Ways         : 16
   Words        : 1
   Feedback     : 2
   WordBits     : 32
   IndexBits    : 32
   Sort Order   : 0
   Sign Compare : 0
   Max Size     : 268435455
   Debug Enable : 1
   size         : 395000
   average_time :    8.687 # [msec]
   throughput   :   45.472 # [mwords/sec]
   Debug_Time(0):   20.862 # [msec]
   Debug_Time(1):   12.898 # [msec]
   Debug_Time(2):    3.992 # [msec]
   Debug_Time(3):    3.972 # [msec]
-
   Version      : 1.7
   Ways         : 16
   Words        : 1
   Feedback     : 2
   WordBits     : 32
   IndexBits    : 32
   Sort Order   : 0
   Sign Compare : 0
   Max Size     : 268435455
   Debug Enable : 1
   size         : 400000
   average_time :    8.799 # [msec]
   throughput   :   45.462 # [mwords/sec]
   Debug_Time(0):   21.080 # [msec]
   Debug_Time(1):   13.017 # [msec]
   Debug_Time(2):    4.042 # [msec]
   Debug_Time(3):    4.021 # [msec]
-
   Version      : 1.7
   Ways         : 16
   Words        : 1
   Feedback     : 2
   WordBits     : 32
   IndexBits    : 32
   Sort Order   : 0
   Sign Compare : 0
   Max Size     : 268435455
   Debug Enable : 1
   size         : 405000
   average_time :    8.859 # [msec]
   throughput   :   45.717 # [mwords/sec]
   Debug_Time(0):   21.331 # [msec]
   Debug_Time(1):   13.165 # [msec]
   Debug_Time(2):    4.093 # [msec]
   Debug_Time(3):    4.072 # [msec]
-
   Version      : 1.7
   Ways         : 16
   Words        : 1
   Feedback     : 2
   WordBits     : 32
   IndexBits    : 32
   Sort Order   : 0
   Sign Compare : 0
   Max Size     : 268435455
   Debug Enable : 1
   size         : 410000
   average_time :    9.018 # [msec]
   throughput   :   45.463 # [mwords/sec]
   Debug_Time(0):   21.711 # [msec]
   Debug_Time(1):   13.446 # [msec]
   Debug_Time(2):    4.142 # [msec]
   Debug_Time(3):    4.122 # [msec]
-
   Version      : 1.7
   Ways         : 16
   Words        : 1
   Feedback     : 2
   WordBits     : 32
   IndexBits    : 32
   Sort Order   : 0
   Sign Compare : 0
   Max Size     : 268435455
   Debug Enable : 1
   size         : 415000
   average_time :    9.122 # [msec]
   throughput   :   45.492 # [mwords/sec]
   Debug_Time(0):   21.925 # [msec]
   Debug_Time(1):   13.561 # [msec]
   Debug_Time(2):    4.192 # [msec]
   Debug_Time(3):    4.173 # [msec]
-
   Version      : 1.7
   Ways         : 16
   Words        : 1
   Feedback     : 2
   WordBits     : 32
   IndexBits    : 32
   Sort Order   : 0
   Sign Compare : 0
   Max Size     : 268435455
   Debug Enable : 1
   size         : 420000
   average_time :    9.201 # [msec]
   throughput   :   45.649 # [mwords/sec]
   Debug_Time(0):   22.130 # [msec]
   Debug_Time(1):   13.665 # [msec]
   Debug_Time(2):    4.242 # [msec]
   Debug_Time(3):    4.223 # [msec]
-
   Version      : 1.7
   Ways         : 16
   Words        : 1
   Feedback     : 2
   WordBits     : 32
   IndexBits    : 32
   Sort Order   : 0
   Sign Compare : 0
   Max Size     : 268435455
   Debug Enable : 1
   size         : 425000
   average_time :    9.290 # [msec]
   throughput   :   45.747 # [mwords/sec]
   Debug_Time(0):   22.390 # [msec]
   Debug_Time(1):   13.824 # [msec]
   Debug_Time(2):    4.293 # [msec]
   Debug_Time(3):    4.274 # [msec]
-
   Version      : 1.7
   Ways         : 16
   Words        : 1
   Feedback     : 2
   WordBits     : 32
   IndexBits    : 32
   Sort Order   : 0
   Sign Compare : 0
   Max Size     : 268435455
   Debug Enable : 1
   size         : 430000
   average_time :    9.384 # [msec]
   throughput   :   45.823 # [mwords/sec]
   Debug_Time(0):   22.620 # [msec]
   Debug_Time(1):   13.955 # [msec]
   Debug_Time(2):    4.342 # [msec]
   Debug_Time(3):    4.323 # [msec]
-
   Version      : 1.7
   Ways         : 16
   Words        : 1
   Feedback     : 2
   WordBits     : 32
   IndexBits    : 32
   Sort Order   : 0
   Sign Compare : 0
   Max Size     : 268435455
   Debug Enable : 1
   size         : 435000
   average_time :    9.541 # [msec]
   throughput   :   45.593 # [mwords/sec]
   Debug_Time(0):   22.947 # [msec]
   Debug_Time(1):   14.183 # [msec]
   Debug_Time(2):    4.392 # [msec]
   Debug_Time(3):    4.373 # [msec]
-
   Version      : 1.7
   Ways         : 16
   Words        : 1
   Feedback     : 2
   WordBits     : 32
   IndexBits    : 32
   Sort Order   : 0
   Sign Compare : 0
   Max Size     : 268435455
   Debug Enable : 1
   size         : 440000
   average_time :    9.639 # [msec]
   throughput   :   45.647 # [mwords/sec]
   Debug_Time(0):   23.203 # [msec]
   Debug_Time(1):   14.340 # [msec]
   Debug_Time(2):    4.442 # [msec]
   Debug_Time(3):    4.421 # [msec]
-
   Version      : 1.7
   Ways         : 16
   Words        : 1
   Feedback     : 2
   WordBits     : 32
   IndexBits    : 32
   Sort Order   : 0
   Sign Compare : 0
   Max Size     : 268435455
   Debug Enable : 1
   size         : 445000
   average_time :    9.730 # [msec]
   throughput   :   45.735 # [mwords/sec]
   Debug_Time(0):   23.436 # [msec]
   Debug_Time(1):   14.472 # [msec]
   Debug_Time(2):    4.493 # [msec]
   Debug_Time(3):    4.472 # [msec]
-
   Version      : 1.7
   Ways         : 16
   Words        : 1
   Feedback     : 2
   WordBits     : 32
   IndexBits    : 32
   Sort Order   : 0
   Sign Compare : 0
   Max Size     : 268435455
   Debug Enable : 1
   size         : 450000
   average_time :    9.802 # [msec]
   throughput   :   45.907 # [mwords/sec]
   Debug_Time(0):   23.681 # [msec]
   Debug_Time(1):   14.616 # [msec]
   Debug_Time(2):    4.543 # [msec]
   Debug_Time(3):    4.522 # [msec]
-
   Version      : 1.7
   Ways         : 16
   Words        : 1
   Feedback     : 2
   WordBits     : 32
   IndexBits    : 32
   Sort Order   : 0
   Sign Compare : 0
   Max Size     : 268435455
   Debug Enable : 1
   size         : 455000
   average_time :    9.970 # [msec]
   throughput   :   45.639 # [mwords/sec]
   Debug_Time(0):   24.061 # [msec]
   Debug_Time(1):   14.896 # [msec]
   Debug_Time(2):    4.592 # [msec]
   Debug_Time(3):    4.572 # [msec]
-
   Version      : 1.7
   Ways         : 16
   Words        : 1
   Feedback     : 2
   WordBits     : 32
   IndexBits    : 32
   Sort Order   : 0
   Sign Compare : 0
   Max Size     : 268435455
   Debug Enable : 1
   size         : 460000
   average_time :   10.067 # [msec]
   throughput   :   45.695 # [mwords/sec]
   Debug_Time(0):   24.268 # [msec]
   Debug_Time(1):   15.001 # [msec]
   Debug_Time(2):    4.642 # [msec]
   Debug_Time(3):    4.625 # [msec]
-
   Version      : 1.7
   Ways         : 16
   Words        : 1
   Feedback     : 2
   WordBits     : 32
   IndexBits    : 32
   Sort Order   : 0
   Sign Compare : 0
   Max Size     : 268435455
   Debug Enable : 1
   size         : 465000
   average_time :   10.149 # [msec]
   throughput   :   45.819 # [mwords/sec]
   Debug_Time(0):   24.522 # [msec]
   Debug_Time(1):   15.154 # [msec]
   Debug_Time(2):    4.692 # [msec]
   Debug_Time(3):    4.676 # [msec]
-
   Version      : 1.7
   Ways         : 16
   Words        : 1
   Feedback     : 2
   WordBits     : 32
   IndexBits    : 32
   Sort Order   : 0
   Sign Compare : 0
   Max Size     : 268435455
   Debug Enable : 1
   size         : 470000
   average_time :   10.244 # [msec]
   throughput   :   45.881 # [mwords/sec]
   Debug_Time(0):   24.836 # [msec]
   Debug_Time(1):   15.367 # [msec]
   Debug_Time(2):    4.743 # [msec]
   Debug_Time(3):    4.726 # [msec]
-
   Version      : 1.7
   Ways         : 16
   Words        : 1
   Feedback     : 2
   WordBits     : 32
   IndexBits    : 32
   Sort Order   : 0
   Sign Compare : 0
   Max Size     : 268435455
   Debug Enable : 1
   size         : 475000
   average_time :   10.342 # [msec]
   throughput   :   45.931 # [mwords/sec]
   Debug_Time(0):   24.963 # [msec]
   Debug_Time(1):   15.396 # [msec]
   Debug_Time(2):    4.792 # [msec]
   Debug_Time(3):    4.775 # [msec]
-
   Version      : 1.7
   Ways         : 16
   Words        : 1
   Feedback     : 2
   WordBits     : 32
   IndexBits    : 32
   Sort Order   : 0
   Sign Compare : 0
   Max Size     : 268435455
   Debug Enable : 1
   size         : 480000
   average_time :   10.477 # [msec]
   throughput   :   45.814 # [mwords/sec]
   Debug_Time(0):   25.317 # [msec]
   Debug_Time(1):   15.651 # [msec]
   Debug_Time(2):    4.842 # [msec]
   Debug_Time(3):    4.824 # [msec]
-
   Version      : 1.7
   Ways         : 16
   Words        : 1
   Feedback     : 2
   WordBits     : 32
   IndexBits    : 32
   Sort Order   : 0
   Sign Compare : 0
   Max Size     : 268435455
   Debug Enable : 1
   size         : 485000
   average_time :   10.583 # [msec]
   throughput   :   45.828 # [mwords/sec]
   Debug_Time(0):   25.555 # [msec]
   Debug_Time(1):   15.789 # [msec]
   Debug_Time(2):    4.892 # [msec]
   Debug_Time(3):    4.873 # [msec]
-
   Version      : 1.7
   Ways         : 16
   Words        : 1
   Feedback     : 2
   WordBits     : 32
   IndexBits    : 32
   Sort Order   : 0
   Sign Compare : 0
   Max Size     : 268435455
   Debug Enable : 1
   size         : 490000
   average_time :   10.657 # [msec]
   throughput   :   45.977 # [mwords/sec]
   Debug_Time(0):   25.773 # [msec]
   Debug_Time(1):   15.906 # [msec]
   Debug_Time(2):    4.943 # [msec]
   Debug_Time(3):    4.924 # [msec]
-
   Version      : 1.7
   Ways         : 16
   Words        : 1
   Feedback     : 2
   WordBits     : 32
   IndexBits    : 32
   Sort Order   : 0
   Sign Compare : 0
   Max Size     : 268435455
   Debug Enable : 1
   size         : 495000
   average_time :   10.779 # [msec]
   throughput   :   45.923 # [mwords/sec]
   Debug_Time(0):   26.026 # [msec]
   Debug_Time(1):   16.059 # [msec]
   Debug_Time(2):    4.992 # [msec]
   Debug_Time(3):    4.975 # [msec]
-
   Version      : 1.7
   Ways         : 16
   Words        : 1
   Feedback     : 2
   WordBits     : 32
   IndexBits    : 32
   Sort Order   : 0
   Sign Compare : 0
   Max Size     : 268435455
   Debug Enable : 1
   size         : 500000
   average_time :   10.911 # [msec]
   throughput   :   45.825 # [mwords/sec]
   Debug_Time(0):   26.380 # [msec]
   Debug_Time(1):   16.314 # [msec]
   Debug_Time(2):    5.042 # [msec]
   Debug_Time(3):    5.025 # [msec]
-
   Version      : 1.7
   Ways         : 16
   Words        : 1
   Feedback     : 2
   WordBits     : 32
   IndexBits    : 32
   Sort Order   : 0
   Sign Compare : 0
   Max Size     : 268435455
   Debug Enable : 1
   size         : 505000
   average_time :   10.967 # [msec]
   throughput   :   46.049 # [mwords/sec]
   Debug_Time(0):   26.604 # [msec]
   Debug_Time(1):   16.436 # [msec]
   Debug_Time(2):    5.092 # [msec]
   Debug_Time(3):    5.076 # [msec]
-
   Version      : 1.7
   Ways         : 16
   Words        : 1
   Feedback     : 2
   WordBits     : 32
   IndexBits    : 32
   Sort Order   : 0
   Sign Compare : 0
   Max Size     : 268435455
   Debug Enable : 1
   size         : 510000
   average_time :   11.081 # [msec]
   throughput   :   46.025 # [mwords/sec]
   Debug_Time(0):   26.837 # [msec]
   Debug_Time(1):   16.569 # [msec]
   Debug_Time(2):    5.143 # [msec]
   Debug_Time(3):    5.126 # [msec]
-
   Version      : 1.7
   Ways         : 16
   Words        : 1
   Feedback     : 2
   WordBits     : 32
   IndexBits    : 32
   Sort Order   : 0
   Sign Compare : 0
   Max Size     : 268435455
   Debug Enable : 1
   size         : 515000
   average_time :   11.176 # [msec]
   throughput   :   46.083 # [mwords/sec]
   Debug_Time(0):   27.117 # [msec]
   Debug_Time(1):   16.748 # [msec]
   Debug_Time(2):    5.192 # [msec]
   Debug_Time(3):    5.176 # [msec]
-
   Version      : 1.7
   Ways         : 16
   Words        : 1
   Feedback     : 2
   WordBits     : 32
   IndexBits    : 32
   Sort Order   : 0
   Sign Compare : 0
   Max Size     : 268435455
   Debug Enable : 1
   size         : 520000
   average_time :   11.287 # [msec]
   throughput   :   46.071 # [mwords/sec]
   Debug_Time(0):   27.450 # [msec]
   Debug_Time(1):   16.983 # [msec]
   Debug_Time(2):    5.242 # [msec]
   Debug_Time(3):    5.225 # [msec]
-
   Version      : 1.7
   Ways         : 16
   Words        : 1
   Feedback     : 2
   WordBits     : 32
   IndexBits    : 32
   Sort Order   : 0
   Sign Compare : 0
   Max Size     : 268435455
   Debug Enable : 1
   size         : 525000
   average_time :   11.427 # [msec]
   throughput   :   45.944 # [mwords/sec]
   Debug_Time(0):   27.866 # [msec]
   Debug_Time(1):   17.297 # [msec]
   Debug_Time(2):    5.292 # [msec]
   Debug_Time(3):    5.277 # [msec]
-
   Version      : 1.7
   Ways         : 16
   Words        : 1
   Feedback     : 2
   WordBits     : 32
   IndexBits    : 32
   Sort Order   : 0
   Sign Compare : 0
   Max Size     : 268435455
   Debug Enable : 1
   size         : 530000
   average_time :   11.533 # [msec]
   throughput   :   45.955 # [mwords/sec]
   Debug_Time(0):   28.061 # [msec]
   Debug_Time(1):   17.392 # [msec]
   Debug_Time(2):    5.342 # [msec]
   Debug_Time(3):    5.327 # [msec]
-
   Version      : 1.7
   Ways         : 16
   Words        : 1
   Feedback     : 2
   WordBits     : 32
   IndexBits    : 32
   Sort Order   : 0
   Sign Compare : 0
   Max Size     : 268435455
   Debug Enable : 1
   size         : 535000
   average_time :   11.598 # [msec]
   throughput   :   46.130 # [mwords/sec]
   Debug_Time(0):   28.342 # [msec]
   Debug_Time(1):   17.571 # [msec]
   Debug_Time(2):    5.393 # [msec]
   Debug_Time(3):    5.378 # [msec]
-
   Version      : 1.7
   Ways         : 16
   Words        : 1
   Feedback     : 2
   WordBits     : 32
   IndexBits    : 32
   Sort Order   : 0
   Sign Compare : 0
   Max Size     : 268435455
   Debug Enable : 1
   size         : 540000
   average_time :   11.715 # [msec]
   throughput   :   46.096 # [mwords/sec]
   Debug_Time(0):   28.573 # [msec]
   Debug_Time(1):   17.704 # [msec]
   Debug_Time(2):    5.442 # [msec]
   Debug_Time(3):    5.427 # [msec]
-
   Version      : 1.7
   Ways         : 16
   Words        : 1
   Feedback     : 2
   WordBits     : 32
   IndexBits    : 32
   Sort Order   : 0
   Sign Compare : 0
   Max Size     : 268435455
   Debug Enable : 1
   size         : 545000
   average_time :   11.814 # [msec]
   throughput   :   46.132 # [mwords/sec]
   Debug_Time(0):   28.792 # [msec]
   Debug_Time(1):   17.822 # [msec]
   Debug_Time(2):    5.492 # [msec]
   Debug_Time(3):    5.479 # [msec]
-
   Version      : 1.7
   Ways         : 16
   Words        : 1
   Feedback     : 2
   WordBits     : 32
   IndexBits    : 32
   Sort Order   : 0
   Sign Compare : 0
   Max Size     : 268435455
   Debug Enable : 1
   size         : 550000
   average_time :   11.926 # [msec]
   throughput   :   46.120 # [mwords/sec]
   Debug_Time(0):   28.832 # [msec]
   Debug_Time(1):   17.761 # [msec]
   Debug_Time(2):    5.542 # [msec]
   Debug_Time(3):    5.528 # [msec]
-
   Version      : 1.7
   Ways         : 16
   Words        : 1
   Feedback     : 2
   WordBits     : 32
   IndexBits    : 32
   Sort Order   : 0
   Sign Compare : 0
   Max Size     : 268435455
   Debug Enable : 1
   size         : 555000
   average_time :   12.024 # [msec]
   throughput   :   46.157 # [mwords/sec]
   Debug_Time(0):   29.061 # [msec]
   Debug_Time(1):   17.889 # [msec]
   Debug_Time(2):    5.593 # [msec]
   Debug_Time(3):    5.579 # [msec]
-
   Version      : 1.7
   Ways         : 16
   Words        : 1
   Feedback     : 2
   WordBits     : 32
   IndexBits    : 32
   Sort Order   : 0
   Sign Compare : 0
   Max Size     : 268435455
   Debug Enable : 1
   size         : 560000
   average_time :   12.128 # [msec]
   throughput   :   46.175 # [mwords/sec]
   Debug_Time(0):   29.352 # [msec]
   Debug_Time(1):   18.082 # [msec]
   Debug_Time(2):    5.642 # [msec]
   Debug_Time(3):    5.628 # [msec]
-
   Version      : 1.7
   Ways         : 16
   Words        : 1
   Feedback     : 2
   WordBits     : 32
   IndexBits    : 32
   Sort Order   : 0
   Sign Compare : 0
   Max Size     : 268435455
   Debug Enable : 1
   size         : 565000
   average_time :   12.204 # [msec]
   throughput   :   46.294 # [mwords/sec]
   Debug_Time(0):   29.468 # [msec]
   Debug_Time(1):   18.096 # [msec]
   Debug_Time(2):    5.692 # [msec]
   Debug_Time(3):    5.681 # [msec]
-
   Version      : 1.7
   Ways         : 16
   Words        : 1
   Feedback     : 2
   WordBits     : 32
   IndexBits    : 32
   Sort Order   : 0
   Sign Compare : 0
   Max Size     : 268435455
   Debug Enable : 1
   size         : 570000
   average_time :   12.334 # [msec]
   throughput   :   46.212 # [mwords/sec]
   Debug_Time(0):   29.936 # [msec]
   Debug_Time(1):   18.468 # [msec]
   Debug_Time(2):    5.742 # [msec]
   Debug_Time(3):    5.726 # [msec]
-
   Version      : 1.7
   Ways         : 16
   Words        : 1
   Feedback     : 2
   WordBits     : 32
   IndexBits    : 32
   Sort Order   : 0
   Sign Compare : 0
   Max Size     : 268435455
   Debug Enable : 1
   size         : 575000
   average_time :   12.436 # [msec]
   throughput   :   46.236 # [mwords/sec]
   Debug_Time(0):   30.169 # [msec]
   Debug_Time(1):   18.599 # [msec]
   Debug_Time(2):    5.793 # [msec]
   Debug_Time(3):    5.777 # [msec]
-
   Version      : 1.7
   Ways         : 16
   Words        : 1
   Feedback     : 2
   WordBits     : 32
   IndexBits    : 32
   Sort Order   : 0
   Sign Compare : 0
   Max Size     : 268435455
   Debug Enable : 1
   size         : 580000
   average_time :   12.533 # [msec]
   throughput   :   46.277 # [mwords/sec]
   Debug_Time(0):   30.442 # [msec]
   Debug_Time(1):   18.772 # [msec]
   Debug_Time(2):    5.842 # [msec]
   Debug_Time(3):    5.827 # [msec]
-
   Version      : 1.7
   Ways         : 16
   Words        : 1
   Feedback     : 2
   WordBits     : 32
   IndexBits    : 32
   Sort Order   : 0
   Sign Compare : 0
   Max Size     : 268435455
   Debug Enable : 1
   size         : 585000
   average_time :   12.623 # [msec]
   throughput   :   46.345 # [mwords/sec]
   Debug_Time(0):   30.671 # [msec]
   Debug_Time(1):   18.901 # [msec]
   Debug_Time(2):    5.892 # [msec]
   Debug_Time(3):    5.878 # [msec]
-
   Version      : 1.7
   Ways         : 16
   Words        : 1
   Feedback     : 2
   WordBits     : 32
   IndexBits    : 32
   Sort Order   : 0
   Sign Compare : 0
   Max Size     : 268435455
   Debug Enable : 1
   size         : 590000
   average_time :   12.725 # [msec]
   throughput   :   46.364 # [mwords/sec]
   Debug_Time(0):   31.012 # [msec]
   Debug_Time(1):   19.140 # [msec]
   Debug_Time(2):    5.942 # [msec]
   Debug_Time(3):    5.931 # [msec]
-
   Version      : 1.7
   Ways         : 16
   Words        : 1
   Feedback     : 2
   WordBits     : 32
   IndexBits    : 32
   Sort Order   : 0
   Sign Compare : 0
   Max Size     : 268435455
   Debug Enable : 1
   size         : 595000
   average_time :   12.871 # [msec]
   throughput   :   46.227 # [mwords/sec]
   Debug_Time(0):   31.247 # [msec]
   Debug_Time(1):   19.272 # [msec]
   Debug_Time(2):    5.993 # [msec]
   Debug_Time(3):    5.982 # [msec]
-
   Version      : 1.7
   Ways         : 16
   Words        : 1
   Feedback     : 2
   WordBits     : 32
   IndexBits    : 32
   Sort Order   : 0
   Sign Compare : 0
   Max Size     : 268435455
   Debug Enable : 1
   size         : 600000
   average_time :   12.964 # [msec]
   throughput   :   46.283 # [mwords/sec]
   Debug_Time(0):   31.490 # [msec]
   Debug_Time(1):   19.416 # [msec]
   Debug_Time(2):    6.043 # [msec]
   Debug_Time(3):    6.032 # [msec]
-
   Version      : 1.7
   Ways         : 16
   Words        : 1
   Feedback     : 2
   WordBits     : 32
   IndexBits    : 32
   Sort Order   : 0
   Sign Compare : 0
   Max Size     : 268435455
   Debug Enable : 1
   size         : 605000
   average_time :   13.050 # [msec]
   throughput   :   46.360 # [mwords/sec]
   Debug_Time(0):   31.718 # [msec]
   Debug_Time(1):   19.546 # [msec]
   Debug_Time(2):    6.092 # [msec]
   Debug_Time(3):    6.081 # [msec]
-
   Version      : 1.7
   Ways         : 16
   Words        : 1
   Feedback     : 2
   WordBits     : 32
   IndexBits    : 32
   Sort Order   : 0
   Sign Compare : 0
   Max Size     : 268435455
   Debug Enable : 1
   size         : 610000
   average_time :   13.144 # [msec]
   throughput   :   46.410 # [mwords/sec]
   Debug_Time(0):   31.938 # [msec]
   Debug_Time(1):   19.667 # [msec]
   Debug_Time(2):    6.142 # [msec]
   Debug_Time(3):    6.129 # [msec]
-
   Version      : 1.7
   Ways         : 16
   Words        : 1
   Feedback     : 2
   WordBits     : 32
   IndexBits    : 32
   Sort Order   : 0
   Sign Compare : 0
   Max Size     : 268435455
   Debug Enable : 1
   size         : 615000
   average_time :   13.296 # [msec]
   throughput   :   46.254 # [mwords/sec]
   Debug_Time(0):   32.431 # [msec]
   Debug_Time(1):   20.059 # [msec]
   Debug_Time(2):    6.192 # [msec]
   Debug_Time(3):    6.180 # [msec]
-
   Version      : 1.7
   Ways         : 16
   Words        : 1
   Feedback     : 2
   WordBits     : 32
   IndexBits    : 32
   Sort Order   : 0
   Sign Compare : 0
   Max Size     : 268435455
   Debug Enable : 1
   size         : 620000
   average_time :   13.369 # [msec]
   throughput   :   46.377 # [mwords/sec]
   Debug_Time(0):   32.643 # [msec]
   Debug_Time(1):   20.170 # [msec]
   Debug_Time(2):    6.243 # [msec]
   Debug_Time(3):    6.230 # [msec]
-
   Version      : 1.7
   Ways         : 16
   Words        : 1
   Feedback     : 2
   WordBits     : 32
   IndexBits    : 32
   Sort Order   : 0
   Sign Compare : 0
   Max Size     : 268435455
   Debug Enable : 1
   size         : 625000
   average_time :   13.465 # [msec]
   throughput   :   46.415 # [mwords/sec]
   Debug_Time(0):   32.839 # [msec]
   Debug_Time(1):   20.266 # [msec]
   Debug_Time(2):    6.292 # [msec]
   Debug_Time(3):    6.281 # [msec]
-
   Version      : 1.7
   Ways         : 16
   Words        : 1
   Feedback     : 2
   WordBits     : 32
   IndexBits    : 32
   Sort Order   : 0
   Sign Compare : 0
   Max Size     : 268435455
   Debug Enable : 1
   size         : 630000
   average_time :   13.553 # [msec]
   throughput   :   46.484 # [mwords/sec]
   Debug_Time(0):   33.089 # [msec]
   Debug_Time(1):   20.416 # [msec]
   Debug_Time(2):    6.342 # [msec]
   Debug_Time(3):    6.331 # [msec]
-
   Version      : 1.7
   Ways         : 16
   Words        : 1
   Feedback     : 2
   WordBits     : 32
   IndexBits    : 32
   Sort Order   : 0
   Sign Compare : 0
   Max Size     : 268435455
   Debug Enable : 1
   size         : 635000
   average_time :   13.649 # [msec]
   throughput   :   46.525 # [mwords/sec]
   Debug_Time(0):   33.334 # [msec]
   Debug_Time(1):   20.560 # [msec]
   Debug_Time(2):    6.392 # [msec]
   Debug_Time(3):    6.381 # [msec]
-
   Version      : 1.7
   Ways         : 16
   Words        : 1
   Feedback     : 2
   WordBits     : 32
   IndexBits    : 32
   Sort Order   : 0
   Sign Compare : 0
   Max Size     : 268435455
   Debug Enable : 1
   size         : 640000
   average_time :   13.778 # [msec]
   throughput   :   46.451 # [mwords/sec]
   Debug_Time(0):   33.610 # [msec]
   Debug_Time(1):   20.736 # [msec]
   Debug_Time(2):    6.443 # [msec]
   Debug_Time(3):    6.431 # [msec]
-
   Version      : 1.7
   Ways         : 16
   Words        : 1
   Feedback     : 2
   WordBits     : 32
   IndexBits    : 32
   Sort Order   : 0
   Sign Compare : 0
   Max Size     : 268435455
   Debug Enable : 1
   size         : 645000
   average_time :   13.892 # [msec]
   throughput   :   46.430 # [mwords/sec]
   Debug_Time(0):   33.954 # [msec]
   Debug_Time(1):   20.980 # [msec]
   Debug_Time(2):    6.492 # [msec]
   Debug_Time(3):    6.481 # [msec]
-
   Version      : 1.7
   Ways         : 16
   Words        : 1
   Feedback     : 2
   WordBits     : 32
   IndexBits    : 32
   Sort Order   : 0
   Sign Compare : 0
   Max Size     : 268435455
   Debug Enable : 1
   size         : 650000
   average_time :   13.984 # [msec]
   throughput   :   46.483 # [mwords/sec]
   Debug_Time(0):   34.165 # [msec]
   Debug_Time(1):   21.092 # [msec]
   Debug_Time(2):    6.542 # [msec]
   Debug_Time(3):    6.531 # [msec]
-
   Version      : 1.7
   Ways         : 16
   Words        : 1
   Feedback     : 2
   WordBits     : 32
   IndexBits    : 32
   Sort Order   : 0
   Sign Compare : 0
   Max Size     : 268435455
   Debug Enable : 1
   size         : 655000
   average_time :   14.076 # [msec]
   throughput   :   46.534 # [mwords/sec]
   Debug_Time(0):   34.416 # [msec]
   Debug_Time(1):   21.244 # [msec]
   Debug_Time(2):    6.592 # [msec]
   Debug_Time(3):    6.580 # [msec]
-
   Version      : 1.7
   Ways         : 16
   Words        : 1
   Feedback     : 2
   WordBits     : 32
   IndexBits    : 32
   Sort Order   : 0
   Sign Compare : 0
   Max Size     : 268435455
   Debug Enable : 1
   size         : 660000
   average_time :   14.222 # [msec]
   throughput   :   46.406 # [mwords/sec]
   Debug_Time(0):   34.791 # [msec]
   Debug_Time(1):   21.517 # [msec]
   Debug_Time(2):    6.643 # [msec]
   Debug_Time(3):    6.632 # [msec]
-
   Version      : 1.7
   Ways         : 16
   Words        : 1
   Feedback     : 2
   WordBits     : 32
   IndexBits    : 32
   Sort Order   : 0
   Sign Compare : 0
   Max Size     : 268435455
   Debug Enable : 1
   size         : 665000
   average_time :   14.313 # [msec]
   throughput   :   46.462 # [mwords/sec]
   Debug_Time(0):   34.944 # [msec]
   Debug_Time(1):   21.569 # [msec]
   Debug_Time(2):    6.692 # [msec]
   Debug_Time(3):    6.683 # [msec]
-
   Version      : 1.7
   Ways         : 16
   Words        : 1
   Feedback     : 2
   WordBits     : 32
   IndexBits    : 32
   Sort Order   : 0
   Sign Compare : 0
   Max Size     : 268435455
   Debug Enable : 1
   size         : 670000
   average_time :   14.415 # [msec]
   throughput   :   46.481 # [mwords/sec]
   Debug_Time(0):   35.202 # [msec]
   Debug_Time(1):   21.727 # [msec]
   Debug_Time(2):    6.742 # [msec]
   Debug_Time(3):    6.733 # [msec]
-
   Version      : 1.7
   Ways         : 16
   Words        : 1
   Feedback     : 2
   WordBits     : 32
   IndexBits    : 32
   Sort Order   : 0
   Sign Compare : 0
   Max Size     : 268435455
   Debug Enable : 1
   size         : 675000
   average_time :   14.489 # [msec]
   throughput   :   46.587 # [mwords/sec]
   Debug_Time(0):   35.432 # [msec]
   Debug_Time(1):   21.856 # [msec]
   Debug_Time(2):    6.792 # [msec]
   Debug_Time(3):    6.784 # [msec]
-
   Version      : 1.7
   Ways         : 16
   Words        : 1
   Feedback     : 2
   WordBits     : 32
   IndexBits    : 32
   Sort Order   : 0
   Sign Compare : 0
   Max Size     : 268435455
   Debug Enable : 1
   size         : 680000
   average_time :   14.600 # [msec]
   throughput   :   46.575 # [mwords/sec]
   Debug_Time(0):   35.684 # [msec]
   Debug_Time(1):   22.009 # [msec]
   Debug_Time(2):    6.843 # [msec]
   Debug_Time(3):    6.833 # [msec]
-
   Version      : 1.7
   Ways         : 16
   Words        : 1
   Feedback     : 2
   WordBits     : 32
   IndexBits    : 32
   Sort Order   : 0
   Sign Compare : 0
   Max Size     : 268435455
   Debug Enable : 1
   size         : 685000
   average_time :   14.754 # [msec]
   throughput   :   46.427 # [mwords/sec]
   Debug_Time(0):   35.874 # [msec]
   Debug_Time(1):   22.098 # [msec]
   Debug_Time(2):    6.893 # [msec]
   Debug_Time(3):    6.884 # [msec]
-
   Version      : 1.7
   Ways         : 16
   Words        : 1
   Feedback     : 2
   WordBits     : 32
   IndexBits    : 32
   Sort Order   : 0
   Sign Compare : 0
   Max Size     : 268435455
   Debug Enable : 1
   size         : 690000
   average_time :   14.842 # [msec]
   throughput   :   46.490 # [mwords/sec]
   Debug_Time(0):   36.263 # [msec]
   Debug_Time(1):   22.387 # [msec]
   Debug_Time(2):    6.942 # [msec]
   Debug_Time(3):    6.933 # [msec]
-
   Version      : 1.7
   Ways         : 16
   Words        : 1
   Feedback     : 2
   WordBits     : 32
   IndexBits    : 32
   Sort Order   : 0
   Sign Compare : 0
   Max Size     : 268435455
   Debug Enable : 1
   size         : 695000
   average_time :   14.928 # [msec]
   throughput   :   46.557 # [mwords/sec]
   Debug_Time(0):   36.408 # [msec]
   Debug_Time(1):   22.434 # [msec]
   Debug_Time(2):    6.992 # [msec]
   Debug_Time(3):    6.982 # [msec]
-
   Version      : 1.7
   Ways         : 16
   Words        : 1
   Feedback     : 2
   WordBits     : 32
   IndexBits    : 32
   Sort Order   : 0
   Sign Compare : 0
   Max Size     : 268435455
   Debug Enable : 1
   size         : 700000
   average_time :   15.026 # [msec]
   throughput   :   46.587 # [mwords/sec]
   Debug_Time(0):   36.743 # [msec]
   Debug_Time(1):   22.669 # [msec]
   Debug_Time(2):    7.042 # [msec]
   Debug_Time(3):    7.032 # [msec]
-
   Version      : 1.7
   Ways         : 16
   Words        : 1
   Feedback     : 2
   WordBits     : 32
   IndexBits    : 32
   Sort Order   : 0
   Sign Compare : 0
   Max Size     : 268435455
   Debug Enable : 1
   size         : 705000
   average_time :   15.166 # [msec]
   throughput   :   46.486 # [mwords/sec]
   Debug_Time(0):   37.095 # [msec]
   Debug_Time(1):   22.920 # [msec]
   Debug_Time(2):    7.093 # [msec]
   Debug_Time(3):    7.083 # [msec]
-
   Version      : 1.7
   Ways         : 16
   Words        : 1
   Feedback     : 2
   WordBits     : 32
   IndexBits    : 32
   Sort Order   : 0
   Sign Compare : 0
   Max Size     : 268435455
   Debug Enable : 1
   size         : 710000
   average_time :   15.258 # [msec]
   throughput   :   46.534 # [mwords/sec]
   Debug_Time(0):   37.313 # [msec]
   Debug_Time(1):   23.038 # [msec]
   Debug_Time(2):    7.142 # [msec]
   Debug_Time(3):    7.133 # [msec]
-
   Version      : 1.7
   Ways         : 16
   Words        : 1
   Feedback     : 2
   WordBits     : 32
   IndexBits    : 32
   Sort Order   : 0
   Sign Compare : 0
   Max Size     : 268435455
   Debug Enable : 1
   size         : 715000
   average_time :   15.332 # [msec]
   throughput   :   46.636 # [mwords/sec]
   Debug_Time(0):   37.551 # [msec]
   Debug_Time(1):   23.175 # [msec]
   Debug_Time(2):    7.192 # [msec]
   Debug_Time(3):    7.184 # [msec]
-
   Version      : 1.7
   Ways         : 16
   Words        : 1
   Feedback     : 2
   WordBits     : 32
   IndexBits    : 32
   Sort Order   : 0
   Sign Compare : 0
   Max Size     : 268435455
   Debug Enable : 1
   size         : 720000
   average_time :   15.437 # [msec]
   throughput   :   46.640 # [mwords/sec]
   Debug_Time(0):   37.741 # [msec]
   Debug_Time(1):   23.265 # [msec]
   Debug_Time(2):    7.242 # [msec]
   Debug_Time(3):    7.233 # [msec]
-
   Version      : 1.7
   Ways         : 16
   Words        : 1
   Feedback     : 2
   WordBits     : 32
   IndexBits    : 32
   Sort Order   : 0
   Sign Compare : 0
   Max Size     : 268435455
   Debug Enable : 1
   size         : 725000
   average_time :   15.544 # [msec]
   throughput   :   46.641 # [mwords/sec]
   Debug_Time(0):   38.008 # [msec]
   Debug_Time(1):   23.429 # [msec]
   Debug_Time(2):    7.293 # [msec]
   Debug_Time(3):    7.287 # [msec]
-
   Version      : 1.7
   Ways         : 16
   Words        : 1
   Feedback     : 2
   WordBits     : 32
   IndexBits    : 32
   Sort Order   : 0
   Sign Compare : 0
   Max Size     : 268435455
   Debug Enable : 1
   size         : 730000
   average_time :   15.680 # [msec]
   throughput   :   46.555 # [mwords/sec]
   Debug_Time(0):   38.388 # [msec]
   Debug_Time(1):   23.710 # [msec]
   Debug_Time(2):    7.343 # [msec]
   Debug_Time(3):    7.336 # [msec]
-
   Version      : 1.7
   Ways         : 16
   Words        : 1
   Feedback     : 2
   WordBits     : 32
   IndexBits    : 32
   Sort Order   : 0
   Sign Compare : 0
   Max Size     : 268435455
   Debug Enable : 1
   size         : 735000
   average_time :   15.768 # [msec]
   throughput   :   46.613 # [mwords/sec]
   Debug_Time(0):   38.619 # [msec]
   Debug_Time(1):   23.842 # [msec]
   Debug_Time(2):    7.392 # [msec]
   Debug_Time(3):    7.385 # [msec]
-
   Version      : 1.7
   Ways         : 16
   Words        : 1
   Feedback     : 2
   WordBits     : 32
   IndexBits    : 32
   Sort Order   : 0
   Sign Compare : 0
   Max Size     : 268435455
   Debug Enable : 1
   size         : 740000
   average_time :   15.857 # [msec]
   throughput   :   46.667 # [mwords/sec]
   Debug_Time(0):   38.842 # [msec]
   Debug_Time(1):   23.966 # [msec]
   Debug_Time(2):    7.442 # [msec]
   Debug_Time(3):    7.434 # [msec]
-
   Version      : 1.7
   Ways         : 16
   Words        : 1
   Feedback     : 2
   WordBits     : 32
   IndexBits    : 32
   Sort Order   : 0
   Sign Compare : 0
   Max Size     : 268435455
   Debug Enable : 1
   size         : 745000
   average_time :   15.976 # [msec]
   throughput   :   46.632 # [mwords/sec]
   Debug_Time(0):   38.904 # [msec]
   Debug_Time(1):   23.925 # [msec]
   Debug_Time(2):    7.493 # [msec]
   Debug_Time(3):    7.486 # [msec]
-
   Version      : 1.7
   Ways         : 16
   Words        : 1
   Feedback     : 2
   WordBits     : 32
   IndexBits    : 32
   Sort Order   : 0
   Sign Compare : 0
   Max Size     : 268435455
   Debug Enable : 1
   size         : 750000
   average_time :   16.178 # [msec]
   throughput   :   46.359 # [mwords/sec]
   Debug_Time(0):   39.570 # [msec]
   Debug_Time(1):   24.493 # [msec]
   Debug_Time(2):    7.543 # [msec]
   Debug_Time(3):    7.535 # [msec]
-
   Version      : 1.7
   Ways         : 16
   Words        : 1
   Feedback     : 2
   WordBits     : 32
   IndexBits    : 32
   Sort Order   : 0
   Sign Compare : 0
   Max Size     : 268435455
   Debug Enable : 1
   size         : 755000
   average_time :   16.171 # [msec]
   throughput   :   46.688 # [mwords/sec]
   Debug_Time(0):   39.589 # [msec]
   Debug_Time(1):   24.411 # [msec]
   Debug_Time(2):    7.592 # [msec]
   Debug_Time(3):    7.586 # [msec]
-
   Version      : 1.7
   Ways         : 16
   Words        : 1
   Feedback     : 2
   WordBits     : 32
   IndexBits    : 32
   Sort Order   : 0
   Sign Compare : 0
   Max Size     : 268435455
   Debug Enable : 1
   size         : 760000
   average_time :   16.288 # [msec]
   throughput   :   46.659 # [mwords/sec]
   Debug_Time(0):   39.853 # [msec]
   Debug_Time(1):   24.576 # [msec]
   Debug_Time(2):    7.642 # [msec]
   Debug_Time(3):    7.635 # [msec]
-
   Version      : 1.7
   Ways         : 16
   Words        : 1
   Feedback     : 2
   WordBits     : 32
   IndexBits    : 32
   Sort Order   : 0
   Sign Compare : 0
   Max Size     : 268435455
   Debug Enable : 1
   size         : 765000
   average_time :   16.369 # [msec]
   throughput   :   46.735 # [mwords/sec]
   Debug_Time(0):   40.066 # [msec]
   Debug_Time(1):   24.687 # [msec]
   Debug_Time(2):    7.693 # [msec]
   Debug_Time(3):    7.687 # [msec]
-
   Version      : 1.7
   Ways         : 16
   Words        : 1
   Feedback     : 2
   WordBits     : 32
   IndexBits    : 32
   Sort Order   : 0
   Sign Compare : 0
   Max Size     : 268435455
   Debug Enable : 1
   size         : 770000
   average_time :   16.471 # [msec]
   throughput   :   46.750 # [mwords/sec]
   Debug_Time(0):   40.262 # [msec]
   Debug_Time(1):   24.784 # [msec]
   Debug_Time(2):    7.743 # [msec]
   Debug_Time(3):    7.736 # [msec]
-
   Version      : 1.7
   Ways         : 16
   Words        : 1
   Feedback     : 2
   WordBits     : 32
   IndexBits    : 32
   Sort Order   : 0
   Sign Compare : 0
   Max Size     : 268435455
   Debug Enable : 1
   size         : 775000
   average_time :   16.648 # [msec]
   throughput   :   46.552 # [mwords/sec]
   Debug_Time(0):   40.730 # [msec]
   Debug_Time(1):   25.152 # [msec]
   Debug_Time(2):    7.792 # [msec]
   Debug_Time(3):    7.786 # [msec]
-
   Version      : 1.7
   Ways         : 16
   Words        : 1
   Feedback     : 2
   WordBits     : 32
   IndexBits    : 32
   Sort Order   : 0
   Sign Compare : 0
   Max Size     : 268435455
   Debug Enable : 1
   size         : 780000
   average_time :   16.747 # [msec]
   throughput   :   46.575 # [mwords/sec]
   Debug_Time(0):   41.005 # [msec]
   Debug_Time(1):   25.328 # [msec]
   Debug_Time(2):    7.843 # [msec]
   Debug_Time(3):    7.834 # [msec]
-
   Version      : 1.7
   Ways         : 16
   Words        : 1
   Feedback     : 2
   WordBits     : 32
   IndexBits    : 32
   Sort Order   : 0
   Sign Compare : 0
   Max Size     : 268435455
   Debug Enable : 1
   size         : 785000
   average_time :   16.827 # [msec]
   throughput   :   46.650 # [mwords/sec]
   Debug_Time(0):   41.219 # [msec]
   Debug_Time(1):   25.441 # [msec]
   Debug_Time(2):    7.892 # [msec]
   Debug_Time(3):    7.885 # [msec]
-
   Version      : 1.7
   Ways         : 16
   Words        : 1
   Feedback     : 2
   WordBits     : 32
   IndexBits    : 32
   Sort Order   : 0
   Sign Compare : 0
   Max Size     : 268435455
   Debug Enable : 1
   size         : 790000
   average_time :   16.875 # [msec]
   throughput   :   46.814 # [mwords/sec]
   Debug_Time(0):   41.345 # [msec]
   Debug_Time(1):   25.465 # [msec]
   Debug_Time(2):    7.943 # [msec]
   Debug_Time(3):    7.937 # [msec]
-
   Version      : 1.7
   Ways         : 16
   Words        : 1
   Feedback     : 2
   WordBits     : 32
   IndexBits    : 32
   Sort Order   : 0
   Sign Compare : 0
   Max Size     : 268435455
   Debug Enable : 1
   size         : 795000
   average_time :   17.038 # [msec]
   throughput   :   46.661 # [mwords/sec]
   Debug_Time(0):   41.815 # [msec]
   Debug_Time(1):   25.834 # [msec]
   Debug_Time(2):    7.992 # [msec]
   Debug_Time(3):    7.988 # [msec]
-
   Version      : 1.7
   Ways         : 16
   Words        : 1
   Feedback     : 2
   WordBits     : 32
   IndexBits    : 32
   Sort Order   : 0
   Sign Compare : 0
   Max Size     : 268435455
   Debug Enable : 1
   size         : 800000
   average_time :   17.119 # [msec]
   throughput   :   46.732 # [mwords/sec]
   Debug_Time(0):   42.082 # [msec]
   Debug_Time(1):   26.003 # [msec]
   Debug_Time(2):    8.042 # [msec]
   Debug_Time(3):    8.038 # [msec]
-
   Version      : 1.7
   Ways         : 16
   Words        : 1
   Feedback     : 2
   WordBits     : 32
   IndexBits    : 32
   Sort Order   : 0
   Sign Compare : 0
   Max Size     : 268435455
   Debug Enable : 1
   size         : 805000
   average_time :   17.214 # [msec]
   throughput   :   46.764 # [mwords/sec]
   Debug_Time(0):   42.365 # [msec]
   Debug_Time(1):   26.184 # [msec]
   Debug_Time(2):    8.092 # [msec]
   Debug_Time(3):    8.089 # [msec]
-
   Version      : 1.7
   Ways         : 16
   Words        : 1
   Feedback     : 2
   WordBits     : 32
   IndexBits    : 32
   Sort Order   : 0
   Sign Compare : 0
   Max Size     : 268435455
   Debug Enable : 1
   size         : 810000
   average_time :   17.322 # [msec]
   throughput   :   46.762 # [mwords/sec]
   Debug_Time(0):   42.594 # [msec]
   Debug_Time(1):   26.312 # [msec]
   Debug_Time(2):    8.143 # [msec]
   Debug_Time(3):    8.139 # [msec]
-
   Version      : 1.7
   Ways         : 16
   Words        : 1
   Feedback     : 2
   WordBits     : 32
   IndexBits    : 32
   Sort Order   : 0
   Sign Compare : 0
   Max Size     : 268435455
   Debug Enable : 1
   size         : 815000
   average_time :   17.431 # [msec]
   throughput   :   46.757 # [mwords/sec]
   Debug_Time(0):   42.632 # [msec]
   Debug_Time(1):   26.250 # [msec]
   Debug_Time(2):    8.193 # [msec]
   Debug_Time(3):    8.189 # [msec]
-
   Version      : 1.7
   Ways         : 16
   Words        : 1
   Feedback     : 2
   WordBits     : 32
   IndexBits    : 32
   Sort Order   : 0
   Sign Compare : 0
   Max Size     : 268435455
   Debug Enable : 1
   size         : 820000
   average_time :   17.542 # [msec]
   throughput   :   46.745 # [mwords/sec]
   Debug_Time(0):   42.959 # [msec]
   Debug_Time(1):   26.480 # [msec]
   Debug_Time(2):    8.242 # [msec]
   Debug_Time(3):    8.237 # [msec]
-
   Version      : 1.7
   Ways         : 16
   Words        : 1
   Feedback     : 2
   WordBits     : 32
   IndexBits    : 32
   Sort Order   : 0
   Sign Compare : 0
   Max Size     : 268435455
   Debug Enable : 1
   size         : 825000
   average_time :   17.646 # [msec]
   throughput   :   46.752 # [mwords/sec]
   Debug_Time(0):   43.338 # [msec]
   Debug_Time(1):   26.758 # [msec]
   Debug_Time(2):    8.292 # [msec]
   Debug_Time(3):    8.287 # [msec]
-
   Version      : 1.7
   Ways         : 16
   Words        : 1
   Feedback     : 2
   WordBits     : 32
   IndexBits    : 32
   Sort Order   : 0
   Sign Compare : 0
   Max Size     : 268435455
   Debug Enable : 1
   size         : 830000
   average_time :   17.729 # [msec]
   throughput   :   46.816 # [mwords/sec]
   Debug_Time(0):   43.460 # [msec]
   Debug_Time(1):   26.780 # [msec]
   Debug_Time(2):    8.343 # [msec]
   Debug_Time(3):    8.337 # [msec]
-
   Version      : 1.7
   Ways         : 16
   Words        : 1
   Feedback     : 2
   WordBits     : 32
   IndexBits    : 32
   Sort Order   : 0
   Sign Compare : 0
   Max Size     : 268435455
   Debug Enable : 1
   size         : 835000
   average_time :   17.811 # [msec]
   throughput   :   46.882 # [mwords/sec]
   Debug_Time(0):   43.701 # [msec]
   Debug_Time(1):   26.919 # [msec]
   Debug_Time(2):    8.393 # [msec]
   Debug_Time(3):    8.388 # [msec]
-
   Version      : 1.7
   Ways         : 16
   Words        : 1
   Feedback     : 2
   WordBits     : 32
   IndexBits    : 32
   Sort Order   : 0
   Sign Compare : 0
   Max Size     : 268435455
   Debug Enable : 1
   size         : 840000
   average_time :   17.965 # [msec]
   throughput   :   46.758 # [mwords/sec]
   Debug_Time(0):   44.011 # [msec]
   Debug_Time(1):   27.132 # [msec]
   Debug_Time(2):    8.442 # [msec]
   Debug_Time(3):    8.438 # [msec]
-
   Version      : 1.7
   Ways         : 16
   Words        : 1
   Feedback     : 2
   WordBits     : 32
   IndexBits    : 32
   Sort Order   : 0
   Sign Compare : 0
   Max Size     : 268435455
   Debug Enable : 1
   size         : 845000
   average_time :   18.054 # [msec]
   throughput   :   46.803 # [mwords/sec]
   Debug_Time(0):   44.233 # [msec]
   Debug_Time(1):   27.251 # [msec]
   Debug_Time(2):    8.492 # [msec]
   Debug_Time(3):    8.489 # [msec]
-
   Version      : 1.7
   Ways         : 16
   Words        : 1
   Feedback     : 2
   WordBits     : 32
   IndexBits    : 32
   Sort Order   : 0
   Sign Compare : 0
   Max Size     : 268435455
   Debug Enable : 1
   size         : 850000
   average_time :   18.149 # [msec]
   throughput   :   46.833 # [mwords/sec]
   Debug_Time(0):   44.434 # [msec]
   Debug_Time(1):   27.353 # [msec]
   Debug_Time(2):    8.543 # [msec]
   Debug_Time(3):    8.539 # [msec]
-
   Version      : 1.7
   Ways         : 16
   Words        : 1
   Feedback     : 2
   WordBits     : 32
   IndexBits    : 32
   Sort Order   : 0
   Sign Compare : 0
   Max Size     : 268435455
   Debug Enable : 1
   size         : 855000
   average_time :   18.269 # [msec]
   throughput   :   46.801 # [mwords/sec]
   Debug_Time(0):   44.661 # [msec]
   Debug_Time(1):   27.476 # [msec]
   Debug_Time(2):    8.593 # [msec]
   Debug_Time(3):    8.592 # [msec]
-
   Version      : 1.7
   Ways         : 16
   Words        : 1
   Feedback     : 2
   WordBits     : 32
   IndexBits    : 32
   Sort Order   : 0
   Sign Compare : 0
   Max Size     : 268435455
   Debug Enable : 1
   size         : 860000
   average_time :   18.338 # [msec]
   throughput   :   46.898 # [mwords/sec]
   Debug_Time(0):   44.978 # [msec]
   Debug_Time(1):   27.695 # [msec]
   Debug_Time(2):    8.642 # [msec]
   Debug_Time(3):    8.641 # [msec]
-
   Version      : 1.7
   Ways         : 16
   Words        : 1
   Feedback     : 2
   WordBits     : 32
   IndexBits    : 32
   Sort Order   : 0
   Sign Compare : 0
   Max Size     : 268435455
   Debug Enable : 1
   size         : 865000
   average_time :   18.440 # [msec]
   throughput   :   46.908 # [mwords/sec]
   Debug_Time(0):   45.269 # [msec]
   Debug_Time(1):   27.887 # [msec]
   Debug_Time(2):    8.692 # [msec]
   Debug_Time(3):    8.690 # [msec]
-
   Version      : 1.7
   Ways         : 16
   Words        : 1
   Feedback     : 2
   WordBits     : 32
   IndexBits    : 32
   Sort Order   : 0
   Sign Compare : 0
   Max Size     : 268435455
   Debug Enable : 1
   size         : 870000
   average_time :   18.559 # [msec]
   throughput   :   46.878 # [mwords/sec]
   Debug_Time(0):   45.509 # [msec]
   Debug_Time(1):   28.027 # [msec]
   Debug_Time(2):    8.743 # [msec]
   Debug_Time(3):    8.739 # [msec]
-
   Version      : 1.7
   Ways         : 16
   Words        : 1
   Feedback     : 2
   WordBits     : 32
   IndexBits    : 32
   Sort Order   : 0
   Sign Compare : 0
   Max Size     : 268435455
   Debug Enable : 1
   size         : 875000
   average_time :   18.674 # [msec]
   throughput   :   46.857 # [mwords/sec]
   Debug_Time(0):   45.749 # [msec]
   Debug_Time(1):   28.165 # [msec]
   Debug_Time(2):    8.793 # [msec]
   Debug_Time(3):    8.791 # [msec]
-
   Version      : 1.7
   Ways         : 16
   Words        : 1
   Feedback     : 2
   WordBits     : 32
   IndexBits    : 32
   Sort Order   : 0
   Sign Compare : 0
   Max Size     : 268435455
   Debug Enable : 1
   size         : 880000
   average_time :   18.785 # [msec]
   throughput   :   46.847 # [mwords/sec]
   Debug_Time(0):   46.015 # [msec]
   Debug_Time(1):   28.333 # [msec]
   Debug_Time(2):    8.842 # [msec]
   Debug_Time(3):    8.840 # [msec]
-
   Version      : 1.7
   Ways         : 16
   Words        : 1
   Feedback     : 2
   WordBits     : 32
   IndexBits    : 32
   Sort Order   : 0
   Sign Compare : 0
   Max Size     : 268435455
   Debug Enable : 1
   size         : 885000
   average_time :   18.905 # [msec]
   throughput   :   46.814 # [mwords/sec]
   Debug_Time(0):   46.363 # [msec]
   Debug_Time(1):   28.580 # [msec]
   Debug_Time(2):    8.892 # [msec]
   Debug_Time(3):    8.891 # [msec]
-
   Version      : 1.7
   Ways         : 16
   Words        : 1
   Feedback     : 2
   WordBits     : 32
   IndexBits    : 32
   Sort Order   : 0
   Sign Compare : 0
   Max Size     : 268435455
   Debug Enable : 1
   size         : 890000
   average_time :   19.003 # [msec]
   throughput   :   46.834 # [mwords/sec]
   Debug_Time(0):   46.563 # [msec]
   Debug_Time(1):   28.680 # [msec]
   Debug_Time(2):    8.942 # [msec]
   Debug_Time(3):    8.941 # [msec]
-
   Version      : 1.7
   Ways         : 16
   Words        : 1
   Feedback     : 2
   WordBits     : 32
   IndexBits    : 32
   Sort Order   : 0
   Sign Compare : 0
   Max Size     : 268435455
   Debug Enable : 1
   size         : 895000
   average_time :   19.096 # [msec]
   throughput   :   46.868 # [mwords/sec]
   Debug_Time(0):   46.826 # [msec]
   Debug_Time(1):   28.841 # [msec]
   Debug_Time(2):    8.993 # [msec]
   Debug_Time(3):    8.992 # [msec]
-
   Version      : 1.7
   Ways         : 16
   Words        : 1
   Feedback     : 2
   WordBits     : 32
   IndexBits    : 32
   Sort Order   : 0
   Sign Compare : 0
   Max Size     : 268435455
   Debug Enable : 1
   size         : 900000
   average_time :   19.181 # [msec]
   throughput   :   46.921 # [mwords/sec]
   Debug_Time(0):   47.053 # [msec]
   Debug_Time(1):   28.970 # [msec]
   Debug_Time(2):    9.043 # [msec]
   Debug_Time(3):    9.041 # [msec]
-
   Version      : 1.7
   Ways         : 16
   Words        : 1
   Feedback     : 2
   WordBits     : 32
   IndexBits    : 32
   Sort Order   : 0
   Sign Compare : 0
   Max Size     : 268435455
   Debug Enable : 1
   size         : 905000
   average_time :   19.295 # [msec]
   throughput   :   46.902 # [mwords/sec]
   Debug_Time(0):   47.284 # [msec]
   Debug_Time(1):   29.102 # [msec]
   Debug_Time(2):    9.092 # [msec]
   Debug_Time(3):    9.091 # [msec]
-
   Version      : 1.7
   Ways         : 16
   Words        : 1
   Feedback     : 2
   WordBits     : 32
   IndexBits    : 32
   Sort Order   : 0
   Sign Compare : 0
   Max Size     : 268435455
   Debug Enable : 1
   size         : 910000
   average_time :   19.408 # [msec]
   throughput   :   46.887 # [mwords/sec]
   Debug_Time(0):   47.644 # [msec]
   Debug_Time(1):   29.362 # [msec]
   Debug_Time(2):    9.142 # [msec]
   Debug_Time(3):    9.139 # [msec]
-
   Version      : 1.7
   Ways         : 16
   Words        : 1
   Feedback     : 2
   WordBits     : 32
   IndexBits    : 32
   Sort Order   : 0
   Sign Compare : 0
   Max Size     : 268435455
   Debug Enable : 1
   size         : 915000
   average_time :   19.525 # [msec]
   throughput   :   46.862 # [mwords/sec]
   Debug_Time(0):   47.904 # [msec]
   Debug_Time(1):   29.522 # [msec]
   Debug_Time(2):    9.193 # [msec]
   Debug_Time(3):    9.190 # [msec]
-
   Version      : 1.7
   Ways         : 16
   Words        : 1
   Feedback     : 2
   WordBits     : 32
   IndexBits    : 32
   Sort Order   : 0
   Sign Compare : 0
   Max Size     : 268435455
   Debug Enable : 1
   size         : 920000
   average_time :   19.605 # [msec]
   throughput   :   46.926 # [mwords/sec]
   Debug_Time(0):   48.083 # [msec]
   Debug_Time(1):   29.597 # [msec]
   Debug_Time(2):    9.243 # [msec]
   Debug_Time(3):    9.244 # [msec]
-
   Version      : 1.7
   Ways         : 16
   Words        : 1
   Feedback     : 2
   WordBits     : 32
   IndexBits    : 32
   Sort Order   : 0
   Sign Compare : 0
   Max Size     : 268435455
   Debug Enable : 1
   size         : 925000
   average_time :   19.703 # [msec]
   throughput   :   46.948 # [mwords/sec]
   Debug_Time(0):   48.302 # [msec]
   Debug_Time(1):   29.716 # [msec]
   Debug_Time(2):    9.293 # [msec]
   Debug_Time(3):    9.294 # [msec]
-
   Version      : 1.7
   Ways         : 16
   Words        : 1
   Feedback     : 2
   WordBits     : 32
   IndexBits    : 32
   Sort Order   : 0
   Sign Compare : 0
   Max Size     : 268435455
   Debug Enable : 1
   size         : 930000
   average_time :   19.807 # [msec]
   throughput   :   46.953 # [mwords/sec]
   Debug_Time(0):   48.593 # [msec]
   Debug_Time(1):   29.907 # [msec]
   Debug_Time(2):    9.342 # [msec]
   Debug_Time(3):    9.344 # [msec]
-
   Version      : 1.7
   Ways         : 16
   Words        : 1
   Feedback     : 2
   WordBits     : 32
   IndexBits    : 32
   Sort Order   : 0
   Sign Compare : 0
   Max Size     : 268435455
   Debug Enable : 1
   size         : 935000
   average_time :   19.936 # [msec]
   throughput   :   46.900 # [mwords/sec]
   Debug_Time(0):   48.949 # [msec]
   Debug_Time(1):   30.162 # [msec]
   Debug_Time(2):    9.393 # [msec]
   Debug_Time(3):    9.394 # [msec]
-
   Version      : 1.7
   Ways         : 16
   Words        : 1
   Feedback     : 2
   WordBits     : 32
   IndexBits    : 32
   Sort Order   : 0
   Sign Compare : 0
   Max Size     : 268435455
   Debug Enable : 1
   size         : 940000
   average_time :   20.042 # [msec]
   throughput   :   46.901 # [mwords/sec]
   Debug_Time(0):   49.263 # [msec]
   Debug_Time(1):   30.376 # [msec]
   Debug_Time(2):    9.443 # [msec]
   Debug_Time(3):    9.444 # [msec]
-
   Version      : 1.7
   Ways         : 16
   Words        : 1
   Feedback     : 2
   WordBits     : 32
   IndexBits    : 32
   Sort Order   : 0
   Sign Compare : 0
   Max Size     : 268435455
   Debug Enable : 1
   size         : 945000
   average_time :   20.113 # [msec]
   throughput   :   46.985 # [mwords/sec]
   Debug_Time(0):   49.632 # [msec]
   Debug_Time(1):   30.646 # [msec]
   Debug_Time(2):    9.492 # [msec]
   Debug_Time(3):    9.494 # [msec]
-
   Version      : 1.7
   Ways         : 16
   Words        : 1
   Feedback     : 2
   WordBits     : 32
   IndexBits    : 32
   Sort Order   : 0
   Sign Compare : 0
   Max Size     : 268435455
   Debug Enable : 1
   size         : 950000
   average_time :   20.196 # [msec]
   throughput   :   47.039 # [mwords/sec]
   Debug_Time(0):   49.854 # [msec]
   Debug_Time(1):   30.769 # [msec]
   Debug_Time(2):    9.542 # [msec]
   Debug_Time(3):    9.543 # [msec]
-
   Version      : 1.7
   Ways         : 16
   Words        : 1
   Feedback     : 2
   WordBits     : 32
   IndexBits    : 32
   Sort Order   : 0
   Sign Compare : 0
   Max Size     : 268435455
   Debug Enable : 1
   size         : 955000
   average_time :   20.376 # [msec]
   throughput   :   46.868 # [mwords/sec]
   Debug_Time(0):   50.181 # [msec]
   Debug_Time(1):   30.996 # [msec]
   Debug_Time(2):    9.592 # [msec]
   Debug_Time(3):    9.593 # [msec]
-
   Version      : 1.7
   Ways         : 16
   Words        : 1
   Feedback     : 2
   WordBits     : 32
   IndexBits    : 32
   Sort Order   : 0
   Sign Compare : 0
   Max Size     : 268435455
   Debug Enable : 1
   size         : 960000
   average_time :   20.426 # [msec]
   throughput   :   46.999 # [mwords/sec]
   Debug_Time(0):   50.401 # [msec]
   Debug_Time(1):   31.116 # [msec]
   Debug_Time(2):    9.643 # [msec]
   Debug_Time(3):    9.642 # [msec]
-
   Version      : 1.7
   Ways         : 16
   Words        : 1
   Feedback     : 2
   WordBits     : 32
   IndexBits    : 32
   Sort Order   : 0
   Sign Compare : 0
   Max Size     : 268435455
   Debug Enable : 1
   size         : 965000
   average_time :   20.538 # [msec]
   throughput   :   46.985 # [mwords/sec]
   Debug_Time(0):   50.690 # [msec]
   Debug_Time(1):   31.304 # [msec]
   Debug_Time(2):    9.692 # [msec]
   Debug_Time(3):    9.694 # [msec]
-
   Version      : 1.7
   Ways         : 16
   Words        : 1
   Feedback     : 2
   WordBits     : 32
   IndexBits    : 32
   Sort Order   : 0
   Sign Compare : 0
   Max Size     : 268435455
   Debug Enable : 1
   size         : 970000
   average_time :   20.643 # [msec]
   throughput   :   46.989 # [mwords/sec]
   Debug_Time(0):   50.893 # [msec]
   Debug_Time(1):   31.408 # [msec]
   Debug_Time(2):    9.742 # [msec]
   Debug_Time(3):    9.743 # [msec]
-
   Version      : 1.7
   Ways         : 16
   Words        : 1
   Feedback     : 2
   WordBits     : 32
   IndexBits    : 32
   Sort Order   : 0
   Sign Compare : 0
   Max Size     : 268435455
   Debug Enable : 1
   size         : 975000
   average_time :   20.716 # [msec]
   throughput   :   47.065 # [mwords/sec]
   Debug_Time(0):   51.134 # [msec]
   Debug_Time(1):   31.547 # [msec]
   Debug_Time(2):    9.792 # [msec]
   Debug_Time(3):    9.794 # [msec]
-
   Version      : 1.7
   Ways         : 16
   Words        : 1
   Feedback     : 2
   WordBits     : 32
   IndexBits    : 32
   Sort Order   : 0
   Sign Compare : 0
   Max Size     : 268435455
   Debug Enable : 1
   size         : 980000
   average_time :   20.843 # [msec]
   throughput   :   47.018 # [mwords/sec]
   Debug_Time(0):   51.272 # [msec]
   Debug_Time(1):   31.585 # [msec]
   Debug_Time(2):    9.843 # [msec]
   Debug_Time(3):    9.844 # [msec]
-
   Version      : 1.7
   Ways         : 16
   Words        : 1
   Feedback     : 2
   WordBits     : 32
   IndexBits    : 32
   Sort Order   : 0
   Sign Compare : 0
   Max Size     : 268435455
   Debug Enable : 1
   size         : 985000
   average_time :   20.953 # [msec]
   throughput   :   47.011 # [mwords/sec]
   Debug_Time(0):   51.704 # [msec]
   Debug_Time(1):   31.914 # [msec]
   Debug_Time(2):    9.893 # [msec]
   Debug_Time(3):    9.897 # [msec]
-
   Version      : 1.7
   Ways         : 16
   Words        : 1
   Feedback     : 2
   WordBits     : 32
   IndexBits    : 32
   Sort Order   : 0
   Sign Compare : 0
   Max Size     : 268435455
   Debug Enable : 1
   size         : 990000
   average_time :   21.030 # [msec]
   throughput   :   47.075 # [mwords/sec]
   Debug_Time(0):   51.638 # [msec]
   Debug_Time(1):   31.751 # [msec]
   Debug_Time(2):    9.942 # [msec]
   Debug_Time(3):    9.945 # [msec]
-
   Version      : 1.7
   Ways         : 16
   Words        : 1
   Feedback     : 2
   WordBits     : 32
   IndexBits    : 32
   Sort Order   : 0
   Sign Compare : 0
   Max Size     : 268435455
   Debug Enable : 1
   size         : 995000
   average_time :   21.143 # [msec]
   throughput   :   47.060 # [mwords/sec]
   Debug_Time(0):   51.801 # [msec]
   Debug_Time(1):   31.814 # [msec]
   Debug_Time(2):    9.992 # [msec]
   Debug_Time(3):    9.995 # [msec]
-
   Version      : 1.7
   Ways         : 16
   Words        : 1
   Feedback     : 2
   WordBits     : 32
   IndexBits    : 32
   Sort Order   : 0
   Sign Compare : 0
   Max Size     : 268435455
   Debug Enable : 1
   size         : 1000000
   average_time :   21.265 # [msec]
   throughput   :   47.026 # [mwords/sec]
   Debug_Time(0):   52.096 # [msec]
   Debug_Time(1):   32.008 # [msec]
   Debug_Time(2):   10.043 # [msec]
   Debug_Time(3):   10.045 # [msec]
