-
   sample_file  : sample_0000005000.npy
   expect_file  : expect_0000005000.npy
   size         : 5000
   average_time :    0.817 # [msec]
   throughput   :    6.123 # [mwords/sec]
-
   sample_file  : sample_0000010000.npy
   expect_file  : expect_0000010000.npy
   size         : 10000
   average_time :    1.758 # [msec]
   throughput   :    5.688 # [mwords/sec]
-
   sample_file  : sample_0000015000.npy
   expect_file  : expect_0000015000.npy
   size         : 15000
   average_time :    2.782 # [msec]
   throughput   :    5.393 # [mwords/sec]
-
   sample_file  : sample_0000020000.npy
   expect_file  : expect_0000020000.npy
   size         : 20000
   average_time :    3.902 # [msec]
   throughput   :    5.125 # [mwords/sec]
-
   sample_file  : sample_0000025000.npy
   expect_file  : expect_0000025000.npy
   size         : 25000
   average_time :    5.176 # [msec]
   throughput   :    4.830 # [mwords/sec]
-
   sample_file  : sample_0000030000.npy
   expect_file  : expect_0000030000.npy
   size         : 30000
   average_time :    6.626 # [msec]
   throughput   :    4.527 # [mwords/sec]
-
   sample_file  : sample_0000035000.npy
   expect_file  : expect_0000035000.npy
   size         : 35000
   average_time :    7.825 # [msec]
   throughput   :    4.473 # [mwords/sec]
-
   sample_file  : sample_0000040000.npy
   expect_file  : expect_0000040000.npy
   size         : 40000
   average_time :    9.322 # [msec]
   throughput   :    4.291 # [mwords/sec]
-
   sample_file  : sample_0000045000.npy
   expect_file  : expect_0000045000.npy
   size         : 45000
   average_time :   10.512 # [msec]
   throughput   :    4.281 # [mwords/sec]
-
   sample_file  : sample_0000050000.npy
   expect_file  : expect_0000050000.npy
   size         : 50000
   average_time :   11.867 # [msec]
   throughput   :    4.213 # [mwords/sec]
-
   sample_file  : sample_0000055000.npy
   expect_file  : expect_0000055000.npy
   size         : 55000
   average_time :   13.604 # [msec]
   throughput   :    4.043 # [mwords/sec]
-
   sample_file  : sample_0000060000.npy
   expect_file  : expect_0000060000.npy
   size         : 60000
   average_time :   14.786 # [msec]
   throughput   :    4.058 # [mwords/sec]
-
   sample_file  : sample_0000065000.npy
   expect_file  : expect_0000065000.npy
   size         : 65000
   average_time :   16.291 # [msec]
   throughput   :    3.990 # [mwords/sec]
-
   sample_file  : sample_0000070000.npy
   expect_file  : expect_0000070000.npy
   size         : 70000
   average_time :   18.002 # [msec]
   throughput   :    3.889 # [mwords/sec]
-
   sample_file  : sample_0000075000.npy
   expect_file  : expect_0000075000.npy
   size         : 75000
   average_time :   20.120 # [msec]
   throughput   :    3.728 # [mwords/sec]
-
   sample_file  : sample_0000080000.npy
   expect_file  : expect_0000080000.npy
   size         : 80000
   average_time :   21.297 # [msec]
   throughput   :    3.756 # [mwords/sec]
-
   sample_file  : sample_0000085000.npy
   expect_file  : expect_0000085000.npy
   size         : 85000
   average_time :   23.133 # [msec]
   throughput   :    3.674 # [mwords/sec]
-
   sample_file  : sample_0000090000.npy
   expect_file  : expect_0000090000.npy
   size         : 90000
   average_time :   24.758 # [msec]
   throughput   :    3.635 # [mwords/sec]
-
   sample_file  : sample_0000095000.npy
   expect_file  : expect_0000095000.npy
   size         : 95000
   average_time :   26.266 # [msec]
   throughput   :    3.617 # [mwords/sec]
-
   sample_file  : sample_0000100000.npy
   expect_file  : expect_0000100000.npy
   size         : 100000
   average_time :   27.959 # [msec]
   throughput   :    3.577 # [mwords/sec]
-
   sample_file  : sample_0000105000.npy
   expect_file  : expect_0000105000.npy
   size         : 105000
   average_time :   30.451 # [msec]
   throughput   :    3.448 # [mwords/sec]
-
   sample_file  : sample_0000110000.npy
   expect_file  : expect_0000110000.npy
   size         : 110000
   average_time :   31.698 # [msec]
   throughput   :    3.470 # [mwords/sec]
-
   sample_file  : sample_0000115000.npy
   expect_file  : expect_0000115000.npy
   size         : 115000
   average_time :   35.438 # [msec]
   throughput   :    3.245 # [mwords/sec]
-
   sample_file  : sample_0000120000.npy
   expect_file  : expect_0000120000.npy
   size         : 120000
   average_time :   36.317 # [msec]
   throughput   :    3.304 # [mwords/sec]
-
   sample_file  : sample_0000125000.npy
   expect_file  : expect_0000125000.npy
   size         : 125000
   average_time :   38.471 # [msec]
   throughput   :    3.249 # [mwords/sec]
-
   sample_file  : sample_0000130000.npy
   expect_file  : expect_0000130000.npy
   size         : 130000
   average_time :   40.348 # [msec]
   throughput   :    3.222 # [mwords/sec]
-
   sample_file  : sample_0000135000.npy
   expect_file  : expect_0000135000.npy
   size         : 135000
   average_time :   42.795 # [msec]
   throughput   :    3.155 # [mwords/sec]
-
   sample_file  : sample_0000140000.npy
   expect_file  : expect_0000140000.npy
   size         : 140000
   average_time :   46.175 # [msec]
   throughput   :    3.032 # [mwords/sec]
-
   sample_file  : sample_0000145000.npy
   expect_file  : expect_0000145000.npy
   size         : 145000
   average_time :   47.734 # [msec]
   throughput   :    3.038 # [mwords/sec]
-
   sample_file  : sample_0000150000.npy
   expect_file  : expect_0000150000.npy
   size         : 150000
   average_time :   49.017 # [msec]
   throughput   :    3.060 # [mwords/sec]
-
   sample_file  : sample_0000155000.npy
   expect_file  : expect_0000155000.npy
   size         : 155000
   average_time :   51.529 # [msec]
   throughput   :    3.008 # [mwords/sec]
-
   sample_file  : sample_0000160000.npy
   expect_file  : expect_0000160000.npy
   size         : 160000
   average_time :   53.170 # [msec]
   throughput   :    3.009 # [mwords/sec]
-
   sample_file  : sample_0000165000.npy
   expect_file  : expect_0000165000.npy
   size         : 165000
   average_time :   55.436 # [msec]
   throughput   :    2.976 # [mwords/sec]
-
   sample_file  : sample_0000170000.npy
   expect_file  : expect_0000170000.npy
   size         : 170000
   average_time :   60.167 # [msec]
   throughput   :    2.825 # [mwords/sec]
-
   sample_file  : sample_0000175000.npy
   expect_file  : expect_0000175000.npy
   size         : 175000
   average_time :   62.767 # [msec]
   throughput   :    2.788 # [mwords/sec]
-
   sample_file  : sample_0000180000.npy
   expect_file  : expect_0000180000.npy
   size         : 180000
   average_time :   62.769 # [msec]
   throughput   :    2.868 # [mwords/sec]
-
   sample_file  : sample_0000185000.npy
   expect_file  : expect_0000185000.npy
   size         : 185000
   average_time :   65.910 # [msec]
   throughput   :    2.807 # [mwords/sec]
-
   sample_file  : sample_0000190000.npy
   expect_file  : expect_0000190000.npy
   size         : 190000
   average_time :   68.526 # [msec]
   throughput   :    2.773 # [mwords/sec]
-
   sample_file  : sample_0000195000.npy
   expect_file  : expect_0000195000.npy
   size         : 195000
   average_time :   70.455 # [msec]
   throughput   :    2.768 # [mwords/sec]
-
   sample_file  : sample_0000200000.npy
   expect_file  : expect_0000200000.npy
   size         : 200000
   average_time :   72.984 # [msec]
   throughput   :    2.740 # [mwords/sec]
-
   sample_file  : sample_0000205000.npy
   expect_file  : expect_0000205000.npy
   size         : 205000
   average_time :   76.629 # [msec]
   throughput   :    2.675 # [mwords/sec]
-
   sample_file  : sample_0000210000.npy
   expect_file  : expect_0000210000.npy
   size         : 210000
   average_time :   78.183 # [msec]
   throughput   :    2.686 # [mwords/sec]
-
   sample_file  : sample_0000215000.npy
   expect_file  : expect_0000215000.npy
   size         : 215000
   average_time :   84.084 # [msec]
   throughput   :    2.557 # [mwords/sec]
-
   sample_file  : sample_0000220000.npy
   expect_file  : expect_0000220000.npy
   size         : 220000
   average_time :   89.196 # [msec]
   throughput   :    2.466 # [mwords/sec]
-
   sample_file  : sample_0000225000.npy
   expect_file  : expect_0000225000.npy
   size         : 225000
   average_time :   89.816 # [msec]
   throughput   :    2.505 # [mwords/sec]
-
   sample_file  : sample_0000230000.npy
   expect_file  : expect_0000230000.npy
   size         : 230000
   average_time :   94.480 # [msec]
   throughput   :    2.434 # [mwords/sec]
-
   sample_file  : sample_0000235000.npy
   expect_file  : expect_0000235000.npy
   size         : 235000
   average_time :   96.364 # [msec]
   throughput   :    2.439 # [mwords/sec]
-
   sample_file  : sample_0000240000.npy
   expect_file  : expect_0000240000.npy
   size         : 240000
   average_time :  100.857 # [msec]
   throughput   :    2.380 # [mwords/sec]
-
   sample_file  : sample_0000245000.npy
   expect_file  : expect_0000245000.npy
   size         : 245000
   average_time :  103.117 # [msec]
   throughput   :    2.376 # [mwords/sec]
-
   sample_file  : sample_0000250000.npy
   expect_file  : expect_0000250000.npy
   size         : 250000
   average_time :  108.620 # [msec]
   throughput   :    2.302 # [mwords/sec]
-
   sample_file  : sample_0000255000.npy
   expect_file  : expect_0000255000.npy
   size         : 255000
   average_time :  114.186 # [msec]
   throughput   :    2.233 # [mwords/sec]
-
   sample_file  : sample_0000260000.npy
   expect_file  : expect_0000260000.npy
   size         : 260000
   average_time :  118.122 # [msec]
   throughput   :    2.201 # [mwords/sec]
-
   sample_file  : sample_0000265000.npy
   expect_file  : expect_0000265000.npy
   size         : 265000
   average_time :  122.188 # [msec]
   throughput   :    2.169 # [mwords/sec]
-
   sample_file  : sample_0000270000.npy
   expect_file  : expect_0000270000.npy
   size         : 270000
   average_time :  124.432 # [msec]
   throughput   :    2.170 # [mwords/sec]
-
   sample_file  : sample_0000275000.npy
   expect_file  : expect_0000275000.npy
   size         : 275000
   average_time :  129.936 # [msec]
   throughput   :    2.116 # [mwords/sec]
-
   sample_file  : sample_0000280000.npy
   expect_file  : expect_0000280000.npy
   size         : 280000
   average_time :  132.990 # [msec]
   throughput   :    2.105 # [mwords/sec]
-
   sample_file  : sample_0000285000.npy
   expect_file  : expect_0000285000.npy
   size         : 285000
   average_time :  137.244 # [msec]
   throughput   :    2.077 # [mwords/sec]
-
   sample_file  : sample_0000290000.npy
   expect_file  : expect_0000290000.npy
   size         : 290000
   average_time :  137.479 # [msec]
   throughput   :    2.109 # [mwords/sec]
-
   sample_file  : sample_0000295000.npy
   expect_file  : expect_0000295000.npy
   size         : 295000
   average_time :  138.082 # [msec]
   throughput   :    2.136 # [mwords/sec]
-
   sample_file  : sample_0000300000.npy
   expect_file  : expect_0000300000.npy
   size         : 300000
   average_time :  145.136 # [msec]
   throughput   :    2.067 # [mwords/sec]
-
   sample_file  : sample_0000305000.npy
   expect_file  : expect_0000305000.npy
   size         : 305000
   average_time :  150.716 # [msec]
   throughput   :    2.024 # [mwords/sec]
-
   sample_file  : sample_0000310000.npy
   expect_file  : expect_0000310000.npy
   size         : 310000
   average_time :  147.077 # [msec]
   throughput   :    2.108 # [mwords/sec]
-
   sample_file  : sample_0000315000.npy
   expect_file  : expect_0000315000.npy
   size         : 315000
   average_time :  157.921 # [msec]
   throughput   :    1.995 # [mwords/sec]
-
   sample_file  : sample_0000320000.npy
   expect_file  : expect_0000320000.npy
   size         : 320000
   average_time :  162.376 # [msec]
   throughput   :    1.971 # [mwords/sec]
-
   sample_file  : sample_0000325000.npy
   expect_file  : expect_0000325000.npy
   size         : 325000
   average_time :  162.444 # [msec]
   throughput   :    2.001 # [mwords/sec]
-
   sample_file  : sample_0000330000.npy
   expect_file  : expect_0000330000.npy
   size         : 330000
   average_time :  168.940 # [msec]
   throughput   :    1.953 # [mwords/sec]
-
   sample_file  : sample_0000335000.npy
   expect_file  : expect_0000335000.npy
   size         : 335000
   average_time :  175.288 # [msec]
   throughput   :    1.911 # [mwords/sec]
-
   sample_file  : sample_0000340000.npy
   expect_file  : expect_0000340000.npy
   size         : 340000
   average_time :  173.218 # [msec]
   throughput   :    1.963 # [mwords/sec]
-
   sample_file  : sample_0000345000.npy
   expect_file  : expect_0000345000.npy
   size         : 345000
   average_time :  180.631 # [msec]
   throughput   :    1.910 # [mwords/sec]
-
   sample_file  : sample_0000350000.npy
   expect_file  : expect_0000350000.npy
   size         : 350000
   average_time :  182.309 # [msec]
   throughput   :    1.920 # [mwords/sec]
-
   sample_file  : sample_0000355000.npy
   expect_file  : expect_0000355000.npy
   size         : 355000
   average_time :  185.194 # [msec]
   throughput   :    1.917 # [mwords/sec]
-
   sample_file  : sample_0000360000.npy
   expect_file  : expect_0000360000.npy
   size         : 360000
   average_time :  189.987 # [msec]
   throughput   :    1.895 # [mwords/sec]
-
   sample_file  : sample_0000365000.npy
   expect_file  : expect_0000365000.npy
   size         : 365000
   average_time :  202.461 # [msec]
   throughput   :    1.803 # [mwords/sec]
-
   sample_file  : sample_0000370000.npy
   expect_file  : expect_0000370000.npy
   size         : 370000
   average_time :  200.496 # [msec]
   throughput   :    1.845 # [mwords/sec]
-
   sample_file  : sample_0000375000.npy
   expect_file  : expect_0000375000.npy
   size         : 375000
   average_time :  209.618 # [msec]
   throughput   :    1.789 # [mwords/sec]
-
   sample_file  : sample_0000380000.npy
   expect_file  : expect_0000380000.npy
   size         : 380000
   average_time :  210.485 # [msec]
   throughput   :    1.805 # [mwords/sec]
-
   sample_file  : sample_0000385000.npy
   expect_file  : expect_0000385000.npy
   size         : 385000
   average_time :  215.770 # [msec]
   throughput   :    1.784 # [mwords/sec]
-
   sample_file  : sample_0000390000.npy
   expect_file  : expect_0000390000.npy
   size         : 390000
   average_time :  215.657 # [msec]
   throughput   :    1.808 # [mwords/sec]
-
   sample_file  : sample_0000395000.npy
   expect_file  : expect_0000395000.npy
   size         : 395000
   average_time :  220.224 # [msec]
   throughput   :    1.794 # [mwords/sec]
-
   sample_file  : sample_0000400000.npy
   expect_file  : expect_0000400000.npy
   size         : 400000
   average_time :  222.761 # [msec]
   throughput   :    1.796 # [mwords/sec]
-
   sample_file  : sample_0000405000.npy
   expect_file  : expect_0000405000.npy
   size         : 405000
   average_time :  225.416 # [msec]
   throughput   :    1.797 # [mwords/sec]
-
   sample_file  : sample_0000410000.npy
   expect_file  : expect_0000410000.npy
   size         : 410000
   average_time :  231.732 # [msec]
   throughput   :    1.769 # [mwords/sec]
-
   sample_file  : sample_0000415000.npy
   expect_file  : expect_0000415000.npy
   size         : 415000
   average_time :  235.233 # [msec]
   throughput   :    1.764 # [mwords/sec]
-
   sample_file  : sample_0000420000.npy
   expect_file  : expect_0000420000.npy
   size         : 420000
   average_time :  239.957 # [msec]
   throughput   :    1.750 # [mwords/sec]
-
   sample_file  : sample_0000425000.npy
   expect_file  : expect_0000425000.npy
   size         : 425000
   average_time :  248.218 # [msec]
   throughput   :    1.712 # [mwords/sec]
-
   sample_file  : sample_0000430000.npy
   expect_file  : expect_0000430000.npy
   size         : 430000
   average_time :  243.708 # [msec]
   throughput   :    1.764 # [mwords/sec]
-
   sample_file  : sample_0000435000.npy
   expect_file  : expect_0000435000.npy
   size         : 435000
   average_time :  252.500 # [msec]
   throughput   :    1.723 # [mwords/sec]
-
   sample_file  : sample_0000440000.npy
   expect_file  : expect_0000440000.npy
   size         : 440000
   average_time :  258.786 # [msec]
   throughput   :    1.700 # [mwords/sec]
-
   sample_file  : sample_0000445000.npy
   expect_file  : expect_0000445000.npy
   size         : 445000
   average_time :  259.391 # [msec]
   throughput   :    1.716 # [mwords/sec]
-
   sample_file  : sample_0000450000.npy
   expect_file  : expect_0000450000.npy
   size         : 450000
   average_time :  261.033 # [msec]
   throughput   :    1.724 # [mwords/sec]
-
   sample_file  : sample_0000455000.npy
   expect_file  : expect_0000455000.npy
   size         : 455000
   average_time :  265.379 # [msec]
   throughput   :    1.715 # [mwords/sec]
-
   sample_file  : sample_0000460000.npy
   expect_file  : expect_0000460000.npy
   size         : 460000
   average_time :  273.622 # [msec]
   throughput   :    1.681 # [mwords/sec]
-
   sample_file  : sample_0000465000.npy
   expect_file  : expect_0000465000.npy
   size         : 465000
   average_time :  274.647 # [msec]
   throughput   :    1.693 # [mwords/sec]
-
   sample_file  : sample_0000470000.npy
   expect_file  : expect_0000470000.npy
   size         : 470000
   average_time :  286.234 # [msec]
   throughput   :    1.642 # [mwords/sec]
-
   sample_file  : sample_0000475000.npy
   expect_file  : expect_0000475000.npy
   size         : 475000
   average_time :  287.646 # [msec]
   throughput   :    1.651 # [mwords/sec]
-
   sample_file  : sample_0000480000.npy
   expect_file  : expect_0000480000.npy
   size         : 480000
   average_time :  292.250 # [msec]
   throughput   :    1.642 # [mwords/sec]
-
   sample_file  : sample_0000485000.npy
   expect_file  : expect_0000485000.npy
   size         : 485000
   average_time :  305.054 # [msec]
   throughput   :    1.590 # [mwords/sec]
-
   sample_file  : sample_0000490000.npy
   expect_file  : expect_0000490000.npy
   size         : 490000
   average_time :  303.599 # [msec]
   throughput   :    1.614 # [mwords/sec]
-
   sample_file  : sample_0000495000.npy
   expect_file  : expect_0000495000.npy
   size         : 495000
   average_time :  311.165 # [msec]
   throughput   :    1.591 # [mwords/sec]
-
   sample_file  : sample_0000500000.npy
   expect_file  : expect_0000500000.npy
   size         : 500000
   average_time :  309.935 # [msec]
   throughput   :    1.613 # [mwords/sec]
-
   sample_file  : sample_0000505000.npy
   expect_file  : expect_0000505000.npy
   size         : 505000
   average_time :  314.686 # [msec]
   throughput   :    1.605 # [mwords/sec]
-
   sample_file  : sample_0000510000.npy
   expect_file  : expect_0000510000.npy
   size         : 510000
   average_time :  320.808 # [msec]
   throughput   :    1.590 # [mwords/sec]
-
   sample_file  : sample_0000515000.npy
   expect_file  : expect_0000515000.npy
   size         : 515000
   average_time :  330.543 # [msec]
   throughput   :    1.558 # [mwords/sec]
-
   sample_file  : sample_0000520000.npy
   expect_file  : expect_0000520000.npy
   size         : 520000
   average_time :  329.091 # [msec]
   throughput   :    1.580 # [mwords/sec]
-
   sample_file  : sample_0000525000.npy
   expect_file  : expect_0000525000.npy
   size         : 525000
   average_time :  329.887 # [msec]
   throughput   :    1.591 # [mwords/sec]
-
   sample_file  : sample_0000530000.npy
   expect_file  : expect_0000530000.npy
   size         : 530000
   average_time :  340.926 # [msec]
   throughput   :    1.555 # [mwords/sec]
-
   sample_file  : sample_0000535000.npy
   expect_file  : expect_0000535000.npy
   size         : 535000
   average_time :  347.331 # [msec]
   throughput   :    1.540 # [mwords/sec]
-
   sample_file  : sample_0000540000.npy
   expect_file  : expect_0000540000.npy
   size         : 540000
   average_time :  347.370 # [msec]
   throughput   :    1.555 # [mwords/sec]
-
   sample_file  : sample_0000545000.npy
   expect_file  : expect_0000545000.npy
   size         : 545000
   average_time :  361.303 # [msec]
   throughput   :    1.508 # [mwords/sec]
-
   sample_file  : sample_0000550000.npy
   expect_file  : expect_0000550000.npy
   size         : 550000
   average_time :  364.163 # [msec]
   throughput   :    1.510 # [mwords/sec]
-
   sample_file  : sample_0000555000.npy
   expect_file  : expect_0000555000.npy
   size         : 555000
   average_time :  375.713 # [msec]
   throughput   :    1.477 # [mwords/sec]
-
   sample_file  : sample_0000560000.npy
   expect_file  : expect_0000560000.npy
   size         : 560000
   average_time :  370.229 # [msec]
   throughput   :    1.513 # [mwords/sec]
-
   sample_file  : sample_0000565000.npy
   expect_file  : expect_0000565000.npy
   size         : 565000
   average_time :  378.218 # [msec]
   throughput   :    1.494 # [mwords/sec]
-
   sample_file  : sample_0000570000.npy
   expect_file  : expect_0000570000.npy
   size         : 570000
   average_time :  378.740 # [msec]
   throughput   :    1.505 # [mwords/sec]
-
   sample_file  : sample_0000575000.npy
   expect_file  : expect_0000575000.npy
   size         : 575000
   average_time :  382.200 # [msec]
   throughput   :    1.504 # [mwords/sec]
-
   sample_file  : sample_0000580000.npy
   expect_file  : expect_0000580000.npy
   size         : 580000
   average_time :  390.439 # [msec]
   throughput   :    1.486 # [mwords/sec]
-
   sample_file  : sample_0000585000.npy
   expect_file  : expect_0000585000.npy
   size         : 585000
   average_time :  398.525 # [msec]
   throughput   :    1.468 # [mwords/sec]
-
   sample_file  : sample_0000590000.npy
   expect_file  : expect_0000590000.npy
   size         : 590000
   average_time :  399.671 # [msec]
   throughput   :    1.476 # [mwords/sec]
-
   sample_file  : sample_0000595000.npy
   expect_file  : expect_0000595000.npy
   size         : 595000
   average_time :  404.938 # [msec]
   throughput   :    1.469 # [mwords/sec]
-
   sample_file  : sample_0000600000.npy
   expect_file  : expect_0000600000.npy
   size         : 600000
   average_time :  406.892 # [msec]
   throughput   :    1.475 # [mwords/sec]
-
   sample_file  : sample_0000605000.npy
   expect_file  : expect_0000605000.npy
   size         : 605000
   average_time :  421.213 # [msec]
   throughput   :    1.436 # [mwords/sec]
-
   sample_file  : sample_0000610000.npy
   expect_file  : expect_0000610000.npy
   size         : 610000
   average_time :  427.475 # [msec]
   throughput   :    1.427 # [mwords/sec]
-
   sample_file  : sample_0000615000.npy
   expect_file  : expect_0000615000.npy
   size         : 615000
   average_time :  436.731 # [msec]
   throughput   :    1.408 # [mwords/sec]
-
   sample_file  : sample_0000620000.npy
   expect_file  : expect_0000620000.npy
   size         : 620000
   average_time :  431.711 # [msec]
   throughput   :    1.436 # [mwords/sec]
-
   sample_file  : sample_0000625000.npy
   expect_file  : expect_0000625000.npy
   size         : 625000
   average_time :  438.337 # [msec]
   throughput   :    1.426 # [mwords/sec]
-
   sample_file  : sample_0000630000.npy
   expect_file  : expect_0000630000.npy
   size         : 630000
   average_time :  446.649 # [msec]
   throughput   :    1.411 # [mwords/sec]
-
   sample_file  : sample_0000635000.npy
   expect_file  : expect_0000635000.npy
   size         : 635000
   average_time :  461.637 # [msec]
   throughput   :    1.376 # [mwords/sec]
-
   sample_file  : sample_0000640000.npy
   expect_file  : expect_0000640000.npy
   size         : 640000
   average_time :  450.182 # [msec]
   throughput   :    1.422 # [mwords/sec]
-
   sample_file  : sample_0000645000.npy
   expect_file  : expect_0000645000.npy
   size         : 645000
   average_time :  461.891 # [msec]
   throughput   :    1.396 # [mwords/sec]
-
   sample_file  : sample_0000650000.npy
   expect_file  : expect_0000650000.npy
   size         : 650000
   average_time :  458.006 # [msec]
   throughput   :    1.419 # [mwords/sec]
-
   sample_file  : sample_0000655000.npy
   expect_file  : expect_0000655000.npy
   size         : 655000
   average_time :  463.313 # [msec]
   throughput   :    1.414 # [mwords/sec]
-
   sample_file  : sample_0000660000.npy
   expect_file  : expect_0000660000.npy
   size         : 660000
   average_time :  482.344 # [msec]
   throughput   :    1.368 # [mwords/sec]
-
   sample_file  : sample_0000665000.npy
   expect_file  : expect_0000665000.npy
   size         : 665000
   average_time :  484.768 # [msec]
   throughput   :    1.372 # [mwords/sec]
-
   sample_file  : sample_0000670000.npy
   expect_file  : expect_0000670000.npy
   size         : 670000
   average_time :  484.493 # [msec]
   throughput   :    1.383 # [mwords/sec]
-
   sample_file  : sample_0000675000.npy
   expect_file  : expect_0000675000.npy
   size         : 675000
   average_time :  485.177 # [msec]
   throughput   :    1.391 # [mwords/sec]
-
   sample_file  : sample_0000680000.npy
   expect_file  : expect_0000680000.npy
   size         : 680000
   average_time :  497.086 # [msec]
   throughput   :    1.368 # [mwords/sec]
-
   sample_file  : sample_0000685000.npy
   expect_file  : expect_0000685000.npy
   size         : 685000
   average_time :  496.961 # [msec]
   throughput   :    1.378 # [mwords/sec]
-
   sample_file  : sample_0000690000.npy
   expect_file  : expect_0000690000.npy
   size         : 690000
   average_time :  520.942 # [msec]
   throughput   :    1.325 # [mwords/sec]
-
   sample_file  : sample_0000695000.npy
   expect_file  : expect_0000695000.npy
   size         : 695000
   average_time :  519.198 # [msec]
   throughput   :    1.339 # [mwords/sec]
-
   sample_file  : sample_0000700000.npy
   expect_file  : expect_0000700000.npy
   size         : 700000
   average_time :  516.742 # [msec]
   throughput   :    1.355 # [mwords/sec]
-
   sample_file  : sample_0000705000.npy
   expect_file  : expect_0000705000.npy
   size         : 705000
   average_time :  523.658 # [msec]
   throughput   :    1.346 # [mwords/sec]
-
   sample_file  : sample_0000710000.npy
   expect_file  : expect_0000710000.npy
   size         : 710000
   average_time :  521.641 # [msec]
   throughput   :    1.361 # [mwords/sec]
-
   sample_file  : sample_0000715000.npy
   expect_file  : expect_0000715000.npy
   size         : 715000
   average_time :  530.803 # [msec]
   throughput   :    1.347 # [mwords/sec]
-
   sample_file  : sample_0000720000.npy
   expect_file  : expect_0000720000.npy
   size         : 720000
   average_time :  537.623 # [msec]
   throughput   :    1.339 # [mwords/sec]
-
   sample_file  : sample_0000725000.npy
   expect_file  : expect_0000725000.npy
   size         : 725000
   average_time :  544.524 # [msec]
   throughput   :    1.331 # [mwords/sec]
-
   sample_file  : sample_0000730000.npy
   expect_file  : expect_0000730000.npy
   size         : 730000
   average_time :  554.194 # [msec]
   throughput   :    1.317 # [mwords/sec]
-
   sample_file  : sample_0000735000.npy
   expect_file  : expect_0000735000.npy
   size         : 735000
   average_time :  557.050 # [msec]
   throughput   :    1.319 # [mwords/sec]
-
   sample_file  : sample_0000740000.npy
   expect_file  : expect_0000740000.npy
   size         : 740000
   average_time :  550.389 # [msec]
   throughput   :    1.345 # [mwords/sec]
-
   sample_file  : sample_0000745000.npy
   expect_file  : expect_0000745000.npy
   size         : 745000
   average_time :  565.325 # [msec]
   throughput   :    1.318 # [mwords/sec]
-
   sample_file  : sample_0000750000.npy
   expect_file  : expect_0000750000.npy
   size         : 750000
   average_time :  572.310 # [msec]
   throughput   :    1.310 # [mwords/sec]
-
   sample_file  : sample_0000755000.npy
   expect_file  : expect_0000755000.npy
   size         : 755000
   average_time :  577.339 # [msec]
   throughput   :    1.308 # [mwords/sec]
-
   sample_file  : sample_0000760000.npy
   expect_file  : expect_0000760000.npy
   size         : 760000
   average_time :  576.753 # [msec]
   throughput   :    1.318 # [mwords/sec]
-
   sample_file  : sample_0000765000.npy
   expect_file  : expect_0000765000.npy
   size         : 765000
   average_time :  591.462 # [msec]
   throughput   :    1.293 # [mwords/sec]
-
   sample_file  : sample_0000770000.npy
   expect_file  : expect_0000770000.npy
   size         : 770000
   average_time :  588.834 # [msec]
   throughput   :    1.308 # [mwords/sec]
-
   sample_file  : sample_0000775000.npy
   expect_file  : expect_0000775000.npy
   size         : 775000
   average_time :  606.658 # [msec]
   throughput   :    1.277 # [mwords/sec]
-
   sample_file  : sample_0000780000.npy
   expect_file  : expect_0000780000.npy
   size         : 780000
   average_time :  603.474 # [msec]
   throughput   :    1.293 # [mwords/sec]
-
   sample_file  : sample_0000785000.npy
   expect_file  : expect_0000785000.npy
   size         : 785000
   average_time :  613.291 # [msec]
   throughput   :    1.280 # [mwords/sec]
-
   sample_file  : sample_0000790000.npy
   expect_file  : expect_0000790000.npy
   size         : 790000
   average_time :  630.683 # [msec]
   throughput   :    1.253 # [mwords/sec]
-
   sample_file  : sample_0000795000.npy
   expect_file  : expect_0000795000.npy
   size         : 795000
   average_time :  618.578 # [msec]
   throughput   :    1.285 # [mwords/sec]
-
   sample_file  : sample_0000800000.npy
   expect_file  : expect_0000800000.npy
   size         : 800000
   average_time :  627.668 # [msec]
   throughput   :    1.275 # [mwords/sec]
-
   sample_file  : sample_0000805000.npy
   expect_file  : expect_0000805000.npy
   size         : 805000
   average_time :  627.502 # [msec]
   throughput   :    1.283 # [mwords/sec]
-
   sample_file  : sample_0000810000.npy
   expect_file  : expect_0000810000.npy
   size         : 810000
   average_time :  633.232 # [msec]
   throughput   :    1.279 # [mwords/sec]
-
   sample_file  : sample_0000815000.npy
   expect_file  : expect_0000815000.npy
   size         : 815000
   average_time :  640.380 # [msec]
   throughput   :    1.273 # [mwords/sec]
-
   sample_file  : sample_0000820000.npy
   expect_file  : expect_0000820000.npy
   size         : 820000
   average_time :  657.142 # [msec]
   throughput   :    1.248 # [mwords/sec]
-
   sample_file  : sample_0000825000.npy
   expect_file  : expect_0000825000.npy
   size         : 825000
   average_time :  646.574 # [msec]
   throughput   :    1.276 # [mwords/sec]
-
   sample_file  : sample_0000830000.npy
   expect_file  : expect_0000830000.npy
   size         : 830000
   average_time :  660.614 # [msec]
   throughput   :    1.256 # [mwords/sec]
-
   sample_file  : sample_0000835000.npy
   expect_file  : expect_0000835000.npy
   size         : 835000
   average_time :  679.008 # [msec]
   throughput   :    1.230 # [mwords/sec]
-
   sample_file  : sample_0000840000.npy
   expect_file  : expect_0000840000.npy
   size         : 840000
   average_time :  662.845 # [msec]
   throughput   :    1.267 # [mwords/sec]
-
   sample_file  : sample_0000845000.npy
   expect_file  : expect_0000845000.npy
   size         : 845000
   average_time :  673.061 # [msec]
   throughput   :    1.255 # [mwords/sec]
-
   sample_file  : sample_0000850000.npy
   expect_file  : expect_0000850000.npy
   size         : 850000
   average_time :  687.537 # [msec]
   throughput   :    1.236 # [mwords/sec]
-
   sample_file  : sample_0000855000.npy
   expect_file  : expect_0000855000.npy
   size         : 855000
   average_time :  685.195 # [msec]
   throughput   :    1.248 # [mwords/sec]
-
   sample_file  : sample_0000860000.npy
   expect_file  : expect_0000860000.npy
   size         : 860000
   average_time :  687.176 # [msec]
   throughput   :    1.251 # [mwords/sec]
-
   sample_file  : sample_0000865000.npy
   expect_file  : expect_0000865000.npy
   size         : 865000
   average_time :  719.474 # [msec]
   throughput   :    1.202 # [mwords/sec]
-
   sample_file  : sample_0000870000.npy
   expect_file  : expect_0000870000.npy
   size         : 870000
   average_time :  721.394 # [msec]
   throughput   :    1.206 # [mwords/sec]
-
   sample_file  : sample_0000875000.npy
   expect_file  : expect_0000875000.npy
   size         : 875000
   average_time :  719.090 # [msec]
   throughput   :    1.217 # [mwords/sec]
-
   sample_file  : sample_0000880000.npy
   expect_file  : expect_0000880000.npy
   size         : 880000
   average_time :  723.317 # [msec]
   throughput   :    1.217 # [mwords/sec]
-
   sample_file  : sample_0000885000.npy
   expect_file  : expect_0000885000.npy
   size         : 885000
   average_time :  716.248 # [msec]
   throughput   :    1.236 # [mwords/sec]
-
   sample_file  : sample_0000890000.npy
   expect_file  : expect_0000890000.npy
   size         : 890000
   average_time :  723.349 # [msec]
   throughput   :    1.230 # [mwords/sec]
-
   sample_file  : sample_0000895000.npy
   expect_file  : expect_0000895000.npy
   size         : 895000
   average_time :  726.664 # [msec]
   throughput   :    1.232 # [mwords/sec]
-
   sample_file  : sample_0000900000.npy
   expect_file  : expect_0000900000.npy
   size         : 900000
   average_time :  736.847 # [msec]
   throughput   :    1.221 # [mwords/sec]
-
   sample_file  : sample_0000905000.npy
   expect_file  : expect_0000905000.npy
   size         : 905000
   average_time :  751.210 # [msec]
   throughput   :    1.205 # [mwords/sec]
-
   sample_file  : sample_0000910000.npy
   expect_file  : expect_0000910000.npy
   size         : 910000
   average_time :  738.625 # [msec]
   throughput   :    1.232 # [mwords/sec]
-
   sample_file  : sample_0000915000.npy
   expect_file  : expect_0000915000.npy
   size         : 915000
   average_time :  745.677 # [msec]
   throughput   :    1.227 # [mwords/sec]
-
   sample_file  : sample_0000920000.npy
   expect_file  : expect_0000920000.npy
   size         : 920000
   average_time :  756.840 # [msec]
   throughput   :    1.216 # [mwords/sec]
-
   sample_file  : sample_0000925000.npy
   expect_file  : expect_0000925000.npy
   size         : 925000
   average_time :  768.624 # [msec]
   throughput   :    1.203 # [mwords/sec]
-
   sample_file  : sample_0000930000.npy
   expect_file  : expect_0000930000.npy
   size         : 930000
   average_time :  762.338 # [msec]
   throughput   :    1.220 # [mwords/sec]
-
   sample_file  : sample_0000935000.npy
   expect_file  : expect_0000935000.npy
   size         : 935000
   average_time :  772.486 # [msec]
   throughput   :    1.210 # [mwords/sec]
-
   sample_file  : sample_0000940000.npy
   expect_file  : expect_0000940000.npy
   size         : 940000
   average_time :  825.915 # [msec]
   throughput   :    1.138 # [mwords/sec]
-
   sample_file  : sample_0000945000.npy
   expect_file  : expect_0000945000.npy
   size         : 945000
   average_time :  785.776 # [msec]
   throughput   :    1.203 # [mwords/sec]
-
   sample_file  : sample_0000950000.npy
   expect_file  : expect_0000950000.npy
   size         : 950000
   average_time :  788.193 # [msec]
   throughput   :    1.205 # [mwords/sec]
-
   sample_file  : sample_0000955000.npy
   expect_file  : expect_0000955000.npy
   size         : 955000
   average_time :  800.493 # [msec]
   throughput   :    1.193 # [mwords/sec]
-
   sample_file  : sample_0000960000.npy
   expect_file  : expect_0000960000.npy
   size         : 960000
   average_time :  822.425 # [msec]
   throughput   :    1.167 # [mwords/sec]
-
   sample_file  : sample_0000965000.npy
   expect_file  : expect_0000965000.npy
   size         : 965000
   average_time :  813.201 # [msec]
   throughput   :    1.187 # [mwords/sec]
-
   sample_file  : sample_0000970000.npy
   expect_file  : expect_0000970000.npy
   size         : 970000
   average_time :  809.414 # [msec]
   throughput   :    1.198 # [mwords/sec]
-
   sample_file  : sample_0000975000.npy
   expect_file  : expect_0000975000.npy
   size         : 975000
   average_time :  820.192 # [msec]
   throughput   :    1.189 # [mwords/sec]
-
   sample_file  : sample_0000980000.npy
   expect_file  : expect_0000980000.npy
   size         : 980000
   average_time :  831.424 # [msec]
   throughput   :    1.179 # [mwords/sec]
-
   sample_file  : sample_0000985000.npy
   expect_file  : expect_0000985000.npy
   size         : 985000
   average_time :  832.533 # [msec]
   throughput   :    1.183 # [mwords/sec]
-
   sample_file  : sample_0000990000.npy
   expect_file  : expect_0000990000.npy
   size         : 990000
   average_time :  845.494 # [msec]
   throughput   :    1.171 # [mwords/sec]
-
   sample_file  : sample_0000995000.npy
   expect_file  : expect_0000995000.npy
   size         : 995000
   average_time :  867.547 # [msec]
   throughput   :    1.147 # [mwords/sec]
-
   sample_file  : sample_0001000000.npy
   expect_file  : expect_0001000000.npy
   size         : 1000000
   average_time :  851.644 # [msec]
   throughput   :    1.174 # [mwords/sec]
