Copyright 1986-2022 Xilinx, Inc. All Rights Reserved. Copyright 2022-2025 Advanced Micro Devices, Inc. All Rights Reserved.
---------------------------------------------------------------------------------------------------------------------------------------------
| Tool Version : Vivado v.2025.1 (lin64) Build 6140274 Wed May 21 22:58:25 MDT 2025
| Date         : Fri May 22 14:08:18 2026
| Host         : Tiamat running 64-bit Ubuntu 24.04.4 LTS
| Command      : report_utilization -file ./project.rpt
| Design       : design_1_wrapper
| Device       : xck26-sfvc784-2LV-c
| Speed File   : -2LV
| Design State : Routed
---------------------------------------------------------------------------------------------------------------------------------------------

Utilization Design Information

Table of Contents
-----------------
1. CLB Logic
1.1 Summary of Registers by Type
2. CLB Logic Distribution
3. BLOCKRAM
4. ARITHMETIC
5. I/O
6. CLOCK
7. ADVANCED
8. CONFIGURATION
9. Primitives
10. Black Boxes
11. Instantiated Netlists

1. CLB Logic
------------

+----------------------------+-------+-------+------------+-----------+-------+
|          Site Type         |  Used | Fixed | Prohibited | Available | Util% |
+----------------------------+-------+-------+------------+-----------+-------+
| CLB LUTs                   | 39478 |     0 |          0 |    117120 | 33.71 |
|   LUT as Logic             | 38031 |     0 |          0 |    117120 | 32.47 |
|   LUT as Memory            |  1447 |     0 |          0 |     57600 |  2.51 |
|     LUT as Distributed RAM |  1404 |     0 |            |           |       |
|     LUT as Shift Register  |    43 |     0 |            |           |       |
| CLB Registers              | 27395 |     0 |          0 |    234240 | 11.70 |
|   Register as Flip Flop    | 27395 |     0 |          0 |    234240 | 11.70 |
|   Register as Latch        |     0 |     0 |          0 |    234240 |  0.00 |
| CARRY8                     |   942 |     0 |          0 |     14640 |  6.43 |
| F7 Muxes                   |    17 |     0 |          0 |     58560 |  0.03 |
| F8 Muxes                   |     0 |     0 |          0 |     29280 |  0.00 |
| F9 Muxes                   |     0 |     0 |          0 |     14640 |  0.00 |
+----------------------------+-------+-------+------------+-----------+-------+
* Warning! LUT value is adjusted to account for LUT combining.


1.1 Summary of Registers by Type
--------------------------------

+-------+--------------+-------------+--------------+
| Total | Clock Enable | Synchronous | Asynchronous |
+-------+--------------+-------------+--------------+
| 0     |            _ |           - |            - |
| 0     |            _ |           - |          Set |
| 0     |            _ |           - |        Reset |
| 0     |            _ |         Set |            - |
| 0     |            _ |       Reset |            - |
| 0     |          Yes |           - |            - |
| 173   |          Yes |           - |          Set |
| 25035 |          Yes |           - |        Reset |
| 24    |          Yes |         Set |            - |
| 2163  |          Yes |       Reset |            - |
+-------+--------------+-------------+--------------+


2. CLB Logic Distribution
-------------------------

+--------------------------------------------+-------+-------+------------+-----------+-------+
|                  Site Type                 |  Used | Fixed | Prohibited | Available | Util% |
+--------------------------------------------+-------+-------+------------+-----------+-------+
| CLB                                        |  6972 |     0 |          0 |     14640 | 47.62 |
|   CLBL                                     |  3128 |     0 |            |           |       |
|   CLBM                                     |  3844 |     0 |            |           |       |
| LUT as Logic                               | 38031 |     0 |          0 |    117120 | 32.47 |
|   using O5 output only                     |   248 |       |            |           |       |
|   using O6 output only                     | 29458 |       |            |           |       |
|   using O5 and O6                          |  8325 |       |            |           |       |
| LUT as Memory                              |  1447 |     0 |          0 |     57600 |  2.51 |
|   LUT as Distributed RAM                   |  1404 |     0 |            |           |       |
|     using O5 output only                   |     0 |       |            |           |       |
|     using O6 output only                   |  1284 |       |            |           |       |
|     using O5 and O6                        |   120 |       |            |           |       |
|   LUT as Shift Register                    |    43 |     0 |            |           |       |
|     using O5 output only                   |     0 |       |            |           |       |
|     using O6 output only                   |    43 |       |            |           |       |
|     using O5 and O6                        |     0 |       |            |           |       |
| CLB Registers                              | 27395 |     0 |          0 |    234240 | 11.70 |
|   Register driven from within the CLB      | 24405 |       |            |           |       |
|   Register driven from outside the CLB     |  2990 |       |            |           |       |
|     LUT in front of the register is unused |  1627 |       |            |           |       |
|     LUT in front of the register is used   |  1363 |       |            |           |       |
| Unique Control Sets                        |   476 |       |          0 |     29280 |  1.63 |
+--------------------------------------------+-------+-------+------------+-----------+-------+
* * Note: Available Control Sets calculated as Slices * 2, Review the Control Sets Report for more information regarding control sets.


3. BLOCKRAM
-----------

+-------------------+------+-------+------------+-----------+-------+
|     Site Type     | Used | Fixed | Prohibited | Available | Util% |
+-------------------+------+-------+------------+-----------+-------+
| Block RAM Tile    |   38 |     0 |          0 |       144 | 26.39 |
|   RAMB36/FIFO*    |   38 |     0 |          0 |       144 | 26.39 |
|     RAMB36E2 only |   38 |       |            |           |       |
|   RAMB18          |    0 |     0 |          0 |       288 |  0.00 |
| URAM              |    0 |     0 |          0 |        64 |  0.00 |
+-------------------+------+-------+------------+-----------+-------+
* Note: Each Block RAM Tile only has one FIFO logic available and therefore can accommodate only one FIFO36E2 or one FIFO18E2. However, if a FIFO18E2 occupies a Block RAM Tile, that tile can still accommodate a RAMB18E2


4. ARITHMETIC
-------------

+-----------+------+-------+------------+-----------+-------+
| Site Type | Used | Fixed | Prohibited | Available | Util% |
+-----------+------+-------+------------+-----------+-------+
| DSPs      |    0 |     0 |          0 |      1248 |  0.00 |
+-----------+------+-------+------------+-----------+-------+


5. I/O
------

+------------------+------+-------+------------+-----------+-------+
|     Site Type    | Used | Fixed | Prohibited | Available | Util% |
+------------------+------+-------+------------+-----------+-------+
| Bonded IOB       |    1 |     1 |          0 |       189 |  0.53 |
|   HPIOB_M        |    0 |     0 |          0 |        58 |  0.00 |
|   HPIOB_S        |    0 |     0 |          0 |        58 |  0.00 |
|   HDIOB_M        |    1 |     1 |          0 |        35 |  2.86 |
|     INPUT        |    0 |       |            |           |       |
|     OUTPUT       |    1 |       |            |           |       |
|     BIDIR        |    0 |       |            |           |       |
|   HDIOB_S        |    0 |     0 |          0 |        35 |  0.00 |
|   HPIOB_SNGL     |    0 |     0 |          0 |         3 |  0.00 |
| HPIOBDIFFINBUF   |    0 |     0 |          0 |        82 |  0.00 |
| HPIOBDIFFOUTBUF  |    0 |     0 |          0 |        82 |  0.00 |
| HDIOBDIFFINBUF   |    0 |     0 |          0 |        35 |  0.00 |
| BITSLICE_CONTROL |    0 |     0 |          0 |        32 |  0.00 |
| BITSLICE_RX_TX   |    0 |     0 |          0 |      1248 |  0.00 |
| BITSLICE_TX      |    0 |     0 |          0 |        32 |  0.00 |
| RIU_OR           |    0 |     0 |          0 |        16 |  0.00 |
+------------------+------+-------+------------+-----------+-------+


6. CLOCK
--------

+------------+------+-------+------------+-----------+-------+
|  Site Type | Used | Fixed | Prohibited | Available | Util% |
+------------+------+-------+------------+-----------+-------+
| BUFGCE     |    2 |     0 |          0 |       112 |  1.79 |
| BUFGCE_DIV |    0 |     0 |          0 |        16 |  0.00 |
| BUFG_GT    |    0 |     0 |          0 |        96 |  0.00 |
| BUFG_PS    |    1 |     0 |          0 |        96 |  1.04 |
| BUFGCTRL*  |    0 |     0 |          0 |        32 |  0.00 |
| PLL        |    1 |     0 |          0 |         8 | 12.50 |
| MMCM       |    0 |     0 |          0 |         4 |  0.00 |
+------------+------+-------+------------+-----------+-------+
* Note: Each used BUFGCTRL counts as two GLOBAL CLOCK BUFFERs. This table does not include global clocking resources, only buffer cell usage. See the Clock Utilization Report (report_clock_utilization) for detailed accounting of global clocking resource availability.


7. ADVANCED
-----------

+-----------------+------+-------+------------+-----------+--------+
|    Site Type    | Used | Fixed | Prohibited | Available |  Util% |
+-----------------+------+-------+------------+-----------+--------+
| GTHE4_CHANNEL   |    0 |     0 |          0 |         4 |   0.00 |
| GTHE4_COMMON    |    0 |     0 |          0 |         1 |   0.00 |
| OBUFDS_GTE4     |    0 |     0 |          0 |         2 |   0.00 |
| OBUFDS_GTE4_ADV |    0 |     0 |          0 |         2 |   0.00 |
| PCIE40E4        |    0 |     0 |          0 |         2 |   0.00 |
| PS8             |    1 |     0 |          0 |         1 | 100.00 |
| SYSMONE4        |    0 |     0 |          0 |         1 |   0.00 |
| VCU             |    0 |     0 |          0 |         1 |   0.00 |
+-----------------+------+-------+------------+-----------+--------+


8. CONFIGURATION
----------------

+-------------+------+-------+------------+-----------+-------+
|  Site Type  | Used | Fixed | Prohibited | Available | Util% |
+-------------+------+-------+------------+-----------+-------+
| BSCANE2     |    0 |     0 |          0 |         4 |  0.00 |
| DNA_PORTE2  |    0 |     0 |          0 |         1 |  0.00 |
| EFUSE_USR   |    0 |     0 |          0 |         1 |  0.00 |
| FRAME_ECCE4 |    0 |     0 |          0 |         1 |  0.00 |
| ICAPE3      |    0 |     0 |          0 |         2 |  0.00 |
| MASTER_JTAG |    0 |     0 |          0 |         1 |  0.00 |
| STARTUPE3   |    0 |     0 |          0 |         1 |  0.00 |
+-------------+------+-------+------------+-----------+-------+


9. Primitives
-------------

+-----------+-------+---------------------+
|  Ref Name |  Used | Functional Category |
+-----------+-------+---------------------+
| FDCE      | 25035 |            Register |
| LUT6      | 16261 |                 CLB |
| LUT3      |  8667 |                 CLB |
| LUT4      |  8090 |                 CLB |
| LUT5      |  6641 |                 CLB |
| LUT2      |  6266 |                 CLB |
| FDRE      |  2163 |            Register |
| RAMD64E   |  1280 |                 CLB |
| CARRY8    |   942 |                 CLB |
| LUT1      |   431 |                 CLB |
| RAMD32    |   212 |                 CLB |
| FDPE      |   173 |            Register |
| RAMB36E2  |    38 |            BLOCKRAM |
| SRLC32E   |    33 |                 CLB |
| RAMS32    |    32 |                 CLB |
| FDSE      |    24 |            Register |
| MUXF7     |    17 |                 CLB |
| SRL16E    |    10 |                 CLB |
| BUFGCE    |     2 |               Clock |
| PS8       |     1 |            Advanced |
| PLLE4_ADV |     1 |               Clock |
| OBUF      |     1 |                 I/O |
| BUFG_PS   |     1 |               Clock |
+-----------+-------+---------------------+


10. Black Boxes
---------------

+----------+------+
| Ref Name | Used |
+----------+------+


11. Instantiated Netlists
-------------------------

+-------------------------------------------+------+
|                  Ref Name                 | Used |
+-------------------------------------------+------+
| design_1_zynq_ultra_ps_e_0_0              |    1 |
| design_1_rst_ps8_0_99M_0                  |    1 |
| design_1_clk_wiz_0_0                      |    1 |
| design_1_axi_interconnect_0_imp_auto_pc_0 |    1 |
| design_1_axi_interconnect_0_imp_auto_ds_0 |    1 |
| design_1_ZYNQMP_ACP_ADAPTER_0_0           |    1 |
| design_1_ArgSort_AXI_1_0                  |    1 |
+-------------------------------------------+------+


Copyright 1986-2022 Xilinx, Inc. All Rights Reserved. Copyright 2022-2025 Advanced Micro Devices, Inc. All Rights Reserved.
--------------------------------------------------------------------------------------------------------------------------------------------------
| Tool Version      : Vivado v.2025.1 (lin64) Build 6140274 Wed May 21 22:58:25 MDT 2025
| Date              : Fri May 22 14:08:21 2026
| Host              : Tiamat running 64-bit Ubuntu 24.04.4 LTS
| Command           : report_timing -file ./project.rpt -append
| Design            : design_1_wrapper
| Device            : xck26-sfvc784
| Speed File        : -2LV  PRODUCTION 1.30 05-15-2022
| Design State      : Routed
| Temperature Grade : C
--------------------------------------------------------------------------------------------------------------------------------------------------

Timing Report

Slack (MET) :             0.041ns  (required time - arrival time)
  Source:                 design_1_i/ArgSort_AXI_1/U0/ARGSORT_IF/MRG_RD/MRG[9].READER/RAM/GEN_B32K_W64_R64.B[0].RAM/CLKARDCLK
                            (rising edge-triggered cell RAMB36E2 clocked by clk_out1_design_1_clk_wiz_0_0  {rise@0.000ns fall@2.000ns period=4.000ns})
  Destination:            design_1_i/ArgSort_AXI_1/U0/ARGSORT_IF/MRG_RD/MRG[9].READER/CTRL/O_SIDE.O_PORT/ADJ_ALIGN.QUEUE/curr_queue_reg[2][DATA][45]/D
                            (rising edge-triggered cell FDCE clocked by clk_out1_design_1_clk_wiz_0_0  {rise@0.000ns fall@2.000ns period=4.000ns})
  Path Group:             clk_out1_design_1_clk_wiz_0_0
  Path Type:              Setup (Max at Slow Process Corner)
  Requirement:            4.000ns  (clk_out1_design_1_clk_wiz_0_0 rise@4.000ns - clk_out1_design_1_clk_wiz_0_0 rise@0.000ns)
  Data Path Delay:        3.847ns  (logic 1.494ns (38.837%)  route 2.353ns (61.163%))
  Logic Levels:           2  (LUT4=1 LUT6=1)
  Clock Path Skew:        -0.090ns (DCD - SCD + CPR)
    Destination Clock Delay (DCD):    4.743ns = ( 8.743 - 4.000 ) 
    Source Clock Delay      (SCD):    4.721ns
    Clock Pessimism Removal (CPR):    -0.112ns
  Clock Uncertainty:      0.066ns  ((TSJ^2 + DJ^2)^1/2) / 2 + PE
    Total System Jitter     (TSJ):    0.071ns
    Discrete Jitter          (DJ):    0.111ns
    Phase Error              (PE):    0.000ns
  Clock Net Delay (Source):      1.724ns (routing 0.246ns, distribution 1.478ns)
  Clock Net Delay (Destination): 1.551ns (routing 0.231ns, distribution 1.320ns)

    Location             Delay type                Incr(ns)  Path(ns)    Netlist Resource(s)
  -------------------------------------------------------------------    -------------------
                         (clock clk_out1_design_1_clk_wiz_0_0 rise edge)
                                                      0.000     0.000 r  
    BUFG_PS_X0Y73        BUFG_PS                      0.000     0.000 r  design_1_i/zynq_ultra_ps_e_0/U0/buffer_pl_clk_0.PL_CLK_0_BUFG/O
                         net (fo=1, routed)           2.428     2.428    design_1_i/clk_wiz_0/inst/clk_in1
    PLL_X0Y2             PLLE4_ADV (Prop_PLL_CLKIN_CLKOUT0)
                                                      0.147     2.575 r  design_1_i/clk_wiz_0/inst/plle4_adv_inst/CLKOUT0
                         net (fo=1, routed)           0.378     2.953    design_1_i/clk_wiz_0/inst/clk_out1_design_1_clk_wiz_0_0
    BUFGCE_X0Y39         BUFGCE (Prop_BUFCE_BUFGCE_I_O)
                                                      0.044     2.997 r  design_1_i/clk_wiz_0/inst/clkout1_buf/O
    X1Y1 (CLOCK_ROOT)    net (fo=29042, routed)       1.724     4.721    design_1_i/ArgSort_AXI_1/U0/ARGSORT_IF/MRG_RD/MRG[9].READER/RAM/ACLK
    RAMB36_X0Y18         RAMB36E2                                     r  design_1_i/ArgSort_AXI_1/U0/ARGSORT_IF/MRG_RD/MRG[9].READER/RAM/GEN_B32K_W64_R64.B[0].RAM/CLKARDCLK
  -------------------------------------------------------------------    -------------------
    RAMB36_X0Y18         RAMB36E2 (Prop_RAMB36E2_RAMB36_CLKARDCLK_DOUTBDOUT[13])
                                                      1.221     5.942 r  design_1_i/ArgSort_AXI_1/U0/ARGSORT_IF/MRG_RD/MRG[9].READER/RAM/GEN_B32K_W64_R64.B[0].RAM/DOUTBDOUT[13]
                         net (fo=4, routed)           2.039     7.981    design_1_i/ArgSort_AXI_1/U0/ARGSORT_IF/MRG_RD/MRG[9].READER/CTRL/O_SIDE.O_PORT/ADJ_ALIGN.QUEUE/RDATA[45]
    SLICE_X22Y76         LUT6 (Prop_E6LUT_SLICEL_I3_O)
                                                      0.138     8.119 r  design_1_i/ArgSort_AXI_1/U0/ARGSORT_IF/MRG_RD/MRG[9].READER/CTRL/O_SIDE.O_PORT/ADJ_ALIGN.QUEUE/curr_queue[3][DATA][45]_i_2__8/O
                         net (fo=2, routed)           0.218     8.338    design_1_i/ArgSort_AXI_1/U0/ARGSORT_IF/MRG_RD/MRG[9].READER/CTRL/O_SIDE.O_PORT/ADJ_ALIGN.QUEUE/p_1_in120_in
    SLICE_X21Y76         LUT4 (Prop_F6LUT_SLICEM_I0_O)
                                                      0.135     8.473 r  design_1_i/ArgSort_AXI_1/U0/ARGSORT_IF/MRG_RD/MRG[9].READER/CTRL/O_SIDE.O_PORT/ADJ_ALIGN.QUEUE/curr_queue[2][DATA][45]_i_1__8/O
                         net (fo=1, routed)           0.095     8.568    design_1_i/ArgSort_AXI_1/U0/ARGSORT_IF/MRG_RD/MRG[9].READER/CTRL/O_SIDE.O_PORT/ADJ_ALIGN.QUEUE/curr_queue[2][DATA][45]_i_1__8_n_0
    SLICE_X21Y76         FDCE                                         r  design_1_i/ArgSort_AXI_1/U0/ARGSORT_IF/MRG_RD/MRG[9].READER/CTRL/O_SIDE.O_PORT/ADJ_ALIGN.QUEUE/curr_queue_reg[2][DATA][45]/D
  -------------------------------------------------------------------    -------------------

                         (clock clk_out1_design_1_clk_wiz_0_0 rise edge)
                                                      4.000     4.000 r  
    BUFG_PS_X0Y73        BUFG_PS                      0.000     4.000 r  design_1_i/zynq_ultra_ps_e_0/U0/buffer_pl_clk_0.PL_CLK_0_BUFG/O
                         net (fo=1, routed)           2.206     6.206    design_1_i/clk_wiz_0/inst/clk_in1
    PLL_X0Y2             PLLE4_ADV (Prop_PLL_CLKIN_CLKOUT0)
                                                      0.615     6.821 r  design_1_i/clk_wiz_0/inst/plle4_adv_inst/CLKOUT0
                         net (fo=1, routed)           0.332     7.153    design_1_i/clk_wiz_0/inst/clk_out1_design_1_clk_wiz_0_0
    BUFGCE_X0Y39         BUFGCE (Prop_BUFCE_BUFGCE_I_O)
                                                      0.039     7.192 r  design_1_i/clk_wiz_0/inst/clkout1_buf/O
    X1Y1 (CLOCK_ROOT)    net (fo=29042, routed)       1.551     8.743    design_1_i/ArgSort_AXI_1/U0/ARGSORT_IF/MRG_RD/MRG[9].READER/CTRL/O_SIDE.O_PORT/ADJ_ALIGN.QUEUE/ACLK
    SLICE_X21Y76         FDCE                                         r  design_1_i/ArgSort_AXI_1/U0/ARGSORT_IF/MRG_RD/MRG[9].READER/CTRL/O_SIDE.O_PORT/ADJ_ALIGN.QUEUE/curr_queue_reg[2][DATA][45]/C
                         clock pessimism             -0.112     8.631    
                         clock uncertainty           -0.066     8.566    
    SLICE_X21Y76         FDCE (Setup_FFF_SLICEM_C_D)
                                                      0.043     8.609    design_1_i/ArgSort_AXI_1/U0/ARGSORT_IF/MRG_RD/MRG[9].READER/CTRL/O_SIDE.O_PORT/ADJ_ALIGN.QUEUE/curr_queue_reg[2][DATA][45]
  -------------------------------------------------------------------
                         required time                          8.609    
                         arrival time                          -8.568    
  -------------------------------------------------------------------
                         slack                                  0.041    




