Copyright 1986-2022 Xilinx, Inc. All Rights Reserved. Copyright 2022-2025 Advanced Micro Devices, Inc. All Rights Reserved.
---------------------------------------------------------------------------------------------------------------------------------------------
| Tool Version : Vivado v.2025.1 (lin64) Build 6140274 Wed May 21 22:58:25 MDT 2025
| Date         : Fri May 22 16:39:08 2026
| Host         : Tiamat running 64-bit Ubuntu 24.04.4 LTS
| Command      : report_utilization -file ./project.rpt
| Design       : design_1_wrapper
| Device       : xck26-sfvc784-2LV-c
| Speed File   : -2LV
| Design State : Physopt postRoute
---------------------------------------------------------------------------------------------------------------------------------------------

Utilization Design Information

Table of Contents
-----------------
1. CLB Logic
1.1 Summary of Registers by Type
2. CLB Logic Distribution
3. BLOCKRAM
4. ARITHMETIC
5. I/O
6. CLOCK
7. ADVANCED
8. CONFIGURATION
9. Primitives
10. Black Boxes
11. Instantiated Netlists

1. CLB Logic
------------

+----------------------------+-------+-------+------------+-----------+-------+
|          Site Type         |  Used | Fixed | Prohibited | Available | Util% |
+----------------------------+-------+-------+------------+-----------+-------+
| CLB LUTs                   | 67880 |     0 |          0 |    117120 | 57.96 |
|   LUT as Logic             | 67713 |     0 |          0 |    117120 | 57.82 |
|   LUT as Memory            |   167 |     0 |          0 |     57600 |  0.29 |
|     LUT as Distributed RAM |   124 |     0 |            |           |       |
|     LUT as Shift Register  |    43 |     0 |            |           |       |
| CLB Registers              | 45818 |     0 |          0 |    234240 | 19.56 |
|   Register as Flip Flop    | 45818 |     0 |          0 |    234240 | 19.56 |
|   Register as Latch        |     0 |     0 |          0 |    234240 |  0.00 |
| CARRY8                     |  1830 |     0 |          0 |     14640 | 12.50 |
| F7 Muxes                   |    17 |     0 |          0 |     58560 |  0.03 |
| F8 Muxes                   |     0 |     0 |          0 |     29280 |  0.00 |
| F9 Muxes                   |     0 |     0 |          0 |     14640 |  0.00 |
+----------------------------+-------+-------+------------+-----------+-------+
* Warning! LUT value is adjusted to account for LUT combining.


1.1 Summary of Registers by Type
--------------------------------

+-------+--------------+-------------+--------------+
| Total | Clock Enable | Synchronous | Asynchronous |
+-------+--------------+-------------+--------------+
| 0     |            _ |           - |            - |
| 0     |            _ |           - |          Set |
| 0     |            _ |           - |        Reset |
| 0     |            _ |         Set |            - |
| 0     |            _ |       Reset |            - |
| 0     |          Yes |           - |            - |
| 222   |          Yes |           - |          Set |
| 44497 |          Yes |           - |        Reset |
| 24    |          Yes |         Set |            - |
| 1075  |          Yes |       Reset |            - |
+-------+--------------+-------------+--------------+


2. CLB Logic Distribution
-------------------------

+--------------------------------------------+-------+-------+------------+-----------+-------+
|                  Site Type                 |  Used | Fixed | Prohibited | Available | Util% |
+--------------------------------------------+-------+-------+------------+-----------+-------+
| CLB                                        | 11884 |     0 |          0 |     14640 | 81.17 |
|   CLBL                                     |  5975 |     0 |            |           |       |
|   CLBM                                     |  5909 |     0 |            |           |       |
| LUT as Logic                               | 67713 |     0 |          0 |    117120 | 57.82 |
|   using O5 output only                     |   504 |       |            |           |       |
|   using O6 output only                     | 52141 |       |            |           |       |
|   using O5 and O6                          | 15068 |       |            |           |       |
| LUT as Memory                              |   167 |     0 |          0 |     57600 |  0.29 |
|   LUT as Distributed RAM                   |   124 |     0 |            |           |       |
|     using O5 output only                   |     0 |       |            |           |       |
|     using O6 output only                   |     4 |       |            |           |       |
|     using O5 and O6                        |   120 |       |            |           |       |
|   LUT as Shift Register                    |    43 |     0 |            |           |       |
|     using O5 output only                   |     0 |       |            |           |       |
|     using O6 output only                   |    43 |       |            |           |       |
|     using O5 and O6                        |     0 |       |            |           |       |
| CLB Registers                              | 45818 |     0 |          0 |    234240 | 19.56 |
|   Register driven from within the CLB      | 42026 |       |            |           |       |
|   Register driven from outside the CLB     |  3792 |       |            |           |       |
|     LUT in front of the register is unused |  2048 |       |            |           |       |
|     LUT in front of the register is used   |  1744 |       |            |           |       |
| Unique Control Sets                        |   705 |       |          0 |     29280 |  2.41 |
+--------------------------------------------+-------+-------+------------+-----------+-------+
* * Note: Available Control Sets calculated as Slices * 2, Review the Control Sets Report for more information regarding control sets.


3. BLOCKRAM
-----------

+-------------------+------+-------+------------+-----------+-------+
|     Site Type     | Used | Fixed | Prohibited | Available | Util% |
+-------------------+------+-------+------------+-----------+-------+
| Block RAM Tile    |   70 |     0 |          0 |       144 | 48.61 |
|   RAMB36/FIFO*    |   70 |     0 |          0 |       144 | 48.61 |
|     RAMB36E2 only |   70 |       |            |           |       |
|   RAMB18          |    0 |     0 |          0 |       288 |  0.00 |
| URAM              |   32 |     0 |          0 |        64 | 50.00 |
+-------------------+------+-------+------------+-----------+-------+
* Note: Each Block RAM Tile only has one FIFO logic available and therefore can accommodate only one FIFO36E2 or one FIFO18E2. However, if a FIFO18E2 occupies a Block RAM Tile, that tile can still accommodate a RAMB18E2


4. ARITHMETIC
-------------

+----------------+------+-------+------------+-----------+-------+
|    Site Type   | Used | Fixed | Prohibited | Available | Util% |
+----------------+------+-------+------------+-----------+-------+
| DSPs           |   15 |     0 |          0 |      1248 |  1.20 |
|   DSP48E2 only |   15 |       |            |           |       |
+----------------+------+-------+------------+-----------+-------+


5. I/O
------

+------------------+------+-------+------------+-----------+-------+
|     Site Type    | Used | Fixed | Prohibited | Available | Util% |
+------------------+------+-------+------------+-----------+-------+
| Bonded IOB       |    1 |     1 |          0 |       189 |  0.53 |
|   HPIOB_M        |    0 |     0 |          0 |        58 |  0.00 |
|   HPIOB_S        |    0 |     0 |          0 |        58 |  0.00 |
|   HDIOB_M        |    1 |     1 |          0 |        35 |  2.86 |
|     INPUT        |    0 |       |            |           |       |
|     OUTPUT       |    1 |       |            |           |       |
|     BIDIR        |    0 |       |            |           |       |
|   HDIOB_S        |    0 |     0 |          0 |        35 |  0.00 |
|   HPIOB_SNGL     |    0 |     0 |          0 |         3 |  0.00 |
| HPIOBDIFFINBUF   |    0 |     0 |          0 |        82 |  0.00 |
| HPIOBDIFFOUTBUF  |    0 |     0 |          0 |        82 |  0.00 |
| HDIOBDIFFINBUF   |    0 |     0 |          0 |        35 |  0.00 |
| BITSLICE_CONTROL |    0 |     0 |          0 |        32 |  0.00 |
| BITSLICE_RX_TX   |    0 |     0 |          0 |      1248 |  0.00 |
| BITSLICE_TX      |    0 |     0 |          0 |        32 |  0.00 |
| RIU_OR           |    0 |     0 |          0 |        16 |  0.00 |
+------------------+------+-------+------------+-----------+-------+


6. CLOCK
--------

+------------+------+-------+------------+-----------+-------+
|  Site Type | Used | Fixed | Prohibited | Available | Util% |
+------------+------+-------+------------+-----------+-------+
| BUFGCE     |    2 |     0 |          0 |       112 |  1.79 |
| BUFGCE_DIV |    0 |     0 |          0 |        16 |  0.00 |
| BUFG_GT    |    0 |     0 |          0 |        96 |  0.00 |
| BUFG_PS    |    1 |     0 |          0 |        96 |  1.04 |
| BUFGCTRL*  |    0 |     0 |          0 |        32 |  0.00 |
| PLL        |    1 |     0 |          0 |         8 | 12.50 |
| MMCM       |    0 |     0 |          0 |         4 |  0.00 |
+------------+------+-------+------------+-----------+-------+
* Note: Each used BUFGCTRL counts as two GLOBAL CLOCK BUFFERs. This table does not include global clocking resources, only buffer cell usage. See the Clock Utilization Report (report_clock_utilization) for detailed accounting of global clocking resource availability.


7. ADVANCED
-----------

+-----------------+------+-------+------------+-----------+--------+
|    Site Type    | Used | Fixed | Prohibited | Available |  Util% |
+-----------------+------+-------+------------+-----------+--------+
| GTHE4_CHANNEL   |    0 |     0 |          0 |         4 |   0.00 |
| GTHE4_COMMON    |    0 |     0 |          0 |         1 |   0.00 |
| OBUFDS_GTE4     |    0 |     0 |          0 |         2 |   0.00 |
| OBUFDS_GTE4_ADV |    0 |     0 |          0 |         2 |   0.00 |
| PCIE40E4        |    0 |     0 |          0 |         2 |   0.00 |
| PS8             |    1 |     0 |          0 |         1 | 100.00 |
| SYSMONE4        |    0 |     0 |          0 |         1 |   0.00 |
| VCU             |    0 |     0 |          0 |         1 |   0.00 |
+-----------------+------+-------+------------+-----------+--------+


8. CONFIGURATION
----------------

+-------------+------+-------+------------+-----------+-------+
|  Site Type  | Used | Fixed | Prohibited | Available | Util% |
+-------------+------+-------+------------+-----------+-------+
| BSCANE2     |    0 |     0 |          0 |         4 |  0.00 |
| DNA_PORTE2  |    0 |     0 |          0 |         1 |  0.00 |
| EFUSE_USR   |    0 |     0 |          0 |         1 |  0.00 |
| FRAME_ECCE4 |    0 |     0 |          0 |         1 |  0.00 |
| ICAPE3      |    0 |     0 |          0 |         2 |  0.00 |
| MASTER_JTAG |    0 |     0 |          0 |         1 |  0.00 |
| STARTUPE3   |    0 |     0 |          0 |         1 |  0.00 |
+-------------+------+-------+------------+-----------+-------+


9. Primitives
-------------

+-----------+-------+---------------------+
|  Ref Name |  Used | Functional Category |
+-----------+-------+---------------------+
| FDCE      | 44497 |            Register |
| LUT6      | 25403 |                 CLB |
| LUT4      | 16187 |                 CLB |
| LUT3      | 16135 |                 CLB |
| LUT5      | 12849 |                 CLB |
| LUT2      | 11605 |                 CLB |
| CARRY8    |  1830 |                 CLB |
| FDRE      |  1075 |            Register |
| LUT1      |   602 |                 CLB |
| FDPE      |   222 |            Register |
| RAMD32    |   212 |                 CLB |
| RAMB36E2  |    70 |            BLOCKRAM |
| SRLC32E   |    33 |                 CLB |
| URAM288   |    32 |            BLOCKRAM |
| RAMS32    |    32 |                 CLB |
| FDSE      |    24 |            Register |
| MUXF7     |    17 |                 CLB |
| DSP48E2   |    15 |          Arithmetic |
| SRL16E    |    10 |                 CLB |
| BUFGCE    |     2 |               Clock |
| PS8       |     1 |            Advanced |
| PLLE4_ADV |     1 |               Clock |
| OBUF      |     1 |                 I/O |
| BUFG_PS   |     1 |               Clock |
+-----------+-------+---------------------+


10. Black Boxes
---------------

+----------+------+
| Ref Name | Used |
+----------+------+


11. Instantiated Netlists
-------------------------

+-------------------------------------------+------+
|                  Ref Name                 | Used |
+-------------------------------------------+------+
| design_1_zynq_ultra_ps_e_0_0              |    1 |
| design_1_rst_ps8_0_99M_0                  |    1 |
| design_1_clk_wiz_0_0                      |    1 |
| design_1_axi_interconnect_0_imp_auto_pc_0 |    1 |
| design_1_axi_interconnect_0_imp_auto_ds_0 |    1 |
| design_1_ZYNQMP_ACP_ADAPTER_0_0           |    1 |
| design_1_ArgSort_AXI_1_0                  |    1 |
+-------------------------------------------+------+


Copyright 1986-2022 Xilinx, Inc. All Rights Reserved. Copyright 2022-2025 Advanced Micro Devices, Inc. All Rights Reserved.
--------------------------------------------------------------------------------------------------------------------------------------------------
| Tool Version      : Vivado v.2025.1 (lin64) Build 6140274 Wed May 21 22:58:25 MDT 2025
| Date              : Fri May 22 16:39:13 2026
| Host              : Tiamat running 64-bit Ubuntu 24.04.4 LTS
| Command           : report_timing -file ./project.rpt -append
| Design            : design_1_wrapper
| Device            : xck26-sfvc784
| Speed File        : -2LV  PRODUCTION 1.30 05-15-2022
| Design State      : Physopt postRoute
| Temperature Grade : C
--------------------------------------------------------------------------------------------------------------------------------------------------

Timing Report

Slack (MET) :             0.020ns  (required time - arrival time)
  Source:                 design_1_i/ArgSort_AXI_1/U0/ARGSORT_IF/CTRL/MAIN_CTRL.sort_total_size_reg[12]/C
                            (rising edge-triggered cell FDCE clocked by clk_out1_design_1_clk_wiz_0_0  {rise@0.000ns fall@2.000ns period=4.000ns})
  Destination:            design_1_i/ArgSort_AXI_1/U0/ARGSORT_IF/CTRL/MRG_RD_CTRL[25].remain_size_reg[17]/D
                            (rising edge-triggered cell FDCE clocked by clk_out1_design_1_clk_wiz_0_0  {rise@0.000ns fall@2.000ns period=4.000ns})
  Path Group:             clk_out1_design_1_clk_wiz_0_0
  Path Type:              Setup (Max at Slow Process Corner)
  Requirement:            4.000ns  (clk_out1_design_1_clk_wiz_0_0 rise@4.000ns - clk_out1_design_1_clk_wiz_0_0 rise@0.000ns)
  Data Path Delay:        3.829ns  (logic 0.648ns (16.922%)  route 3.181ns (83.078%))
  Logic Levels:           4  (CARRY8=2 LUT4=2)
  Clock Path Skew:        -0.128ns (DCD - SCD + CPR)
    Destination Clock Delay (DCD):    4.841ns = ( 8.841 - 4.000 ) 
    Source Clock Delay      (SCD):    4.789ns
    Clock Pessimism Removal (CPR):    -0.180ns
  Clock Uncertainty:      0.066ns  ((TSJ^2 + DJ^2)^1/2) / 2 + PE
    Total System Jitter     (TSJ):    0.071ns
    Discrete Jitter          (DJ):    0.111ns
    Phase Error              (PE):    0.000ns
  Clock Net Delay (Source):      1.792ns (routing 0.246ns, distribution 1.546ns)
  Clock Net Delay (Destination): 1.649ns (routing 0.231ns, distribution 1.418ns)

    Location             Delay type                Incr(ns)  Path(ns)    Netlist Resource(s)
  -------------------------------------------------------------------    -------------------
                         (clock clk_out1_design_1_clk_wiz_0_0 rise edge)
                                                      0.000     0.000 r  
    BUFG_PS_X0Y73        BUFG_PS                      0.000     0.000 r  design_1_i/zynq_ultra_ps_e_0/U0/buffer_pl_clk_0.PL_CLK_0_BUFG/O
                         net (fo=1, routed)           2.428     2.428    design_1_i/clk_wiz_0/inst/clk_in1
    PLL_X0Y2             PLLE4_ADV (Prop_PLL_CLKIN_CLKOUT0)
                                                      0.147     2.575 r  design_1_i/clk_wiz_0/inst/plle4_adv_inst/CLKOUT0
                         net (fo=1, routed)           0.378     2.953    design_1_i/clk_wiz_0/inst/clk_out1_design_1_clk_wiz_0_0
    BUFGCE_X0Y39         BUFGCE (Prop_BUFCE_BUFGCE_I_O)
                                                      0.044     2.997 r  design_1_i/clk_wiz_0/inst/clkout1_buf/O
    X1Y1 (CLOCK_ROOT)    net (fo=46281, routed)       1.792     4.789    design_1_i/ArgSort_AXI_1/U0/ARGSORT_IF/CTRL/ACLK
    SLICE_X13Y134        FDCE                                         r  design_1_i/ArgSort_AXI_1/U0/ARGSORT_IF/CTRL/MAIN_CTRL.sort_total_size_reg[12]/C
  -------------------------------------------------------------------    -------------------
    SLICE_X13Y134        FDCE (Prop_HFF2_SLICEM_C_Q)
                                                      0.114     4.903 r  design_1_i/ArgSort_AXI_1/U0/ARGSORT_IF/CTRL/MAIN_CTRL.sort_total_size_reg[12]/Q
                         net (fo=187, routed)         2.614     7.517    design_1_i/ArgSort_AXI_1/U0/ARGSORT_IF/CTRL/MAIN_CTRL.sort_total_size_reg_n_0_[12]
    SLICE_X54Y199        LUT4 (Prop_G6LUT_SLICEM_I1_O)
                                                      0.152     7.669 r  design_1_i/ArgSort_AXI_1/U0/ARGSORT_IF/CTRL/MRG_RD_CTRL[25].remain_size[29]_i_37/O
                         net (fo=1, routed)           0.021     7.690    design_1_i/ArgSort_AXI_1/U0/ARGSORT_IF/CTRL/MRG_RD_CTRL[25].remain_size[29]_i_37_n_0
    SLICE_X54Y199        CARRY8 (Prop_CARRY8_SLICEM_S[6]_CO[7])
                                                      0.175     7.865 f  design_1_i/ArgSort_AXI_1/U0/ARGSORT_IF/CTRL/MRG_RD_CTRL[25].remain_size_reg[29]_i_12/CO[7]
                         net (fo=1, routed)           0.030     7.895    design_1_i/ArgSort_AXI_1/U0/ARGSORT_IF/CTRL/MRG_RD_CTRL[25].remain_size_reg[29]_i_12_n_0
    SLICE_X54Y200        CARRY8 (Prop_CARRY8_SLICEM_CI_CO[7])
                                                      0.073     7.968 f  design_1_i/ArgSort_AXI_1/U0/ARGSORT_IF/CTRL/MRG_RD_CTRL[25].remain_size_reg[29]_i_4/CO[7]
                         net (fo=32, routed)          0.420     8.388    design_1_i/ArgSort_AXI_1/U0/ARGSORT_IF/CTRL/MRG_RD_CTRL[25].remain_size_reg[29]_i_4_n_0
    SLICE_X58Y201        LUT4 (Prop_D6LUT_SLICEM_I1_O)
                                                      0.134     8.522 r  design_1_i/ArgSort_AXI_1/U0/ARGSORT_IF/CTRL/MRG_RD_CTRL[25].remain_size[17]_i_1/O
                         net (fo=1, routed)           0.096     8.618    design_1_i/ArgSort_AXI_1/U0/ARGSORT_IF/CTRL/MRG_RD_CTRL[25].remain_size[17]
    SLICE_X58Y201        FDCE                                         r  design_1_i/ArgSort_AXI_1/U0/ARGSORT_IF/CTRL/MRG_RD_CTRL[25].remain_size_reg[17]/D
  -------------------------------------------------------------------    -------------------

                         (clock clk_out1_design_1_clk_wiz_0_0 rise edge)
                                                      4.000     4.000 r  
    BUFG_PS_X0Y73        BUFG_PS                      0.000     4.000 r  design_1_i/zynq_ultra_ps_e_0/U0/buffer_pl_clk_0.PL_CLK_0_BUFG/O
                         net (fo=1, routed)           2.206     6.206    design_1_i/clk_wiz_0/inst/clk_in1
    PLL_X0Y2             PLLE4_ADV (Prop_PLL_CLKIN_CLKOUT0)
                                                      0.615     6.821 r  design_1_i/clk_wiz_0/inst/plle4_adv_inst/CLKOUT0
                         net (fo=1, routed)           0.332     7.153    design_1_i/clk_wiz_0/inst/clk_out1_design_1_clk_wiz_0_0
    BUFGCE_X0Y39         BUFGCE (Prop_BUFCE_BUFGCE_I_O)
                                                      0.039     7.192 r  design_1_i/clk_wiz_0/inst/clkout1_buf/O
    X1Y1 (CLOCK_ROOT)    net (fo=46281, routed)       1.649     8.841    design_1_i/ArgSort_AXI_1/U0/ARGSORT_IF/CTRL/ACLK
    SLICE_X58Y201        FDCE                                         r  design_1_i/ArgSort_AXI_1/U0/ARGSORT_IF/CTRL/MRG_RD_CTRL[25].remain_size_reg[17]/C
                         clock pessimism             -0.180     8.661    
                         clock uncertainty           -0.066     8.596    
    SLICE_X58Y201        FDCE (Setup_DFF_SLICEM_C_D)
                                                      0.043     8.639    design_1_i/ArgSort_AXI_1/U0/ARGSORT_IF/CTRL/MRG_RD_CTRL[25].remain_size_reg[17]
  -------------------------------------------------------------------
                         required time                          8.639    
                         arrival time                          -8.618    
  -------------------------------------------------------------------
                         slack                                  0.020    




