Copyright 1986-2022 Xilinx, Inc. All Rights Reserved. Copyright 2022-2023 Advanced Micro Devices, Inc. All Rights Reserved.
---------------------------------------------------------------------------------------------------------------------------------------------
| Tool Version : Vivado v.2023.1 (win64) Build 3865809 Sun May  7 15:05:29 MDT 2023
| Date         : Tue May 27 06:40:09 2025
| Host         : Jabberwock running 64-bit major release  (build 9200)
| Command      : report_utilization -file D:/ichiro/work/ArgSort-Kv260/argsort_16_1_0/project.rpt
| Design       : design_1_wrapper
| Device       : xck26-sfvc784-2LV-c
| Speed File   : -2LV
| Design State : Routed
---------------------------------------------------------------------------------------------------------------------------------------------

Utilization Design Information

Table of Contents
-----------------
1. CLB Logic
1.1 Summary of Registers by Type
2. CLB Logic Distribution
3. BLOCKRAM
4. ARITHMETIC
5. I/O
6. CLOCK
7. ADVANCED
8. CONFIGURATION
9. Primitives
10. Black Boxes
11. Instantiated Netlists

1. CLB Logic
------------

+----------------------------+-------+-------+------------+-----------+-------+
|          Site Type         |  Used | Fixed | Prohibited | Available | Util% |
+----------------------------+-------+-------+------------+-----------+-------+
| CLB LUTs                   | 37746 |     0 |          0 |    117120 | 32.23 |
|   LUT as Logic             | 36239 |     0 |          0 |    117120 | 30.94 |
|   LUT as Memory            |  1507 |     0 |          0 |     57600 |  2.62 |
|     LUT as Distributed RAM |  1464 |     0 |            |           |       |
|     LUT as Shift Register  |    43 |     0 |            |           |       |
| CLB Registers              | 27256 |     0 |          0 |    234240 | 11.64 |
|   Register as Flip Flop    | 27256 |     0 |          0 |    234240 | 11.64 |
|   Register as Latch        |     0 |     0 |          0 |    234240 |  0.00 |
| CARRY8                     |   987 |     0 |          0 |     14640 |  6.74 |
| F7 Muxes                   |   146 |     0 |          0 |     58560 |  0.25 |
| F8 Muxes                   |     0 |     0 |          0 |     29280 |  0.00 |
| F9 Muxes                   |     0 |     0 |          0 |     14640 |  0.00 |
+----------------------------+-------+-------+------------+-----------+-------+
* Warning! LUT value is adjusted to account for LUT combining.


1.1 Summary of Registers by Type
--------------------------------

+-------+--------------+-------------+--------------+
| Total | Clock Enable | Synchronous | Asynchronous |
+-------+--------------+-------------+--------------+
| 0     |            _ |           - |            - |
| 0     |            _ |           - |          Set |
| 0     |            _ |           - |        Reset |
| 0     |            _ |         Set |            - |
| 0     |            _ |       Reset |            - |
| 0     |          Yes |           - |            - |
| 168   |          Yes |           - |          Set |
| 24917 |          Yes |           - |        Reset |
| 24    |          Yes |         Set |            - |
| 2147  |          Yes |       Reset |            - |
+-------+--------------+-------------+--------------+


2. CLB Logic Distribution
-------------------------

+--------------------------------------------+-------+-------+------------+-----------+-------+
|                  Site Type                 |  Used | Fixed | Prohibited | Available | Util% |
+--------------------------------------------+-------+-------+------------+-----------+-------+
| CLB                                        |  6867 |     0 |          0 |     14640 | 46.91 |
|   CLBL                                     |  3329 |     0 |            |           |       |
|   CLBM                                     |  3538 |     0 |            |           |       |
| LUT as Logic                               | 36239 |     0 |          0 |    117120 | 30.94 |
|   using O5 output only                     |   218 |       |            |           |       |
|   using O6 output only                     | 25932 |       |            |           |       |
|   using O5 and O6                          | 10089 |       |            |           |       |
| LUT as Memory                              |  1507 |     0 |          0 |     57600 |  2.62 |
|   LUT as Distributed RAM                   |  1464 |     0 |            |           |       |
|     using O5 output only                   |     0 |       |            |           |       |
|     using O6 output only                   |  1284 |       |            |           |       |
|     using O5 and O6                        |   180 |       |            |           |       |
|   LUT as Shift Register                    |    43 |     0 |            |           |       |
|     using O5 output only                   |     0 |       |            |           |       |
|     using O6 output only                   |    43 |       |            |           |       |
|     using O5 and O6                        |     0 |       |            |           |       |
| CLB Registers                              | 27256 |     0 |          0 |    234240 | 11.64 |
|   Register driven from within the CLB      | 24416 |       |            |           |       |
|   Register driven from outside the CLB     |  2840 |       |            |           |       |
|     LUT in front of the register is unused |  1597 |       |            |           |       |
|     LUT in front of the register is used   |  1243 |       |            |           |       |
| Unique Control Sets                        |   460 |       |          0 |     29280 |  1.57 |
+--------------------------------------------+-------+-------+------------+-----------+-------+
* * Note: Available Control Sets calculated as Slices * 2, Review the Control Sets Report for more information regarding control sets.


3. BLOCKRAM
-----------

+-------------------+------+-------+------------+-----------+-------+
|     Site Type     | Used | Fixed | Prohibited | Available | Util% |
+-------------------+------+-------+------------+-----------+-------+
| Block RAM Tile    |   38 |     0 |          0 |       144 | 26.39 |
|   RAMB36/FIFO*    |   38 |     0 |          0 |       144 | 26.39 |
|     RAMB36E2 only |   38 |       |            |           |       |
|   RAMB18          |    0 |     0 |          0 |       288 |  0.00 |
| URAM              |    0 |     0 |          0 |        64 |  0.00 |
+-------------------+------+-------+------------+-----------+-------+
* Note: Each Block RAM Tile only has one FIFO logic available and therefore can accommodate only one FIFO36E2 or one FIFO18E2. However, if a FIFO18E2 occupies a Block RAM Tile, that tile can still accommodate a RAMB18E2


4. ARITHMETIC
-------------

+-----------+------+-------+------------+-----------+-------+
| Site Type | Used | Fixed | Prohibited | Available | Util% |
+-----------+------+-------+------------+-----------+-------+
| DSPs      |    0 |     0 |          0 |      1248 |  0.00 |
+-----------+------+-------+------------+-----------+-------+


5. I/O
------

+------------------+------+-------+------------+-----------+-------+
|     Site Type    | Used | Fixed | Prohibited | Available | Util% |
+------------------+------+-------+------------+-----------+-------+
| Bonded IOB       |    1 |     1 |          0 |       189 |  0.53 |
| HPIOB_M          |    0 |     0 |          0 |        58 |  0.00 |
| HPIOB_S          |    0 |     0 |          0 |        58 |  0.00 |
| HDIOB_M          |    1 |     1 |          0 |        35 |  2.86 |
|   INPUT          |    0 |       |            |           |       |
|   OUTPUT         |    1 |       |            |           |       |
|   BIDIR          |    0 |       |            |           |       |
| HDIOB_S          |    0 |     0 |          0 |        35 |  0.00 |
| HPIOB_SNGL       |    0 |     0 |          0 |         3 |  0.00 |
| HPIOBDIFFINBUF   |    0 |     0 |          0 |        82 |  0.00 |
| HPIOBDIFFOUTBUF  |    0 |     0 |          0 |        82 |  0.00 |
| HDIOBDIFFINBUF   |    0 |     0 |          0 |        35 |  0.00 |
| BITSLICE_CONTROL |    0 |     0 |          0 |        32 |  0.00 |
| BITSLICE_RX_TX   |    0 |     0 |          0 |      1248 |  0.00 |
| BITSLICE_TX      |    0 |     0 |          0 |        32 |  0.00 |
| RIU_OR           |    0 |     0 |          0 |        16 |  0.00 |
+------------------+------+-------+------------+-----------+-------+


6. CLOCK
--------

+----------------------+------+-------+------------+-----------+-------+
|       Site Type      | Used | Fixed | Prohibited | Available | Util% |
+----------------------+------+-------+------------+-----------+-------+
| GLOBAL CLOCK BUFFERs |    3 |     0 |          0 |       352 |  0.85 |
|   BUFGCE             |    2 |     0 |          0 |       112 |  1.79 |
|   BUFGCE_DIV         |    0 |     0 |          0 |        16 |  0.00 |
|   BUFG_GT            |    0 |     0 |          0 |        96 |  0.00 |
|   BUFG_PS            |    1 |     0 |          0 |        96 |  1.04 |
|   BUFGCTRL*          |    0 |     0 |          0 |        32 |  0.00 |
| PLL                  |    1 |     0 |          0 |         8 | 12.50 |
| MMCM                 |    0 |     0 |          0 |         4 |  0.00 |
+----------------------+------+-------+------------+-----------+-------+
* Note: Each used BUFGCTRL counts as two GLOBAL CLOCK BUFFERs. This table does not include global clocking resources, only buffer cell usage. See the Clock Utilization Report (report_clock_utilization) for detailed accounting of global clocking resource availability.


7. ADVANCED
-----------

+-----------------+------+-------+------------+-----------+--------+
|    Site Type    | Used | Fixed | Prohibited | Available |  Util% |
+-----------------+------+-------+------------+-----------+--------+
| GTHE4_CHANNEL   |    0 |     0 |          0 |         4 |   0.00 |
| GTHE4_COMMON    |    0 |     0 |          0 |         1 |   0.00 |
| OBUFDS_GTE4     |    0 |     0 |          0 |         2 |   0.00 |
| OBUFDS_GTE4_ADV |    0 |     0 |          0 |         2 |   0.00 |
| PCIE40E4        |    0 |     0 |          0 |         2 |   0.00 |
| PS8             |    1 |     0 |          0 |         1 | 100.00 |
| SYSMONE4        |    0 |     0 |          0 |         1 |   0.00 |
| VCU             |    0 |     0 |          0 |         1 |   0.00 |
+-----------------+------+-------+------------+-----------+--------+


8. CONFIGURATION
----------------

+-------------+------+-------+------------+-----------+-------+
|  Site Type  | Used | Fixed | Prohibited | Available | Util% |
+-------------+------+-------+------------+-----------+-------+
| BSCANE2     |    0 |     0 |          0 |         4 |  0.00 |
| DNA_PORTE2  |    0 |     0 |          0 |         1 |  0.00 |
| EFUSE_USR   |    0 |     0 |          0 |         1 |  0.00 |
| FRAME_ECCE4 |    0 |     0 |          0 |         1 |  0.00 |
| ICAPE3      |    0 |     0 |          0 |         2 |  0.00 |
| MASTER_JTAG |    0 |     0 |          0 |         1 |  0.00 |
| STARTUPE3   |    0 |     0 |          0 |         1 |  0.00 |
+-------------+------+-------+------------+-----------+-------+


9. Primitives
-------------

+-----------+-------+---------------------+
|  Ref Name |  Used | Functional Category |
+-----------+-------+---------------------+
| FDCE      | 24917 |            Register |
| LUT6      | 14090 |                 CLB |
| LUT3      |  9838 |                 CLB |
| LUT4      |  8740 |                 CLB |
| LUT2      |  6626 |                 CLB |
| LUT5      |  6618 |                 CLB |
| FDRE      |  2147 |            Register |
| RAMD64E   |  1280 |                 CLB |
| CARRY8    |   987 |                 CLB |
| LUT1      |   416 |                 CLB |
| RAMD32    |   354 |                 CLB |
| FDPE      |   168 |            Register |
| MUXF7     |   146 |                 CLB |
| RAMB36E2  |    38 |            BLOCKRAM |
| SRLC32E   |    33 |                 CLB |
| FDSE      |    24 |            Register |
| SRL16E    |    10 |                 CLB |
| RAMS32    |    10 |                 CLB |
| BUFGCE    |     2 |               Clock |
| PS8       |     1 |            Advanced |
| PLLE4_ADV |     1 |               Clock |
| OBUF      |     1 |                 I/O |
| BUFG_PS   |     1 |               Clock |
+-----------+-------+---------------------+


10. Black Boxes
---------------

+----------+------+
| Ref Name | Used |
+----------+------+


11. Instantiated Netlists
-------------------------

+---------------------------------+------+
|             Ref Name            | Used |
+---------------------------------+------+
| design_1_zynq_ultra_ps_e_0_0    |    1 |
| design_1_rst_ps8_0_99M_0        |    1 |
| design_1_clk_wiz_0_0            |    1 |
| design_1_auto_pc_0              |    1 |
| design_1_auto_ds_0              |    1 |
| design_1_ZYNQMP_ACP_ADAPTER_0_0 |    1 |
| design_1_ArgSort_AXI_1_0        |    1 |
+---------------------------------+------+


Copyright 1986-2022 Xilinx, Inc. All Rights Reserved. Copyright 2022-2023 Advanced Micro Devices, Inc. All Rights Reserved.
--------------------------------------------------------------------------------------------------------------------------------------------------
| Tool Version      : Vivado v.2023.1 (win64) Build 3865809 Sun May  7 15:05:29 MDT 2023
| Date              : Tue May 27 06:40:21 2025
| Host              : Jabberwock running 64-bit major release  (build 9200)
| Command           : report_timing -file D:/ichiro/work/ArgSort-Kv260/argsort_16_1_0/project.rpt -append
| Design            : design_1_wrapper
| Device            : xck26-sfvc784
| Speed File        : -2LV  PRODUCTION 1.30 05-15-2022
| Design State      : Routed
| Temperature Grade : C
--------------------------------------------------------------------------------------------------------------------------------------------------

Timing Report

Slack (MET) :             0.008ns  (required time - arrival time)
  Source:                 design_1_i/ArgSort_AXI_1/U0/ARGSORT_IF/MRG_RD/MRG[1].READER/FSM_onehot_REQ.curr_state_reg[2]/C
                            (rising edge-triggered cell FDCE clocked by clk_out1_design_1_clk_wiz_0_0  {rise@0.000ns fall@2.000ns period=4.000ns})
  Destination:            design_1_i/ArgSort_AXI_1/U0/ARGSORT_IF/MRG_RD/REQ.req_addr_reg[32]/D
                            (rising edge-triggered cell FDCE clocked by clk_out1_design_1_clk_wiz_0_0  {rise@0.000ns fall@2.000ns period=4.000ns})
  Path Group:             clk_out1_design_1_clk_wiz_0_0
  Path Type:              Setup (Max at Slow Process Corner)
  Requirement:            4.000ns  (clk_out1_design_1_clk_wiz_0_0 rise@4.000ns - clk_out1_design_1_clk_wiz_0_0 rise@0.000ns)
  Data Path Delay:        3.836ns  (logic 1.227ns (31.989%)  route 2.609ns (68.011%))
  Logic Levels:           8  (LUT2=1 LUT4=1 LUT6=6)
  Clock Path Skew:        -0.134ns (DCD - SCD + CPR)
    Destination Clock Delay (DCD):    4.722ns = ( 8.722 - 4.000 ) 
    Source Clock Delay      (SCD):    4.745ns
    Clock Pessimism Removal (CPR):    -0.111ns
  Clock Uncertainty:      0.066ns  ((TSJ^2 + DJ^2)^1/2) / 2 + PE
    Total System Jitter     (TSJ):    0.071ns
    Discrete Jitter          (DJ):    0.111ns
    Phase Error              (PE):    0.000ns
  Clock Net Delay (Source):      1.748ns (routing 0.246ns, distribution 1.502ns)
  Clock Net Delay (Destination): 1.530ns (routing 0.231ns, distribution 1.299ns)

    Location             Delay type                Incr(ns)  Path(ns)    Netlist Resource(s)
  -------------------------------------------------------------------    -------------------
                         (clock clk_out1_design_1_clk_wiz_0_0 rise edge)
                                                      0.000     0.000 r  
    BUFG_PS_X0Y73        BUFG_PS                      0.000     0.000 r  design_1_i/zynq_ultra_ps_e_0/U0/buffer_pl_clk_0.PL_CLK_0_BUFG/O
                         net (fo=1, routed)           2.428     2.428    design_1_i/clk_wiz_0/inst/clk_in1
    PLL_X0Y2             PLLE4_ADV (Prop_PLL_CLKIN_CLKOUT0)
                                                      0.147     2.575 r  design_1_i/clk_wiz_0/inst/plle4_adv_inst/CLKOUT0
                         net (fo=1, routed)           0.378     2.953    design_1_i/clk_wiz_0/inst/clk_out1_design_1_clk_wiz_0_0
    BUFGCE_X0Y39         BUFGCE (Prop_BUFCE_BUFGCE_I_O)
                                                      0.044     2.997 r  design_1_i/clk_wiz_0/inst/clkout1_buf/O
    X1Y1 (CLOCK_ROOT)    net (fo=29023, routed)       1.748     4.745    design_1_i/ArgSort_AXI_1/U0/ARGSORT_IF/MRG_RD/MRG[1].READER/ACLK
    SLICE_X48Y75         FDCE                                         r  design_1_i/ArgSort_AXI_1/U0/ARGSORT_IF/MRG_RD/MRG[1].READER/FSM_onehot_REQ.curr_state_reg[2]/C
  -------------------------------------------------------------------    -------------------
    SLICE_X48Y75         FDCE (Prop_FFF_SLICEL_C_Q)
                                                      0.113     4.858 r  design_1_i/ArgSort_AXI_1/U0/ARGSORT_IF/MRG_RD/MRG[1].READER/FSM_onehot_REQ.curr_state_reg[2]/Q
                         net (fo=36, routed)          0.646     5.504    design_1_i/ArgSort_AXI_1/U0/ARGSORT_IF/MRG_RD/REQ.ARB/TREE.NODE[1].ARB/ARB/curr_queue_reg[0][0]_0[0]
    SLICE_X51Y77         LUT6 (Prop_G6LUT_SLICEL_I5_O)
                                                      0.137     5.641 f  design_1_i/ArgSort_AXI_1/U0/ARGSORT_IF/MRG_RD/REQ.ARB/TREE.NODE[1].ARB/ARB/curr_queue[0][1]_i_4/O
                         net (fo=1, routed)           0.107     5.748    design_1_i/ArgSort_AXI_1/U0/ARGSORT_IF/MRG_RD/REQ.ARB/TREE.NODE[1].ARB/ARB/req_select__5[1]
    SLICE_X51Y77         LUT6 (Prop_D6LUT_SLICEL_I5_O)
                                                      0.185     5.933 f  design_1_i/ArgSort_AXI_1/U0/ARGSORT_IF/MRG_RD/REQ.ARB/TREE.NODE[1].ARB/ARB/curr_queue[0][1]_i_3/O
                         net (fo=6, routed)           0.285     6.218    design_1_i/ArgSort_AXI_1/U0/ARGSORT_IF/MRG_RD/REQ.ARB/ARB/arb_request[1]
    SLICE_X52Y77         LUT6 (Prop_G6LUT_SLICEL_I3_O)
                                                      0.082     6.299 r  design_1_i/ArgSort_AXI_1/U0/ARGSORT_IF/MRG_RD/REQ.ARB/ARB/curr_queue[0][3]_i_2/O
                         net (fo=6, routed)           0.105     6.404    design_1_i/ArgSort_AXI_1/U0/ARGSORT_IF/MRG_RD/REQ.ARB/ARB/req_select__5_0[3]
    SLICE_X52Y77         LUT2 (Prop_E6LUT_SLICEL_I0_O)
                                                      0.083     6.487 r  design_1_i/ArgSort_AXI_1/U0/ARGSORT_IF/MRG_RD/REQ.ARB/ARB/REQ.curr_val[15]_i_3/O
                         net (fo=109, routed)         0.182     6.670    design_1_i/ArgSort_AXI_1/U0/ARGSORT_IF/MRG_RD/REQ.ARB/TREE.NODE[3].ARB/ARB/REQ.curr_val_reg[3]
    SLICE_X52Y78         LUT6 (Prop_H6LUT_SLICEL_I5_O)
                                                      0.153     6.823 r  design_1_i/ArgSort_AXI_1/U0/ARGSORT_IF/MRG_RD/REQ.ARB/TREE.NODE[3].ARB/ARB/REQ.curr_val[3]_i_2/O
                         net (fo=105, routed)         0.810     7.633    design_1_i/ArgSort_AXI_1/U0/ARGSORT_IF/MRG_RD/REQ.ARB/TREE.NODE[0].ARB/ARB/REQ.flow_stop_i_3[3]
    SLICE_X48Y82         LUT4 (Prop_E6LUT_SLICEL_I3_O)
                                                      0.187     7.820 r  design_1_i/ArgSort_AXI_1/U0/ARGSORT_IF/MRG_RD/REQ.ARB/TREE.NODE[0].ARB/ARB/REQ.req_addr[32]_i_8/O
                         net (fo=1, routed)           0.310     8.130    design_1_i/ArgSort_AXI_1/U0/ARGSORT_IF/MRG_RD/REQ.ARB/TREE.NODE[3].ARB/ARB/REQ.req_addr_reg[32]_2
    SLICE_X46Y85         LUT6 (Prop_G6LUT_SLICEL_I5_O)
                                                      0.151     8.281 r  design_1_i/ArgSort_AXI_1/U0/ARGSORT_IF/MRG_RD/REQ.ARB/TREE.NODE[3].ARB/ARB/REQ.req_addr[32]_i_3/O
                         net (fo=1, routed)           0.097     8.378    design_1_i/ArgSort_AXI_1/U0/ARGSORT_IF/MRG_RD/REQ.ARB/TREE.NODE[3].ARB/ARB/REQ.req_addr[32]_i_3_n_0
    SLICE_X46Y85         LUT6 (Prop_D6LUT_SLICEL_I1_O)
                                                      0.136     8.514 r  design_1_i/ArgSort_AXI_1/U0/ARGSORT_IF/MRG_RD/REQ.ARB/TREE.NODE[3].ARB/ARB/REQ.req_addr[32]_i_1/O
                         net (fo=1, routed)           0.067     8.581    design_1_i/ArgSort_AXI_1/U0/ARGSORT_IF/MRG_RD/REQ.ARB_n_61
    SLICE_X46Y85         FDCE                                         r  design_1_i/ArgSort_AXI_1/U0/ARGSORT_IF/MRG_RD/REQ.req_addr_reg[32]/D
  -------------------------------------------------------------------    -------------------

                         (clock clk_out1_design_1_clk_wiz_0_0 rise edge)
                                                      4.000     4.000 r  
    BUFG_PS_X0Y73        BUFG_PS                      0.000     4.000 r  design_1_i/zynq_ultra_ps_e_0/U0/buffer_pl_clk_0.PL_CLK_0_BUFG/O
                         net (fo=1, routed)           2.206     6.206    design_1_i/clk_wiz_0/inst/clk_in1
    PLL_X0Y2             PLLE4_ADV (Prop_PLL_CLKIN_CLKOUT0)
                                                      0.615     6.821 r  design_1_i/clk_wiz_0/inst/plle4_adv_inst/CLKOUT0
                         net (fo=1, routed)           0.332     7.153    design_1_i/clk_wiz_0/inst/clk_out1_design_1_clk_wiz_0_0
    BUFGCE_X0Y39         BUFGCE (Prop_BUFCE_BUFGCE_I_O)
                                                      0.039     7.192 r  design_1_i/clk_wiz_0/inst/clkout1_buf/O
    X1Y1 (CLOCK_ROOT)    net (fo=29023, routed)       1.530     8.722    design_1_i/ArgSort_AXI_1/U0/ARGSORT_IF/MRG_RD/ACLK
    SLICE_X46Y85         FDCE                                         r  design_1_i/ArgSort_AXI_1/U0/ARGSORT_IF/MRG_RD/REQ.req_addr_reg[32]/C
                         clock pessimism             -0.111     8.611    
                         clock uncertainty           -0.066     8.545    
    SLICE_X46Y85         FDCE (Setup_DFF_SLICEL_C_D)
                                                      0.044     8.589    design_1_i/ArgSort_AXI_1/U0/ARGSORT_IF/MRG_RD/REQ.req_addr_reg[32]
  -------------------------------------------------------------------
                         required time                          8.589    
                         arrival time                          -8.581    
  -------------------------------------------------------------------
                         slack                                  0.008    




