Copyright 1986-2022 Xilinx, Inc. All Rights Reserved. Copyright 2022-2025 Advanced Micro Devices, Inc. All Rights Reserved.
---------------------------------------------------------------------------------------------------------------------------------------------
| Tool Version : Vivado v.2025.1 (lin64) Build 6140274 Wed May 21 22:58:25 MDT 2025
| Date         : Fri May 22 18:24:48 2026
| Host         : Tiamat running 64-bit Ubuntu 24.04.4 LTS
| Command      : report_utilization -file ./project.rpt
| Design       : design_1_wrapper
| Device       : xck26-sfvc784-2LV-c
| Speed File   : -2LV
| Design State : Physopt postRoute
---------------------------------------------------------------------------------------------------------------------------------------------

Utilization Design Information

Table of Contents
-----------------
1. CLB Logic
1.1 Summary of Registers by Type
2. CLB Logic Distribution
3. BLOCKRAM
4. ARITHMETIC
5. I/O
6. CLOCK
7. ADVANCED
8. CONFIGURATION
9. Primitives
10. Black Boxes
11. Instantiated Netlists

1. CLB Logic
------------

+----------------------------+--------+-------+------------+-----------+-------+
|          Site Type         |  Used  | Fixed | Prohibited | Available | Util% |
+----------------------------+--------+-------+------------+-----------+-------+
| CLB LUTs                   | 105601 |     0 |          0 |    117120 | 90.16 |
|   LUT as Logic             | 105434 |     0 |          0 |    117120 | 90.02 |
|   LUT as Memory            |    167 |     0 |          0 |     57600 |  0.29 |
|     LUT as Distributed RAM |    124 |     0 |            |           |       |
|     LUT as Shift Register  |     43 |     0 |            |           |       |
| CLB Registers              | 102625 |     0 |          0 |    234240 | 43.81 |
|   Register as Flip Flop    | 102625 |     0 |          0 |    234240 | 43.81 |
|   Register as Latch        |      0 |     0 |          0 |    234240 |  0.00 |
| CARRY8                     |   2218 |     0 |          0 |     14640 | 15.15 |
| F7 Muxes                   |      2 |     0 |          0 |     58560 | <0.01 |
| F8 Muxes                   |      0 |     0 |          0 |     29280 |  0.00 |
| F9 Muxes                   |      0 |     0 |          0 |     14640 |  0.00 |
+----------------------------+--------+-------+------------+-----------+-------+
* Warning! LUT value is adjusted to account for LUT combining.


1.1 Summary of Registers by Type
--------------------------------

+--------+--------------+-------------+--------------+
|  Total | Clock Enable | Synchronous | Asynchronous |
+--------+--------------+-------------+--------------+
| 0      |            _ |           - |            - |
| 0      |            _ |           - |          Set |
| 0      |            _ |           - |        Reset |
| 0      |            _ |         Set |            - |
| 0      |            _ |       Reset |            - |
| 0      |          Yes |           - |            - |
| 438    |          Yes |           - |          Set |
| 101088 |          Yes |           - |        Reset |
| 24     |          Yes |         Set |            - |
| 1075   |          Yes |       Reset |            - |
+--------+--------------+-------------+--------------+


2. CLB Logic Distribution
-------------------------

+--------------------------------------------+--------+-------+------------+-----------+-------+
|                  Site Type                 |  Used  | Fixed | Prohibited | Available | Util% |
+--------------------------------------------+--------+-------+------------+-----------+-------+
| CLB                                        |  14626 |     0 |          0 |     14640 | 99.90 |
|   CLBL                                     |   7429 |     0 |            |           |       |
|   CLBM                                     |   7197 |     0 |            |           |       |
| LUT as Logic                               | 105434 |     0 |          0 |    117120 | 90.02 |
|   using O5 output only                     |    557 |       |            |           |       |
|   using O6 output only                     |  69527 |       |            |           |       |
|   using O5 and O6                          |  35350 |       |            |           |       |
| LUT as Memory                              |    167 |     0 |          0 |     57600 |  0.29 |
|   LUT as Distributed RAM                   |    124 |     0 |            |           |       |
|     using O5 output only                   |      0 |       |            |           |       |
|     using O6 output only                   |      4 |       |            |           |       |
|     using O5 and O6                        |    120 |       |            |           |       |
|   LUT as Shift Register                    |     43 |     0 |            |           |       |
|     using O5 output only                   |      0 |       |            |           |       |
|     using O6 output only                   |     43 |       |            |           |       |
|     using O5 and O6                        |      0 |       |            |           |       |
| CLB Registers                              | 102625 |     0 |          0 |    234240 | 43.81 |
|   Register driven from within the CLB      |  89749 |       |            |           |       |
|   Register driven from outside the CLB     |  12876 |       |            |           |       |
|     LUT in front of the register is unused |   2040 |       |            |           |       |
|     LUT in front of the register is used   |  10836 |       |            |           |       |
| Unique Control Sets                        |    958 |       |          0 |     29280 |  3.27 |
+--------------------------------------------+--------+-------+------------+-----------+-------+
* * Note: Available Control Sets calculated as Slices * 2, Review the Control Sets Report for more information regarding control sets.


3. BLOCKRAM
-----------

+-------------------+------+-------+------------+-----------+--------+
|     Site Type     | Used | Fixed | Prohibited | Available |  Util% |
+-------------------+------+-------+------------+-----------+--------+
| Block RAM Tile    |   70 |     0 |          0 |       144 |  48.61 |
|   RAMB36/FIFO*    |   70 |     0 |          0 |       144 |  48.61 |
|     RAMB36E2 only |   70 |       |            |           |        |
|   RAMB18          |    0 |     0 |          0 |       288 |   0.00 |
| URAM              |   64 |     0 |          0 |        64 | 100.00 |
+-------------------+------+-------+------------+-----------+--------+
* Note: Each Block RAM Tile only has one FIFO logic available and therefore can accommodate only one FIFO36E2 or one FIFO18E2. However, if a FIFO18E2 occupies a Block RAM Tile, that tile can still accommodate a RAMB18E2


4. ARITHMETIC
-------------

+-----------+------+-------+------------+-----------+-------+
| Site Type | Used | Fixed | Prohibited | Available | Util% |
+-----------+------+-------+------------+-----------+-------+
| DSPs      |    0 |     0 |          0 |      1248 |  0.00 |
+-----------+------+-------+------------+-----------+-------+


5. I/O
------

+------------------+------+-------+------------+-----------+-------+
|     Site Type    | Used | Fixed | Prohibited | Available | Util% |
+------------------+------+-------+------------+-----------+-------+
| Bonded IOB       |    1 |     1 |          0 |       189 |  0.53 |
|   HPIOB_M        |    0 |     0 |          0 |        58 |  0.00 |
|   HPIOB_S        |    0 |     0 |          0 |        58 |  0.00 |
|   HDIOB_M        |    1 |     1 |          0 |        35 |  2.86 |
|     INPUT        |    0 |       |            |           |       |
|     OUTPUT       |    1 |       |            |           |       |
|     BIDIR        |    0 |       |            |           |       |
|   HDIOB_S        |    0 |     0 |          0 |        35 |  0.00 |
|   HPIOB_SNGL     |    0 |     0 |          0 |         3 |  0.00 |
| HPIOBDIFFINBUF   |    0 |     0 |          0 |        82 |  0.00 |
| HPIOBDIFFOUTBUF  |    0 |     0 |          0 |        82 |  0.00 |
| HDIOBDIFFINBUF   |    0 |     0 |          0 |        35 |  0.00 |
| BITSLICE_CONTROL |    0 |     0 |          0 |        32 |  0.00 |
| BITSLICE_RX_TX   |    0 |     0 |          0 |      1248 |  0.00 |
| BITSLICE_TX      |    0 |     0 |          0 |        32 |  0.00 |
| RIU_OR           |    0 |     0 |          0 |        16 |  0.00 |
+------------------+------+-------+------------+-----------+-------+


6. CLOCK
--------

+------------+------+-------+------------+-----------+-------+
|  Site Type | Used | Fixed | Prohibited | Available | Util% |
+------------+------+-------+------------+-----------+-------+
| BUFGCE     |    2 |     0 |          0 |       112 |  1.79 |
| BUFGCE_DIV |    0 |     0 |          0 |        16 |  0.00 |
| BUFG_GT    |    0 |     0 |          0 |        96 |  0.00 |
| BUFG_PS    |    1 |     0 |          0 |        96 |  1.04 |
| BUFGCTRL*  |    0 |     0 |          0 |        32 |  0.00 |
| PLL        |    1 |     0 |          0 |         8 | 12.50 |
| MMCM       |    0 |     0 |          0 |         4 |  0.00 |
+------------+------+-------+------------+-----------+-------+
* Note: Each used BUFGCTRL counts as two GLOBAL CLOCK BUFFERs. This table does not include global clocking resources, only buffer cell usage. See the Clock Utilization Report (report_clock_utilization) for detailed accounting of global clocking resource availability.


7. ADVANCED
-----------

+-----------------+------+-------+------------+-----------+--------+
|    Site Type    | Used | Fixed | Prohibited | Available |  Util% |
+-----------------+------+-------+------------+-----------+--------+
| GTHE4_CHANNEL   |    0 |     0 |          0 |         4 |   0.00 |
| GTHE4_COMMON    |    0 |     0 |          0 |         1 |   0.00 |
| OBUFDS_GTE4     |    0 |     0 |          0 |         2 |   0.00 |
| OBUFDS_GTE4_ADV |    0 |     0 |          0 |         2 |   0.00 |
| PCIE40E4        |    0 |     0 |          0 |         2 |   0.00 |
| PS8             |    1 |     0 |          0 |         1 | 100.00 |
| SYSMONE4        |    0 |     0 |          0 |         1 |   0.00 |
| VCU             |    0 |     0 |          0 |         1 |   0.00 |
+-----------------+------+-------+------------+-----------+--------+


8. CONFIGURATION
----------------

+-------------+------+-------+------------+-----------+-------+
|  Site Type  | Used | Fixed | Prohibited | Available | Util% |
+-------------+------+-------+------------+-----------+-------+
| BSCANE2     |    0 |     0 |          0 |         4 |  0.00 |
| DNA_PORTE2  |    0 |     0 |          0 |         1 |  0.00 |
| EFUSE_USR   |    0 |     0 |          0 |         1 |  0.00 |
| FRAME_ECCE4 |    0 |     0 |          0 |         1 |  0.00 |
| ICAPE3      |    0 |     0 |          0 |         2 |  0.00 |
| MASTER_JTAG |    0 |     0 |          0 |         1 |  0.00 |
| STARTUPE3   |    0 |     0 |          0 |         1 |  0.00 |
+-------------+------+-------+------------+-----------+-------+


9. Primitives
-------------

+-----------+--------+---------------------+
|  Ref Name |  Used  | Functional Category |
+-----------+--------+---------------------+
| FDCE      | 101088 |            Register |
| LUT3      |  41219 |                 CLB |
| LUT4      |  35867 |                 CLB |
| LUT6      |  32184 |                 CLB |
| LUT5      |  16838 |                 CLB |
| LUT2      |  13946 |                 CLB |
| CARRY8    |   2218 |                 CLB |
| FDRE      |   1075 |            Register |
| LUT1      |    730 |                 CLB |
| FDPE      |    438 |            Register |
| RAMD32    |    212 |                 CLB |
| RAMB36E2  |     70 |            BLOCKRAM |
| URAM288   |     64 |            BLOCKRAM |
| SRLC32E   |     33 |                 CLB |
| RAMS32    |     32 |                 CLB |
| FDSE      |     24 |            Register |
| SRL16E    |     10 |                 CLB |
| MUXF7     |      2 |                 CLB |
| BUFGCE    |      2 |               Clock |
| PS8       |      1 |            Advanced |
| PLLE4_ADV |      1 |               Clock |
| OBUF      |      1 |                 I/O |
| BUFG_PS   |      1 |               Clock |
+-----------+--------+---------------------+


10. Black Boxes
---------------

+----------+------+
| Ref Name | Used |
+----------+------+


11. Instantiated Netlists
-------------------------

+-------------------------------------------+------+
|                  Ref Name                 | Used |
+-------------------------------------------+------+
| design_1_zynq_ultra_ps_e_0_0              |    1 |
| design_1_rst_ps8_0_99M_0                  |    1 |
| design_1_clk_wiz_0_0                      |    1 |
| design_1_axi_interconnect_0_imp_auto_pc_0 |    1 |
| design_1_axi_interconnect_0_imp_auto_ds_0 |    1 |
| design_1_ZYNQMP_ACP_ADAPTER_0_0           |    1 |
| design_1_ArgSort_AXI_1_0                  |    1 |
+-------------------------------------------+------+


Copyright 1986-2022 Xilinx, Inc. All Rights Reserved. Copyright 2022-2025 Advanced Micro Devices, Inc. All Rights Reserved.
--------------------------------------------------------------------------------------------------------------------------------------------------
| Tool Version      : Vivado v.2025.1 (lin64) Build 6140274 Wed May 21 22:58:25 MDT 2025
| Date              : Fri May 22 18:24:57 2026
| Host              : Tiamat running 64-bit Ubuntu 24.04.4 LTS
| Command           : report_timing -file ./project.rpt -append
| Design            : design_1_wrapper
| Device            : xck26-sfvc784
| Speed File        : -2LV  PRODUCTION 1.30 05-15-2022
| Design State      : Physopt postRoute
| Temperature Grade : C
--------------------------------------------------------------------------------------------------------------------------------------------------

Timing Report

Slack (MET) :             0.005ns  (required time - arrival time)
  Source:                 design_1_i/ArgSort_AXI_1/U0/CORE/FIFO[26].U/MAIN.FIFO/mem_reg_uram_1/CLK
                            (rising edge-triggered cell URAM288 clocked by clk_out1_design_1_clk_wiz_0_0  {rise@0.000ns fall@2.273ns period=4.545ns})
  Destination:            design_1_i/ArgSort_AXI_1/U0/CORE/FIFO[26].U/MAIN.FBK_CTRL.outlet_next_reg/D
                            (rising edge-triggered cell FDCE clocked by clk_out1_design_1_clk_wiz_0_0  {rise@0.000ns fall@2.273ns period=4.545ns})
  Path Group:             clk_out1_design_1_clk_wiz_0_0
  Path Type:              Setup (Max at Slow Process Corner)
  Requirement:            4.545ns  (clk_out1_design_1_clk_wiz_0_0 rise@4.545ns - clk_out1_design_1_clk_wiz_0_0 rise@0.000ns)
  Data Path Delay:        4.273ns  (logic 2.396ns (56.070%)  route 1.877ns (43.930%))
  Logic Levels:           6  (CARRY8=1 LUT2=1 LUT3=1 LUT5=2 LUT6=1)
  Clock Path Skew:        -0.247ns (DCD - SCD + CPR)
    Destination Clock Delay (DCD):    4.779ns = ( 9.325 - 4.545 ) 
    Source Clock Delay      (SCD):    4.846ns
    Clock Pessimism Removal (CPR):    -0.180ns
  Clock Uncertainty:      0.064ns  ((TSJ^2 + DJ^2)^1/2) / 2 + PE
    Total System Jitter     (TSJ):    0.071ns
    Discrete Jitter          (DJ):    0.107ns
    Phase Error              (PE):    0.000ns
  Clock Net Delay (Source):      1.849ns (routing 0.246ns, distribution 1.603ns)
  Clock Net Delay (Destination): 1.587ns (routing 0.231ns, distribution 1.356ns)

    Location             Delay type                Incr(ns)  Path(ns)    Netlist Resource(s)
  -------------------------------------------------------------------    -------------------
                         (clock clk_out1_design_1_clk_wiz_0_0 rise edge)
                                                      0.000     0.000 r  
    BUFG_PS_X0Y73        BUFG_PS                      0.000     0.000 r  design_1_i/zynq_ultra_ps_e_0/U0/buffer_pl_clk_0.PL_CLK_0_BUFG/O
                         net (fo=1, routed)           2.428     2.428    design_1_i/clk_wiz_0/inst/clk_in1
    PLL_X0Y2             PLLE4_ADV (Prop_PLL_CLKIN_CLKOUT0)
                                                      0.147     2.575 r  design_1_i/clk_wiz_0/inst/plle4_adv_inst/CLKOUT0
                         net (fo=1, routed)           0.378     2.953    design_1_i/clk_wiz_0/inst/clk_out1_design_1_clk_wiz_0_0
    BUFGCE_X0Y39         BUFGCE (Prop_BUFCE_BUFGCE_I_O)
                                                      0.044     2.997 r  design_1_i/clk_wiz_0/inst/clkout1_buf/O
    X1Y1 (CLOCK_ROOT)    net (fo=103120, routed)      1.849     4.846    design_1_i/ArgSort_AXI_1/U0/CORE/FIFO[26].U/MAIN.FIFO/ACLK
    URAM288_X0Y49        URAM288                                      r  design_1_i/ArgSort_AXI_1/U0/CORE/FIFO[26].U/MAIN.FIFO/mem_reg_uram_1/CLK
  -------------------------------------------------------------------    -------------------
    URAM288_X0Y49        URAM288 (Prop_URAM_288K_INST_URAM288_CLK_DOUT_A[63])
                                                      1.600     6.446 r  design_1_i/ArgSort_AXI_1/U0/CORE/FIFO[26].U/MAIN.FIFO/mem_reg_uram_1/DOUT_A[63]
                         net (fo=8, routed)           0.920     7.366    design_1_i/ArgSort_AXI_1/U0/CORE/FIFO[26].U/MAIN.FIFO/MAIN.fifo_outlet_last
    SLICE_X44Y145        LUT6 (Prop_B6LUT_SLICEL_I3_O)
                                                      0.224     7.590 f  design_1_i/ArgSort_AXI_1/U0/CORE/FIFO[26].U/MAIN.FIFO/MAIN.FBK_CTRL.outlet_counter[5]_i_2__24/O
                         net (fo=5, routed)           0.301     7.891    design_1_i/ArgSort_AXI_1/U0/CORE/FIFO[26].U/MAIN.FIFO/MAIN.FBK_CTRL.outlet_counter[5]_i_2__24_n_0
    SLICE_X45Y138        LUT5 (Prop_G6LUT_SLICEM_I2_O)
                                                      0.082     7.973 f  design_1_i/ArgSort_AXI_1/U0/CORE/FIFO[26].U/MAIN.FIFO/MAIN.FBK_CTRL.outlet_counter[9]_i_2__24/O
                         net (fo=7, routed)           0.252     8.225    design_1_i/ArgSort_AXI_1/U0/CORE/FIFO[26].U/MAIN.FIFO/MAIN.FBK_CTRL.outlet_counter[9]_i_2__24_n_0
    SLICE_X46Y135        LUT5 (Prop_A6LUT_SLICEL_I1_O)
                                                      0.058     8.283 r  design_1_i/ArgSort_AXI_1/U0/CORE/FIFO[26].U/MAIN.FIFO/MAIN.FBK_CTRL.outlet_counter[10]_i_2__24/O
                         net (fo=3, routed)           0.105     8.388    design_1_i/ArgSort_AXI_1/U0/CORE/FIFO[26].U/MAIN.FIFO/MAIN.FBK_CTRL.outlet_counter[10]_i_2__24_n_0
    SLICE_X46Y132        LUT3 (Prop_F6LUT_SLICEL_I1_O)
                                                      0.136     8.524 r  design_1_i/ArgSort_AXI_1/U0/CORE/FIFO[26].U/MAIN.FIFO/MAIN.FBK_CTRL.outlet_last_i_10__24/O
                         net (fo=1, routed)           0.015     8.539    design_1_i/ArgSort_AXI_1/U0/CORE/FIFO[26].U/MAIN.FIFO/MAIN.FBK_CTRL.outlet_last_i_10__24_n_0
    SLICE_X46Y132        CARRY8 (Prop_CARRY8_SLICEL_S[5]_CO[5])
                                                      0.145     8.684 r  design_1_i/ArgSort_AXI_1/U0/CORE/FIFO[26].U/MAIN.FIFO/MAIN.FBK_CTRL.outlet_last_reg_i_3__24/CO[5]
                         net (fo=2, routed)           0.218     8.902    design_1_i/ArgSort_AXI_1/U0/CORE/FIFO[26].U/MAIN.FIFO/MAIN.FBK_CTRL.outlet_last_reg_i_3__24_n_2
    SLICE_X46Y134        LUT2 (Prop_G6LUT_SLICEL_I0_O)
                                                      0.151     9.053 r  design_1_i/ArgSort_AXI_1/U0/CORE/FIFO[26].U/MAIN.FIFO/MAIN.FBK_CTRL.outlet_next_i_1__24/O
                         net (fo=1, routed)           0.066     9.119    design_1_i/ArgSort_AXI_1/U0/CORE/FIFO[26].U/MAIN.FIFO_n_32
    SLICE_X46Y134        FDCE                                         r  design_1_i/ArgSort_AXI_1/U0/CORE/FIFO[26].U/MAIN.FBK_CTRL.outlet_next_reg/D
  -------------------------------------------------------------------    -------------------

                         (clock clk_out1_design_1_clk_wiz_0_0 rise edge)
                                                      4.545     4.545 r  
    BUFG_PS_X0Y73        BUFG_PS                      0.000     4.545 r  design_1_i/zynq_ultra_ps_e_0/U0/buffer_pl_clk_0.PL_CLK_0_BUFG/O
                         net (fo=1, routed)           2.206     6.751    design_1_i/clk_wiz_0/inst/clk_in1
    PLL_X0Y2             PLLE4_ADV (Prop_PLL_CLKIN_CLKOUT0)
                                                      0.615     7.366 r  design_1_i/clk_wiz_0/inst/plle4_adv_inst/CLKOUT0
                         net (fo=1, routed)           0.332     7.698    design_1_i/clk_wiz_0/inst/clk_out1_design_1_clk_wiz_0_0
    BUFGCE_X0Y39         BUFGCE (Prop_BUFCE_BUFGCE_I_O)
                                                      0.039     7.737 r  design_1_i/clk_wiz_0/inst/clkout1_buf/O
    X1Y1 (CLOCK_ROOT)    net (fo=103120, routed)      1.587     9.325    design_1_i/ArgSort_AXI_1/U0/CORE/FIFO[26].U/ACLK
    SLICE_X46Y134        FDCE                                         r  design_1_i/ArgSort_AXI_1/U0/CORE/FIFO[26].U/MAIN.FBK_CTRL.outlet_next_reg/C
                         clock pessimism             -0.180     9.145    
                         clock uncertainty           -0.064     9.080    
    SLICE_X46Y134        FDCE (Setup_GFF_SLICEL_C_D)
                                                      0.044     9.124    design_1_i/ArgSort_AXI_1/U0/CORE/FIFO[26].U/MAIN.FBK_CTRL.outlet_next_reg
  -------------------------------------------------------------------
                         required time                          9.124    
                         arrival time                          -9.119    
  -------------------------------------------------------------------
                         slack                                  0.005    




